******************************************************************************
               TMS320C6x Linker PC v7.3.4                      
******************************************************************************
>> Linked Tue Apr 09 18:51:46 2013

OUTPUT FILE NAME:   <Test_appc1_withsysbios.out>
ENTRY POINT SYMBOL: "_c_int00"  address: 8603f7c0


MEMORY CONFIGURATION

         name            origin    length      used     unused   attr    fill
----------------------  --------  ---------  --------  --------  ----  --------
  L2RAM                 00082000   000e0000  0002f174  000b0e8c  RW X
  L2HEAP                00800000   00020000  00000000  00020000  RW X
  L1P_RAM               00e00000   00004000  00000000  00004000  RW X
  L1D_RAM               00f00000   00008000  00000000  00008000  RW X
  MSMCSRAM              0c000000   00400000  00000000  00400000  RW X
  C0_HEAP_RAM           80000000   01000000  00000000  01000000  RW X
  C1_HEAP_RAM           81000000   01000000  00a55090  005aaf70  RW X
  C2_HEAP_RAM           82000000   01000000  00000000  01000000  RW X
  CX_CRITICAL_SECTION   83000000   01000000  00000000  01000000  RW X
  CX_CRITICAL_SECTION_R 84000000   00800000  00000000  00800000  RW X
  C0_BURST_DATA         84800000   01000000  00000000  01000000  RW X
  C0_PROG_RAM           85800000   00800000  00000000  00800000  RW X
  C1_PROG_RAM           86000000   00800000  0004b2c0  007b4d40  RW X
  C2_PROG_RAM           86800000   00800000  00000000  00800000  RW X
  C0_DATA_RAM           87000000   02000000  00000000  02000000  RW X
  C1_DATA_RAM           89000000   02000000  0019db33  01e624cd  RW X
  C2_DATA_RAM           8b000000   02000000  00000000  02000000  RW X
  C2_HEALTH             8fffff00   00000100  00000000  00000100  RW X


SEGMENT ALLOCATION MAP

run origin  load origin   length   init length attrs members
----------  ----------- ---------- ----------- ----- -------
00082000    00082000    0002f0e8   00000000    rw-
  00082000    00082000    0002f0e8   00000000    rw- .dataL2.1
000b10f0    000b10f0    0000008c   00000000    rw-
  000b10f0    000b10f0    0000008c   00000000    rw- .dataL2.2
81000000    81000000    00a55090   00a53090    rw-
  81000000    81000000    00a53090   00a53090    rw- .heap_ram
  81a53090    81a53090    00002000   00000000    rw- .stack
86000000    86000000    0004b0c0   0004b0c0    r-x
  86000000    86000000    00044580   00044580    r-x .text
  86044580    86044580    00006b40   00006b40    r-x .textDDR
8604b400    8604b400    00000200   00000200    r-x
  8604b400    8604b400    00000200   00000200    r-x .vecs
89000000    89000000    001026d4   00000000    rw-
  89000000    89000000    001026d4   00000000    rw- .far.1
891026e0    891026e0    00000020   00000020    r--
  891026e0    891026e0    00000020   00000020    r-- .const.1
89102700    89102700    00006ee8   00000000    rw-
  89102700    89102700    00006ee8   00000000    rw- .far.2
891095f0    891095f0    00000803   00000000    rw-
  891095f0    891095f0    00000803   00000000    rw- .far.3
89109e00    89109e00    000000d8   00000000    rw-
  89109e00    89109e00    000000d8   00000000    rw- .far.4
89109ee0    89109ee0    00087000   00000000    rw-
  89109ee0    89109ee0    00087000   00000000    rw- .ddrdata
89190ee0    89190ee0    00009c2e   00009c2e    r--
  89190ee0    89190ee0    00009c2e   00009c2e    r-- .const.2
8919ab10    8919ab10    000012b8   000012b8    rw-
  8919ab10    8919ab10    000012b8   000012b8    rw- .fardata.1
8919bdd0    8919bdd0    00000018   00000018    rw-
  8919bdd0    8919bdd0    00000018   00000018    rw- .fardata.2
8919bdf0    8919bdf0    00000017   00000017    rw-
  8919bdf0    8919bdf0    00000017   00000017    rw- .fardata.3
8919be10    8919be10    00000017   00000017    rw-
  8919be10    8919be10    00000017   00000017    rw- .fardata.4
8919be30    8919be30    00000014   00000014    rw-
  8919be30    8919be30    00000014   00000014    rw- .fardata.5
8919be50    8919be50    00000018   00000018    rw-
  8919be50    8919be50    00000018   00000018    rw- .fardata.6
8919be70    8919be70    00000008   00000008    rw-
  8919be70    8919be70    00000008   00000008    rw- .fardata.7
8919be80    8919be80    00000008   00000008    rw-
  8919be80    8919be80    00000008   00000008    rw- .fardata.8
8919be90    8919be90    00000005   00000005    rw-
  8919be90    8919be90    00000005   00000005    rw- .fardata.9
8919bea0    8919bea0    00000005   00000005    rw-
  8919bea0    8919bea0    00000005   00000005    rw- .fardata.10
8919beb0    8919beb0    00000004   00000004    rw-
  8919beb0    8919beb0    00000004   00000004    rw- .fardata.11
8919bec0    8919bec0    00000004   00000004    rw-
  8919bec0    8919bec0    00000004   00000004    rw- .fardata.12
8919bed0    8919bed0    00000004   00000004    rw-
  8919bed0    8919bed0    00000004   00000004    rw- .fardata.13
8919bee0    8919bee0    00000004   00000004    rw-
  8919bee0    8919bee0    00000004   00000004    rw- .fardata.14
8919bef0    8919bef0    00000004   00000004    rw-
  8919bef0    8919bef0    00000004   00000004    rw- .fardata.15
8919bf00    8919bf00    00000004   00000004    rw-
  8919bf00    8919bf00    00000004   00000004    rw- .fardata.16
8919bf10    8919bf10    00000004   00000004    rw-
  8919bf10    8919bf10    00000004   00000004    rw- .fardata.17
8919bf20    8919bf20    00000004   00000004    rw-
  8919bf20    8919bf20    00000004   00000004    rw- .fardata.18
8919bf30    8919bf30    00000004   00000004    rw-
  8919bf30    8919bf30    00000004   00000004    rw- .fardata.19
8919bf40    8919bf40    00000004   00000004    rw-
  8919bf40    8919bf40    00000004   00000004    rw- .fardata.20
8919bf50    8919bf50    00000004   00000004    rw-
  8919bf50    8919bf50    00000004   00000004    rw- .fardata.21
8919bf60    8919bf60    00000004   00000004    rw-
  8919bf60    8919bf60    00000004   00000004    rw- .fardata.22
8919bf70    8919bf70    00000004   00000004    rw-
  8919bf70    8919bf70    00000004   00000004    rw- .fardata.23
8919bf80    8919bf80    00000004   00000004    rw-
  8919bf80    8919bf80    00000004   00000004    rw- .fardata.24
8919bf90    8919bf90    00000004   00000004    rw-
  8919bf90    8919bf90    00000004   00000004    rw- .fardata.25
8919bfa0    8919bfa0    00000004   00000004    rw-
  8919bfa0    8919bfa0    00000004   00000004    rw- .fardata.26
8919bfb0    8919bfb0    00000004   00000004    rw-
  8919bfb0    8919bfb0    00000004   00000004    rw- .fardata.27
8919bfc0    8919bfc0    00000004   00000004    rw-
  8919bfc0    8919bfc0    00000004   00000004    rw- .fardata.28
8919bfd0    8919bfd0    00000004   00000004    rw-
  8919bfd0    8919bfd0    00000004   00000004    rw- .fardata.29
8919bfe0    8919bfe0    00000004   00000004    rw-
  8919bfe0    8919bfe0    00000004   00000004    rw- .fardata.30
8919bff0    8919bff0    00000004   00000004    rw-
  8919bff0    8919bff0    00000004   00000004    rw- .fardata.31
8919c000    8919c000    00000004   00000004    rw-
  8919c000    8919c000    00000004   00000004    rw- .fardata.32
8919c010    8919c010    00000004   00000004    rw-
  8919c010    8919c010    00000004   00000004    rw- .fardata.33
8919c020    8919c020    00000004   00000004    rw-
  8919c020    8919c020    00000004   00000004    rw- .fardata.34
8919c030    8919c030    00000004   00000004    rw-
  8919c030    8919c030    00000004   00000004    rw- .fardata.35
8919c040    8919c040    00000004   00000004    rw-
  8919c040    8919c040    00000004   00000004    rw- .fardata.36
8919c050    8919c050    00000004   00000004    rw-
  8919c050    8919c050    00000004   00000004    rw- .fardata.37
8919c060    8919c060    00000004   00000004    rw-
  8919c060    8919c060    00000004   00000004    rw- .fardata.38
8919c070    8919c070    00000004   00000004    rw-
  8919c070    8919c070    00000004   00000004    rw- .fardata.39
8919c080    8919c080    00000004   00000004    rw-
  8919c080    8919c080    00000004   00000004    rw- .fardata.40
8919c090    8919c090    00000004   00000004    rw-
  8919c090    8919c090    00000004   00000004    rw- .fardata.41
8919c0a0    8919c0a0    00000004   00000004    rw-
  8919c0a0    8919c0a0    00000004   00000004    rw- .fardata.42
8919c0b0    8919c0b0    00000004   00000004    rw-
  8919c0b0    8919c0b0    00000004   00000004    rw- .fardata.43
8919c0c0    8919c0c0    00000004   00000004    rw-
  8919c0c0    8919c0c0    00000004   00000004    rw- .fardata.44
8919c0d0    8919c0d0    00000004   00000004    rw-
  8919c0d0    8919c0d0    00000004   00000004    rw- .fardata.45
8919c0e0    8919c0e0    00000004   00000004    rw-
  8919c0e0    8919c0e0    00000004   00000004    rw- .fardata.46
8919c0f0    8919c0f0    00000004   00000004    rw-
  8919c0f0    8919c0f0    00000004   00000004    rw- .fardata.47
8919c100    8919c100    00000004   00000004    rw-
  8919c100    8919c100    00000004   00000004    rw- .fardata.48
8919c110    8919c110    00000004   00000004    rw-
  8919c110    8919c110    00000004   00000004    rw- .fardata.49
8919c120    8919c120    00000004   00000004    rw-
  8919c120    8919c120    00000004   00000004    rw- .fardata.50
8919c130    8919c130    00000004   00000004    rw-
  8919c130    8919c130    00000004   00000004    rw- .fardata.51
8919c140    8919c140    00000004   00000004    rw-
  8919c140    8919c140    00000004   00000004    rw- .fardata.52
8919c150    8919c150    00000004   00000004    rw-
  8919c150    8919c150    00000004   00000004    rw- .fardata.53
8919c160    8919c160    00000004   00000004    rw-
  8919c160    8919c160    00000004   00000004    rw- .fardata.54
8919c170    8919c170    00000004   00000004    rw-
  8919c170    8919c170    00000004   00000004    rw- .fardata.55
8919c180    8919c180    00000004   00000004    rw-
  8919c180    8919c180    00000004   00000004    rw- .fardata.56
8919c190    8919c190    00000004   00000004    rw-
  8919c190    8919c190    00000004   00000004    rw- .fardata.57
8919c1a0    8919c1a0    00000004   00000004    rw-
  8919c1a0    8919c1a0    00000004   00000004    rw- .fardata.58
8919c1b0    8919c1b0    00000004   00000004    rw-
  8919c1b0    8919c1b0    00000004   00000004    rw- .fardata.59
8919c1c0    8919c1c0    00000004   00000004    rw-
  8919c1c0    8919c1c0    00000004   00000004    rw- .fardata.60
8919c1d0    8919c1d0    00000004   00000004    rw-
  8919c1d0    8919c1d0    00000004   00000004    rw- .fardata.61
8919c1e0    8919c1e0    00000004   00000004    rw-
  8919c1e0    8919c1e0    00000004   00000004    rw- .fardata.62
8919c1f0    8919c1f0    00000004   00000004    rw-
  8919c1f0    8919c1f0    00000004   00000004    rw- .fardata.63
8919c200    8919c200    00000004   00000004    rw-
  8919c200    8919c200    00000004   00000004    rw- .fardata.64
8919c210    8919c210    00000004   00000004    rw-
  8919c210    8919c210    00000004   00000004    rw- .fardata.65
8919c220    8919c220    00000004   00000004    rw-
  8919c220    8919c220    00000004   00000004    rw- .fardata.66
8919c230    8919c230    00000004   00000004    rw-
  8919c230    8919c230    00000004   00000004    rw- .fardata.67
8919c240    8919c240    00000004   00000004    rw-
  8919c240    8919c240    00000004   00000004    rw- .fardata.68
8919c250    8919c250    00000004   00000004    rw-
  8919c250    8919c250    00000004   00000004    rw- .fardata.69
8919c260    8919c260    00000004   00000004    rw-
  8919c260    8919c260    00000004   00000004    rw- .fardata.70
8919c270    8919c270    00000004   00000004    rw-
  8919c270    8919c270    00000004   00000004    rw- .fardata.71
8919c280    8919c280    00000004   00000004    rw-
  8919c280    8919c280    00000004   00000004    rw- .fardata.72
8919c290    8919c290    00000004   00000004    rw-
  8919c290    8919c290    00000004   00000004    rw- .fardata.73
8919c2a0    8919c2a0    00000004   00000004    rw-
  8919c2a0    8919c2a0    00000004   00000004    rw- .fardata.74
8919c2b0    8919c2b0    00000004   00000004    rw-
  8919c2b0    8919c2b0    00000004   00000004    rw- .fardata.75
8919c2c0    8919c2c0    00000004   00000004    rw-
  8919c2c0    8919c2c0    00000004   00000004    rw- .fardata.76
8919c2d0    8919c2d0    00000004   00000004    rw-
  8919c2d0    8919c2d0    00000004   00000004    rw- .fardata.77
8919c2e0    8919c2e0    00000001   00000001    rw-
  8919c2e0    8919c2e0    00000001   00000001    rw- .fardata.78
8919c2f0    8919c2f0    00000001   00000001    rw-
  8919c2f0    8919c2f0    00000001   00000001    rw- .fardata.79
8919c2f4    8919c2f4    000007ac   000007ac    r--
  8919c2f4    8919c2f4    000007ac   000007ac    r-- .switch
8919caa0    8919caa0    0000013f   00000000    rw-
  8919caa0    8919caa0    00000120   00000000    rw- .cio
  8919cbc0    8919cbc0    0000001f   00000000    rw- .bss
8919cbe0    8919cbe0    00000070   00000070    rw-
  8919cbe0    8919cbe0    00000070   00000070    rw- .neardata
8919cc50    8919cc50    00000010   00000010    r--
  8919cc50    8919cc50    00000010   00000010    r-- .rodata
8919cc60    8919cc60    00001290   00001290    r--
  8919cc60    8919cc60    00001290   00001290    r-- .cinit


SECTION ALLOCATION MAP

 output                                  attributes/
section   page    origin      length       input sections
--------  ----  ----------  ----------   ----------------
.init_array 
*          0    89000000    00000000     UNINITIALIZED

.dataL2.1 
*          0    00082000    0002f0e8     UNINITIALIZED
                  00082000    0002f0e8     ModMgr.obj (.dataL2)

.dataL2.2 
*          0    000b10f0    0000008c     UNINITIALIZED
                  000b10f0    0000008c     GenUtil.lib : FIFO.obj (.dataL2)

.heap_ram 
*          0    81000000    00a53090     
                  81000000    00a00020     HeapMem.obj (.heap_ram:uninit) [fill = 0]
                  81a00020    00053070     HeapMem.obj (.heap_ram:init)

.stack     0    81a53090    00002000     UNINITIALIZED
                  81a53090    00000008     boot.ae66 : boot.oe66 (.stack)
                  81a53098    00001ff8     --HOLE--

.text      0    86000000    00044580     
                  86000000    000177c0     L1Manager.lib : GSMConfig.obj (.text)
                  860177c0    00004f00     CmdIfLib.lib : CmdPkt.obj (.text)
                  8601c6c0    000025e0     delcom_gsm_L1_modules_6400+_eabi.lib : ctrl_fcch_rcv.obj (.text)
                  8601eca0    000021e0     GenUtil.lib : FIFO.obj (.text)
                  86020e80    00001480     delcom_gsm_L1_modules_6400+_eabi.lib : tch_afs_decode_bits.obj (.text)
                  86022300    00000ec0     GsmUtil.lib : TDFrmTbl.obj (.text)
                  860231c0    00000d40     delcom_gsm_L1_modules_6400+_eabi.lib : generic_conv_decoder.obj (.text)
                  86023f00    00000d20                                          : gmsk_eq16_mlse_demod_sub2.obj (.text)
                  86024c20    00000d20                                          : tch_afs_detect_frametype.obj (.text)
                  86025940    00000c20                                          : tch_fs_decode_bits.obj (.text)
                  86026560    00000ae0                                          : tch_afs_decode_inband_data.obj (.text)
                  86027040    00000a40                                          : gmsk_equalize16.obj (.text)
                  86027a80    00000a20                                          : conv_decoder_rsc_G46G56G66G66.obj (.text)
                  860284a0    000009a0     ti.targets.rts6000.ae66 : System.oe66 (.text:xdc_runtime_System_doPrint__I)
                  86028e40    00000980     delcom_gsm_L1_modules_6400+_eabi.lib : conv_decoder_rsc_G46G46G56G66G66.obj (.text)
                  860297c0    00000920                                          : conv_decoder_rsc_G44G54G64.obj (.text)
                  8602a0e0    00000820     GsmUtil.lib : L1FEC.obj (.text)
                  8602a900    000007c0                 : TDFrm.obj (.text)
                  8602b0c0    000007a0                 : GSMTime.obj (.text)
                  8602b860    00000780     delcom_gsm_L1_modules_6400+_eabi.lib : fire_dec.obj (.text)
                  8602bfe0    00000780     sysbios.lib : BIOS.obj (.text:ti_sysbios_family_c64p_Exception_handler__I)
                  8602c760    00000720     delcom_gsm_L1_modules_6400+_eabi.lib : tch_fs_encode_bits.obj (.text)
                  8602ce80    00000660     sysbios.lib : BIOS.obj (.text:ti_sysbios_heaps_HeapMem_free__E)
                  8602d4e0    00000620                 : BIOS.obj (.text:ti_sysbios_heaps_HeapMem_alloc__E)
                  8602db00    000005c0     rts6600_elf.lib : divd.obj (.text:__c6xabi_divd)
                  8602e0c0    000005c0                     : _printfi.obj (.text:_getarg_diouxp)
                  8602e680    000005a0     sysbios.lib : BIOS.obj (.text:ti_sysbios_timers_timer64_Timer_Module_startup__F)
                  8602ec20    00000500                 : BIOS.obj (.text:ti_sysbios_knl_Task_Instance_finalize__F)
                  8602f120    00000480     rts6600_elf.lib : _printfi.obj (.text:_setfield)
                  8602f5a0    00000480     delcom_gsm_L1_modules_6400+_eabi.lib : comm_math.obj (.text)
                  8602fa20    00000480                                          : tch_afs_onset_rem_fec.obj (.text)
                  8602fea0    00000480     sysbios.lib : BIOS.obj (.text:ti_sysbios_knl_Task_Module_startup__F)
                  86030320    00000460     rts6600_elf.lib : _printfi.obj (.text:_printfi)
                  86030780    00000440     delcom_gsm_L1_modules_6400+_eabi.lib : conv_decoder_rsc_G13G23G33G33.obj (.text)
                  86030bc0    00000420                                          : conv_decoder_rsc_G13G13G23G33G33.obj (.text)
                  86030fe0    00000420                                          : conv_decoder_rsc_G13G23G33.obj (.text)
                  86031400    00000400     sysbios.lib : BIOS.obj (.text:ti_sysbios_knl_Semaphore_pend__E)
                  86031800    00000400     TRS_SYSBIOS_pe66.oe66 (.text:xdc_runtime_uart_writeExtend__I)
                  86031c00    000003e0     delcom_gsm_L1_modules_6400+_eabi.lib : conv_decoder_rsc_G00G10.obj (.text)
                  86031fe0    000003c0     sysbios.lib : BIOS.obj (.text:ti_sysbios_knl_Swi_schedule__I)
                  860323a0    000003c0                 : BIOS.obj (.text:ti_sysbios_knl_Task_Instance_init__F)
                  86032760    000003c0                 : BIOS.obj (.text:ti_sysbios_knl_Task_setPri__E)
                  86032b20    00000360     delcom_gsm_L1_modules_6400+_eabi.lib : gmsk_agc.obj (.text)
                  86032e80    00000340     sysbios.lib : BIOS.obj (.text:ti_sysbios_knl_Swi_restoreHwi__E)
                  860331c0    00000320     delcom_gsm_L1_modules_6400+_eabi.lib : gmsk_eq16_chan_sounder_sub1_rach_c64x.obj (.text)
                  860334e0    00000320                                          : gmsk_eq16_chan_sounder_sub2_c64x.obj (.text)
                  86033800    00000300                                          : fire_enc.obj (.text)
                  86033b00    00000300     rts6600_elf.lib : fputs.obj (.text:fputs)
                  86033e00    00000300     sysbios.lib : BIOS.obj (.text:ti_sysbios_family_c64p_Hwi_dispatchC__I)
                  86034100    000002e0     GSML1.lib : beagle_setup.obj (.text)
                  860343e0    000002e0     rts6600_elf.lib : _printfi.obj (.text:_pproc_fwp)
                  860346c0    000002c0                     : _printfi.obj (.text:_pproc_fge)
                  86034980    000002a0     delcom_gsm_L1_modules_6400+_eabi.lib : dbutils.obj (.text)
                  86034c20    000002a0     rts6600_elf.lib : _printfi.obj (.text:fcvt)
                  86034ec0    000002a0     sysbios.lib : BIOS.obj (.text:ti_sysbios_knl_Clock_workFunc__E)
                  86035160    000002a0                 : BIOS.obj (.text:ti_sysbios_knl_Task_sleep__E)
                  86035400    00000280                 : BIOS.obj (.text:deviceConfig$44)
                  86035680    00000280     rts6600_elf.lib : _printfi.obj (.text:ecvt)
                  86035900    00000280     sysbios.lib : BIOS.obj (.text:ti_sysbios_knl_Clock_Instance_init__F)
                  86035b80    00000280                 : BIOS.obj (.text:ti_sysbios_knl_Task_exit__E)
                  86035e00    00000280     ti.targets.rts6000.ae66 : Core-mem.oe66 (.text:xdc_runtime_Core_createObject__I)
                  86036080    00000280                             : Error.oe66 (.text:xdc_runtime_Error_raiseX__F)
                  86036300    00000260                             : Startup.oe66 (.text:xdc_runtime_Startup_startMods__I)
                  86036560    00000240     rts6600_elf.lib : imath64.obj (.text:__c6xabi_divull)
                  860367a0    00000240                     : _printfi.obj (.text:_pconv_e)
                  860369e0    00000240                     : _printfi.obj (.text:_pproc_diouxp)
                  86036c20    00000240     delcom_gsm_L1_modules_6400+_eabi.lib : gmsk_eq16_chan_sounder.obj (.text)
                  86036e60    00000240     sysbios.lib : BIOS.obj (.text:ti_sysbios_family_c64p_Exception_internalHandler__I)
                  860370a0    00000240     ti.targets.rts6000.ae66 : LoggerBuf.oe66 (.text:xdc_runtime_LoggerBuf_write8__F)
                  860372e0    00000220     rts6600_elf.lib : _printfi.obj (.text:_pproc_str)
                  86037500    00000220     delcom_gsm_L1_modules_6400+_eabi.lib : gmsk_eq16_mlse_demod.obj (.text)
                  86037720    00000220     sysbios.lib : BIOS.obj (.text:ti_sysbios_knl_Task_schedule__I)
                  86037940    00000220                 : BIOS.obj (.text:ti_sysbios_knl_Task_startup__E)
                  86037b60    00000200     rts6600_elf.lib : _printfi.obj (.text:_pconv_g)
                  86037d60    00000200     sysbios.lib : c64p_Hwi_disp_always.obj (.text:_ti_sysbios_family_c64p_Hwi_dispatchAlways)
                  86037f60    000001e0     GsmUtil.lib : Clock.obj (.text)
                  86038140    000001e0     sysbios.lib : BIOS.obj (.text:ti_sysbios_knl_Task_postInit__I)
                  86038320    000001e0                 : BIOS.obj (.text:ti_sysbios_timers_timer64_Timer_getFreq__E)
                  86038500    000001c0     rts6600_elf.lib : _printfi.obj (.text:_mcpy)
                  860386c0    000001c0     delcom_gsm_L1_modules_6400+_eabi.lib : assemble_dummy_burst_raw.obj (.text)
                  86038880    000001c0                                          : pmuldiv.obj (.text)
                  86038a40    000001c0                                          : puncture_general.obj (.text)
                  86038c00    000001c0     sysbios.lib : BIOS.obj (.text:ti_sysbios_knl_Task_checkStacks__E)
                  86038dc0    000001c0                 : BIOS.obj (.text:ti_sysbios_timers_timer64_Timer_setPeriodMicroSecs__E)
                  86038f80    000001a0     rts6600_elf.lib : trgdrv.obj (.text:HOSTrename)
                  86039120    000001a0                     : imath40.obj (.text:__c6xabi_divul)
                  860392c0    000001a0     delcom_gsm_L1_modules_6400+_eabi.lib : assemble_sync_burst_raw.obj (.text)
                  86039460    000001a0                                          : conv_encoder.obj (.text)
                  86039600    000001a0                                          : gsmfr_dtx_sfd.obj (.text)
                  860397a0    000001a0     rts6600_elf.lib : log.obj (.text:log)
                  86039940    000001a0     sysbios.lib : BIOS.obj (.text:ti_sysbios_gates_GateMutex_enter__E)
                  86039ae0    000001a0                 : BIOS.obj (.text:ti_sysbios_timers_timer64_Timer_start__E)
                  86039c80    000001a0     ti.targets.rts6000.ae66 : LoggerBuf.oe66 (.text:xdc_runtime_LoggerBuf_write4__F)
                  86039e20    00000180     rts6600_elf.lib : copy_decompress_rle.obj (.text:__TI_decompress_rle_core)
                  86039fa0    00000180     delcom_gsm_L1_modules_6400+_eabi.lib : assemble_normal_burst_raw.obj (.text)
                  8603a120    00000180                                          : ctrl_prach_ext_rem_fec.obj (.text)
                  8603a2a0    00000180                                          : gmsk_eq16_snr_calc_subs.obj (.text)
                  8603a420    00000180     rts6600_elf.lib : setvbuf.obj (.text:setvbuf)
                  8603a5a0    00000180     sysbios.lib : c64p_Exception_asm.obj (.text)
                  8603a720    00000180                 : BIOS.obj (.text:ti_sysbios_heaps_HeapMem_Instance_init__F)
                  8603a8a0    00000180                 : BIOS.obj (.text:ti_sysbios_knl_Semaphore_post__E)
                  8603aa20    00000180                 : BIOS.obj (.text:ti_sysbios_knl_Task_unblockI__E)
                  8603aba0    00000180     ti.targets.rts6000.ae66 : Text.oe66 (.text:xdc_runtime_Text_putSite__F)
                  8603ad20    00000160     GsmUtil.lib : Burst.obj (.text)
                  8603ae80    00000160     delcom_gsm_L1_modules_6400+_eabi.lib : ctrl_decode_bits.obj (.text)
                  8603afe0    00000140     boot.ae66 : autoinit.oe66 (.text:_auto_init_elf)
                  8603b120    00000140     rts6600_elf.lib : _printfi.obj (.text:_pproc_fflags)
                  8603b260    00000140     delcom_gsm_L1_modules_6400+_eabi.lib : assemble_access_burst_raw.obj (.text)
                  8603b3a0    00000140                                          : ctrl_prach_ext_add_fec.obj (.text)
                  8603b4e0    00000140     rts6600_elf.lib : fputc.obj (.text:fputc)
                  8603b620    00000140                     : lowlev.obj (.text:getdevice)
                  8603b760    00000140     sysbios.lib : BIOS.obj (.text:ti_sysbios_family_c64p_Hwi_Module_startup__F)
                  8603b8a0    00000140                 : BIOS.obj (.text:ti_sysbios_family_c66_Cache_Module_startup__F)
                  8603b9e0    00000140                 : BIOS.obj (.text:ti_sysbios_knl_Clock_Instance_finalize__F)
                  8603bb20    00000140                 : BIOS.obj (.text:ti_sysbios_knl_Semaphore_Instance_init__F)
                  8603bc60    00000140                 : BIOS.obj (.text:ti_sysbios_knl_Swi_post__E)
                  8603bda0    00000140                 : BIOS.obj (.text:ti_sysbios_knl_Task_blockI__E)
                  8603bee0    00000140                 : BIOS.obj (.text:ti_sysbios_knl_Task_yield__E)
                  8603c020    00000120     rts6600_elf.lib : imath64.obj (.text:__c6xabi_divlli)
                  8603c140    00000120                     : _printfi.obj (.text:_ltostr)
                  8603c260    00000120                     : _io_perm.obj (.text:_wrt_ok)
                  8603c380    00000120     delcom_gsm_L1_modules_6400+_eabi.lib : ctrl_encode_bits.obj (.text)
                  8603c4a0    00000120                                          : ctrl_rach_decode_bits.obj (.text)
                  8603c5c0    00000120                                          : gmsk_eq16_chan_sounder_sub1_c64x.obj (.text)
                  8603c6e0    00000120     rts6600_elf.lib : fclose.obj (.text:fclose)
                  8603c800    00000120     sysbios.lib : BIOS.obj (.text:rtsUnlock$0)
                  8603c920    00000120     ti.targets.rts6000.ae66 : LoggerBuf.oe66 (.text:xdc_runtime_LoggerBuf_setFilterLevel__F)
                  8603ca40    00000120                             : Text.oe66 (.text:xdc_runtime_Text_putLab__F)
                  8603cb60    00000100     rts6600_elf.lib : trgdrv.obj (.text:HOSTlseek)
                  8603cc60    00000100     delcom_gsm_L1_modules_6400+_eabi.lib : diag_intlv.obj (.text)
                  8603cd60    00000100                                          : gsm_amr_speech_rearrange_bits.obj (.text)
                  8603ce60    00000100                                          : gsmefr_dtx_sfd.obj (.text)
                  8603cf60    00000100     rts6600_elf.lib : frexp.obj (.text:frexp)
                  8603d060    00000100     sysbios.lib : BIOS.obj (.text:initDevice$44)
                  8603d160    00000100                 : BIOS.obj (.text:ti_sysbios_knl_Clock_startI__E)
                  8603d260    00000100     ti.targets.rts6000.ae66 : Core-mem.oe66 (.text:xdc_runtime_Core_deleteObject__I)
                  8603d360    00000100                             : LoggerBuf.oe66 (.text:xdc_runtime_LoggerBuf_getFilterLevel__F)
                  8603d460    00000100                             : Startup.oe66 (.text:xdc_runtime_Startup_exec__F)
                  8603d560    00000100                             : Text.oe66 (.text:xdc_runtime_Text_putMod__F)
                  8603d660    00000100                             : Text.oe66 (.text:xdc_runtime_Text_visitRope2__I)
                  8603d760    000000e0     rts6600_elf.lib : trgdrv.obj (.text:HOSTopen)
                  8603d840    000000e0                     : divi.obj (.text:__divi)
                  8603d920    000000e0                     : _printfi.obj (.text:_div)
                  8603da00    000000e0                     : atoi.obj (.text:atoi)
                  8603dae0    000000e0                     : lowlev.obj (.text:close)
                  8603dbc0    000000e0                     : copy_zero_init.obj (.text:decompress:ZI:__TI_zero_init)
                  8603dca0    000000e0     delcom_gsm_L1_modules_6400+_eabi.lib : ctrl_sch_decode_bits.obj (.text)
                  8603dd80    000000e0                                          : gsm_freq_hopping.obj (.text)
                  8603de60    000000e0     rts6600_elf.lib : exit.obj (.text:exit)
                  8603df40    000000e0                     : ltoa.obj (.text:ltoa)
                  8603e020    000000e0                     : memset.obj (.text:memset)
                  8603e100    000000e0     sysbios.lib : BIOS.obj (.text:ti_sysbios_knl_Clock_start__E)
                  8603e1e0    000000e0                 : BIOS.obj (.text:ti_sysbios_timers_timer64_Timer_startup__E)
                  8603e2c0    000000e0     ti.targets.rts6000.ae66 : Error.oe66 (.text:xdc_runtime_Error_print__F)
                  8603e3a0    000000e0                             : Memory.oe66 (.text:xdc_runtime_Memory_alloc__F)
                  8603e480    000000c0     rts6600_elf.lib : trgdrv.obj (.text:HOSTread)
                  8603e540    000000c0                     : trgdrv.obj (.text:HOSTunlink)
                  8603e600    000000c0                     : trgdrv.obj (.text:HOSTwrite)
                  8603e6c0    000000c0                     : dtor_list.obj (.text:__cxa_finalize)
                  8603e780    000000c0                     : divu.obj (.text:__divu)
                  8603e840    000000c0                     : remi.obj (.text:__remi)
                  8603e900    000000c0                     : fopen.obj (.text:_cleanup)
                  8603e9c0    000000c0                     : fflush.obj (.text:_doflush)
                  8603ea80    000000c0     delcom_gsm_L1_modules_6400+_eabi.lib : ctrl_rach_add_fec.obj (.text)
                  8603eb40    000000c0                                          : ctrl_rach_encode_bits.obj (.text)
                  8603ec00    000000c0                                          : ctrl_rach_rem_fec.obj (.text)
                  8603ecc0    000000c0                                          : gmsk_eq16_covar_calc.obj (.text)
                  8603ed80    000000c0     rts6600_elf.lib : fseek.obj (.text:fseek)
                  8603ee40    000000c0                     : lowlev.obj (.text:lseek)
                  8603ef00    000000c0     sysbios.lib : BIOS.obj (.text:ti_sysbios_BIOS_errorRaiseHook__I)
                  8603efc0    000000c0                 : BIOS.obj (.text:ti_sysbios_heaps_HeapMem_getStats__E)
                  8603f080    000000c0                 : BIOS.obj (.text:ti_sysbios_knl_Clock_logTick__E)
                  8603f140    000000c0                 : BIOS.obj (.text:ti_sysbios_knl_Idle_loop__E)
                  8603f200    000000c0     TRS_SYSBIOS_pe66.oe66 (.text:ti_sysbios_knl_Task_Object__create__S)
                  8603f2c0    000000c0     sysbios.lib : BIOS.obj (.text:ti_sysbios_timers_timer64_Timer_stop__E)
                  8603f380    000000c0     rts6600_elf.lib : lowlev.obj (.text:write)
                  8603f440    000000c0     ti.targets.rts6000.ae66 : LoggerBuf.oe66 (.text:xdc_runtime_LoggerBuf_Instance_init__F)
                  8603f500    000000c0     TRS_SYSBIOS_pe66.oe66 (.text:xdc_runtime_LoggerBuf_Object__create__S)
                  8603f5c0    000000c0     ti.targets.rts6000.ae66 : System.oe66 (.text:xdc_runtime_System_formatNum__I)
                  8603f680    000000a0     rts6600_elf.lib : trgdrv.obj (.text:HOSTclose)
                  8603f720    000000a0                     : remu.obj (.text:__remu)
                  8603f7c0    000000a0     boot.ae66 : boot.oe66 (.text:_c_int00)
                  8603f860    000000a0     rts6600_elf.lib : _printfi.obj (.text:_ecpy)
                  8603f900    000000a0                     : _printfi.obj (.text:_fcpy)
                  8603f9a0    000000a0                     : _printfi.obj (.text:_pconv_f)
                  8603fa40    000000a0     delcom_gsm_L1_modules_6400+_eabi.lib : crc_enc.obj (.text)
                  8603fae0    000000a0                                          : ctrl_sch_rem_fec.obj (.text)
                  8603fb80    000000a0                                          : gmsk_eq16_mlse_demod_sub1.obj (.text)
                  8603fc20    000000a0                                          : tch_afs_speech10_2_rem_fec.obj (.text)
                  8603fcc0    000000a0                                          : tch_afs_speech12_2_rem_fec.obj (.text)
                  8603fd60    000000a0                                          : tch_afs_speech4_75_rem_fec.obj (.text)
                  8603fe00    000000a0                                          : tch_afs_speech5_15_rem_fec.obj (.text)
                  8603fea0    000000a0                                          : tch_afs_speech5_9_rem_fec.obj (.text)
                  8603ff40    000000a0                                          : tch_afs_speech6_7_rem_fec.obj (.text)
                  8603ffe0    000000a0                                          : tch_afs_speech7_4_rem_fec.obj (.text)
                  86040080    000000a0                                          : tch_afs_speech7_95_rem_fec.obj (.text)
                  86040120    000000a0     rts6600_elf.lib : lowlev.obj (.text:finddevice)
                  860401c0    000000a0                     : memcpy64.obj (.text:memcpy)
                  86040260    000000a0     sysbios.lib : BIOS.obj (.text:ti_sysbios_heaps_HeapMem_init__I)
                  86040300    000000a0     TRS_SYSBIOS_pe66.oe66 (.text:ti_sysbios_knl_Clock_Object__create__S)
                  860403a0    000000a0     ti.targets.rts6000.ae66 : Assert.oe66 (.text:xdc_runtime_Assert_raise__I)
                  86040440    000000a0                             : LoggerBuf.oe66 (.text:xdc_runtime_LoggerBuf_Module_startup__F)
                  860404e0    000000a0     TRS_SYSBIOS_pe66.oe66 (.text:xdc_runtime_LoggerBuf_write8__E)
                  86040580    000000a0     ti.targets.rts6000.ae66 : SysMin.oe66 (.text:xdc_runtime_SysMin_abort__F)
                  86040620    000000a0                             : SysMin.oe66 (.text:xdc_runtime_SysMin_flush__F)
                  860406c0    000000a0     TRS_SYSBIOS_pe66.oe66 (.text:xdc_runtime_SysMin_output__I)
                  86040760    000000a0     ti.targets.rts6000.ae66 : SysMin.oe66 (.text:xdc_runtime_SysMin_putch__F)
                  86040800    00000080     rts6600_elf.lib : dtor_list.obj (.text:_Z11__TI_atexitPFYvPvES_S_)
                  86040880    00000080                     : llshift.obj (.text:__c6xabi_llshl)
                  86040900    00000080     sysbios.lib : c62_TaskSupport_asm.obj (.text:_ti_sysbios_family_c62_TaskSupport_swap__E)
                  86040980    00000080     delcom_gsm_L1_modules_6400+_eabi.lib : assemble_freq_burst_raw.obj (.text)
                  86040a00    00000080                                          : ctrl_rem_fec.obj (.text)
                  86040a80    00000080                                          : ctrl_sch_add_fec.obj (.text)
                  86040b00    00000080                                          : gmsk_eq16_complex_filter.obj (.text)
                  86040b80    00000080                                          : gmsk_eq16_complex_filter_core_c64x.obj (.text)
                  86040c00    00000080     TRS_SYSBIOS_pe66.oe66 (.text:malloc)
                  86040c80    00000080     rts6600_elf.lib : printf.obj (.text:printf)
                  86040d00    00000080                     : trgmsg.obj (.text:readmsg)
                  86040d80    00000080     TRS_SYSBIOS_pe66.oe66 (.text:ti_sysbios_BIOS_exitFunc__I)
                  86040e00    00000080     sysbios.lib : BIOS.obj (.text:ti_sysbios_family_c62_TaskSupport_start__E)
                  86040e80    00000080                 : BIOS.obj (.text:ti_sysbios_family_c64p_Exception_Module_startup__F)
                  86040f00    00000080     TRS_SYSBIOS_pe66.oe66 (.text:ti_sysbios_gates_GateHwi_Object__create__S)
                  86040f80    00000080     TRS_SYSBIOS_pe66.oe66 (.text:ti_sysbios_gates_GateMutex_Object__create__S)
                  86041000    00000080     sysbios.lib : BIOS.obj (.text:ti_sysbios_hal_Hwi_checkStack:ti_sysbios_hal_Hwi_checkStack)
                  86041080    00000080     TRS_SYSBIOS_pe66.oe66 (.text:ti_sysbios_heaps_HeapMem_Object__create__S)
                  86041100    00000080     sysbios.lib : BIOS.obj (.text:ti_sysbios_knl_Clock_Module_startup__F)
                  86041180    00000080     TRS_SYSBIOS_pe66.oe66 (.text:ti_sysbios_knl_Clock_doTick__I)
                  86041200    00000080     sysbios.lib : BIOS.obj (.text:ti_sysbios_knl_Clock_getTicks__E)
                  86041280    00000080     TRS_SYSBIOS_pe66.oe66 (.text:ti_sysbios_knl_Queue_Object__create__S)
                  86041300    00000080     TRS_SYSBIOS_pe66.oe66 (.text:ti_sysbios_knl_Semaphore_Object__create__S)
                  86041380    00000080     sysbios.lib : BIOS.obj (.text:ti_sysbios_knl_Semaphore_pendTimeout__I)
                  86041400    00000080                 : BIOS.obj (.text:ti_sysbios_knl_Swi_startup__E)
                  86041480    00000080                 : BIOS.obj (.text:ti_sysbios_knl_Task_restore__E)
                  86041500    00000080                 : BIOS.obj (.text:ti_sysbios_timers_timer64_Timer_getCount__E)
                  86041580    00000080                 : BIOS.obj (.text:ti_sysbios_timers_timer64_Timer_getPeriod__E)
                  86041600    00000080     rts6600_elf.lib : lowlev.obj (.text:unlink)
                  86041680    00000080     ti.targets.rts6000.ae66 : Core-label.oe66 (.text:xdc_runtime_Core_assignLabel__I)
                  86041700    00000080                             : Core-params.oe66 (.text:xdc_runtime_Core_assignParams__I)
                  86041780    00000080                             : LoggerBuf.oe66 (.text:xdc_runtime_LoggerBuf_filterOutEvent__I)
                  86041800    00000080                             : System.oe66 (.text:xdc_runtime_System_atexit__F)
                  86041880    00000080                             : System.oe66 (.text:xdc_runtime_System_rtsExit__I)
                  86041900    00000080                             : Text.oe66 (.text:xdc_runtime_Text_printVisFxn__I)
                  86041980    00000080                             : Text.oe66 (.text:xdc_runtime_Text_xprintf__I)
                  86041a00    00000060     rts6600_elf.lib : frcmpyd_div.obj (.text:__c6xabi_frcmpyd_div)
                  86041a60    00000060                     : llshift.obj (.text:__c6xabi_llshru)
                  86041ac0    00000060                     : imath64.obj (.text:__c6xabi_remlli)
                  86041b20    00000060                     : imath64.obj (.text:__c6xabi_remull)
                  86041b80    00000060                     : imath64.obj (.text:_subcull)
                  86041be0    00000060     delcom_gsm_L1_modules_6400+_eabi.lib : crc_dec.obj (.text)
                  86041c40    00000060                                          : ctrl_add_fec.obj (.text)
                  86041ca0    00000060                                          : diag_deintlv.obj (.text)
                  86041d00    00000060                                          : merge_payload_buffers.obj (.text)
                  86041d60    00000060                                          : tch_afs_sid_update_rem_fec.obj (.text)
                  86041dc0    00000060     TRS_SYSBIOS_pe66.oe66 (.text:free)
                  86041e20    00000060     rts6600_elf.lib : memccpy.obj (.text:memccpy)
                  86041e80    00000060                     : memmov.obj (.text:memmove)
                  86041ee0    00000060                     : sprintf.obj (.text:sprintf)
                  86041f40    00000060     sysbios.lib : BIOS.obj (.text:ti_sysbios_BIOS_registerRTSLock__I)
                  86041fa0    00000060                 : BIOS.obj (.text:ti_sysbios_gates_GateMutex_Instance_init__F)
                  86042000    00000060                 : BIOS.obj (.text:ti_sysbios_hal_Hwi_initStack:ti_sysbios_hal_Hwi_initStack)
                  86042060    00000060     TRS_SYSBIOS_pe66.oe66 (.text:ti_sysbios_heaps_HeapMem_Object__get__S)
                  860420c0    00000060     TRS_SYSBIOS_pe66.oe66 (.text:ti_sysbios_knl_Queue_Object__get__S)
                  86042120    00000060     sysbios.lib : BIOS.obj (.text:ti_sysbios_knl_Swi_Module_startup__F)
                  86042180    00000060     TRS_SYSBIOS_pe66.oe66 (.text:ti_sysbios_knl_Swi_Object__get__S)
                  860421e0    00000060     TRS_SYSBIOS_pe66.oe66 (.text:ti_sysbios_knl_Task_Object__get__S)
                  86042240    00000060     sysbios.lib : BIOS.obj (.text:ti_sysbios_knl_Task_allBlockedFunction__I)
                  860422a0    00000060                 : BIOS.obj (.text:ti_sysbios_knl_Task_enter__I)
                  86042300    00000060     rts6600_elf.lib : trgmsg.obj (.text:writemsg)
                  86042360    00000060     TRS_SYSBIOS_pe66.oe66 (.text:xdc_runtime_LoggerBuf_Object__get__S)
                  860423c0    00000060     ti.targets.rts6000.ae66 : Memory.oe66 (.text:xdc_runtime_Memory_calloc__F)
                  86042420    00000060                             : SysMin.oe66 (.text:xdc_runtime_SysMin_Module_startup__F)
                  86042480    00000060                             : SysMin.oe66 (.text:xdc_runtime_SysMin_exit__F)
                  860424e0    00000060                             : System.oe66 (.text:xdc_runtime_System_avprintf__F)
                  86042540    00000060                             : System.oe66 (.text:xdc_runtime_System_vprintf__F)
                  860425a0    00000060                             : Text.oe66 (.text:xdc_runtime_Text_cordText__F)
                  86042600    00000040     rts6600_elf.lib : isinf.obj (.text:__c6xabi_isinf)
                  86042640    00000040                     : _printfi.obj (.text:__c6xabi_isnan)
                  86042680    00000040                     : strasg.obj (.text:__strasgi_64plus)
                  860426c0    00000040                     : args_main.obj (.text:_args_main)
                  86042700    00000040                     : sprintf.obj (.text:_outs)
                  86042740    00000040     sysbios.lib : c62_TaskSupport_asm.obj (.text:_ti_sysbios_family_c62_TaskSupport_buildTaskStack)
                  86042780    00000040                 : c64p_Hwi_asm_switch.obj (.text:_ti_sysbios_family_xxx_Hwi_switchToIsrStack)
                  860427c0    00000040     delcom_gsm_L1_modules_6400+_eabi.lib : ctrl_sch_encode_bits.obj (.text)
                  86042800    00000040     rts6600_elf.lib : abs.obj (.text:llabs)
                  86042840    00000040                     : log10.obj (.text:log10)
                  86042880    00000040     sysbios.lib : BIOS.obj (.text:rtsLock$0)
                  860428c0    00000040     TRS_SYSBIOS_pe66.oe66 (.text:ti_sysbios_BIOS_startFunc__I)
                  86042900    00000040     TRS_SYSBIOS_pe66.oe66 (.text:ti_sysbios_family_c64p_Hwi_Module__startupDone__F)
                  86042940    00000040     sysbios.lib : BIOS.obj (.text:ti_sysbios_family_c64p_Hwi_disableInterrupt__E)
                  86042980    00000040                 : BIOS.obj (.text:ti_sysbios_family_c64p_Hwi_enableInterrupt__E)
                  860429c0    00000040     TRS_SYSBIOS_pe66.oe66 (.text:ti_sysbios_gates_GateHwi_Handle__label__S)
                  86042a00    00000040     TRS_SYSBIOS_pe66.oe66 (.text:ti_sysbios_gates_GateHwi_Object__delete__S)
                  86042a40    00000040     TRS_SYSBIOS_pe66.oe66 (.text:ti_sysbios_gates_GateMutex_Handle__label__S)
                  86042a80    00000040     sysbios.lib : BIOS.obj (.text:ti_sysbios_gates_GateMutex_Instance_finalize__F)
                  86042ac0    00000040     TRS_SYSBIOS_pe66.oe66 (.text:ti_sysbios_gates_GateMutex_Object__delete__S)
                  86042b00    00000040     sysbios.lib : BIOS.obj (.text:ti_sysbios_gates_GateMutex_leave__E)
                  86042b40    00000040     TRS_SYSBIOS_pe66.oe66 (.text:ti_sysbios_hal_Timer_Module__startupDone__F)
                  86042b80    00000040     TRS_SYSBIOS_pe66.oe66 (.text:ti_sysbios_heaps_HeapMem_Handle__label__S)
                  86042bc0    00000040     TRS_SYSBIOS_pe66.oe66 (.text:ti_sysbios_heaps_HeapMem_Object__delete__S)
                  86042c00    00000040     TRS_SYSBIOS_pe66.oe66 (.text:ti_sysbios_knl_Clock_Object__destruct__S)
                  86042c40    00000040     TRS_SYSBIOS_pe66.oe66 (.text:ti_sysbios_knl_Clock_Params__init__S)
                  86042c80    00000040     TRS_SYSBIOS_pe66.oe66 (.text:ti_sysbios_knl_Queue_Object__destruct__S)
                  86042cc0    00000040     sysbios.lib : BIOS.obj (.text:ti_sysbios_knl_Semaphore_Instance_finalize__F)
                  86042d00    00000040     TRS_SYSBIOS_pe66.oe66 (.text:ti_sysbios_knl_Semaphore_Object__destruct__S)
                  86042d40    00000040     TRS_SYSBIOS_pe66.oe66 (.text:ti_sysbios_knl_Semaphore_Params__init__S)
                  86042d80    00000040     TRS_SYSBIOS_pe66.oe66 (.text:ti_sysbios_knl_Task_Object__first__S)
                  86042dc0    00000040     TRS_SYSBIOS_pe66.oe66 (.text:ti_sysbios_knl_Task_Object__next__S)
                  86042e00    00000040     TRS_SYSBIOS_pe66.oe66 (.text:ti_sysbios_knl_Task_Params__init__S)
                  86042e40    00000040     sysbios.lib : BIOS.obj (.text:ti_sysbios_knl_Task_sleepTimeout__I)
                  86042e80    00000040     TRS_SYSBIOS_pe66.oe66 (.text:ti_sysbios_timers_timer64_Timer_Module__startupDone__F)
                  86042ec0    00000040     ti.targets.rts6000.ae66 : Error.oe66 (.text:xdc_runtime_Error_check__F)
                  86042f00    00000040                             : Error.oe66 (.text:xdc_runtime_Error_init__F)
                  86042f40    00000040     TRS_SYSBIOS_pe66.oe66 (.text:xdc_runtime_Error_raiseX__E)
                  86042f80    00000040     ti.targets.rts6000.ae66 : Gate.oe66 (.text:xdc_runtime_Gate_leaveSystem__F)
                  86042fc0    00000040     TRS_SYSBIOS_pe66.oe66 (.text:xdc_runtime_IHeap_alloc)
                  86043000    00000040     TRS_SYSBIOS_pe66.oe66 (.text:xdc_runtime_IHeap_free)
                  86043040    00000040     TRS_SYSBIOS_pe66.oe66 (.text:xdc_runtime_LoggerBuf_Handle__label__S)
                  86043080    00000040     ti.targets.rts6000.ae66 : LoggerBuf.oe66 (.text:xdc_runtime_LoggerBuf_Instance_finalize__F)
                  860430c0    00000040     TRS_SYSBIOS_pe66.oe66 (.text:xdc_runtime_LoggerBuf_Object__delete__S)
                  86043100    00000040     ti.targets.rts6000.ae66 : LoggerBuf.oe66 (.text:xdc_runtime_LoggerBuf_write0__F)
                  86043140    00000040     TRS_SYSBIOS_pe66.oe66 (.text:xdc_runtime_LoggerBuf_write1__E)
                  86043180    00000040     ti.targets.rts6000.ae66 : LoggerBuf.oe66 (.text:xdc_runtime_LoggerBuf_write1__F)
                  860431c0    00000040     TRS_SYSBIOS_pe66.oe66 (.text:xdc_runtime_LoggerBuf_write2__E)
                  86043200    00000040     ti.targets.rts6000.ae66 : LoggerBuf.oe66 (.text:xdc_runtime_LoggerBuf_write2__F)
                  86043240    00000040     TRS_SYSBIOS_pe66.oe66 (.text:xdc_runtime_LoggerBuf_write4__E)
                  86043280    00000040     ti.targets.rts6000.ae66 : Memory.oe66 (.text:xdc_runtime_Memory_free__F)
                  860432c0    00000040                             : Registry.oe66 (.text:xdc_runtime_Registry_findById__F)
                  86043300    00000040     TRS_SYSBIOS_pe66.oe66 (.text:xdc_runtime_Startup_exec__I)
                  86043340    00000040     ti.targets.rts6000.ae66 : System.oe66 (.text:xdc_runtime_System_abort__F)
                  86043380    00000040     TRS_SYSBIOS_pe66.oe66 (.text:xdc_runtime_System_aprintf__E)
                  860433c0    00000040     TRS_SYSBIOS_pe66.oe66 (.text:xdc_runtime_uart_write__E)
                  86043400    00000040     ti.targets.rts6000.ae66 : Text.oe66 (.text:xdc_runtime_Text_ropeText__F)
                  86043440    00000040     TRS_SYSBIOS_pe66.oe66 (.text:xdc_runtime_Text_visitRope__I)
                  86043480    00000020     ModMgr.obj (.text)
                  860434a0    00000020     rts6600_elf.lib : negll.obj (.text:__c6xabi_negll)
                  860434c0    00000020                     : dtor_list.obj (.text:__cxa_atexit)
                  860434e0    00000020                     : dtor_list.obj (.text:__cxa_ia64_exit)
                  86043500    00000020     ti.targets.rts6000.ae66 : xdc_noinit.oe66 (.text:__xdc__init)
                  86043520    00000020     rts6600_elf.lib : _lock.obj (.text:_nop)
                  86043540    00000020                     : printf.obj (.text:_outc)
                  86043560    00000020                     : sprintf.obj (.text:_outc)
                  86043580    00000020                     : printf.obj (.text:_outs)
                  860435a0    00000020                     : _lock.obj (.text:_register_lock)
                  860435c0    00000020                     : _lock.obj (.text:_register_unlock)
                  860435e0    00000020     sysbios.lib : c62_TaskSupport_asm.obj (.text:_ti_sysbios_family_c62_TaskSupport_glue)
                  86043600    00000020                 : c64p_Hwi_asm_switch.obj (.text:_ti_sysbios_family_xxx_Hwi_switchToTaskStack)
                  86043620    00000020     rts6600_elf.lib : exit.obj (.text:abort)
                  86043640    00000020                     : dtor_list.obj (.text:atexit)
                  86043660    00000020                     : copy_decompress_none.obj (.text:decompress:none:__TI_decompress_none)
                  86043680    00000020                     : copy_decompress_rle.obj (.text:decompress:rle24:__TI_decompress_rle24)
                  860436a0    00000020     delcom_gsm_L1_modules_6400+_eabi.lib : rect_deintlv.obj (.text)
                  860436c0    00000020                                          : rect_intlv.obj (.text)
                  860436e0    00000020     sysbios.lib : BIOS.obj (.text:nullFunc$0)
                  86043700    00000020     TRS_SYSBIOS_pe66.oe66 (.text:ti_sysbios_BIOS_RtsGateProxy_enter__E)
                  86043720    00000020     TRS_SYSBIOS_pe66.oe66 (.text:ti_sysbios_BIOS_RtsGateProxy_leave__E)
                  86043740    00000020     sysbios.lib : BIOS.obj (.text:ti_sysbios_BIOS_setThreadType__E)
                  86043760    00000020     TRS_SYSBIOS_pe66.oe66 (.text:ti_sysbios_family_c62_TaskSupport_Module__startupDone__S)
                  86043780    00000020     sysbios.lib : BIOS.obj (.text:ti_sysbios_family_c62_TaskSupport_checkStack__E)
                  860437a0    00000020                 : BIOS.obj (.text:ti_sysbios_family_c62_TaskSupport_getStackAlignment__E)
                  860437c0    00000020     TRS_SYSBIOS_pe66.oe66 (.text:ti_sysbios_family_c64p_Exception_Module_startup__E)
                  860437e0    00000020     TRS_SYSBIOS_pe66.oe66 (.text:ti_sysbios_family_c64p_Hwi_Module__startupDone__S)
                  86043800    00000020     TRS_SYSBIOS_pe66.oe66 (.text:ti_sysbios_family_c64p_Hwi_Module_startup__E)
                  86043820    00000020     sysbios.lib : BIOS.obj (.text:ti_sysbios_family_c64p_Hwi_clearInterrupt__E)
                  86043840    00000020                 : BIOS.obj (.text:ti_sysbios_family_c64p_Hwi_startup__E)
                  86043860    00000020                 : BIOS.obj (.text:ti_sysbios_family_c64p_Hwi_switchFromBootStack__E)
                  86043880    00000020     TRS_SYSBIOS_pe66.oe66 (.text:ti_sysbios_family_c64p_TimestampProvider_Module_startup__E)
                  860438a0    00000020     sysbios.lib : BIOS.obj (.text:ti_sysbios_family_c64p_TimestampProvider_Module_startup__F)
                  860438c0    00000020                 : BIOS.obj (.text:ti_sysbios_family_c64p_TimestampProvider_get64__E)
                  860438e0    00000020                 : BIOS.obj (.text:ti_sysbios_family_c64p_tci6488_TimerSupport_enable__E)
                  86043900    00000020     TRS_SYSBIOS_pe66.oe66 (.text:ti_sysbios_family_c66_Cache_Module_startup__E)
                  86043920    00000020     sysbios.lib : BIOS.obj (.text:ti_sysbios_gates_GateHwi_Instance_init__F)
                  86043940    00000020                 : BIOS.obj (.text:ti_sysbios_gates_GateHwi_enter__E)
                  86043960    00000020                 : BIOS.obj (.text:ti_sysbios_gates_GateHwi_leave__E)
                  86043980    00000020     TRS_SYSBIOS_pe66.oe66 (.text:ti_sysbios_gates_GateHwi_query__E)
                  860439a0    00000020     sysbios.lib : BIOS.obj (.text:ti_sysbios_gates_GateHwi_query__F)
                  860439c0    00000020     TRS_SYSBIOS_pe66.oe66 (.text:ti_sysbios_gates_GateMutex_query__E)
                  860439e0    00000020     sysbios.lib : BIOS.obj (.text:ti_sysbios_gates_GateMutex_query__F)
                  86043a00    00000020     TRS_SYSBIOS_pe66.oe66 (.text:ti_sysbios_hal_Hwi_HwiProxy_Module__startupDone__S)
                  86043a20    00000020     TRS_SYSBIOS_pe66.oe66 (.text:ti_sysbios_hal_Hwi_HwiProxy_clearInterrupt__E)
                  86043a40    00000020     TRS_SYSBIOS_pe66.oe66 (.text:ti_sysbios_hal_Hwi_HwiProxy_disableInterrupt__E)
                  86043a60    00000020     TRS_SYSBIOS_pe66.oe66 (.text:ti_sysbios_hal_Hwi_HwiProxy_enableInterrupt__E)
                  86043a80    00000020     TRS_SYSBIOS_pe66.oe66 (.text:ti_sysbios_hal_Hwi_HwiProxy_startup__E)
                  86043aa0    00000020     TRS_SYSBIOS_pe66.oe66 (.text:ti_sysbios_hal_Hwi_HwiProxy_switchFromBootStack__E)
                  86043ac0    00000020     TRS_SYSBIOS_pe66.oe66 (.text:ti_sysbios_hal_Hwi_Module_startup__E)
                  86043ae0    00000020     sysbios.lib : BIOS.obj (.text:ti_sysbios_hal_Hwi_Module_startup__F)
                  86043b00    00000020     TRS_SYSBIOS_pe66.oe66 (.text:ti_sysbios_hal_Timer_Module__startupDone__S)
                  86043b20    00000020     TRS_SYSBIOS_pe66.oe66 (.text:ti_sysbios_hal_Timer_Module_startup__E)
                  86043b40    00000020     sysbios.lib : BIOS.obj (.text:ti_sysbios_hal_Timer_Module_startup__F)
                  86043b60    00000020     TRS_SYSBIOS_pe66.oe66 (.text:ti_sysbios_hal_Timer_TimerProxy_Module__startupDone__S)
                  86043b80    00000020     TRS_SYSBIOS_pe66.oe66 (.text:ti_sysbios_hal_Timer_TimerProxy_getExpiredCounts__E)
                  86043ba0    00000020     TRS_SYSBIOS_pe66.oe66 (.text:ti_sysbios_hal_Timer_TimerProxy_getPeriod__E)
                  86043bc0    00000020     TRS_SYSBIOS_pe66.oe66 (.text:ti_sysbios_hal_Timer_TimerProxy_setNextTick__E)
                  86043be0    00000020     TRS_SYSBIOS_pe66.oe66 (.text:ti_sysbios_hal_Timer_TimerProxy_startup__E)
                  86043c00    00000020     TRS_SYSBIOS_pe66.oe66 (.text:ti_sysbios_heaps_HeapMem_Module_GateProxy_enter__E)
                  86043c20    00000020     TRS_SYSBIOS_pe66.oe66 (.text:ti_sysbios_heaps_HeapMem_Module_GateProxy_leave__E)
                  86043c40    00000020     TRS_SYSBIOS_pe66.oe66 (.text:ti_sysbios_heaps_HeapMem_Module_GateProxy_query__E)
                  86043c60    00000020     sysbios.lib : BIOS.obj (.text:ti_sysbios_heaps_HeapMem_isBlocking__E)
                  86043c80    00000020     TRS_SYSBIOS_pe66.oe66 (.text:ti_sysbios_knl_Clock_Module_State_clockQ)
                  86043ca0    00000020     TRS_SYSBIOS_pe66.oe66 (.text:ti_sysbios_knl_Clock_Module_startup__E)
                  86043cc0    00000020     sysbios.lib : BIOS.obj (.text:ti_sysbios_knl_Queue_Instance_init__F)
                  86043ce0    00000020                 : BIOS.obj (.text:ti_sysbios_knl_Queue_empty__E)
                  86043d00    00000020                 : BIOS.obj (.text:ti_sysbios_knl_Semaphore_reset__E)
                  86043d20    00000020     TRS_SYSBIOS_pe66.oe66 (.text:ti_sysbios_knl_Swi_Module_startup__E)
                  86043d40    00000020     sysbios.lib : BIOS.obj (.text:ti_sysbios_knl_Swi_disable__E)
                  86043d60    00000020     TRS_SYSBIOS_pe66.oe66 (.text:ti_sysbios_knl_Task_Module_startup__E)
                  86043d80    00000020     TRS_SYSBIOS_pe66.oe66 (.text:ti_sysbios_knl_Task_SupportProxy_Module__startupDone__S)
                  86043da0    00000020     TRS_SYSBIOS_pe66.oe66 (.text:ti_sysbios_knl_Task_SupportProxy_checkStack__E)
                  86043dc0    00000020     TRS_SYSBIOS_pe66.oe66 (.text:ti_sysbios_knl_Task_SupportProxy_getStackAlignment__E)
                  86043de0    00000020     TRS_SYSBIOS_pe66.oe66 (.text:ti_sysbios_knl_Task_SupportProxy_start__E)
                  86043e00    00000020     TRS_SYSBIOS_pe66.oe66 (.text:ti_sysbios_knl_Task_SupportProxy_swap__E)
                  86043e20    00000020     sysbios.lib : BIOS.obj (.text:ti_sysbios_knl_Task_disable__E)
                  86043e40    00000020     TRS_SYSBIOS_pe66.oe66 (.text:ti_sysbios_timers_timer64_Timer_Module__startupDone__S)
                  86043e60    00000020     TRS_SYSBIOS_pe66.oe66 (.text:ti_sysbios_timers_timer64_Timer_Module_startup__E)
                  86043e80    00000020     TRS_SYSBIOS_pe66.oe66 (.text:ti_sysbios_timers_timer64_Timer_TimerSupportProxy_enable__E)
                  86043ea0    00000020     sysbios.lib : BIOS.obj (.text:ti_sysbios_timers_timer64_Timer_setNextTick__E)
                  86043ec0    00000020     TRS_SYSBIOS_pe66.oe66 (.text:xdc_iargToPtr)
                  86043ee0    00000020     TRS_SYSBIOS_pe66.oe66 (.text:xdc_runtime_Error_check__E)
                  86043f00    00000020     TRS_SYSBIOS_pe66.oe66 (.text:xdc_runtime_Error_init__E)
                  86043f20    00000020     TRS_SYSBIOS_pe66.oe66 (.text:xdc_runtime_Error_print__E)
                  86043f40    00000020     TRS_SYSBIOS_pe66.oe66 (.text:xdc_runtime_Gate_enterSystem__E)
                  86043f60    00000020     ti.targets.rts6000.ae66 : Gate.oe66 (.text:xdc_runtime_Gate_enterSystem__F)
                  86043f80    00000020     TRS_SYSBIOS_pe66.oe66 (.text:xdc_runtime_Gate_leaveSystem__E)
                  86043fa0    00000020     TRS_SYSBIOS_pe66.oe66 (.text:xdc_runtime_LoggerBuf_Module_GateProxy_enter__E)
                  86043fc0    00000020     TRS_SYSBIOS_pe66.oe66 (.text:xdc_runtime_LoggerBuf_Module_GateProxy_leave__E)
                  86043fe0    00000020     TRS_SYSBIOS_pe66.oe66 (.text:xdc_runtime_LoggerBuf_Module_startup__E)
                  86044000    00000020     TRS_SYSBIOS_pe66.oe66 (.text:xdc_runtime_LoggerBuf_TimestampProxy_get64__E)
                  86044020    00000020     TRS_SYSBIOS_pe66.oe66 (.text:xdc_runtime_LoggerBuf_disable__E)
                  86044040    00000020     ti.targets.rts6000.ae66 : LoggerBuf.oe66 (.text:xdc_runtime_LoggerBuf_disable__F)
                  86044060    00000020     TRS_SYSBIOS_pe66.oe66 (.text:xdc_runtime_LoggerBuf_enable__E)
                  86044080    00000020     ti.targets.rts6000.ae66 : LoggerBuf.oe66 (.text:xdc_runtime_LoggerBuf_enable__F)
                  860440a0    00000020     TRS_SYSBIOS_pe66.oe66 (.text:xdc_runtime_LoggerBuf_getFilterLevel__E)
                  860440c0    00000020     TRS_SYSBIOS_pe66.oe66 (.text:xdc_runtime_LoggerBuf_setFilterLevel__E)
                  860440e0    00000020     TRS_SYSBIOS_pe66.oe66 (.text:xdc_runtime_LoggerBuf_write0__E)
                  86044100    00000020     TRS_SYSBIOS_pe66.oe66 (.text:xdc_runtime_Memory_HeapProxy_alloc__E)
                  86044120    00000020     TRS_SYSBIOS_pe66.oe66 (.text:xdc_runtime_Memory_HeapProxy_free__E)
                  86044140    00000020     TRS_SYSBIOS_pe66.oe66 (.text:xdc_runtime_Memory_alloc__E)
                  86044160    00000020     TRS_SYSBIOS_pe66.oe66 (.text:xdc_runtime_Memory_calloc__E)
                  86044180    00000020     TRS_SYSBIOS_pe66.oe66 (.text:xdc_runtime_Memory_free__E)
                  860441a0    00000020     TRS_SYSBIOS_pe66.oe66 (.text:xdc_runtime_Registry_findById__E)
                  860441c0    00000020     TRS_SYSBIOS_pe66.oe66 (.text:xdc_runtime_Startup_exec__E)
                  860441e0    00000020     TRS_SYSBIOS_pe66.oe66 (.text:xdc_runtime_Startup_reset__I)
                  86044200    00000020     TRS_SYSBIOS_pe66.oe66 (.text:xdc_runtime_SysMin_Module_startup__E)
                  86044220    00000020     TRS_SYSBIOS_pe66.oe66 (.text:xdc_runtime_SysMin_abort__E)
                  86044240    00000020     TRS_SYSBIOS_pe66.oe66 (.text:xdc_runtime_SysMin_exit__E)
                  86044260    00000020     TRS_SYSBIOS_pe66.oe66 (.text:xdc_runtime_SysMin_putch__E)
                  86044280    00000020     TRS_SYSBIOS_pe66.oe66 (.text:xdc_runtime_SysMin_ready__E)
                  860442a0    00000020     ti.targets.rts6000.ae66 : SysMin.oe66 (.text:xdc_runtime_SysMin_ready__F)
                  860442c0    00000020     TRS_SYSBIOS_pe66.oe66 (.text:xdc_runtime_System_Module_GateProxy_enter__E)
                  860442e0    00000020     TRS_SYSBIOS_pe66.oe66 (.text:xdc_runtime_System_Module_GateProxy_leave__E)
                  86044300    00000020     TRS_SYSBIOS_pe66.oe66 (.text:xdc_runtime_System_Module_startup__E)
                  86044320    00000020     ti.targets.rts6000.ae66 : System.oe66 (.text:xdc_runtime_System_Module_startup__F)
                  86044340    00000020     TRS_SYSBIOS_pe66.oe66 (.text:xdc_runtime_System_SupportProxy_abort__E)
                  86044360    00000020     TRS_SYSBIOS_pe66.oe66 (.text:xdc_runtime_System_SupportProxy_exit__E)
                  86044380    00000020     TRS_SYSBIOS_pe66.oe66 (.text:xdc_runtime_System_SupportProxy_putch__E)
                  860443a0    00000020     TRS_SYSBIOS_pe66.oe66 (.text:xdc_runtime_System_SupportProxy_ready__E)
                  860443c0    00000020     TRS_SYSBIOS_pe66.oe66 (.text:xdc_runtime_System_abort__E)
                  860443e0    00000020     TRS_SYSBIOS_pe66.oe66 (.text:xdc_runtime_System_atexit__E)
                  86044400    00000020     TRS_SYSBIOS_pe66.oe66 (.text:xdc_runtime_System_exit__E)
                  86044420    00000020     ti.targets.rts6000.ae66 : System.oe66 (.text:xdc_runtime_System_exit__F)
                  86044440    00000020                             : System.oe66 (.text:xdc_runtime_System_lastFxn__I)
                  86044460    00000020     TRS_SYSBIOS_pe66.oe66 (.text:xdc_runtime_System_vsprintf__E)
                  86044480    00000020     ti.targets.rts6000.ae66 : System.oe66 (.text:xdc_runtime_System_vsprintf__F)
                  860444a0    00000020     TRS_SYSBIOS_pe66.oe66 (.text:xdc_runtime_Text_cordText__E)
                  860444c0    00000020     TRS_SYSBIOS_pe66.oe66 (.text:xdc_runtime_Text_putLab__E)
                  860444e0    00000020     TRS_SYSBIOS_pe66.oe66 (.text:xdc_runtime_Text_putSite__E)
                  86044500    00000020     TRS_SYSBIOS_pe66.oe66 (.text:xdc_runtime_Text_ropeText__E)
                  86044520    00000010     GenUtil.lib : FIFO.obj ($Tramp$S$$ICoreQ_Start)
                  86044530    00000010     GsmUtil.lib : Burst.obj ($Tramp$S$$Burst_GetBasebandData)
                  86044540    00000010     L1Manager.lib : GSMConfig.obj ($Tramp$S$$L1Receiver_Init)
                  86044550    00000010     CmdIfLib.lib : CmdPkt.obj ($Tramp$S$$TestParamsMacros)
                  86044560    00000010     GenUtil.lib : FIFO.obj ($Tramp$S$$HSEM_Init)
                  86044570    00000010     --HOLE-- [fill = 0]

.textDDR   0    86044580    00006b40     
                  86044580    00003bc0     CmdIfLib.lib : CmdPkt.obj (.textDDR)
                  86048140    00001340     GenUtil.lib : FIFO.obj (.textDDR)
                  86049480    00000ca0     L1Manager.lib : GSMConfig.obj (.textDDR)
                  8604a120    000008a0     ModMgr.obj (.textDDR)
                  8604a9c0    00000640     MemMgr.obj (.textDDR)
                  8604b000    000000a0     EthBuff.obj (.textDDR)
                  8604b0a0    00000020     GsmUtil.lib : Burst.obj (.textDDR)

.vecs      0    8604b400    00000200     
                  8604b400    00000200     TRS_SYSBIOS_pe66.oe66 (.vecs)

xdc.meta   0    89000000    00000128     COPY SECTION
                  89000000    00000128     TRS_SYSBIOS_pe66.oe66 (xdc.meta)

.far.1     0    89000000    001026d4     UNINITIALIZED
                  89000000    001001d0     GenUtil.lib : FIFO.obj (.far)
                  891001d0    00002500     GsmUtil.lib : TDFrmTbl.obj (.far)
                  891026d0    00000004     CriticalMem.obj (.far)

.const.1   0    891026e0    00000020     
                  891026e0    00000020     ti.targets.rts6000.ae66 : Core-mem.oe66 (.const:.string)

.far.2     0    89102700    00006ee8     UNINITIALIZED
                  89102700    00002000     L1Manager.lib : GSMConfig.obj (.far:scratch1)
                  89104700    00002000                   : GSMConfig.obj (.far:scratch2)
                  89106700    00001410     TRS_SYSBIOS_pe66.oe66 (.far)
                  89107b10    000012d6     L1Manager.lib : GSMConfig.obj (.far)
                  89108de6    00000002     --HOLE--
                  89108de8    00000800     TRS_SYSBIOS_pe66.oe66 (.far:taskStackSection)

.far.3     0    891095f0    00000803     UNINITIALIZED
                  891095f0    000005c0     CmdIfMgr.lib : CmdRouter.obj (.far)
                  89109bb0    00000140     rts6600_elf.lib : defs.obj (.far)
                  89109cf0    00000103     CmdIfLib.lib : CmdPkt.obj (.far)

.far.4     0    89109e00    000000d8     UNINITIALIZED
                  89109e00    000000d8     rts6600_elf.lib : trgdrv.obj (.far)

.ddrdata   0    89109ee0    00087000     UNINITIALIZED
                  89109ee0    00080000     EthBuff.obj (.ddrdata)
                  89189ee0    00007000     GenUtil.lib : FIFO.obj (.ddrdata)

.const.2   0    89190ee0    00009c2e     
                  89190ee0    000014c0     L1Manager.lib : GSMConfig.obj (.const:.string)
                  891923a0    00001181     TRS_SYSBIOS_pe66.oe66 (.const:xdc_runtime_Text_charTab__A)
                  89193521    00000003     --HOLE-- [fill = 0]
                  89193524    0000000c     TRS_SYSBIOS_pe66.oe66 (.const:ti_sysbios_family_c66_Cache_initSize__C)
                  89193530    00001000     L1Manager.lib : GSMConfig.obj (.const:gRxFreqWord)
                  89194530    00001000                   : GSMConfig.obj (.const:gTxFreqWord)
                  89195530    00000720     delcom_gsm_L1_modules_6400+_eabi.lib : gsm_intlv_data.obj (.const:diag_intlv_index)
                  89195c50    000006e8                                          : gmsk_equalize16_tabs.obj (.const:gsm_nml_tsc_filt)
                  89196338    0000047c     CmdIfLib.lib : CmdPkt.obj (.const:.string)
                  891967b4    0000042c     sysbios.lib : BIOS.obj (.const:.string)
                  89196be0    00000400     TRS_SYSBIOS_pe66.oe66 (.const:ti_sysbios_family_c66_Cache_marvalues__C)
                  89196fe0    00000320     delcom_gsm_L1_modules_6400+_eabi.lib : dbutils.obj (.const:GSMLIB_dB_to_base2_float_mant)
                  89197300    00000314     GenUtil.lib : FIFO.obj (.const:.string)
                  89197614    00000310     GsmUtil.lib : TDFrmTbl.obj (.const:.string)
                  89197924    00000004     ti.targets.rts6000.ae66 : Assert.oe66 (.const:.string)
                  89197928    00000208     delcom_gsm_L1_modules_6400+_eabi.lib : gsm_misc_tables.obj (.const:GSM_DCS_TCH_EFS_REARRANGE_TABLE)
                  89197b30    00000208                                          : gsm_misc_tables.obj (.const:GSM_DCS_TCH_FS_REARRANGE_TABLE)
                  89197d38    000001e8                                          : gsm_misc_tables_amr.obj (.const:GSM_DCS_TCH_AFS_SPEECH12_2_REARRANGE_TABLE)
                  89197f20    000001e2     GSML1.lib : beagle_setup.obj (.const:GSM_DCS_laurent_fir_filt)
                  89198102    00000002     --HOLE-- [fill = 0]
                  89198104    000001cc     GsmUtil.lib : TDFrm.obj (.const:.string)
                  891982d0    000001ba     delcom_gsm_L1_modules_6400+_eabi.lib : burst_assemble_data.obj (.const:tsc_gmsk)
                  8919848a    00000002     --HOLE-- [fill = 0]
                  8919848c    000001ac     ModMgr.obj (.const:.string)
                  89198638    00000198     delcom_gsm_L1_modules_6400+_eabi.lib : gsm_misc_tables_amr.obj (.const:GSM_DCS_TCH_AFS_SPEECH10_2_REARRANGE_TABLE)
                  891987d0    00000190                                          : dbutils.obj (.const:GSMLIB_dB_to_base2_float_exp)
                  89198960    00000184                                          : gsm_misc_tables_amr.obj (.const:GSM_DCS_TCH_AFS_SPEECH10_2_PUNCTURE)
                  89198ae4    00000004     ModMgr.obj (.const)
                  89198ae8    0000013e     delcom_gsm_L1_modules_6400+_eabi.lib : gsm_misc_tables_amr.obj (.const:GSM_DCS_TCH_AFS_SPEECH7_95_REARRANGE_TABLE)
                  89198c26    00000002     --HOLE-- [fill = 0]
                  89198c28    00000128                                          : gsm_misc_tables_amr.obj (.const:GSM_DCS_TCH_AFS_SPEECH7_4_REARRANGE_TABLE)
                  89198d50    0000010c                                          : gsm_misc_tables_amr.obj (.const:GSM_DCS_TCH_AFS_SPEECH6_7_REARRANGE_TABLE)
                  89198e5c    00000004     TRS_SYSBIOS_pe66.oe66 (.const:ti_sysbios_BIOS_Module__diagsEnabled__C)
                  89198e60    00000101     rts6600_elf.lib : ctype.obj (.const:_ctypes_)
                  89198f61    00000003     --HOLE-- [fill = 0]
                  89198f64    00000004     TRS_SYSBIOS_pe66.oe66 (.const:ti_sysbios_BIOS_Module__diagsIncluded__C)
                  89198f68    00000100     delcom_gsm_L1_modules_6400+_eabi.lib : gsm_misc_tables_amr.obj (.const:GSM_DCS_TCH_AFS_SPEECH6_7_PUNCTURE)
                  89199068    00000100                                          : gmsk_equalize16_tabs.obj (.const:gsm_sch_tsc_filt)
                  89199168    000000ec                                          : gsm_misc_tables_amr.obj (.const:GSM_DCS_TCH_AFS_SPEECH5_9_REARRANGE_TABLE)
                  89199254    00000004     TRS_SYSBIOS_pe66.oe66 (.const:ti_sysbios_BIOS_Module__diagsMask__C)
                  89199258    000000ea     delcom_gsm_L1_modules_6400+_eabi.lib : gsm_misc_tables_amr.obj (.const:GSM_DCS_TCH_AFS_SPEECH5_15_PUNCTURE)
                  89199342    00000002     --HOLE-- [fill = 0]
                  89199344    000000e4     MemMgr.obj (.const:.string)
                  89199428    000000ce     delcom_gsm_L1_modules_6400+_eabi.lib : gsm_misc_tables_amr.obj (.const:GSM_DCS_TCH_AFS_SPEECH5_15_REARRANGE_TABLE)
                  891994f6    00000002     --HOLE-- [fill = 0]
                  891994f8    00000008                                          : ctrl_encode_bits.obj (.const:$P$T0$1)
                  89199500    000000c8     TRS_SYSBIOS_pe66.oe66 (.const:xdc_runtime_Text_nodeTab__A)
                  891995c8    000000be     delcom_gsm_L1_modules_6400+_eabi.lib : gsmefr_dtx_sfd.obj (.const:DCS_GSMEFR_DTX_bit_index)
                  89199686    00000002     --HOLE-- [fill = 0]
                  89199688    000000be                                          : gsm_misc_tables_amr.obj (.const:GSM_DCS_TCH_AFS_SPEECH4_75_REARRANGE_TABLE)
                  89199746    00000002     --HOLE-- [fill = 0]
                  89199748    000000ae                                          : gsm_misc_tables_amr.obj (.const:GSM_DCS_TCH_AFS_SPEECH4_75_PUNCTURE)
                  891997f6    00000002     --HOLE-- [fill = 0]
                  891997f8    000000a4                                          : gmsk_equalize16_tabs.obj (.const:gsm_rach_tsc_filt)
                  8919989c    00000004     TRS_SYSBIOS_pe66.oe66 (.const:ti_sysbios_BIOS_installedErrorHook__C)
                  891998a0    000000a2     delcom_gsm_L1_modules_6400+_eabi.lib : gmsk_agc.obj (.const:db_to_gain_q5)
                  89199942    00000002     --HOLE-- [fill = 0]
                  89199944    00000004     TRS_SYSBIOS_pe66.oe66 (.const:ti_sysbios_family_c62_TaskSupport_stackAlignment__C)
                  89199948    000000a2     delcom_gsm_L1_modules_6400+_eabi.lib : gmsk_agc.obj (.const:db_to_loss_q13)
                  891999ea    00000002     --HOLE-- [fill = 0]
                  891999ec    00000004     TRS_SYSBIOS_pe66.oe66 (.const:ti_sysbios_family_c64p_Exception_E_exceptionMin__C)
                  891999f0    00000094     delcom_gsm_L1_modules_6400+_eabi.lib : burst_assemble_data.obj (.const:dummy_burst_data)
                  89199a84    00000004     TRS_SYSBIOS_pe66.oe66 (.const:ti_sysbios_family_c64p_Exception_exceptionHook__C)
                  89199a88    00000094     delcom_gsm_L1_modules_6400+_eabi.lib : burst_assemble_data.obj (.const:fcch_bits)
                  89199b1c    00000004     TRS_SYSBIOS_pe66.oe66 (.const:ti_sysbios_family_c64p_Exception_externalHook__C)
                  89199b20    00000090     L1Manager.lib : GSMConfig.obj (.const:$P$T0$1$7)
                  89199bb0    00000090                   : GSMConfig.obj (.const:$P$T1$2$7)
                  89199c40    00000090     delcom_gsm_L1_modules_6400+_eabi.lib : gsm_misc_tables_amr.obj (.const:GSM_DCS_TCH_AFS_SPEECH5_9_PUNCTURE)
                  89199cd0    00000082                                          : gsm_misc_tables_amr.obj (.const:GSM_DCS_TCH_AFS_SPEECH7_95_PUNCTURE)
                  89199d52    00000002     --HOLE-- [fill = 0]
                  89199d54    00000004     TRS_SYSBIOS_pe66.oe66 (.const:ti_sysbios_family_c64p_Exception_internalHook__C)
                  89199d58    00000082     delcom_gsm_L1_modules_6400+_eabi.lib : gsm_misc_tables.obj (.const:GSM_DCS_TCH_EFS_45003_S3_1_1_1)
                  89199dda    00000002     --HOLE-- [fill = 0]
                  89199ddc    00000004     TRS_SYSBIOS_pe66.oe66 (.const:ti_sysbios_family_c64p_Exception_nmiHook__C)
                  89199de0    00000080     delcom_gsm_L1_modules_6400+_eabi.lib : gmsk_equalize16_tabs.obj (.const:demodstates)
                  89199e60    00000078                                          : gsm_misc_tables_amr.obj (.const:GSM_DCS_TCH_AFS_SPEECH12_2_PUNCTURE)
                  89199ed8    00000072                                          : gsm_freq_hopping.obj (.const:GSM_DCS_freqhopping_rand_table)
                  89199f4a    00000002     --HOLE-- [fill = 0]
                  89199f4c    00000004     TRS_SYSBIOS_pe66.oe66 (.const:ti_sysbios_family_c64p_Hwi_LD_end__C)
                  89199f50    00000062     delcom_gsm_L1_modules_6400+_eabi.lib : comm_math.obj (.const:GSMLIB_DCS_inv_sqrt_tbl)
                  89199fb2    00000002     --HOLE-- [fill = 0]
                  89199fb4    00000058     ti.targets.rts6000.ae66 : Error.oe66 (.const:.string)
                  8919a00c    00000048     TRS_SYSBIOS_pe66.oe66 (.const:.string)
                  8919a054    00000004     TRS_SYSBIOS_pe66.oe66 (.const:ti_sysbios_family_c64p_Hwi_LM_begin__C)
                  8919a058    00000042     delcom_gsm_L1_modules_6400+_eabi.lib : dbutils.obj (.const:GSMLIB_DCS_logtab)
                  8919a09a    00000002     --HOLE-- [fill = 0]
                  8919a09c    00000004     TRS_SYSBIOS_pe66.oe66 (.const:ti_sysbios_family_c64p_Hwi_Module__diagsEnabled__C)
                  8919a0a0    00000041     delcom_gsm_L1_modules_6400+_eabi.lib : gsm_freq_hopping.obj (.const:GSM_DCS_freqhopping_mod2powerNBIN_tablemask)
                  8919a0e1    00000003     --HOLE-- [fill = 0]
                  8919a0e4    00000040     ti.targets.rts6000.ae66 : Text.oe66 (.const:.string)
                  8919a124    00000004     TRS_SYSBIOS_pe66.oe66 (.const:ti_sysbios_family_c64p_Hwi_Module__diagsIncluded__C)
                  8919a128    00000040     delcom_gsm_L1_modules_6400+_eabi.lib : gsm_misc_tables_amr.obj (.const:GSM_DCS_TCH_AFS_CODED_DATA_SID)
                  8919a168    00000040                                          : burst_assemble_data.obj (.const:ext_tsc_gmsk)
                  8919a1a8    00000040                                          : burst_assemble_data.obj (.const:ext_tsc_gmsk_COMPACT)
                  8919a1e8    00000040                                          : burst_assemble_data.obj (.const:ext_tsc_gmsk_CTS)
                  8919a228    0000003c                                          : ctrl_fcch_rcv.obj (.const:DCS_ft2b)
                  8919a264    0000003c     TRS_SYSBIOS_pe66.oe66 (.const:xdc_runtime_LoggerBuf_Module__FXNS__C)
                  8919a2a0    00000038     GsmUtil.lib : GSMTime.obj (.const:.string)
                  8919a2d8    00000038     TRS_SYSBIOS_pe66.oe66 (.const:ti_sysbios_knl_Task_Object__PARAMS__C)
                  8919a310    00000034     GsmUtil.lib : L1FEC.obj (.const:.string)
                  8919a344    00000004     TRS_SYSBIOS_pe66.oe66 (.const:ti_sysbios_family_c64p_Hwi_Module__diagsMask__C)
                  8919a348    00000034     delcom_gsm_L1_modules_6400+_eabi.lib : gsm_misc_tables_amr.obj (.const:GSM_DCS_TCH_AFS_SPEECH7_4_PUNCTURE)
                  8919a37c    00000004     TRS_SYSBIOS_pe66.oe66 (.const:ti_sysbios_family_c64p_Hwi_Module__loggerFxn1__C)
                  8919a380    00000034     TRS_SYSBIOS_pe66.oe66 (.const:xdc_runtime_Startup_sfxnTab__A)
                  8919a3b4    0000002c     ti.targets.rts6000.ae66 : Startup.oe66 (.const:.string)
                  8919a3e0    00000029     delcom_gsm_L1_modules_6400+_eabi.lib : burst_assemble_data.obj (.const:access_ts_gmsk)
                  8919a409    00000003     --HOLE-- [fill = 0]
                  8919a40c    00000004     TRS_SYSBIOS_pe66.oe66 (.const:ti_sysbios_family_c64p_Hwi_Module__loggerFxn8__C)
                  8919a410    00000029     delcom_gsm_L1_modules_6400+_eabi.lib : burst_assemble_data.obj (.const:access_ts_gmsk_1)
                  8919a439    00000003     --HOLE-- [fill = 0]
                  8919a43c    00000004     TRS_SYSBIOS_pe66.oe66 (.const:ti_sysbios_family_c64p_Hwi_Module__loggerObj__C)
[...]
8604a0e4   GSMConfig_FreqInfo
8604a0e8   GSMConfig_FN
8604a100   GSMConfig_Elapsed
8604a124   ModMgr_Init
8604a7f0   main
8604a9c0   MemMgr_InitHeapMemory
8604ace8   MemMgr_InitCriticalMemory
8604b000   EthBuff_Init
8604b0a0   Burst_GetBasebandData
8604b400   ti_sysbios_family_c64p_Hwi0
8604b420   ti_sysbios_family_c64p_Hwi1
8604b440   ti_sysbios_family_c64p_Hwi2
8604b460   ti_sysbios_family_c64p_Hwi3
8604b480   ti_sysbios_family_c64p_Hwi4
8604b4a0   ti_sysbios_family_c64p_Hwi5
8604b4c0   ti_sysbios_family_c64p_Hwi6
8604b4e0   ti_sysbios_family_c64p_Hwi7
8604b500   ti_sysbios_family_c64p_Hwi8
8604b520   ti_sysbios_family_c64p_Hwi9
8604b540   ti_sysbios_family_c64p_Hwi10
8604b560   ti_sysbios_family_c64p_Hwi11
8604b580   ti_sysbios_family_c64p_Hwi12
8604b5a0   ti_sysbios_family_c64p_Hwi13
8604b5c0   ti_sysbios_family_c64p_Hwi14
8604b5e0   ti_sysbios_family_c64p_Hwi15
89000000   __ASM__
89000080   __ISA__
890000a0   __PLAT__
890000d0   __TARG__
89000100   __TRDR__
89100000   Sig_IPCRx
89100018   Tsk_RxIPC
89100070   Hsem_IIPC
89100074   Tsk_TxIPC
891000cc   iipc_TxQ
891001d0   gTDMA
891026d0   pGSharedBurstToFPGAMgr
89102700   rxscratchM1
89104700   rxscratchM2
89106700   ti_sysbios_heaps_HeapMem_Instance_State_0_buf__A
89107700   ti_sysbios_knl_Task_Instance_State_0_hookEnv__A
89107710   xdc_runtime_LoggerBuf_Instance_State_0_entryArr__A
89107910   xdc_runtime_SysMin_Module_State_0_outbuf__A
89107b90   oGSML1TxManager
891083b0   ReceiverId_Pool
89108de0   nDAC_NCO_Fuse
89108de8   ti_sysbios_knl_Task_Instance_State_0_stack__A
891095f0   bFreeID
89109610   gRxRouter
89109930   gTxRouter
89109bb0   _tmpnams
89109cf0   oPacket
89109ee0   cBuff
89189ee0   MemList
891923a0   xdc_runtime_Text_charTab__A
89193524   ti_sysbios_family_c66_Cache_initSize__C
89193530   gRxFreqWord
89194530   gTxFreqWord
89195530   diag_intlv_index
89195c50   gsm_nml_tsc_filt
89196be0   ti_sysbios_family_c66_Cache_marvalues__C
89196fe0   GSMLIB_dB_to_base2_float_mant
89197928   GSM_DCS_TCH_EFS_REARRANGE_TABLE
89197b30   GSM_DCS_TCH_FS_REARRANGE_TABLE
89197d38   GSM_DCS_TCH_AFS_SPEECH12_2_REARRANGE_TABLE
89197f20   GSM_DCS_laurent_fir_filt
891982d0   tsc_gmsk
89198638   GSM_DCS_TCH_AFS_SPEECH10_2_REARRANGE_TABLE
891987d0   GSMLIB_dB_to_base2_float_exp
89198960   GSM_DCS_TCH_AFS_SPEECH10_2_PUNCTURE
89198ae4   Core_Num
89198ae8   GSM_DCS_TCH_AFS_SPEECH7_95_REARRANGE_TABLE
89198c28   GSM_DCS_TCH_AFS_SPEECH7_4_REARRANGE_TABLE
89198d50   GSM_DCS_TCH_AFS_SPEECH6_7_REARRANGE_TABLE
89198e5c   ti_sysbios_BIOS_Module__diagsEnabled__C
89198e60   _ctypes_
89198f64   ti_sysbios_BIOS_Module__diagsIncluded__C
89198f68   GSM_DCS_TCH_AFS_SPEECH6_7_PUNCTURE
89199068   gsm_sch_tsc_filt
89199168   GSM_DCS_TCH_AFS_SPEECH5_9_REARRANGE_TABLE
89199254   ti_sysbios_BIOS_Module__diagsMask__C
89199258   GSM_DCS_TCH_AFS_SPEECH5_15_PUNCTURE
89199428   GSM_DCS_TCH_AFS_SPEECH5_15_REARRANGE_TABLE
89199500   xdc_runtime_Text_nodeTab__A
89199688   GSM_DCS_TCH_AFS_SPEECH4_75_REARRANGE_TABLE
89199748   GSM_DCS_TCH_AFS_SPEECH4_75_PUNCTURE
891997f8   gsm_rach_tsc_filt
8919989c   ti_sysbios_BIOS_installedErrorHook__C
89199944   ti_sysbios_family_c62_TaskSupport_stackAlignment__C
891999ec   ti_sysbios_family_c64p_Exception_E_exceptionMin__C
891999f0   dummy_burst_data
89199a84   ti_sysbios_family_c64p_Exception_exceptionHook__C
89199a88   fcch_bits
89199b1c   ti_sysbios_family_c64p_Exception_externalHook__C
89199c40   GSM_DCS_TCH_AFS_SPEECH5_9_PUNCTURE
89199cd0   GSM_DCS_TCH_AFS_SPEECH7_95_PUNCTURE
89199d54   ti_sysbios_family_c64p_Exception_internalHook__C
89199d58   GSM_DCS_TCH_EFS_45003_S3_1_1_1
89199ddc   ti_sysbios_family_c64p_Exception_nmiHook__C
89199de0   demodstates
89199e60   GSM_DCS_TCH_AFS_SPEECH12_2_PUNCTURE
89199f4c   ti_sysbios_family_c64p_Hwi_LD_end__C
89199f50   GSMLIB_DCS_inv_sqrt_tbl
8919a054   ti_sysbios_family_c64p_Hwi_LM_begin__C
8919a09c   ti_sysbios_family_c64p_Hwi_Module__diagsEnabled__C
8919a124   ti_sysbios_family_c64p_Hwi_Module__diagsIncluded__C
8919a128   GSM_DCS_TCH_AFS_CODED_DATA_SID
8919a168   ext_tsc_gmsk
8919a1a8   ext_tsc_gmsk_COMPACT
8919a1e8   ext_tsc_gmsk_CTS
8919a228   DCS_ft2b
8919a264   xdc_runtime_LoggerBuf_Module__FXNS__C
8919a2d8   ti_sysbios_knl_Task_Object__PARAMS__C
8919a344   ti_sysbios_family_c64p_Hwi_Module__diagsMask__C
8919a348   GSM_DCS_TCH_AFS_SPEECH7_4_PUNCTURE
8919a37c   ti_sysbios_family_c64p_Hwi_Module__loggerFxn1__C
8919a380   xdc_runtime_Startup_sfxnTab__A
8919a3e0   access_ts_gmsk
8919a40c   ti_sysbios_family_c64p_Hwi_Module__loggerFxn8__C
8919a410   access_ts_gmsk_1
8919a43c   ti_sysbios_family_c64p_Hwi_Module__loggerObj__C
8919a440   access_ts_gmsk_2
8919a46c   ti_sysbios_heaps_HeapMem_Module__FXNS__C
8919a494   xdc_runtime_LoggerBuf_Object__PARAMS__C
8919a4bc   ti_sysbios_gates_GateMutex_A_badContext__C
8919a4c0   GSM_DCS_TCH_AFS_SID_IM_VECTOR
8919a4e4   ti_sysbios_gates_GateHwi_Module__FXNS__C
8919a508   ti_sysbios_gates_GateMutex_Module__FXNS__C
8919a52c   ti_sysbios_knl_Clock_Object__PARAMS__C
8919a550   ti_sysbios_knl_Semaphore_Object__PARAMS__C
8919a598   state_init_normal
8919a5bc   ti_sysbios_gates_GateMutex_Instance_State_sem__O
8919a5c0   GSM_DCS_TCH_AFS_CODED_DATA_SPEECH
8919a5e0   ti_sysbios_gates_GateHwi_Object__DESC__C
8919a600   ti_sysbios_gates_GateMutex_Object__DESC__C
8919a620   ti_sysbios_heaps_HeapMem_Object__DESC__C
8919a640   ti_sysbios_heaps_HeapMem_Object__PARAMS__C
8919a660   ti_sysbios_knl_Clock_Object__DESC__C
8919a680   ti_sysbios_knl_Queue_Object__DESC__C
8919a6a0   ti_sysbios_knl_Semaphore_Object__DESC__C
8919a6c0   ti_sysbios_knl_Task_Object__DESC__C
8919a6e0   xdc_runtime_LoggerBuf_Object__DESC__C
8919a700   GSM_DCS_AFS_BLOCK_PHASE
8919a71c   ti_sysbios_gates_GateMutex_Module__diagsEnabled__C
8919a720   xdc_runtime_Startup_sfxnRts__A
8919a73c   ti_sysbios_gates_GateHwi_Object__PARAMS__C
8919a754   ti_sysbios_gates_GateMutex_Object__PARAMS__C
8919a76c   ti_sysbios_knl_Queue_Object__PARAMS__C
8919a78c   ti_sysbios_gates_GateMutex_Module__diagsIncluded__C
8919a790   ti_sysbios_knl_Task_hooks__A
8919a7c4   ti_sysbios_gates_GateMutex_Module__diagsMask__C
8919a7c8   dummy_burst_tsc_mapping_A213
8919a7e4   ti_sysbios_hal_Hwi_E_stackOverflow__C
8919a7e8   GSM_DCS_TCH_AFS_RATSCCH_IM_VECTOR
8919a7f4   ti_sysbios_heaps_HeapMem_A_align__C
8919a804   ti_sysbios_heaps_HeapMem_A_heapSize__C
8919a814   ti_sysbios_heaps_HeapMem_A_invalidFree__C
8919a818   gen_matrix_ctrl
8919a824   ti_sysbios_heaps_HeapMem_A_zeroBlock__C
8919a828   extended_tail
8919a830   guard_bits
8919a838   ti_sysbios_knl_Idle_funcList__C
8919a840   ti_sysbios_knl_Task_hooks__C
8919a848   xdc_runtime_Startup_firstFxns__C
8919a850   xdc_runtime_Startup_firstFxns__A
8919a858   xdc_runtime_Startup_lastFxns__C
8919a860   ti_sysbios_heaps_HeapMem_E_memory__C
8919a864   ti_sysbios_heaps_HeapMem_Module__diagsEnabled__C
8919a868   ti_sysbios_heaps_HeapMem_Module__diagsIncluded__C
8919a86c   ti_sysbios_heaps_HeapMem_Module__diagsMask__C
8919a870   ti_sysbios_heaps_HeapMem_Module__gateObj__C
8919a874   ti_sysbios_heaps_HeapMem_Object__count__C
8919a878   ti_sysbios_heaps_HeapMem_Object__table__C
8919a87c   ti_sysbios_heaps_HeapMem_reqAlignMask__C
8919a880   ti_sysbios_heaps_HeapMem_reqAlign__C
8919a884   ti_sysbios_knl_Clock_A_badThreadType__C
8919a888   ti_sysbios_knl_Clock_LM_begin__C
8919a88c   ti_sysbios_knl_Clock_LM_tick__C
8919a890   ti_sysbios_knl_Clock_LW_delayed__C
8919a894   ti_sysbios_knl_Clock_Module_State_clockQ__O
8919a898   ti_sysbios_knl_Clock_Module__diagsEnabled__C
8919a89c   ti_sysbios_knl_Clock_Module__diagsIncluded__C
8919a8a0   ti_sysbios_knl_Clock_Module__diagsMask__C
8919a8a4   ti_sysbios_knl_Clock_Module__loggerFxn1__C
8919a8a8   ti_sysbios_knl_Clock_Module__loggerFxn2__C
8919a8ac   ti_sysbios_knl_Clock_Module__loggerObj__C
8919a8b0   ti_sysbios_knl_Clock_tickMode__C
8919a8b4   ti_sysbios_knl_Clock_tickSource__C
8919a8b8   ti_sysbios_knl_Queue_Object__count__C
8919a8bc   ti_sysbios_knl_Queue_Object__table__C
8919a8c0   ti_sysbios_knl_Idle_funcList__A
8919a8c4   ti_sysbios_knl_Semaphore_A_badContext__C
8919a8c8   ti_sysbios_knl_Semaphore_A_noEvents__C
8919a8cc   ti_sysbios_knl_Semaphore_Instance_State_pendQ__O
8919a8d0   ti_sysbios_knl_Semaphore_LM_pend__C
8919a8d4   ti_sysbios_knl_Semaphore_LM_post__C
8919a8d8   ti_sysbios_knl_Semaphore_Module__diagsEnabled__C
8919a8dc   ti_sysbios_knl_Semaphore_Module__diagsIncluded__C
8919a8e0   ti_sysbios_knl_Semaphore_Module__diagsMask__C
8919a8e4   ti_sysbios_knl_Semaphore_Module__loggerFxn2__C
8919a8e8   ti_sysbios_knl_Semaphore_Module__loggerFxn4__C
8919a8ec   ti_sysbios_knl_Semaphore_Module__loggerObj__C
8919a8f0   ti_sysbios_knl_Swi_LD_end__C
8919a8f4   ti_sysbios_knl_Swi_LM_begin__C
8919a8f8   ti_sysbios_knl_Swi_LM_post__C
8919a8fc   ti_sysbios_knl_Swi_Module__diagsEnabled__C
8919a900   ti_sysbios_knl_Swi_Module__diagsIncluded__C
8919a904   ti_sysbios_knl_Swi_Module__diagsMask__C
8919a908   ti_sysbios_knl_Swi_Module__loggerFxn1__C
8919a90c   ti_sysbios_knl_Swi_Module__loggerFxn4__C
8919a910   ti_sysbios_knl_Swi_Module__loggerObj__C
8919a914   ti_sysbios_knl_Swi_Object__count__C
8919a918   ti_sysbios_knl_Swi_Object__table__C
8919a91c   ti_sysbios_knl_Task_A_badPriority__C
8919a920   ti_sysbios_knl_Task_A_badTaskState__C
8919a924   ti_sysbios_knl_Task_A_badThreadType__C
8919a928   ti_sysbios_knl_Task_A_badTimeout__C
8919a92c   ti_sysbios_knl_Task_A_noPendElem__C
8919a930   ti_sysbios_knl_Task_E_spOutOfBounds__C
8919a934   ti_sysbios_knl_Task_E_stackOverflow__C
8919a938   ti_sysbios_knl_Task_LD_block__C
8919a93c   ti_sysbios_knl_Task_LD_exit__C
8919a940   ti_sysbios_knl_Task_LD_ready__C
8919a944   ti_sysbios_knl_Task_LM_setPri__C
8919a948   ti_sysbios_knl_Task_LM_sleep__C
8919a94c   ti_sysbios_knl_Task_LM_switch__C
8919a950   ti_sysbios_knl_Task_LM_yield__C
8919a954   ti_sysbios_knl_Task_Module_State_inactiveQ__O
8919a958   ti_sysbios_knl_Task_Module_State_terminatedQ__O
8919a95c   ti_sysbios_knl_Task_Module__diagsEnabled__C
8919a960   ti_sysbios_knl_Task_Module__diagsIncluded__C
8919a964   ti_sysbios_knl_Task_Module__diagsMask__C
8919a968   ti_sysbios_knl_Task_Module__loggerFxn2__C
8919a96c   ti_sysbios_knl_Task_Module__loggerFxn4__C
8919a970   ti_sysbios_knl_Task_Module__loggerObj__C
8919a974   ti_sysbios_knl_Task_Object__count__C
8919a978   ti_sysbios_knl_Task_Object__heap__C
8919a97c   ti_sysbios_knl_Task_Object__table__C
8919a980   ti_sysbios_knl_Task_allBlockedFunc__C
8919a984   ti_sysbios_knl_Task_defaultStackHeap__C
8919a988   ti_sysbios_knl_Task_defaultStackSize__C
8919a98c   ti_sysbios_knl_Task_numConstructedTasks__C
8919a990   ti_sysbios_knl_Task_numPriorities__C
8919a994   ti_sysbios_timers_timer64_Timer_A_notAvailable__C
8919a998   ti_sysbios_timers_timer64_Timer_E_cannotSupport__C
8919a99c   ti_sysbios_timers_timer64_Timer_Module__diagsEnabled__C
8919a9a0   ti_sysbios_timers_timer64_Timer_Module__diagsIncluded__C
8919a9a4   ti_sysbios_timers_timer64_Timer_Module__diagsMask__C
8919a9a8   ti_sysbios_timers_timer64_Timer_anyMask__C
8919a9ac   ti_sysbios_timers_timer64_Timer_freqDivisor__C
8919a9b0   ti_sysbios_timers_timer64_Timer_numLocalTimers__C
8919a9b4   ti_sysbios_timers_timer64_Timer_numTimerDevices__C
8919a9b8   xdc_runtime_Assert_E_assertFailed__C
8919a9bc   xdc_runtime_Core_A_initializedParams__C
8919a9c0   xdc_runtime_Core_Module__diagsEnabled__C
8919a9c4   xdc_runtime_Core_Module__diagsIncluded__C
8919a9c8   xdc_runtime_Core_Module__diagsMask__C
8919a9cc   xdc_runtime_Error_E_generic__C
8919a9d0   xdc_runtime_Error_E_memory__C
8919a9d4   xdc_runtime_Error_Module__diagsEnabled__C
8919a9d8   xdc_runtime_Error_Module__diagsIncluded__C
8919a9dc   xdc_runtime_Error_Module__diagsMask__C
8919a9e0   xdc_runtime_Error_Module__loggerFxn8__C
8919a9e4   xdc_runtime_Error_Module__loggerObj__C
8919a9e8   xdc_runtime_Error_policy__C
8919a9ec   xdc_runtime_Error_raiseHook__C
8919a9f0   xdc_runtime_IFilterLogger_Interface__BASE__C
8919a9f4   xdc_runtime_IGateProvider_Interface__BASE__C
8919a9f8   xdc_runtime_IHeap_Interface__BASE__C
8919a9fc   xdc_runtime_ILogger_Interface__BASE__C
8919aa00   xdc_runtime_IModule_Interface__BASE__C
8919aa04   xdc_runtime_Log_L_error__C
8919aa08   xdc_runtime_LoggerBuf_E_badLevel__C
8919aa0c   xdc_runtime_LoggerBuf_Module__gateObj__C
8919aa10   xdc_runtime_LoggerBuf_Object__count__C
8919aa14   xdc_runtime_LoggerBuf_Object__table__C
8919aa18   xdc_runtime_LoggerBuf_statusLogger__C
8919aa1c   xdc_runtime_Main_Module__diagsEnabled__C
8919aa20   xdc_runtime_Main_Module__diagsIncluded__C
8919aa24   xdc_runtime_Main_Module__diagsMask__C
8919aa28   xdc_runtime_Main_Module__loggerFxn1__C
8919aa2c   xdc_runtime_Main_Module__loggerFxn2__C
8919aa30   xdc_runtime_Main_Module__loggerFxn4__C
8919aa34   xdc_runtime_Main_Module__loggerFxn8__C
8919aa38   xdc_runtime_Main_Module__loggerObj__C
8919aa3c   xdc_runtime_Memory_defaultHeapInstance__C
8919aa40   xdc_runtime_Startup_execImpl__C
8919aa44   xdc_runtime_Startup_maxPasses__C
8919aa48   xdc_runtime_Startup_sfxnRts__C
8919aa4c   xdc_runtime_Startup_sfxnTab__C
8919aa50   xdc_runtime_Startup_lastFxns__A
8919aa54   xdc_runtime_Startup_startModsFxn__C
8919aa58   xdc_runtime_SysMin_bufSize__C
8919aa5c   xdc_runtime_SysMin_outputFunc__C
8919aa60   xdc_runtime_System_Module__gateObj__C
8919aa64   xdc_runtime_System_extendFxn__C
8919aa68   xdc_runtime_System_maxAtexitHandlers__C
8919aa6c   xdc_runtime_Text_charTab__C
8919aa70   xdc_runtime_Text_nameEmpty__C
8919aa74   xdc_runtime_Text_nameStatic__C
8919aa78   xdc_runtime_Text_nameUnknown__C
8919aa7c   xdc_runtime_Text_nodeTab__C
8919aa80   xdc_runtime_Text_visitRopeFxn__C
8919aa84   ti_sysbios_BIOS_Module__id__C
8919aa88   tail_bits
8919aa8c   ti_sysbios_family_c64p_Exception_Module__id__C
8919aa90   state_init_rach
8919aa94   ti_sysbios_family_c64p_Hwi_Module__id__C
8919aa98   state_init_sync
8919aa9c   ti_sysbios_family_c64p_Hwi_Module__loggerDefined__C
8919aaa0   ti_sysbios_gates_GateMutex_Module__id__C
8919aaa4   ti_sysbios_hal_Hwi_Module__id__C
8919aaa8   ti_sysbios_heaps_HeapMem_Module__id__C
8919aaac   ti_sysbios_knl_Clock_Module__id__C
8919aab0   ti_sysbios_knl_Clock_Module__loggerDefined__C
8919aab4   ti_sysbios_knl_Semaphore_Module__id__C
8919aab8   ti_sysbios_knl_Semaphore_Module__loggerDefined__C
8919aabc   ti_sysbios_knl_Swi_Module__id__C
8919aac0   ti_sysbios_knl_Swi_Module__loggerDefined__C
8919aac4   ti_sysbios_knl_Task_Module__id__C
8919aac8   ti_sysbios_knl_Task_Module__loggerDefined__C
8919aacc   ti_sysbios_knl_Task_deleteTerminatedTasks__C
8919aad0   ti_sysbios_knl_Task_initStackFlag__C
8919aad4   ti_sysbios_timers_timer64_Timer_Module__id__C
8919aad8   ti_sysbios_timers_timer64_Timer_startupNeeded__C
8919aadc   xdc_runtime_Core_Module__id__C
8919aae0   xdc_runtime_Error_Module__loggerDefined__C
8919aae4   xdc_runtime_Error_maxDepth__C
8919aae8   xdc_runtime_LoggerBuf_Module__id__C
8919aaec   xdc_runtime_LoggerBuf_filterByLevel__C
8919aaf0   xdc_runtime_Main_Module__id__C
8919aaf4   xdc_runtime_Main_Module__loggerDefined__C
8919aaf8   xdc_runtime_Memory_Module__id__C
8919aafc   xdc_runtime_SysMin_flushAtExit__C
8919ab00   xdc_runtime_Text_charCnt__C
8919ab04   xdc_runtime_Text_isLoaded__C
8919ab08   xdc_runtime_Text_registryModsLastId__C
8919ab0c   xdc_runtime_Text_unnamedModsLastId__C
8919ab10   Fill_frame_bcch_burst
8919ad90   gDDCMatrix
8919af98   ti_sysbios_BIOS_Module__state__V
8919afb4   ti_sysbios_family_c64p_Exception_Module__state__V
8919afe0   ti_sysbios_family_c64p_Hwi_Module__root__V
8919afe8   ti_sysbios_family_c64p_Hwi_Module__state__V
8919b04c   ti_sysbios_gates_GateHwi_Module__root__V
8919b054   ti_sysbios_gates_GateMutex_Module__root__V
8919b05c   ti_sysbios_hal_Hwi_Module__root__V
8919b064   ti_sysbios_hal_Timer_Module__root__V
8919b06c   ti_sysbios_heaps_HeapMem_Module__root__V
8919b074   ti_sysbios_knl_Clock_Module__root__V
8919b07c   ti_sysbios_knl_Clock_Module__state__V
8919b0a8   ti_sysbios_knl_Queue_Module__root__V
8919b0b0   ti_sysbios_knl_Semaphore_Module__root__V
8919b0b8   ti_sysbios_knl_Swi_Module__root__V
8919b0c0   ti_sysbios_knl_Swi_Module__state__V
8919b0dc   ti_sysbios_knl_Task_Module__root__V
8919b0e4   ti_sysbios_knl_Task_Module__state__V
8919b118   ti_sysbios_timers_timer64_Timer_Module__root__V
8919b120   ti_sysbios_timers_timer64_Timer_Module__state__V
8919b134   xdc_runtime_Error_Module__state__V
8919b138   xdc_runtime_LoggerBuf_Module__root__V
8919b140   xdc_runtime_LoggerBuf_Module__state__V
8919b148   xdc_runtime_Memory_Module__state__V
8919b14c   xdc_runtime_Registry_Module__state__V
8919b154   xdc_runtime_Startup_Module__state__V
8919b15c   xdc_runtime_SysMin_Module__state__V
8919b168   xdc_runtime_System_Module__state__V
8919b174   xdc_runtime_Text_Module__state__V
8919b17c   __xdc__init__addr
8919b180   _ftable
8919b360   ti_sysbios_timers_timer64_Timer_Module_State_0_device__A
8919b4e0   dummy_burst_tch
8919b594   _cleanup_ptr
8919b598   _dtors_ptr
8919b59c   __TI_enable_exit_profile_output
8919b640   ti_sysbios_knl_Swi_Module_State_0_readyQ__A
8919b6c0   ti_sysbios_knl_Task_Module_State_0_readyQ__A
8919b740   ti_sysbios_timers_timer64_Timer_Module_State_0_gctrl__A
8919b7c0   ti_sysbios_timers_timer64_Timer_Module_State_0_handles__A
8919b840   ti_sysbios_timers_timer64_Timer_Module_State_0_intFreqs__A
8919b938   _lock
8919b93c   _unlock
8919b940   ti_sysbios_timers_timer64_Timer_Object__table__V
8919b990   TSK_idle
8919b990   ti_sysbios_knl_Task_Object__table__V
8919b9dc   gAGC
8919b9e0   ti_sysbios_gates_GateMutex_Object__table__V
8919ba90   ti_sysbios_knl_Swi_Object__table__V
8919bac0   xdc_runtime_LoggerBuf_Object__table__V
8919bae4   MSGIndication
8919bae8   Links
8919baec   gBTS
8919baf0   gBTSSem
8919baf4   pGblTransferJob
8919baf8   gSharedL2PacketMgr
8919bafc   pEthBuff
8919bb00   pRxCalibration
8919bb10   gSACCH_TF
8919bb30   nDecodeFail_VII_DL
8919bb50   nDecodeSucess_VII_DL
8919bb70   nDecodeSucess_VII_UL
8919bb90   nDemodFail_VII_DL
8919bbb0   nDemodFail_VII_UL
8919bbd0   nDemodSucess_VII_DL
8919bbf0   nDemodTSC_NOT_FOUND_DL
8919bc10   nDemodTSC_NOT_FOUND_UL
8919bc30   nFACCH_I
8919bc50   nSACCH_V
8919bc70   nSACCH_VII_DL
8919bc90   nSACCH_VII_UL
8919bcb0   nSDCCH_V
8919bcd0   nSDCCH_VII_DL
8919bcf0   nSDCCH_VII_UL
8919bd10   nTrafficPak_DL
8919bd30   nTrafficPak_UL
8919bd8c   _ft_end
8919bdac   errno
8919bdd0   ti_sysbios_family_c64p_Hwi_Object__table__V
8919bdf0   FILL_FRAME_BCCH
8919be10   FILL_FRAME_DCCH
8919be30   ti_sysbios_heaps_HeapMem_Object__table__V
8919be50   xdc_runtime_System_Module_State_0_atexitHandlers__A
8919be70   ti_sysbios_hal_Hwi_Object__table__V
8919be80   ti_sysbios_hal_Timer_Object__table__V
8919c2d0   ti_sysbios_gates_GateHwi_Object__table__V
8919caa0   __CIOBUF_
8919cbc0   __TI_STATIC_BASE
8919cbde   theCmd
8919cbe1   PLAYBACK_MODE
8919cbe8   nSeqNum
8919cbf0   gBurstToFPGAMgr
8919cbfc   nCount_Receiver
8919cc00   nCount_StopReceiver
8919cc04   nDemodSucess_VII_UL
8919cc08   nDecodeFail_VII_UL
8919cc0c   nDemodFail_I_UL
8919cc10   nDemodSucess_I_UL
8919cc14   nDemodFail_I_DL
8919cc18   nDemodSucess_I_DL
8919cc1c   nDecodeSucess_I_DL
8919cc20   nDecodeFail_I_DL
8919cc24   nDecodeSucess_I_UL
8919cc28   nDecodeFail_I_UL
8919cc2c   flag_Config_Junk
8919cc34   pEthObj
8919cc44   nMaxRxChannel
8919cc45   nMaxTxChannel
8919cc46   nAJTxChannel
8919cc47   nCBTxChannel
8919cc48   nVBTSTxChannel
8919cc4c   gCriticalMemRefPtr
8919cc50   gFrameMicroseconds
8919d87c   __TI_Handler_Table_Base
8919d888   __TI_Handler_Table_Limit
8919dc20   __TI_CINIT_Base
8919def0   __TI_CINIT_Limit
ffffffff   __TI_pprof_out_hndl
ffffffff   __TI_prof_data_size
ffffffff   __TI_prof_data_start
ffffffff   __binit__
ffffffff   __c_args__
ffffffff   binit
UNDEFED    Intr_EnableEvent
UNDEFED    Intr_Init
UNDEFED    RxCalib_GetHwGainCorrection
UNDEFED    RxCalib_GetRfGainCorrection
UNDEFED    RxCalib_InitHwGainCorrection
UNDEFED    RxCalib_InitRfGainCorrection
UNDEFED    StatMgr_Fatal
UNDEFED    Timer_GetTicksUsec
UNDEFED    Timer_Init
UNDEFED    Timer_Start

[1218 symbols]
