******************************************************************************
          TMS320C6x COFF Linker PC v6.0.19                     
******************************************************************************
>> Linked Wed Jun 16 18:16:00 2010

OUTPUT FILE NAME:   <temp.out>
ENTRY POINT SYMBOL: 0


SECTION ALLOCATION MAP

 output                                  attributes/
section   page    origin      length       input sections
--------  ----  ----------  ----------   ----------------
.bss       0    00000008    00000000     UNINITIALIZED

.const     0    00000008    00000000     UNINITIALIZED

.data      0    00000008    00000000     UNINITIALIZED

.const:_GSM_CCCH_L2_FILL_BLOCK 
*          0    00000008    00000017     
                  00000008    00000017     gsm_misc_tables.obj (.const:_GSM_CCCH_L2_FILL_BLOCK)

.text      0    00000020    000120c0     
                  00000020    00001a00     ctrl_fcch_rcv.obj (.text)
                  00001a20    00000de0     tch_afs_decode_bits.obj (.text)
                  00002800    00000d60     gmsk_eq16_mlse_demod_sub2.obj (.text)
                  00003560    00000d20     tch_afs_decode_inband_data.obj (.text)
                  00004280    00000d20     tch_afs_detect_frametype.obj (.text)
                  00004fa0    00000b20     generic_conv_decoder.obj (.text)
                  00005ac0    00000b00     gmsk_equalize16.obj (.text)
                  000065c0    00000a20     conv_decoder_rsc_G46G46G56G66G66.obj (.text)
                  00006fe0    000009e0     conv_decoder_rsc_G46G56G66G66.obj (.text)
                  000079c0    000009a0     conv_decoder_rsc_G44G54G64.obj (.text)
                  00008360    00000740     tch_fs_decode_bits.obj (.text)
                  00008aa0    00000720     gmsk_eq16_mlse_demod_sub1.obj (.text)
                  000091c0    00000640     fire_dec.obj (.text)
                  00009800    00000600     tch_afs_encode_bits.obj (.text)
                  00009e00    00000560     assemble_sync_burst_raw.obj (.text)
                  0000a360    00000560     tch_fs_encode_bits.obj (.text)
                  0000a8c0    00000520     assemble_dummy_burst_raw.obj (.text)
                  0000ade0    00000500     comm_math.obj (.text)
                  0000b2e0    000004e0     assemble_normal_burst_raw.obj (.text)
                  0000b7c0    000003e0     conv_decoder_rsc_G13G13G23G33G33.obj (.text)
                  0000bba0    000003e0     conv_decoder_rsc_G13G23G33G33.obj (.text)
                  0000bf80    000003e0     map_gmsk.obj (.text)
                  0000c360    000003c0     conv_decoder_rsc_G13G23G33.obj (.text)
                  0000c720    00000380     conv_decoder_rsc_G00G10.obj (.text)
                  0000caa0    00000380     fire_enc.obj (.text)
                  0000ce20    00000380     pmuldiv.obj (.text)
                  0000d1a0    00000380     tch_afs_onset_rem_fec.obj (.text)
                  0000d520    00000340     assemble_access_burst_raw.obj (.text)
                  0000d860    00000340     gmsk_agc.obj (.text)
                  0000dba0    00000320     gmsk_eq16_chan_sounder_sub1_rach_c64x.obj (.text)
                  0000dec0    000002a0     tch_afs_ratscch_add_fec.obj (.text)
                  0000e160    00000280     dbutils.obj (.text)
                  0000e3e0    00000240     ctrl_prach_ext_rem_fec.obj (.text)
                  0000e620    00000240     tch_afs_sid_update_add_fec.obj (.text)
                  0000e860    00000220     ctrl_prach_ext_add_fec.obj (.text)
                  0000ea80    00000200     assemble_freq_burst_raw.obj (.text)
                  0000ec80    00000200     gmsk_eq16_chan_sounder.obj (.text)
                  0000ee80    00000200     gmsk_eq16_mlse_demod.obj (.text)
                  0000f080    00000200     gmsk_normalize.obj (.text)
                  0000f280    000001e0     conv_encoder.obj (.text)
                  0000f460    000001c0     gmsk_eq16_chan_sounder_sub2_c64x.obj (.text)
                  0000f620    000001c0     puncture_general.obj (.text)
                  0000f7e0    000001a0     tch_afs_onset_add_fec.obj (.text)
                  0000f980    000001a0     tch_afs_sid_first_add_fec.obj (.text)
                  0000fb20    00000180     ctrl_decode_bits.obj (.text)
                  0000fca0    00000160     diag_intlv.obj (.text)
                  0000fe00    00000160     gmsk_eq16_snr_calc_subs.obj (.text)
                  0000ff60    00000160     tch_afs_speech10_2_add_fec.obj (.text)
                  000100c0    00000160     tch_afs_speech12_2_add_fec.obj (.text)
                  00010220    00000160     tch_afs_speech4_75_add_fec.obj (.text)
                  00010380    00000160     tch_afs_speech5_15_add_fec.obj (.text)
                  000104e0    00000160     tch_afs_speech5_9_add_fec.obj (.text)
                  00010640    00000160     tch_afs_speech6_7_add_fec.obj (.text)
                  000107a0    00000160     tch_afs_speech7_4_add_fec.obj (.text)
                  00010900    00000160     tch_afs_speech7_95_add_fec.obj (.text)
                  00010a60    00000140     ctrl_encode_bits.obj (.text)
                  00010ba0    00000140     gmsk_eq16_chan_sounder_sub1_c64x.obj (.text)
                  00010ce0    00000120     ctrl_rach_decode_bits.obj (.text)
                  00010e00    00000100     gsm_amr_speech_rearrange_bits.obj (.text)
                  00010f00    000000e0     conv_encoder_rsc.obj (.text)
                  00010fe0    000000e0     ctrl_rach_add_fec.obj (.text)
                  000110c0    000000e0     ctrl_rach_rem_fec.obj (.text)
                  000111a0    000000e0     ctrl_sch_decode_bits.obj (.text)
                  00011280    000000c0     ctrl_rach_encode_bits.obj (.text)
                  00011340    000000c0     gsm_freq_hopping.obj (.text)
                  00011400    000000a0     crc_enc.obj (.text)
                  000114a0    000000a0     ctrl_sch_rem_fec.obj (.text)
                  00011540    000000a0     diag_deintlv.obj (.text)
                  000115e0    000000a0     gmsk_eq16_complex_filter_core_c64x.obj (.text)
                  00011680    000000a0     gmsk_eq16_covar_calc.obj (.text)
                  00011720    000000a0     tch_afs_speech10_2_rem_fec.obj (.text)
                  000117c0    000000a0     tch_afs_speech12_2_rem_fec.obj (.text)
                  00011860    000000a0     tch_afs_speech4_75_rem_fec.obj (.text)
                  00011900    000000a0     tch_afs_speech5_15_rem_fec.obj (.text)
                  000119a0    000000a0     tch_afs_speech5_9_rem_fec.obj (.text)
                  00011a40    000000a0     tch_afs_speech6_7_rem_fec.obj (.text)
                  00011ae0    000000a0     tch_afs_speech7_4_rem_fec.obj (.text)
                  00011b80    000000a0     tch_afs_speech7_95_rem_fec.obj (.text)
                  00011c20    00000080     ctrl_rem_fec.obj (.text)
                  00011ca0    00000080     ctrl_sch_add_fec.obj (.text)
                  00011d20    00000080     gmsk_eq16_complex_filter.obj (.text)
                  00011da0    00000080     gsmfr_dtx_sfd.obj (.text)
                  00011e20    00000080     tch_afs_speech_add_fec.obj (.text)
                  00011ea0    00000060     crc_dec.obj (.text)
                  00011f00    00000060     ctrl_add_fec.obj (.text)
                  00011f60    00000060     gsmefr_dtx_sfd.obj (.text)
                  00011fc0    00000060     tch_afs_sid_update_rem_fec.obj (.text)
                  00012020    00000040     ctrl_sch_encode_bits.obj (.text)
                  00012060    00000040     merge_payload_buffers.obj (.text)
                  000120a0    00000020     rect_deintlv.obj (.text)
                  000120c0    00000020     rect_intlv.obj (.text)

.const:_terminate_out_G46G46G56G66G66 
*          0    000120e0    00000780     
                  000120e0    00000780     rsc_conv_code_tables.obj (.const:_terminate_out_G46G46G56G66G66)

.const:_diag_intlv_index 
*          0    00012860    00000720     
                  00012860    00000720     gsm_intlv_data.obj (.const:_diag_intlv_index)

.const:_terminate_out_G46G56G66G66 
*          0    00012f80    00000600     
                  00012f80    00000600     rsc_conv_code_tables.obj (.const:_terminate_out_G46G56G66G66)

.const:_terminate_out_G44G54G64 
*          0    00013580    00000480     
                  00013580    00000480     rsc_conv_code_tables.obj (.const:_terminate_out_G44G54G64)

.const:_gsm_nml_tsc_filt 
*          0    00013a00    000003a8     
                  00013a00    000003a8     gmsk_equalize16_tabs.obj (.const:_gsm_nml_tsc_filt)

.const:_GSMLIB_dB_to_base2_float_mant 
*          0    00013da8    00000320     
                  00013da8    00000320     dbutils.obj (.const:_GSMLIB_dB_to_base2_float_mant)

.const:_code_out_G46G46G56G66G66 
*          0    000140c8    00000280     
                  000140c8    00000280     rsc_conv_code_tables.obj (.const:_code_out_G46G46G56G66G66)

.const:_GSM_DCS_TCH_EFS_REARRANGE_TABLE 
*          0    00014348    00000208     
                  00014348    00000208     gsm_misc_tables.obj (.const:_GSM_DCS_TCH_EFS_REARRANGE_TABLE)

.const:_GSM_DCS_TCH_FS_REARRANGE_TABLE 
*          0    00014550    00000208     
                  00014550    00000208     gsm_misc_tables.obj (.const:_GSM_DCS_TCH_FS_REARRANGE_TABLE)

.const:_code_out_G46G56G66G66 
*          0    00014758    00000200     
                  00014758    00000200     rsc_conv_code_tables.obj (.const:_code_out_G46G56G66G66)

.const:_GSM_DCS_TCH_AFS_SPEECH12_2_REARRANGE_TABLE 
*          0    00014958    000001e8     
                  00014958    000001e8     gsm_misc_tables_amr.obj (.const:_GSM_DCS_TCH_AFS_SPEECH12_2_REARRANGE_TABLE)

.const:_diag_intlv_half_index 
*          0    00014b40    000001c8     
                  00014b40    000001c8     gsm_intlv_data.obj (.const:_diag_intlv_half_index)

.const:_GSM_DCS_TCH_AFS_SPEECH10_2_REARRANGE_TABLE 
*          0    00014d08    00000198     
                  00014d08    00000198     gsm_misc_tables_amr.obj (.const:_GSM_DCS_TCH_AFS_SPEECH10_2_REARRANGE_TABLE)

.const:_GSMLIB_dB_to_base2_float_exp 
*          0    00014ea0    00000190     
                  00014ea0    00000190     dbutils.obj (.const:_GSMLIB_dB_to_base2_float_exp)

.const:_GSM_DCS_TCH_AFS_SPEECH10_2_PUNCTURE 
*          0    00015030    00000184     
                  00015030    00000184     gsm_misc_tables_amr.obj (.const:_GSM_DCS_TCH_AFS_SPEECH10_2_PUNCTURE)

.const:_code_out_G44G54G64 
*          0    000151b8    00000180     
                  000151b8    00000180     rsc_conv_code_tables.obj (.const:_code_out_G44G54G64)

.const:_terminate_out_G13G13G23G33G33 
*          0    00015338    00000140     
                  00015338    00000140     rsc_conv_code_tables.obj (.const:_terminate_out_G13G13G23G33G33)

.const:_GSM_DCS_TCH_AFS_SPEECH7_95_REARRANGE_TABLE 
*          0    00015478    0000013e     
                  00015478    0000013e     gsm_misc_tables_amr.obj (.const:_GSM_DCS_TCH_AFS_SPEECH7_95_REARRANGE_TABLE)

.const:_GSM_DCS_TCH_AFS_SPEECH7_4_REARRANGE_TABLE 
*          0    000155b8    00000128     
                  000155b8    00000128     gsm_misc_tables_amr.obj (.const:_GSM_DCS_TCH_AFS_SPEECH7_4_REARRANGE_TABLE)

.const:_GSM_DCS_TCH_AFS_SPEECH6_7_REARRANGE_TABLE 
*          0    000156e0    0000010c     
                  000156e0    0000010c     gsm_misc_tables_amr.obj (.const:_GSM_DCS_TCH_AFS_SPEECH6_7_REARRANGE_TABLE)

.const:_GSM_DCS_TCH_AFS_SPEECH6_7_PUNCTURE 
*          0    000157f0    00000100     
                  000157f0    00000100     gsm_misc_tables_amr.obj (.const:_GSM_DCS_TCH_AFS_SPEECH6_7_PUNCTURE)

.const:_gsm_sch_tsc_filt 
*          0    000158f0    00000100     
                  000158f0    00000100     gmsk_equalize16_tabs.obj (.const:_gsm_sch_tsc_filt)

.const:_terminate_out_G13G23G33G33 
*          0    000159f0    00000100     
                  000159f0    00000100     rsc_conv_code_tables.obj (.const:_terminate_out_G13G23G33G33)

.const:_GSM_DCS_TCH_AFS_SPEECH5_9_REARRANGE_TABLE 
*          0    00015af0    000000ec     
                  00015af0    000000ec     gsm_misc_tables_amr.obj (.const:_GSM_DCS_TCH_AFS_SPEECH5_9_REARRANGE_TABLE)

.const:_GSM_DCS_TCH_AFS_SPEECH5_15_PUNCTURE 
*          0    00015be0    000000ea     
                  00015be0    000000ea     gsm_misc_tables_amr.obj (.const:_GSM_DCS_TCH_AFS_SPEECH5_15_PUNCTURE)

.const:_tsc_gmsk 
*          0    00015cd0    000000d0     
                  00015cd0    000000d0     burst_assemble_data.obj (.const:_tsc_gmsk)

.const:_GSM_DCS_TCH_AFS_SPEECH5_15_REARRANGE_TABLE 
*          0    00015da0    000000ce     
                  00015da0    000000ce     gsm_misc_tables_amr.obj (.const:_GSM_DCS_TCH_AFS_SPEECH5_15_REARRANGE_TABLE)

.const:_terminate_out_G13G23G33 
*          0    00015e70    000000c0     
                  00015e70    000000c0     rsc_conv_code_tables.obj (.const:_terminate_out_G13G23G33)

.const:_DCS_GSMEFR_DTX_bit_index 
*          0    00015f30    000000be     
                  00015f30    000000be     gsmefr_dtx_sfd.obj (.const:_DCS_GSMEFR_DTX_bit_index)

.const:_GSM_DCS_TCH_AFS_SPEECH4_75_REARRANGE_TABLE 
*          0    00015ff0    000000be     
                  00015ff0    000000be     gsm_misc_tables_amr.obj (.const:_GSM_DCS_TCH_AFS_SPEECH4_75_REARRANGE_TABLE)

.const:_GSM_DCS_TCH_AFS_SPEECH4_75_PUNCTURE 
*          0    000160b0    000000ae     
                  000160b0    000000ae     gsm_misc_tables_amr.obj (.const:_GSM_DCS_TCH_AFS_SPEECH4_75_PUNCTURE)

.const:_gsm_rach_tsc_filt 
*          0    00016160    000000a4     
                  00016160    000000a4     gmsk_equalize16_tabs.obj (.const:_gsm_rach_tsc_filt)

.const:_db_to_gain_q5 
*          0    00016208    000000a2     
                  00016208    000000a2     gmsk_agc.obj (.const:_db_to_gain_q5)

.const:_db_to_loss_q13 
*          0    000162b0    000000a2     
                  000162b0    000000a2     gmsk_agc.obj (.const:_db_to_loss_q13)

.const:_code_out_G13G13G23G33G33 
*          0    00016358    000000a0     
                  00016358    000000a0     rsc_conv_code_tables.obj (.const:_code_out_G13G13G23G33G33)

.cinit     0    000163f8    0000009c     
                  000163f8    0000000c     ctrl_decode_bits.obj (.cinit)
                  00016404    00000004     --HOLE-- [fill = 0]
                  00016408    0000000c     ctrl_encode_bits.obj (.cinit)
                  00016414    00000004     --HOLE-- [fill = 0]
                  00016418    0000000c     ctrl_rach_decode_bits.obj (.cinit)
                  00016424    00000004     --HOLE-- [fill = 0]
                  00016428    0000000c     ctrl_rach_encode_bits.obj (.cinit)
                  00016434    00000004     --HOLE-- [fill = 0]
                  00016438    0000000c     ctrl_sch_decode_bits.obj (.cinit)
                  00016444    00000004     --HOLE-- [fill = 0]
                  00016448    0000000c     ctrl_sch_encode_bits.obj (.cinit)
                  00016454    00000004     --HOLE-- [fill = 0]
                  00016458    0000000c     tch_afs_decode_bits.obj (.cinit)
                  00016464    00000004     --HOLE-- [fill = 0]
                  00016468    0000000c     tch_afs_encode_bits.obj (.cinit)
                  00016474    00000004     --HOLE-- [fill = 0]
                  00016478    0000000c     tch_fs_decode_bits.obj (.cinit)
                  00016484    00000004     --HOLE-- [fill = 0]
                  00016488    0000000c     tch_fs_encode_bits.obj (.cinit)

.const:_dummy_burst_data 
*          0    00016498    00000094     
                  00016498    00000094     burst_assemble_data.obj (.const:_dummy_burst_data)

.const:_fcch_bits 
*          0    00016530    00000094     
                  00016530    00000094     burst_assemble_data.obj (.const:_fcch_bits)

.const:_GSM_DCS_TCH_AFS_SPEECH5_9_PUNCTURE 
*          0    000165c8    00000090     
                  000165c8    00000090     gsm_misc_tables_amr.obj (.const:_GSM_DCS_TCH_AFS_SPEECH5_9_PUNCTURE)

.const:_GSM_DCS_TCH_AFS_SPEECH7_95_PUNCTURE 
*          0    00016658    00000082     
                  00016658    00000082     gsm_misc_tables_amr.obj (.const:_GSM_DCS_TCH_AFS_SPEECH7_95_PUNCTURE)

.const:_GSM_DCS_TCH_EFS_45003_S3_1_1_1 
*          0    000166e0    00000082     
                  000166e0    00000082     gsm_misc_tables.obj (.const:_GSM_DCS_TCH_EFS_45003_S3_1_1_1)

.const:_Sn_G44G54G64 
*          0    00016768    00000080     
                  00016768    00000080     rsc_conv_code_tables.obj (.const:_Sn_G44G54G64)

.const:_Sn_G46G46G56G66G66 
*          0    000167e8    00000080     
                  000167e8    00000080     rsc_conv_code_tables.obj (.const:_Sn_G46G46G56G66G66)

.const:_Sn_G46G56G66G66 
*          0    00016868    00000080     
                  00016868    00000080     rsc_conv_code_tables.obj (.const:_Sn_G46G56G66G66)

.const:_code_out_G13G23G33G33 
*          0    000168e8    00000080     
                  000168e8    00000080     rsc_conv_code_tables.obj (.const:_code_out_G13G23G33G33)

.const:_demodstates 
*          0    00016968    00000080     
                  00016968    00000080     gmsk_equalize16_tabs.obj (.const:_demodstates)

.const:_terminate_out_G00G10 
*          0    000169e8    00000080     
                  000169e8    00000080     rsc_conv_code_tables.obj (.const:_terminate_out_G00G10)

.const:_GSM_DCS_TCH_AFS_SPEECH12_2_PUNCTURE 
*          0    00016a68    00000078     
                  00016a68    00000078     gsm_misc_tables_amr.obj (.const:_GSM_DCS_TCH_AFS_SPEECH12_2_PUNCTURE)

.const:_GSM_DCS_freqhopping_rand_table 
*          0    00016ae0    00000072     
                  00016ae0    00000072     gsm_freq_hopping.obj (.const:_GSM_DCS_freqhopping_rand_table)

.const:_GSMLIB_DCS_inv_sqrt_tbl 
*          0    00016b58    00000062     
                  00016b58    00000062     comm_math.obj (.const:_GSMLIB_DCS_inv_sqrt_tbl)

.const:_code_out_G13G23G33 
*          0    00016bc0    00000060     
                  00016bc0    00000060     rsc_conv_code_tables.obj (.const:_code_out_G13G23G33)

.switch    0    00016c20    00000048     
                  00016c20    0000002c     tch_afs_decode_bits.obj (.switch)
                  00016c4c    0000001c     tch_afs_speech_add_fec.obj (.switch)

.const:_GSMLIB_DCS_logtab 
*          0    00016c68    00000042     
                  00016c68    00000042     dbutils.obj (.const:_GSMLIB_DCS_logtab)

.const:_GSM_DCS_freqhopping_mod2powerNBIN_tablemask 
*          0    00016cb0    00000041     
                  00016cb0    00000041     gsm_freq_hopping.obj (.const:_GSM_DCS_freqhopping_mod2powerNBIN_tablemask)

.const:_GSM_DCS_TCH_AFS_CODED_DATA_SID 
*          0    00016cf8    00000040     
                  00016cf8    00000040     gsm_misc_tables_amr.obj (.const:_GSM_DCS_TCH_AFS_CODED_DATA_SID)

.const:_code_out_G00G10 
*          0    00016d38    00000040     
                  00016d38    00000040     rsc_conv_code_tables.obj (.const:_code_out_G00G10)

.const:_ext_tsc_gmsk 
*          0    00016d78    00000040     
                  00016d78    00000040     burst_assemble_data.obj (.const:_ext_tsc_gmsk)

.const:_ext_tsc_gmsk_COMPACT 
*          0    00016db8    00000040     
                  00016db8    00000040     burst_assemble_data.obj (.const:_ext_tsc_gmsk_COMPACT)

.const:_ext_tsc_gmsk_CTS 
*          0    00016df8    00000040     
                  00016df8    00000040     burst_assemble_data.obj (.const:_ext_tsc_gmsk_CTS)

.const:_DCS_ft2b 
*          0    00016e38    0000003c     
                  00016e38    0000003c     ctrl_fcch_rcv.obj (.const:_DCS_ft2b)

.const:_GMSKEQ_norm_table_q10 
*          0    00016e78    00000036     
                  00016e78    00000036     gmsk_normalize.obj (.const:_GMSKEQ_norm_table_q10)

.const:_GSM_DCS_TCH_AFS_SPEECH7_4_PUNCTURE 
*          0    00016eb0    00000034     
                  00016eb0    00000034     gsm_misc_tables_amr.obj (.const:_GSM_DCS_TCH_AFS_SPEECH7_4_PUNCTURE)

.const:_csd_combov_block_phase_uplink 
*          0    00016ee8    00000033     
                  00016ee8    00000033     gsm_misc_tables.obj (.const:_csd_combov_block_phase_uplink)

.const:_csd_ctrl_block_list 
*          0    00016f20    00000033     
                  00016f20    00000033     gsm_misc_tables.obj (.const:_csd_ctrl_block_list)

.const:_csd_ctrl_block_phase 
*          0    00016f58    00000033     
                  00016f58    00000033     gsm_misc_tables.obj (.const:_csd_ctrl_block_phase)

.const:_$P$T0$1 
*          0    00016f90    00000030     
                  00016f90    0000000a     generic_conv_decoder.obj (.const:_$P$T0$1)
                  00016f9a    00000006     --HOLE-- [fill = 0]
                  00016fa0    0000000a     tch_afs_decode_bits.obj (.const:_$P$T0$1)
                  00016faa    00000006     --HOLE-- [fill = 0]
                  00016fb0    00000008     ctrl_encode_bits.obj (.const:_$P$T0$1)
                  00016fb8    00000008     tch_afs_decode_inband_data.obj (.const:_$P$T0$1)

.const:_access_ts_gmsk 
*          0    00016fc0    00000029     
                  00016fc0    00000029     burst_assemble_data.obj (.const:_access_ts_gmsk)

.const:_access_ts_gmsk_1 
*          0    00016ff0    00000029     
                  00016ff0    00000029     burst_assemble_data.obj (.const:_access_ts_gmsk_1)

.const:_access_ts_gmsk_2 
*          0    00017020    00000029     
                  00017020    00000029     burst_assemble_data.obj (.const:_access_ts_gmsk_2)

.const:_GSM_DCS_TCH_AFS_SID_IM_VECTOR 
*          0    00017050    00000024     
                  00017050    00000024     gsm_misc_tables_amr.obj (.const:_GSM_DCS_TCH_AFS_SID_IM_VECTOR)

.far       0    00017074    00000028     UNINITIALIZED
                  00017074    00000004     ctrl_decode_bits.obj (.far)
                  00017078    00000004     ctrl_encode_bits.obj (.far)
                  0001707c    00000004     ctrl_rach_decode_bits.obj (.far)
                  00017080    00000004     ctrl_rach_encode_bits.obj (.far)
                  00017084    00000004     ctrl_sch_decode_bits.obj (.far)
                  00017088    00000004     ctrl_sch_encode_bits.obj (.far)
                  0001708c    00000004     tch_afs_decode_bits.obj (.far)
                  00017090    00000004     tch_afs_encode_bits.obj (.far)
                  00017094    00000004     tch_fs_decode_bits.obj (.far)
                  00017098    00000004     tch_fs_encode_bits.obj (.far)

.const:_GMSK_DEMOD_bit_mask 
*          0    000170a0    00000020     
                  000170a0    00000020     gmsk_equalize16_tabs.obj (.const:_GMSK_DEMOD_bit_mask)

.const:_GSM_DCS_TCH_AFS_CODED_DATA_SPEECH 
*          0    000170c0    00000020     
                  000170c0    00000020     gsm_misc_tables_amr.obj (.const:_GSM_DCS_TCH_AFS_CODED_DATA_SPEECH)

.const:_Sn_G00G10 
*          0    000170e0    00000020     
                  000170e0    00000020     rsc_conv_code_tables.obj (.const:_Sn_G00G10)

.const:_Sn_G13G13G23G33G33 
*          0    00017100    00000020     
                  00017100    00000020     rsc_conv_code_tables.obj (.const:_Sn_G13G13G23G33G33)

.const:_Sn_G13G23G33 
*          0    00017120    00000020     
                  00017120    00000020     rsc_conv_code_tables.obj (.const:_Sn_G13G23G33)

.const:_Sn_G13G23G33G33 
*          0    00017140    00000020     
                  00017140    00000020     rsc_conv_code_tables.obj (.const:_Sn_G13G23G33G33)

.const:_GSM_DCS_AFS_BLOCK_PHASE 
*          0    00017160    0000001a     
                  00017160    0000001a     gsm_misc_tables_amr.obj (.const:_GSM_DCS_AFS_BLOCK_PHASE)

.const:_GSM_DCS_TCH_BLOCK_PHASE 
*          0    00017180    0000001a     
                  00017180    0000001a     gsm_misc_tables.obj (.const:_GSM_DCS_TCH_BLOCK_PHASE)

.const:_GSM_DCCH_L2_FILL_BLOCK 
*          0    000171a0    00000017     
                  000171a0    00000017     gsm_misc_tables.obj (.const:_GSM_DCCH_L2_FILL_BLOCK)

.const:_state_init_normal 
*          0    000171b8    00000012     
                  000171b8    00000012     gmsk_equalize16_tabs.obj (.const:_state_init_normal)

.const:_$P$T4$5 
*          0    000171d0    00000010     
                  000171d0    00000010     tch_afs_decode_inband_data.obj (.const:_$P$T4$5)

.const:_GSM_DCS_timeslot_nsyms 
*          0    000171e0    00000010     
                  000171e0    00000010     gsm_misc_tables.obj (.const:_GSM_DCS_timeslot_nsyms)

.const:_sacch_phase 
*          0    000171f0    00000010     
                  000171f0    00000010     gsm_misc_tables.obj (.const:_sacch_phase)

.const:_atan2_table 
*          0    00017200    0000000c     
                  00017200    0000000c     ctrl_fcch_rcv.obj (.const:_atan2_table)

.const:_GSM_DCS_TCH_AFS_RATSCCH_IM_VECTOR 
*          0    00017210    0000000b     
                  00017210    0000000b     gsm_misc_tables_amr.obj (.const:_GSM_DCS_TCH_AFS_RATSCCH_IM_VECTOR)

.const:_gen_matrix_ctrl 
*          0    00017220    0000000a     
                  00017220    0000000a     gsm_misc_tables.obj (.const:_gen_matrix_ctrl)

.const:_$P$T1$2 
*          0    00017230    00000008     
                  00017230    00000008     tch_afs_decode_inband_data.obj (.const:_$P$T1$2)

.const:_$P$T2$3 
*          0    00017238    00000008     
                  00017238    00000008     tch_afs_decode_inband_data.obj (.const:_$P$T2$3)

.const:_$P$T3$4 
*          0    00017240    00000008     
                  00017240    00000008     tch_afs_decode_inband_data.obj (.const:_$P$T3$4)

.const:_$P$T5$6 
*          0    00017248    00000008     
                  00017248    00000008     tch_afs_decode_inband_data.obj (.const:_$P$T5$6)

.const:_$P$T6$7 
*          0    00017250    00000008     
                  00017250    00000008     tch_afs_decode_inband_data.obj (.const:_$P$T6$7)

.const:_dummy_burst_tsc_mapping_A213 
*          0    00017258    00000008     
                  00017258    00000008     burst_assemble_data.obj (.const:_dummy_burst_tsc_mapping_A213)

.const:_extended_tail 
*          0    00017260    00000008     
                  00017260    00000008     burst_assemble_data.obj (.const:_extended_tail)

.const:_guard_bits 
*          0    00017268    00000008     
                  00017268    00000008     burst_assemble_data.obj (.const:_guard_bits)

.const:_tail_bits 
*          0    00017270    00000003     
                  00017270    00000003     burst_assemble_data.obj (.const:_tail_bits)

.const:_state_init_rach 
*          0    00017278    00000002     
                  00017278    00000002     gmsk_equalize16_tabs.obj (.const:_state_init_rach)

.const:_state_init_sync 
*          0    00017280    00000002     
                  00017280    00000002     gmsk_equalize16_tabs.obj (.const:_state_init_sync)


GLOBAL SYMBOLS: SORTED ALPHABETICALLY BY Name 

address    name
--------   ----
00000008   $bss
0000c720   _DCS_GSM_rsc_calculate_path_metrics_G00G10
0000b7c0   _DCS_GSM_rsc_calculate_path_metrics_G13G13G23G33G33
0000c360   _DCS_GSM_rsc_calculate_path_metrics_G13G23G33
0000bba0   _DCS_GSM_rsc_calculate_path_metrics_G13G23G33G33
000079c0   _DCS_GSM_rsc_calculate_path_metrics_G44G54G64
000065c0   _DCS_GSM_rsc_calculate_path_metrics_G46G46G56G66G66
00006fe0   _DCS_GSM_rsc_calculate_path_metrics_G46G56G66G66
0000c9e8   _DCS_GSM_rsc_traceback_G00G10
0000bae0   _DCS_GSM_rsc_traceback_G13G13G23G33G33
0000c654   _DCS_GSM_rsc_traceback_G13G23G33
0000beac   _DCS_GSM_rsc_traceback_G13G23G33G33
00008280   _DCS_GSM_rsc_traceback_G44G54G64
00006ef4   _DCS_GSM_rsc_traceback_G46G46G56G66G66
000078d0   _DCS_GSM_rsc_traceback_G46G56G66G66
000056a8   _DCS_GSM_viterbi_decoder_generic
00005a84   _DCS_GSM_viterbi_decoder_generic_scratchsize
00005a18   _DCS_GSM_viterbi_decoder_r2_K5
0000ca6c   _DCS_GSM_viterbi_decoder_rsc_G00G10
0000bb64   _DCS_GSM_viterbi_decoder_rsc_G13G13G23G33G33
0000c6dc   _DCS_GSM_viterbi_decoder_rsc_G13G23G33
0000bf34   _DCS_GSM_viterbi_decoder_rsc_G13G23G33G33
0000830c   _DCS_GSM_viterbi_decoder_rsc_G44G54G64
00006f8c   _DCS_GSM_viterbi_decoder_rsc_G46G46G56G66G66
00007968   _DCS_GSM_viterbi_decoder_rsc_G46G56G66G66
00016e38   _DCS_ft2b
0000d860   _GMSKEQ_burst_agc
00005ae0   _GMSKEQ_equalize
00005ac0   _GMSKEQ_get_scratch_size_maus
00016e78   _GMSKEQ_norm_table_q10
0000f080   _GMSKEQ_normalize
000170a0   _GMSK_DEMOD_bit_mask
00011f60   _GSMEFR_DCS_sid_frame_detection
00011da0   _GSMFR_DCS_sid_frame_detection
0000b2b0   _GSMLIB_DCS_cabs_sq
0000b28c   _GSMLIB_DCS_cabs_sq_16
0000b210   _GSMLIB_DCS_div_16
0000b0e0   _GSMLIB_DCS_inv32i
0000afa0   _GSMLIB_DCS_inv32iv2
00016b58   _GSMLIB_DCS_inv_sqrt_tbl
0000af40   _GSMLIB_DCS_right_shift_32
0000ae64   _GSMLIB_DCS_sqrt_inv32i
0000ae18   _GSMLIB_DCS_sub_32
0000ae04   _GSMLIB_DCS_zeroize
0000e368   _GSMLIB_UINT40_to_UINT31
0000e2ec   _GSMLIB_UINT63_to_UINT31
00014ea0   _GSMLIB_dB_to_base2_float_exp
00013da8   _GSMLIB_dB_to_base2_float_mant
0000e288   _GSMLIB_power_to_measdB
0000e1f0   _GSMLIB_scale_power_by_dB
00000008   _GSM_CCCH_L2_FILL_BLOCK
000171a0   _GSM_DCCH_L2_FILL_BLOCK
00017160   _GSM_DCS_AFS_BLOCK_PHASE
00016cf8   _GSM_DCS_TCH_AFS_CODED_DATA_SID
000170c0   _GSM_DCS_TCH_AFS_CODED_DATA_SPEECH
00017210   _GSM_DCS_TCH_AFS_RATSCCH_IM_VECTOR
00017050   _GSM_DCS_TCH_AFS_SID_IM_VECTOR
00015030   _GSM_DCS_TCH_AFS_SPEECH10_2_PUNCTURE
00014d08   _GSM_DCS_TCH_AFS_SPEECH10_2_REARRANGE_TABLE
00016a68   _GSM_DCS_TCH_AFS_SPEECH12_2_PUNCTURE
00014958   _GSM_DCS_TCH_AFS_SPEECH12_2_REARRANGE_TABLE
000160b0   _GSM_DCS_TCH_AFS_SPEECH4_75_PUNCTURE
00015ff0   _GSM_DCS_TCH_AFS_SPEECH4_75_REARRANGE_TABLE
00015be0   _GSM_DCS_TCH_AFS_SPEECH5_15_PUNCTURE
00015da0   _GSM_DCS_TCH_AFS_SPEECH5_15_REARRANGE_TABLE
000165c8   _GSM_DCS_TCH_AFS_SPEECH5_9_PUNCTURE
00015af0   _GSM_DCS_TCH_AFS_SPEECH5_9_REARRANGE_TABLE
000157f0   _GSM_DCS_TCH_AFS_SPEECH6_7_PUNCTURE
000156e0   _GSM_DCS_TCH_AFS_SPEECH6_7_REARRANGE_TABLE
00016eb0   _GSM_DCS_TCH_AFS_SPEECH7_4_PUNCTURE
000155b8   _GSM_DCS_TCH_AFS_SPEECH7_4_REARRANGE_TABLE
00016658   _GSM_DCS_TCH_AFS_SPEECH7_95_PUNCTURE
00015478   _GSM_DCS_TCH_AFS_SPEECH7_95_REARRANGE_TABLE
00017180   _GSM_DCS_TCH_BLOCK_PHASE
000166e0   _GSM_DCS_TCH_EFS_45003_S3_1_1_1
00014348   _GSM_DCS_TCH_EFS_REARRANGE_TABLE
00014550   _GSM_DCS_TCH_FS_REARRANGE_TABLE
0000d520   _GSM_DCS_assemble_access_burst_rawbits
0000a8c0   _GSM_DCS_assemble_dummy_burst_rawbits
0000ea80   _GSM_DCS_assemble_freq_burst_rawbits
0000b2e0   _GSM_DCS_assemble_normal_burst_rawbits
00009e00   _GSM_DCS_assemble_sync_burst_rawbits
00011d60   _GSM_DCS_complex_filter
000013a0   _GSM_DCS_est_fcch_freq_offset
00011340   _GSM_DCS_freq_hop_seq_gen
0000fc34   _GSM_DCS_init_ctrl_logchanrx_class_object
00010b70   _GSM_DCS_init_ctrl_logchantx_class_object
00010d94   _GSM_DCS_init_ctrl_rach_logchanrx_class_object
00011310   _GSM_DCS_init_ctrl_rach_logchantx_class_object
00011214   _GSM_DCS_init_ctrl_sch_logchanrx_class_object
00012034   _GSM_DCS_init_ctrl_sch_logchantx_class_object
00002764   _GSM_DCS_init_tch_afs_logchanrx_class_object
00009d94   _GSM_DCS_init_tch_afs_logchantx_class_object
000089d8   _GSM_DCS_init_tch_fs_logchanrx_class_object
0000a854   _GSM_DCS_init_tch_fs_logchantx_class_object
0000bf80   _GSM_DCS_map_gmsk
0000c328   _GSM_DCS_map_gmsk_burst
0000e160   _GSM_DCS_power_to_db
0000f3c0   _GSM_DCS_r2k5_conv_encoder
00002750   _GSM_DCS_set_tch_afs_logchanrx_acs
00009d84   _GSM_DCS_set_tch_afs_logchantx_acs
000171e0   _GSM_DCS_timeslot_nsyms
00000970   _GSM_fcch_detect_freq_est_sync
00000180   _GSM_fcch_detect_freq_est_sync2c
000000cc   _GSM_fcch_detect_freq_est_sync_init
0000002c   _GSM_fcch_detect_freq_est_sync_reset
00000020   _GSM_fcch_get_scratch_size_maus
000170e0   _Sn_G00G10
00017100   _Sn_G13G13G23G33G33
00017120   _Sn_G13G23G33
00017140   _Sn_G13G23G33G33
00016768   _Sn_G44G54G64
000167e8   _Sn_G46G46G56G66G66
00016868   _Sn_G46G56G66G66
UNDEFED __divi
UNDEFED __divu
UNDEFED __llshru
UNDEFED __remi
UNDEFED __remu
00016fc0   _access_ts_gmsk
00016ff0   _access_ts_gmsk_1
00017020   _access_ts_gmsk_2
0000ec80   _chan_sounder
00010ba0   _chan_sounder_sub1
0000dba0   _chan_sounder_sub1_rach
0000f460   _chan_sounder_sub2
00016d38   _code_out_G00G10
00016358   _code_out_G13G13G23G33G33
00016bc0   _code_out_G13G23G33
000168e8   _code_out_G13G23G33G33
000151b8   _code_out_G44G54G64
000140c8   _code_out_G46G46G56G66G66
00014758   _code_out_G46G56G66G66
000115e0   _complexfilt_core
00011d20   _compute_mlse_scale
0000f280   _conv_encoder
00010f00   _conv_encoder_rsc
00011680   _covar_calc
00011ea0   _crc_dec
00011400   _crc_enc
00016ee8   _csd_combov_block_phase_uplink
00016f20   _csd_ctrl_block_list
00016f58   _csd_ctrl_block_phase
00011f00   _ctrl_add_fec
0000e860   _ctrl_prach_ext_add_fec
0000e3e0   _ctrl_prach_ext_rem_fec
00010fe0   _ctrl_rach_add_fec
000110c0   _ctrl_rach_rem_fec
00011c20   _ctrl_rem_fec
00011ca0   _ctrl_sch_add_fec
000114a0   _ctrl_sch_rem_fec
00016968   _demodstates
0000f6c8   _depuncture
00004df4   _detect_RATSCCH
00004280   _detect_SID_UPDATE_or_FIRST
00011540   _diag_deintlv
0000fca0   _diag_intlv
00014b40   _diag_intlv_half_index
00012860   _diag_intlv_index
00016498   _dummy_burst_data
00017258   _dummy_burst_tsc_mapping_A213
00016d78   _ext_tsc_gmsk
00016db8   _ext_tsc_gmsk_COMPACT
00016df8   _ext_tsc_gmsk_CTS
00017260   _extended_tail
00001b64   _extract_RATSCCH_coded_bits
00001aa8   _extract_SID_UPDATE_coded_bits
00016530   _fcch_bits
000091c0   _fire_dec
0000caa0   _fire_enc
00017220   _gen_matrix_ctrl
00010e84   _gsm_amr_speech_put_back_bits
00010e00   _gsm_amr_speech_rearrange_bits
00013a00   _gsm_nml_tsc_filt
00016160   _gsm_rach_tsc_filt
000158f0   _gsm_sch_tsc_filt
00017268   _guard_bits
UNDEFED _memcpy
UNDEFED _memmove
UNDEFED _memset
00012078   _merge_fs_payload_buffers
00012060   _merge_hs_payload_buffers
0000ee80   _mlse_demod
00008aa0   _mlse_demod_sub1
00002eb0   _mlse_demod_sub2_forward
00002800   _mlse_demod_sub2_reverse
0000ce20   _pmuldiv
0000f620   _puncture
000120a0   _rect_deintlv
000120c0   _rect_intlv
000171f0   _sacch_phase
0000ade0   _saturate
0000ff14   _snr_calc_sub1
0000fe80   _snr_calc_sub2
0000fe00   _snr_calc_sub3
000171b8   _state_init_normal
00017278   _state_init_rach
00017280   _state_init_sync
00017270   _tail_bits
000040c4   _tch_afs_decode_inband_data_ONSET
00003e34   _tch_afs_decode_inband_data_RATSCCH
000038c8   _tch_afs_decode_inband_data_SID
00003678   _tch_afs_decode_inband_data_SID_FIRST
00003560   _tch_afs_decode_inband_data_SPEECH
00001a84   _tch_afs_get_sid_update_id_rif_downlink_receive
00001a64   _tch_afs_get_sid_update_id_rif_uplink_receive
00001a44   _tch_afs_get_tch_id_rif_downlink_receive
00001a20   _tch_afs_get_tch_id_rif_uplink_receive
0000f7e0   _tch_afs_onset_add_fec
0000d1a0   _tch_afs_onset_rem_fec
0000dec0   _tch_afs_ratscch_add_fec
0000f980   _tch_afs_sid_first_add_fec
0000e620   _tch_afs_sid_update_add_fec
00011fc0   _tch_afs_sid_update_rem_fec
0000ff60   _tch_afs_speech10_2_add_fec
00011720   _tch_afs_speech10_2_rem_fec
000100c0   _tch_afs_speech12_2_add_fec
000117c0   _tch_afs_speech12_2_rem_fec
00010220   _tch_afs_speech4_75_add_fec
00011860   _tch_afs_speech4_75_rem_fec
00010380   _tch_afs_speech5_15_add_fec
00011900   _tch_afs_speech5_15_rem_fec
000104e0   _tch_afs_speech5_9_add_fec
000119a0   _tch_afs_speech5_9_rem_fec
00010640   _tch_afs_speech6_7_add_fec
00011a40   _tch_afs_speech6_7_rem_fec
000107a0   _tch_afs_speech7_4_add_fec
00011ae0   _tch_afs_speech7_4_rem_fec
00010900   _tch_afs_speech7_95_add_fec
00011b80   _tch_afs_speech7_95_rem_fec
00011e20   _tch_afs_speech_add_fec
000169e8   _terminate_out_G00G10
00015338   _terminate_out_G13G13G23G33G33
00015e70   _terminate_out_G13G23G33
000159f0   _terminate_out_G13G23G33G33
00013580   _terminate_out_G44G54G64
000120e0   _terminate_out_G46G46G56G66G66
00012f80   _terminate_out_G46G56G66G66
00015cd0   _tsc_gmsk


GLOBAL SYMBOLS: SORTED BY Symbol Address 

address    name
--------   ----
00000008   $bss
00000008   _GSM_CCCH_L2_FILL_BLOCK
00000020   _GSM_fcch_get_scratch_size_maus
0000002c   _GSM_fcch_detect_freq_est_sync_reset
000000cc   _GSM_fcch_detect_freq_est_sync_init
00000180   _GSM_fcch_detect_freq_est_sync2c
00000970   _GSM_fcch_detect_freq_est_sync
000013a0   _GSM_DCS_est_fcch_freq_offset
00001a20   _tch_afs_get_tch_id_rif_uplink_receive
00001a44   _tch_afs_get_tch_id_rif_downlink_receive
00001a64   _tch_afs_get_sid_update_id_rif_uplink_receive
00001a84   _tch_afs_get_sid_update_id_rif_downlink_receive
00001aa8   _extract_SID_UPDATE_coded_bits
00001b64   _extract_RATSCCH_coded_bits
00002750   _GSM_DCS_set_tch_afs_logchanrx_acs
00002764   _GSM_DCS_init_tch_afs_logchanrx_class_object
00002800   _mlse_demod_sub2_reverse
00002eb0   _mlse_demod_sub2_forward
00003560   _tch_afs_decode_inband_data_SPEECH
00003678   _tch_afs_decode_inband_data_SID_FIRST
000038c8   _tch_afs_decode_inband_data_SID
00003e34   _tch_afs_decode_inband_data_RATSCCH
000040c4   _tch_afs_decode_inband_data_ONSET
00004280   _detect_SID_UPDATE_or_FIRST
00004df4   _detect_RATSCCH
000056a8   _DCS_GSM_viterbi_decoder_generic
00005a18   _DCS_GSM_viterbi_decoder_r2_K5
00005a84   _DCS_GSM_viterbi_decoder_generic_scratchsize
00005ac0   _GMSKEQ_get_scratch_size_maus
00005ae0   _GMSKEQ_equalize
000065c0   _DCS_GSM_rsc_calculate_path_metrics_G46G46G56G66G66
00006ef4   _DCS_GSM_rsc_traceback_G46G46G56G66G66
00006f8c   _DCS_GSM_viterbi_decoder_rsc_G46G46G56G66G66
00006fe0   _DCS_GSM_rsc_calculate_path_metrics_G46G56G66G66
000078d0   _DCS_GSM_rsc_traceback_G46G56G66G66
00007968   _DCS_GSM_viterbi_decoder_rsc_G46G56G66G66
000079c0   _DCS_GSM_rsc_calculate_path_metrics_G44G54G64
00008280   _DCS_GSM_rsc_traceback_G44G54G64
0000830c   _DCS_GSM_viterbi_decoder_rsc_G44G54G64
000089d8   _GSM_DCS_init_tch_fs_logchanrx_class_object
00008aa0   _mlse_demod_sub1
000091c0   _fire_dec
00009d84   _GSM_DCS_set_tch_afs_logchantx_acs
00009d94   _GSM_DCS_init_tch_afs_logchantx_class_object
00009e00   _GSM_DCS_assemble_sync_burst_rawbits
0000a854   _GSM_DCS_init_tch_fs_logchantx_class_object
0000a8c0   _GSM_DCS_assemble_dummy_burst_rawbits
0000ade0   _saturate
0000ae04   _GSMLIB_DCS_zeroize
0000ae18   _GSMLIB_DCS_sub_32
0000ae64   _GSMLIB_DCS_sqrt_inv32i
0000af40   _GSMLIB_DCS_right_shift_32
0000afa0   _GSMLIB_DCS_inv32iv2
0000b0e0   _GSMLIB_DCS_inv32i
0000b210   _GSMLIB_DCS_div_16
0000b28c   _GSMLIB_DCS_cabs_sq_16
0000b2b0   _GSMLIB_DCS_cabs_sq
0000b2e0   _GSM_DCS_assemble_normal_burst_rawbits
0000b7c0   _DCS_GSM_rsc_calculate_path_metrics_G13G13G23G33G33
0000bae0   _DCS_GSM_rsc_traceback_G13G13G23G33G33
0000bb64   _DCS_GSM_viterbi_decoder_rsc_G13G13G23G33G33
0000bba0   _DCS_GSM_rsc_calculate_path_metrics_G13G23G33G33
0000beac   _DCS_GSM_rsc_traceback_G13G23G33G33
0000bf34   _DCS_GSM_viterbi_decoder_rsc_G13G23G33G33
0000bf80   _GSM_DCS_map_gmsk
0000c328   _GSM_DCS_map_gmsk_burst
0000c360   _DCS_GSM_rsc_calculate_path_metrics_G13G23G33
0000c654   _DCS_GSM_rsc_traceback_G13G23G33
0000c6dc   _DCS_GSM_viterbi_decoder_rsc_G13G23G33
0000c720   _DCS_GSM_rsc_calculate_path_metrics_G00G10
0000c9e8   _DCS_GSM_rsc_traceback_G00G10
0000ca6c   _DCS_GSM_viterbi_decoder_rsc_G00G10
0000caa0   _fire_enc
0000ce20   _pmuldiv
0000d1a0   _tch_afs_onset_rem_fec
0000d520   _GSM_DCS_assemble_access_burst_rawbits
0000d860   _GMSKEQ_burst_agc
0000dba0   _chan_sounder_sub1_rach
0000dec0   _tch_afs_ratscch_add_fec
0000e160   _GSM_DCS_power_to_db
0000e1f0   _GSMLIB_scale_power_by_dB
0000e288   _GSMLIB_power_to_measdB
0000e2ec   _GSMLIB_UINT63_to_UINT31
0000e368   _GSMLIB_UINT40_to_UINT31
0000e3e0   _ctrl_prach_ext_rem_fec
0000e620   _tch_afs_sid_update_add_fec
0000e860   _ctrl_prach_ext_add_fec
0000ea80   _GSM_DCS_assemble_freq_burst_rawbits
0000ec80   _chan_sounder
0000ee80   _mlse_demod
0000f080   _GMSKEQ_normalize
0000f280   _conv_encoder
0000f3c0   _GSM_DCS_r2k5_conv_encoder
0000f460   _chan_sounder_sub2
0000f620   _puncture
0000f6c8   _depuncture
0000f7e0   _tch_afs_onset_add_fec
0000f980   _tch_afs_sid_first_add_fec
0000fc34   _GSM_DCS_init_ctrl_logchanrx_class_object
0000fca0   _diag_intlv
0000fe00   _snr_calc_sub3
0000fe80   _snr_calc_sub2
0000ff14   _snr_calc_sub1
0000ff60   _tch_afs_speech10_2_add_fec
000100c0   _tch_afs_speech12_2_add_fec
00010220   _tch_afs_speech4_75_add_fec
00010380   _tch_afs_speech5_15_add_fec
000104e0   _tch_afs_speech5_9_add_fec
00010640   _tch_afs_speech6_7_add_fec
000107a0   _tch_afs_speech7_4_add_fec
00010900   _tch_afs_speech7_95_add_fec
00010b70   _GSM_DCS_init_ctrl_logchantx_class_object
00010ba0   _chan_sounder_sub1
00010d94   _GSM_DCS_init_ctrl_rach_logchanrx_class_object
00010e00   _gsm_amr_speech_rearrange_bits
00010e84   _gsm_amr_speech_put_back_bits
00010f00   _conv_encoder_rsc
00010fe0   _ctrl_rach_add_fec
000110c0   _ctrl_rach_rem_fec
00011214   _GSM_DCS_init_ctrl_sch_logchanrx_class_object
00011310   _GSM_DCS_init_ctrl_rach_logchantx_class_object
00011340   _GSM_DCS_freq_hop_seq_gen
00011400   _crc_enc
000114a0   _ctrl_sch_rem_fec
00011540   _diag_deintlv
000115e0   _complexfilt_core
00011680   _covar_calc
00011720   _tch_afs_speech10_2_rem_fec
000117c0   _tch_afs_speech12_2_rem_fec
00011860   _tch_afs_speech4_75_rem_fec
00011900   _tch_afs_speech5_15_rem_fec
000119a0   _tch_afs_speech5_9_rem_fec
00011a40   _tch_afs_speech6_7_rem_fec
00011ae0   _tch_afs_speech7_4_rem_fec
00011b80   _tch_afs_speech7_95_rem_fec
00011c20   _ctrl_rem_fec
00011ca0   _ctrl_sch_add_fec
00011d20   _compute_mlse_scale
00011d60   _GSM_DCS_complex_filter
00011da0   _GSMFR_DCS_sid_frame_detection
00011e20   _tch_afs_speech_add_fec
00011ea0   _crc_dec
00011f00   _ctrl_add_fec
00011f60   _GSMEFR_DCS_sid_frame_detection
00011fc0   _tch_afs_sid_update_rem_fec
00012034   _GSM_DCS_init_ctrl_sch_logchantx_class_object
00012060   _merge_hs_payload_buffers
00012078   _merge_fs_payload_buffers
000120a0   _rect_deintlv
000120c0   _rect_intlv
000120e0   _terminate_out_G46G46G56G66G66
00012860   _diag_intlv_index
00012f80   _terminate_out_G46G56G66G66
00013580   _terminate_out_G44G54G64
00013a00   _gsm_nml_tsc_filt
00013da8   _GSMLIB_dB_to_base2_float_mant
000140c8   _code_out_G46G46G56G66G66
00014348   _GSM_DCS_TCH_EFS_REARRANGE_TABLE
00014550   _GSM_DCS_TCH_FS_REARRANGE_TABLE
00014758   _code_out_G46G56G66G66
00014958   _GSM_DCS_TCH_AFS_SPEECH12_2_REARRANGE_TABLE
00014b40   _diag_intlv_half_index
00014d08   _GSM_DCS_TCH_AFS_SPEECH10_2_REARRANGE_TABLE
00014ea0   _GSMLIB_dB_to_base2_float_exp
00015030   _GSM_DCS_TCH_AFS_SPEECH10_2_PUNCTURE
000151b8   _code_out_G44G54G64
00015338   _terminate_out_G13G13G23G33G33
00015478   _GSM_DCS_TCH_AFS_SPEECH7_95_REARRANGE_TABLE
000155b8   _GSM_DCS_TCH_AFS_SPEECH7_4_REARRANGE_TABLE
000156e0   _GSM_DCS_TCH_AFS_SPEECH6_7_REARRANGE_TABLE
000157f0   _GSM_DCS_TCH_AFS_SPEECH6_7_PUNCTURE
000158f0   _gsm_sch_tsc_filt
000159f0   _terminate_out_G13G23G33G33
00015af0   _GSM_DCS_TCH_AFS_SPEECH5_9_REARRANGE_TABLE
00015be0   _GSM_DCS_TCH_AFS_SPEECH5_15_PUNCTURE
00015cd0   _tsc_gmsk
00015da0   _GSM_DCS_TCH_AFS_SPEECH5_15_REARRANGE_TABLE
00015e70   _terminate_out_G13G23G33
00015ff0   _GSM_DCS_TCH_AFS_SPEECH4_75_REARRANGE_TABLE
000160b0   _GSM_DCS_TCH_AFS_SPEECH4_75_PUNCTURE
00016160   _gsm_rach_tsc_filt
00016358   _code_out_G13G13G23G33G33
00016498   _dummy_burst_data
00016530   _fcch_bits
000165c8   _GSM_DCS_TCH_AFS_SPEECH5_9_PUNCTURE
00016658   _GSM_DCS_TCH_AFS_SPEECH7_95_PUNCTURE
000166e0   _GSM_DCS_TCH_EFS_45003_S3_1_1_1
00016768   _Sn_G44G54G64
000167e8   _Sn_G46G46G56G66G66
00016868   _Sn_G46G56G66G66
000168e8   _code_out_G13G23G33G33
00016968   _demodstates
000169e8   _terminate_out_G00G10
00016a68   _GSM_DCS_TCH_AFS_SPEECH12_2_PUNCTURE
00016b58   _GSMLIB_DCS_inv_sqrt_tbl
00016bc0   _code_out_G13G23G33
00016cf8   _GSM_DCS_TCH_AFS_CODED_DATA_SID
00016d38   _code_out_G00G10
00016d78   _ext_tsc_gmsk
00016db8   _ext_tsc_gmsk_COMPACT
00016df8   _ext_tsc_gmsk_CTS
00016e38   _DCS_ft2b
00016e78   _GMSKEQ_norm_table_q10
00016eb0   _GSM_DCS_TCH_AFS_SPEECH7_4_PUNCTURE
00016ee8   _csd_combov_block_phase_uplink
00016f20   _csd_ctrl_block_list
00016f58   _csd_ctrl_block_phase
00016fc0   _access_ts_gmsk
00016ff0   _access_ts_gmsk_1
00017020   _access_ts_gmsk_2
00017050   _GSM_DCS_TCH_AFS_SID_IM_VECTOR
000170a0   _GMSK_DEMOD_bit_mask
000170c0   _GSM_DCS_TCH_AFS_CODED_DATA_SPEECH
000170e0   _Sn_G00G10
00017100   _Sn_G13G13G23G33G33
00017120   _Sn_G13G23G33
00017140   _Sn_G13G23G33G33
00017160   _GSM_DCS_AFS_BLOCK_PHASE
00017180   _GSM_DCS_TCH_BLOCK_PHASE
000171a0   _GSM_DCCH_L2_FILL_BLOCK
000171b8   _state_init_normal
000171e0   _GSM_DCS_timeslot_nsyms
000171f0   _sacch_phase
00017210   _GSM_DCS_TCH_AFS_RATSCCH_IM_VECTOR
00017220   _gen_matrix_ctrl
00017258   _dummy_burst_tsc_mapping_A213
00017260   _extended_tail
00017268   _guard_bits
00017270   _tail_bits
00017278   _state_init_rach
00017280   _state_init_sync
UNDEFED __divi
UNDEFED __divu
UNDEFED __llshru
UNDEFED __remi
UNDEFED __remu
UNDEFED _memcpy
UNDEFED _memmove
UNDEFED _memset

[239 symbols]
