******************************************************************************
               TMS320C6x Linker PC v7.4.4                      
******************************************************************************
>> Linked Thu Aug 28 11:49:47 2014

OUTPUT FILE NAME:   <TRS_appC0.out>
ENTRY POINT SYMBOL: "_c_int00"  address: 0083c220


MEMORY CONFIGURATION

         name            origin    length      used     unused   attr    fill
----------------------  --------  ---------  --------  --------  ----  --------
  L2RAM                 00800000   00080000  00059202  00026dfe  RW X
  L1P_RAM               00e00000   00008000  00000000  00008000  RW X
  L1D_RAM               00f00000   00008000  00000000  00008000  RW  
  MSMCSRAM              0c000000   00400000  003a9800  00056800  RW  
  CX_CRITICAL_SECTION   80000000   00100000  0000096c  000ff694  RW  
  CX_CRITICAL_SECTION_R 80100000   00001000  00000020  00000fe0  RW  
  CORE_HEALTH           81af1a00   0050e600  00000000  0050e600  RW  
  SM_HEAP1              82000000   00400000  00400000  00000000  RW  
  SM_HEAP2              82400000   00400000  00400000  00000000  RW  
  SM_HEAP3              82800000   00400000  00400000  00000000  RW  
  SM_HEAP4              82c00000   00400000  00400000  00000000  RW  
  C0_DATA_RAM           83000000   00400000  0014fd58  002b02a8  RW  
  C0_NON_CACHE          85000000   00400000  00027990  003d8670  RW  


SEGMENT ALLOCATION MAP

run origin  load origin   length   init length attrs members
----------  ----------- ---------- ----------- ----- -------
00800000    00800000    00050b82   00050b82    r-x
  00800000    00800000    00044060   00044060    r-x .text
  00844060    00844060    0000cb22   0000cb22    r-- .const
00850b88    00850b88    00008000   00000000    rw-
  00850b88    00850b88    00008000   00000000    rw- .stack
00858b90    00858b90    00000280   00000000    rw-
  00858b90    00858b90    00000280   00000000    rw- .dataL2
00859000    00859000    00000200   00000200    r-x
  00859000    00859000    00000200   00000200    r-x .csl_vect
00859400    00859400    00000200   00000200    r-x
  00859400    00859400    00000200   00000200    r-x .vecs
0c000000    0c000000    003a9800   00000000    rw-
  0c000000    0c000000    003a9800   00000000    rw- .SrioSlaveBuff
80000000    80000000    0000096c   0000096c    rw-
  80000000    80000000    0000096c   0000096c    rw- .critical_section
80100000    80100000    00000020   00000020    rw-
  80100000    80100000    00000020   00000020    rw- .critical_section_reference
83000000    83000000    00107562   00107562    rw-
  83000000    83000000    00107562   00107562    rw- .delcomObj
83107568    83107568    00000018   00000018    rw-
  83107568    83107568    00000018   00000018    rw- .fardata.1
83107580    83107580    00041fe0   00000000    rw-
  83107580    83107580    00040000   00000000    rw- systemheap
  83147580    83147580    00001fe0   00000000    rw- .far.1
83149560    83149560    00000020   00000020    rw-
  83149560    83149560    00000020   00000020    rw- .fardata.2
83149580    83149580    000029c0   00000000    rw-
  83149580    83149580    000029c0   00000000    rw- .far.2
8314bf40    8314bf40    0000204a   0000204a    rw-
  8314bf40    8314bf40    0000204a   0000204a    rw- .fardata.3
8314df90    8314df90    00000800   00000000    rw-
  8314df90    8314df90    00000800   00000000    rw- .far:taskStackSection
8314e790    8314e790    000002dc   000002dc    r--
  8314e790    8314e790    000002dc   000002dc    r-- .switch
8314ea70    8314ea70    000000f0   00000000    rw-
  8314ea70    8314ea70    000000f0   00000000    rw- .bss
8314eb60    8314eb60    0000012d   0000012d    rw-
  8314eb60    8314eb60    0000012d   0000012d    rw- .neardata
8314ec90    8314ec90    00000034   00000034    r--
  8314ec90    8314ec90    00000034   00000034    r-- .rodata
8314ecc8    8314ecc8    00000120   00000000    rw-
  8314ecc8    8314ecc8    00000120   00000000    rw- .cio
8314ede8    8314ede8    00000f84   00000f84    r--
  8314ede8    8314ede8    00000f84   00000f84    r-- .cinit
85000000    85000000    0000c000   00000000    rw-
  85000000    85000000    0000c000   00000000    rw- ethernetmemorybuffer
8500c000    8500c000    00019290   0000a560    rwx
  8500c000    8500c000    0000a560   0000a560    rwx .nocache
  85016560    85016560    00008530   00000000    rw- .ddrdata
  8501ea90    8501ea90    00006800   00000000    rw- .hostregion
85025300    85025300    00002700   00000000    rw-
  85025300    85025300    00002400   00000000    rw- .qmss
  85027700    85027700    00000200   00000000    rw- .cppi
  85027900    85027900    00000100   00000000    rw- .srioSharedMem


SECTION ALLOCATION MAP

 output                                  attributes/
section   page    origin      length       input sections
--------  ----  ----------  ----------   ----------------
.init_array 
*          0    83000000    00000000     UNINITIALIZED

xdc.meta   0    00800000    000000e8     COPY SECTION
                  00800000    000000e8     TRS_SYSBIOS_pe66.oe66 (xdc.meta)

.text      0    00800000    00044060     
                  00800000    00001d00     CmdIfMgr.lib : CmdRouter.obj (.text)
                  00801d00    00001360     Platformlib.lib : pa_mgmt.obj (.text)
                  00803060    00001220     ipc.ae66 : Ipc.obj (.text:ti_sdo_ipc_GateMP_Instance_init__F)
                  00804280    00001200     Platformlib.lib : cppi_qmss_mgmt.obj (.text)
                  00805480    000011c0     DataIf.lib : DDCRx.obj (.text)
                  00806640    00000ea0     CmdIfMgr.lib : CmdIf.obj (.text)
                  008074e0    00000d20     ethernet_log.obj (.text)
                  00808200    00000c60     Platformlib.lib : Srio_devconfig.obj (.text)
                  00808e60    00000a60     ipc.ae66 : Ipc.obj (.text:ti_sdo_ipc_heaps_HeapMemMP_alloc__E)
                  008098c0    00000a40     statmgr.obj (.text)
                  0080a300    00000a20     ipc.ae66 : Ipc.obj (.text:ti_sdo_ipc_heaps_HeapMemMP_free__E)
                  0080ad20    000009a0              : Ipc.obj (.text:Ipc_attach)
                  0080b6c0    00000940     Platformlib.lib : singlecore_osal.obj (.text)
                  0080c000    00000940     ti.drv.srio.ae66 : srio_drv.oe66 (.text:Srio_processDrvConfig:Srio_processDrvConfig)
                  0080c940    000008e0     ipc.ae66 : Ipc.obj (.text:ti_sdo_ipc_GateMP_Instance_finalize__F)
                  0080d220    000008c0              : Ipc.obj (.text:ti_sdo_ipc_ListMP_Instance_init__F)
                  0080dae0    000008a0     ti.targets.rts6000.ae66 : System.oe66 (.text:xdc_runtime_System_doPrint__I)
                  0080e380    00000880     Platformlib.lib : cpsw_mgmt.obj (.text)
                  0080ec00    00000840     ipc.ae66 : Ipc.obj (.text:MessageQ_put)
                  0080f440    00000800              : Ipc.obj (.text:ti_sdo_ipc_nsremote_NameServerRemoteNotify_Instance_init__F)
                  0080fc40    000007e0     ti.drv.qmss.ae66 : qmss_drv.oe66 (.text:Qmss_insertMemoryRegion)
                  00810420    000007e0     ipc.ae66 : Ipc.obj (.text:ti_sdo_ipc_heaps_HeapBufMP_Instance_init__F)
                  00810c00    000007e0              : Ipc.obj (.text:ti_sdo_ipc_heaps_HeapBufMP_postInit__I)
                  008113e0    000007c0     GenUtil.lib : IIPC.obj (.text)
                  00811ba0    000007c0     Platformlib.lib : Srio.obj (.text)
                  00812360    00000780     sysbios.ae66 : BIOS.obj (.text:ti_sysbios_family_c64p_Exception_handler__I)
                  00812ae0    00000760     ipc.ae66 : Ipc.obj (.text:ti_sdo_ipc_heaps_HeapMemMP_Instance_init__F)
                  00813240    00000740     Platformlib.lib : flash.obj (.text)
                  00813980    00000720     ti.drv.pa.ae66 : pa.oe66 (.text:Pa_addMac)
                  008140a0    000006c0                    : pa.oe66 (.text:swizStatsRep)
                  00814760    000006a0     GenUtil.lib : HashTbl.obj (.text)
                  00814e00    000006a0     ipc.ae66 : Ipc.obj (.text:NameServer_add)
                  008154a0    00000660     ti.drv.cppi.ae66 : cppi_drv.oe66 (.text:Cppi_configureRxFlow)
                  00815b00    00000660     sysbios.ae66 : BIOS.obj (.text:ti_sysbios_heaps_HeapMem_alloc__E)
                  00816160    00000640                  : BIOS.obj (.text:ti_sysbios_knl_Event_pend__E)
                  008167a0    00000620     ipc.ae66 : Ipc.obj (.text:Notify_sendEvent)
                  00816dc0    00000600              : Ipc.obj (.text:ti_sdo_ipc_SharedRegion_start__F)
                  008173c0    00000600     sysbios.ae66 : BIOS.obj (.text:ti_sysbios_knl_Semaphore_pend__E)
                  008179c0    000005e0     ipc.ae66 : Ipc.obj (.text:Notify_registerEventSingle)
                  00817fa0    000005e0              : Ipc.obj (.text:Notify_unregisterEventSingle)
                  00818580    000005e0     sysbios.ae66 : BIOS.obj (.text:ti_sysbios_heaps_HeapMem_free__E)
                  00818b60    000005c0     ipc.ae66 : Ipc.obj (.text:ListMP_getHead)
                  00819120    000005c0     rts6600_elf.lib : divd.obj (.text:__c6xabi_divd)
                  008196e0    000005c0                     : _printfi.obj (.text:_getarg_diouxp)
                  00819ca0    000005c0     ipc.ae66 : Ipc.obj (.text:ti_sdo_ipc_transports_TransportShmCirc_swiFxn__I)
                  0081a260    000005a0     sysbios.ae66 : BIOS.obj (.text:ti_sysbios_knl_Task_Instance_finalize__F)
                  0081a800    000005a0                  : BIOS.obj (.text:ti_sysbios_timers_timer64_Timer_Module_startup__F)
                  0081ada0    00000580     Platformlib.lib : spi.obj (.text)
                  0081b320    00000560     GenUtil.lib : Task.obj (.text)
                  0081b880    00000560     GsmUtil.lib : GSMTime.obj (.text)
                  0081bde0    00000540     ipc.ae66 : Ipc.obj (.text:MessageQ_free)
                  0081c320    00000540              : Ipc.obj (.text:NameServer_get)
                  0081c860    00000540              : Ipc.obj (.text:ti_sdo_ipc_Ipc_procSyncStart__I)
                  0081cda0    00000540              : Ipc.obj (.text:ti_sdo_ipc_transports_TransportShmCirc_Instance_init__F)
                  0081d2e0    00000500              : Ipc.obj (.text:ti_sdo_ipc_GateMP_setRegion0Reserved__F)
                  0081d7e0    00000500              : Ipc.obj (.text:ti_sdo_ipc_MessageQ_Instance_init__F)
                  0081dce0    00000500              : Ipc.obj (.text:ti_sdo_ipc_notifyDrivers_NotifyDriverShm_Instance_init__F)
                  0081e1e0    000004c0     ti.drv.cppi.ae66 : cppi_drv.oe66 (.text:Cppi_txChannelOpen)
                  0081e6a0    000004a0     ipc.ae66 : Ipc.obj (.text:HeapBufMP_sharedMemReq)
                  0081eb40    000004a0     ModMgr.obj (.text)
                  0081efe0    000004a0     Platformlib_sub.lib : srio_write.obj (.text)
                  0081f480    000004a0     ipc.ae66 : Ipc.obj (.text:ti_sdo_ipc_gates_GatePeterson_Instance_init__F)
                  0081f920    000004a0              : Ipc.obj (.text:ti_sdo_ipc_nsremote_NameServerRemoteNotify_get__F)
                  0081fdc0    00000480     sysbios.ae66 : BIOS.obj (.text:ti_sysbios_knl_Task_Module_startup__F)
                  00820240    00000460     ipc.ae66 : Ipc.obj (.text:ListMP_putTail)
                  008206a0    00000460     rts6600_elf.lib : _printfi.obj (.text:_printfi)
                  00820b00    00000460                     : _printfi.obj (.text:_setfield)
                  00820f60    00000460     ipc.ae66 : Ipc.obj (.text:ti_sdo_ipc_Ipc_procSyncFinish__I)
                  008213c0    00000440     ti.drv.cppi.ae66 : cppi_drv.oe66 (.text:Cppi_rxChannelOpen)
                  00821800    00000440     ipc.ae66 : Ipc.obj (.text:ti_sdo_ipc_heaps_HeapMemMP_getStats__E)
                  00821c40    00000420     CmdIfLib.lib : CmdPkt.obj (.text)
                  00822060    00000420     ti.drv.pa.ae66 : pa.oe66 (.text:pa_conv_routing_info)
                  00822480    00000420     ipc.ae66 : Ipc.obj (.text:ti_sdo_ipc_heaps_HeapMemMP_postInit__I)
                  008228a0    00000420              : Ipc.obj (.text:ti_sdo_ipc_nsremote_NameServerRemoteNotify_swiFxnRequest__I)
                  00822cc0    00000400              : Ipc.obj (.text:ti_sdo_ipc_Notify_Instance_init__F)
                  008230c0    000003e0     Platformlib.lib : Mcbsp.obj (.text)
                  008234a0    000003e0     Platformlib_sub.lib : Timer.obj (.text)
                  00823880    000003e0     sysbios.ae66 : BIOS.obj (.text:ti_sysbios_gates_GateMutexPri_enter__E)
                  00823c60    000003c0     ti.drv.cppi.ae66 : cppi_desc.oe66 (.text:Cppi_initDescriptor)
                  00824020    000003c0     GenUtil.lib : SysTime.obj (.text)
                  008243e0    000003c0     ipc.ae66 : Ipc.obj (.text:ti_sdo_ipc_SharedRegion_reserveMemory__F)
                  008247a0    000003c0     sysbios.ae66 : BIOS.obj (.text:ti_sysbios_knl_Task_Instance_init__F)
                  00824b60    000003c0                  : BIOS.obj (.text:ti_sysbios_knl_Task_setPri__E)
                  00824f20    000003a0     rts6600_elf.lib : fputs.obj (.text:fputs)
                  008252c0    00000380     DataIf.lib : DspToIpu.obj (.text)
                  00825640    00000380     ipc.ae66 : Ipc.obj (.text:HeapMemMP_sharedMemReq)
                  008259c0    00000380     Platformlib.lib : Ethernet_config.obj (.text)
                  00825d40    00000360     TRS_SYSBIOS_pe66.oe66 (.text:xdc_runtime_System_printfExtend__I)
                  008260a0    00000340     ipc.ae66 : Ipc.obj (.text:GateMP_sharedMemReq)
                  008263e0    00000340     ti.drv.pa.ae66 : painit.oe66 (.text:Pa_create)
                  00826720    00000340     ti.drv.qmss.ae66 : qmss_drv.oe66 (.text:Qmss_init)
                  00826a60    00000320     ipc.ae66 : Ipc.obj (.text:HeapBufMP_open)
                  00826d80    00000320     rts6600_elf.lib : _printfi.obj (.text:_pproc_fge)
                  008270a0    00000320     sysbios.ae66 : BIOS.obj (.text:ti_sysbios_knl_Swi_restoreHwi__E)
                  008273c0    00000300     ipc.ae66 : Ipc.obj (.text:GateMP_openByAddr)
                  008276c0    00000300     ti.drv.srio.ae66 : srio_drv.oe66 (.text:Srio_start:Srio_start)
                  008279c0    00000300     ipc.ae66 : Ipc.obj (.text:ti_sdo_ipc_heaps_HeapBufMP_free__E)
                  00827cc0    00000300     sysbios.ae66 : BIOS.obj (.text:ti_sysbios_knl_Swi_runLoop__I)
                  00827fc0    000002e0     ipc.ae66 : Ipc.obj (.text:MessageQ_alloc)
                  008282a0    000002e0     ti.drv.pa.ae66 : pa.oe66 (.text:Pa_forwardResult)
                  00828580    000002e0     ipc.ae66 : Ipc.obj (.text:SharedRegion_getEntry)
                  00828860    000002e0              : Ipc.obj (.text:SharedRegion_getPtr)
                  00828b40    000002e0     rts6600_elf.lib : _printfi.obj (.text:_pproc_fwp)
                  00828e20    000002e0     ipc.ae66 : Ipc.obj (.text:ti_sdo_ipc_notifyDrivers_NotifyDriverShm_isr__I)
                  00829100    000002e0     sysbios.ae66 : BIOS.obj (.text:ti_sysbios_heaps_HeapMem_Instance_init__F)
                  008293e0    000002e0                  : BIOS.obj (.text:ti_sysbios_knl_Event_post__E)
                  008296c0    000002c0     ipc.ae66 : Ipc.obj (.text:MessageQ_open)
                  00829980    000002c0              : Ipc.obj (.text:ti_sdo_ipc_transports_TransportShmCirc_put__E)
                  00829c40    000002c0     sysbios.ae66 : BIOS.obj (.text:ti_sysbios_family_c66_tci66xx_CpIntc_Module_startup__F)
                  00829f00    000002a0     ipc.ae66 : Ipc.obj (.text:NameServer_getLocal)
                  0082a1a0    000002a0     ti.drv.srio.ae66 : srio_drv.oe66 (.text:Srio_init:Srio_init)
                  0082a440    000002a0                      : srio_drv.oe66 (.text:Srio_processAppConfig:Srio_processAppConfig)
                  0082a6e0    000002a0     rts6600_elf.lib : _printfi.obj (.text:fcvt)
                  0082a980    000002a0     ipc.ae66 : Ipc.obj (.text:ti_sdo_ipc_heaps_HeapBufMP_Instance_finalize__F)
                  0082ac20    00000280              : Ipc.obj (.text:Ipc_start)
                  0082aea0    00000280              : Ipc.obj (.text:SharedRegion_getSRPtr)
                  0082b120    00000280     rts6600_elf.lib : _printfi.obj (.text:ecvt)
                  0082b3a0    00000280     ipc.ae66 : Ipc.obj (.text:ti_sdo_ipc_transports_TransportShmCirc_sharedMemReq__F)
                  0082b620    00000280     sysbios.ae66 : BIOS.obj (.text:ti_sysbios_timers_timer64_Timer_deviceConfig__I)
                  0082b8a0    00000280     ti.targets.rts6000.ae66 : Error.oe66 (.text:xdc_runtime_Error_raiseX__F)
                  0082bb20    00000260     ipc.ae66 : Ipc.obj (.text:ListMP_sharedMemReq)
                  0082bd80    00000260              : Ipc.obj (.text:ti_sdo_ipc_ListMP_Instance_finalize__F)
                  0082bfe0    00000260              : Ipc.obj (.text:ti_sdo_ipc_heaps_HeapMemMP_Instance_finalize__F)
                  0082c240    00000260              : Ipc.obj (.text:ti_sdo_ipc_notifyDrivers_NotifyDriverShm_disableEvent__E)
                  0082c4a0    00000260              : Ipc.obj (.text:ti_sdo_ipc_notifyDrivers_NotifyDriverShm_sharedMemReq__F)
                  0082c700    00000260     sysbios.ae66 : BIOS.obj (.text:ti_sysbios_family_c64p_Hwi_dispatchCore__I)
                  0082c960    00000260                  : BIOS.obj (.text:ti_sysbios_family_c64p_Hwi_reconfig__E)
                  0082cbc0    00000260     ti.targets.rts6000.ae66 : Startup.oe66 (.text:xdc_runtime_Startup_startMods__I)
                  0082ce20    00000240     ti.drv.cppi.ae66 : cppi_drv.oe66 (.text:Cppi_open)
                  0082d060    00000240     ti.drv.pa.ae66 : pa.oe66 (.text:Pa_resetControl)
                  0082d2a0    00000240     rts6600_elf.lib : imath64.obj (.text:__c6xabi_divull)
                  0082d4e0    00000240                     : _printfi.obj (.text:_pconv_e)
                  0082d720    00000240                     : _printfi.obj (.text:_pproc_diouxp)
                  0082d960    00000240     ipc.ae66 : Ipc.obj (.text:ti_sdo_ipc_MessageQ_Instance_finalize__F)
                  0082dba0    00000240     sysbios.ae66 : BIOS.obj (.text:ti_sysbios_family_c64p_Exception_internalHandler__I)
                  0082dde0    00000240                  : BIOS.obj (.text:ti_sysbios_knl_Semaphore_post__E)
                  0082e020    00000220     GenUtil.lib : FIFO.obj (.text)
                  0082e240    00000220     ipc.ae66 : Ipc.obj (.text:MessageQ_get)
                  0082e460    00000220     Platformlib.lib : uart.obj (.text)
                  0082e680    00000220     rts6600_elf.lib : _printfi.obj (.text:_pproc_str)
                  0082e8a0    00000220                     : fputc.obj (.text:fputc)
                  0082eac0    00000220     sysbios.ae66 : BIOS.obj (.text:ti_sysbios_knl_Task_exit__E)
                  0082ece0    00000220                  : BIOS.obj (.text:ti_sysbios_knl_Task_schedule__I)
                  0082ef00    00000220                  : BIOS.obj (.text:ti_sysbios_knl_Task_startCore__E)
                  0082f120    00000220     ti.targets.rts6000.ae66 : Core-mem.oe66 (.text:xdc_runtime_Core_createObject__I)
                  0082f340    00000200     ipc.ae66 : Ipc.obj (.text:GateMP_enter)
                  0082f540    00000200              : Ipc.obj (.text:GateMP_leave)
                  0082f740    00000200              : Ipc.obj (.text:ListMP_openByAddr)
                  0082f940    00000200     ti.drv.qmss.ae66 : qmss_drv.oe66 (.text:Qmss_internalQueueOpen)
                  0082fb40    00000200                      : qmss_acc.oe66 (.text:Qmss_programAccumulator)
                  0082fd40    00000200     Timestamp.obj (.text)
                  0082ff40    00000200     rts6600_elf.lib : _printfi.obj (.text:_pconv_g)
                  00830140    00000200     sysbios.ae66 : c64p_Hwi_disp_always.obj (.text:_ti_sysbios_family_c64p_Hwi_dispatchAlways)
                  00830340    00000200     ti.drv.cppi.ae66 : cppi_heap.oe66 (.text:cppi_internal_heap_add)
                  00830540    00000200     rts6600_elf.lib : setvbuf.obj (.text:setvbuf)
                  00830740    00000200     ipc.ae66 : Ipc.obj (.text:ti_sdo_ipc_notifyDrivers_NotifyDriverShm_sendEvent__E)
                  00830940    000001e0     Platformlib_sub.lib : Intr.obj (.text)
                  00830b20    000001e0     ipc.ae66 : Ipc.obj (.text:ti_sdo_ipc_GateMP_attach__F)
                  00830d00    000001e0              : Ipc.obj (.text:ti_sdo_ipc_GateMP_getFreeResource__I)
                  00830ee0    000001e0              : Ipc.obj (.text:ti_sdo_ipc_heaps_HeapBufMP_alloc__E)
                  008310c0    000001e0     sysbios.ae66 : BIOS.obj (.text:ti_sysbios_knl_Task_postInit__I)
                  008312a0    000001e0                  : BIOS.obj (.text:ti_sysbios_timers_timer64_Timer_getFreq__E)
                  00831480    000001c0     ti.drv.cppi.ae66 : cppi_drv.oe66 (.text:Cppi_initCfg)
                  00831640    000001c0     ti.drv.qmss.ae66 : qmss_drv.oe66 (.text:Qmss_internaldownloadFirmware)
                  00831800    000001c0     rts6600_elf.lib : _printfi.obj (.text:_mcpy)
                  008319c0    000001c0     ipc.ae66 : Ipc.obj (.text:ti_sdo_ipc_notifyDrivers_NotifyDriverShm_registerEvent__E)
                  00831b80    000001c0     sysbios.ae66 : BIOS.obj (.text:ti_sysbios_knl_Task_checkStacks__E)
                  00831d40    000001c0                  : BIOS.obj (.text:ti_sysbios_timers_timer64_Timer_setPeriodMicroSecs__E)
                  00831f00    000001c0     ti.targets.rts6000.ae66 : Text.oe66 (.text:xdc_runtime_Text_putSite__F)
                  008320c0    000001a0     GenUtil.lib : Hsem.obj (.text)
                  00832260    000001a0     rts6600_elf.lib : trgdrv.obj (.text:HOSTrename)
                  00832400    000001a0     ipc.ae66 : Ipc.obj (.text:HeapBufMP_openByAddr)
                  008325a0    000001a0              : Ipc.obj (.text:HeapMemMP_openByAddr)
                  00832740    000001a0     ti.drv.pa.ae66 : pa.oe66 (.text:Pa_downloadImage)
                  008328e0    000001a0     ipc.ae66 : Ipc.obj (.text:SharedRegion_getCacheLineSize)
                  00832a80    000001a0              : Ipc.obj (.text:SharedRegion_getHeap)
                  00832c20    000001a0              : Ipc.obj (.text:SharedRegion_isCacheEnabled)
                  00832dc0    000001a0     rts6600_elf.lib : imath40.obj (.text:__c6xabi_divul)
                  00832f60    000001a0     ipc.ae66 : Ipc.obj (.text:ti_sdo_ipc_GateMP_openRegion0Reserved__F)
                  00833100    000001a0              : Ipc.obj (.text:ti_sdo_ipc_notifyDrivers_NotifyDriverShm_enableEvent__E)
                  008332a0    000001a0              : Ipc.obj (.text:ti_sdo_ipc_nsremote_NameServerRemoteNotify_attach__E)
                  00833440    000001a0     sysbios.ae66 : BIOS.obj (.text:ti_sysbios_family_c66_Cache_block__I)
                  008335e0    000001a0                  : BIOS.obj (.text:ti_sysbios_family_c66_tci66xx_CpIntc_dispatch__F)
                  00833780    000001a0                  : BIOS.obj (.text:ti_sysbios_gates_GateMutex_enter__E)
                  00833920    000001a0                  : BIOS.obj (.text:ti_sysbios_knl_Swi_Instance_init__F)
                  00833ac0    000001a0                  : BIOS.obj (.text:ti_sysbios_knl_Task_unblockI__E)
                  00833c60    000001a0                  : BIOS.obj (.text:ti_sysbios_timers_timer64_Timer_start__E)
                  00833e00    00000180     ipc.ae66 : Ipc.obj (.text:Notify_intLineRegistered)
                  00833f80    00000180     Platformlib.lib : Gpi.obj (.text)
                  00834100    00000180     rts6600_elf.lib : copy_decompress_rle.obj (.text:__TI_decompress_rle_core)
                  00834280    00000180     ti.csl.ae66 : csl_timerGetBaseAddress.oe66 (.text:csl_section:tmr:CSL_tmrGetBaseAddress)
                  00834400    00000180                 : csl_tmrHwSetup.oe66 (.text:csl_section:tmr:CSL_tmrHwSetup)
                  00834580    00000180     sysbios.ae66 : c64p_Exception_asm.obj (.text)
                  00834700    00000180     ipc.ae66 : Ipc.obj (.text:ti_sdo_ipc_MessageQ_registerTransport__F)
                  00834880    00000180              : Ipc.obj (.text:ti_sdo_ipc_MessageQ_unregisterTransport__F)
                  00834a00    00000180              : Ipc.obj (.text:ti_sdo_ipc_Notify_Module_startup__F)
                  00834b80    00000180              : Ipc.obj (.text:ti_sdo_ipc_gates_GatePeterson_enter__E)
                  00834d00    00000180              : Ipc.obj (.text:ti_sdo_ipc_notifyDrivers_NotifyDriverShm_unregisterEvent__E)
                  00834e80    00000180              : Ipc.obj (.text:ti_sdo_utils_NameServer_Module_startup__F)
                  00835000    00000180     sysbios.ae66 : BIOS.obj (.text:ti_sysbios_syncs_SyncSem_Instance_init__F)
                  00835180    00000160     DataIf.lib : QueDeque.obj (.text)
                  008352e0    00000160     ipc.ae66 : Ipc.obj (.text:Notify_attach)
                  00835440    00000160     Platformlib_sub.lib : uart_write.obj (.text)
                  008355a0    00000160     ti.drv.qmss.ae66 : qmss_drv.oe66 (.text:Qmss_getMemoryRegionCfg)
                  00835700    00000160     ipc.ae66 : Ipc.obj (.text:ti_sdo_ipc_GateMP_createLocal__F)
                  00835860    00000160              : Ipc.obj (.text:ti_sdo_ipc_gates_GateHWSem_Instance_init__F)
                  008359c0    00000160              : Ipc.obj (.text:ti_sdo_utils_NameServer_isRegistered__E)
                  00835b20    00000160              : Ipc.obj (.text:ti_sdo_utils_NameServer_registerRemoteDriver__E)
                  00835c80    00000160              : Ipc.obj (.text:ti_sdo_utils_NameServer_unregisterRemoteDriver__E)
                  00835de0    00000160     sysbios.ae66 : BIOS.obj (.text:ti_sysbios_BIOS_rtsUnlock__I)
                  00835f40    00000160                  : BIOS.obj (.text:ti_sysbios_knl_Task_yield__E)
                  008360a0    00000140     ti.csl.ae66 : csl_chip.oe66 (.text:CSL_chipReadReg)
                  008361e0    00000140     ipc.ae66 : Ipc.obj (.text:GateMP_close)
                  00836320    00000140              : Ipc.obj (.text:MessageQ_registerHeap)
                  00836460    00000140     Platformlib.lib : Gpo.obj (.text)
                  008365a0    00000140     boot.ae66 : autoinit.oe66 (.text:_auto_init_elf)
                  008366e0    00000140     rts6600_elf.lib : _printfi.obj (.text:_pproc_fflags)
                  00836820    00000140     ti.csl.intc.ae66 : _csl_intcIntrEnDisRes.oe66 (.text:csl_section:intc)
                  00836960    00000140     rts6600_elf.lib : lowlev.obj (.text:getdevice)
                  00836aa0    00000140     ipc.ae66 : Ipc.obj (.text:ti_sdo_ipc_Notify_exec__F)
                  00836be0    00000140              : Ipc.obj (.text:ti_sdo_ipc_nsremote_NameServerRemoteNotify_Instance_finalize__F)
                  00836d20    00000140     sysbios.ae66 : BIOS.obj (.text:ti_sysbios_family_c64p_Hwi_Module_startup__F)
                  00836e60    00000140                  : BIOS.obj (.text:ti_sysbios_family_c66_Cache_Module_startup__F)
                  00836fa0    00000140                  : BIOS.obj (.text:ti_sysbios_gates_GateSwi_enter__E)
                  008370e0    00000140                  : BIOS.obj (.text:ti_sysbios_knl_Semaphore_Instance_init__F)
                  00837220    00000140                  : BIOS.obj (.text:ti_sysbios_knl_Swi_post__E)
                  00837360    00000140                  : BIOS.obj (.text:ti_sysbios_knl_Task_blockI__E)
                  008374a0    00000140     ti.targets.rts6000.ae66 : Text.oe66 (.text:xdc_runtime_Text_putLab__F)
                  008375e0    00000120     MemMgr.obj (.text)
                  00837700    00000120     ti.drv.qmss.ae66 : qmss_acc.oe66 (.text:Qmss_disableAccumulator)
                  00837820    00000120     rts6600_elf.lib : fclose.obj (.text:_closefile)
                  00837940    00000120                     : _printfi.obj (.text:_ltostr)
                  00837a60    00000120                     : fseek.obj (.text:fseek)
                  00837b80    00000120     ipc.ae66 : Ipc.obj (.text:ti_sdo_ipc_GateMP_start__F)
                  00837ca0    00000120              : Ipc.obj (.text:ti_sdo_ipc_MessageQ_Module_startup__F)
                  00837dc0    00000120              : Ipc.obj (.text:ti_sdo_ipc_family_c647x_Interrupt_intRegister__E)
                  00837ee0    00000120     sysbios.ae66 : BIOS.obj (.text:ti_sysbios_xdcruntime_GateThreadSupport_leave__F)
                  00838000    00000120     ti.targets.rts6000.ae66 : Text.oe66 (.text:xdc_runtime_Text_putMod__F)
                  00838120    00000100     EthBuff.obj (.text)
                  00838220    00000100     rts6600_elf.lib : trgdrv.obj (.text:HOSTlseek)
                  00838320    00000100                     : _io_perm.obj (.text:_wrt_ok)
                  00838420    00000100     ipc.ae66 : Ipc.obj (.text:ti_sdo_ipc_Notify_Instance_finalize__F)
                  00838520    00000100              : Ipc.obj (.text:ti_sdo_ipc_SharedRegion_attach__F)
                  00838620    00000100              : Ipc.obj (.text:ti_sdo_ipc_SharedRegion_clearReservedMemory__F)
                  00838720    00000100              : Ipc.obj (.text:ti_sdo_ipc_family_c647x_Interrupt_Module_startup__F)
                  00838820    00000100              : Ipc.obj (.text:ti_sdo_ipc_gates_GateHWSem_Module_startup__F)
                  00838920    00000100              : Ipc.obj (.text:ti_sdo_ipc_gates_GateMPSupportNull_enter__E)
                  00838a20    00000100              : Ipc.obj (.text:ti_sdo_ipc_gates_GateMPSupportNull_leave__E)
                  00838b20    00000100     sysbios.ae66 : BIOS.obj (.text:ti_sysbios_gates_GateMutexPri_leave__E)
                  00838c20    00000100                  : BIOS.obj (.text:ti_sysbios_timers_timer64_Timer_initDevice__I)
                  00838d20    00000100     ti.targets.rts6000.ae66 : Core-mem.oe66 (.text:xdc_runtime_Core_deleteObject__I)
                  00838e20    00000100                             : Startup.oe66 (.text:xdc_runtime_Startup_exec__F)
                  00838f20    00000100                             : Text.oe66 (.text:xdc_runtime_Text_visitRope2__I)
                  00839020    000000e0     rts6600_elf.lib : trgdrv.obj (.text:HOSTopen)
                  00839100    000000e0     ipc.ae66 : Ipc.obj (.text:HeapBufMP_create)
                  008391e0    000000e0     rts6600_elf.lib : _printfi.obj (.text:_div)
                  008392c0    000000e0                     : atoi.obj (.text:atoi)
                  008393a0    000000e0                     : lowlev.obj (.text:close)
                  00839480    000000e0                     : ltoa.obj (.text:ltoa)
                  00839560    000000e0                     : memset.obj (.text:memset)
                  00839640    000000e0                     : printf.obj (.text:printf)
                  00839720    000000e0     TRS_SYSBIOS_pe66.oe66 (.text:ti_sdo_ipc_Notify_Object__create__S)
                  00839800    000000e0     ipc.ae66 : Ipc.obj (.text:ti_sdo_ipc_family_c647x_Interrupt_intShmStub__I)
                  008398e0    000000e0              : Ipc.obj (.text:ti_sdo_ipc_family_c647x_NotifySetup_attach__E)
                  008399c0    000000e0              : Ipc.obj (.text:ti_sdo_ipc_gates_GateHWSem_enter__E)
                  00839aa0    000000e0              : Ipc.obj (.text:ti_sdo_ipc_heaps_HeapBufMP_getStats__F)
                  00839b80    000000e0     sysbios.ae66 : BIOS.obj (.text:ti_sysbios_family_c64p_Hwi_Instance_finalize__F)
                  00839c60    000000e0                  : BIOS.obj (.text:ti_sysbios_family_c64p_Hwi_Instance_init__F)
                  00839d40    000000e0     TRS_SYSBIOS_pe66.oe66 (.text:ti_sysbios_family_c64p_Hwi_Object__create__S)
                  00839e20    000000e0     TRS_SYSBIOS_pe66.oe66 (.text:ti_sysbios_hal_Hwi_Object__create__S)
                  00839f00    000000e0     sysbios.ae66 : BIOS.obj (.text:ti_sysbios_knl_Swi_Instance_finalize__F)
                  00839fe0    000000e0                  : BIOS.obj (.text:ti_sysbios_timers_timer64_Timer_startup__E)
                  0083a0c0    000000e0     ti.targets.rts6000.ae66 : Error.oe66 (.text:xdc_runtime_Error_print__F)
                  0083a1a0    000000e0                             : Memory.oe66 (.text:xdc_runtime_Memory_alloc__F)
                  0083a280    000000c0     rts6600_elf.lib : trgdrv.obj (.text:HOSTread)
                  0083a340    000000c0                     : trgdrv.obj (.text:HOSTunlink)
                  0083a400    000000c0                     : trgdrv.obj (.text:HOSTwrite)
                  0083a4c0    000000c0     ipc.ae66 : Ipc.obj (.text:HeapMemMP_create)
                  0083a580    000000c0              : Ipc.obj (.text:ListMP_create)
                  0083a640    000000c0              : Ipc.obj (.text:MessageQ_create2)
                  0083a700    000000c0     ti.drv.qmss.ae66 : qmss_drv.oe66 (.text:Qmss_setEoiVector)
                  0083a7c0    000000c0                      : qmss_drv.oe66 (.text:Qmss_setQueueThreshold)
                  0083a880    000000c0     ti.drv.srio.ae66 : srio_drv.oe66 (.text:Srio_getDescSize:Srio_getDescSize)
                  0083a940    000000c0     rts6600_elf.lib : dtor_list.obj (.text:_Z11__TI_atexitPFYvPvES_S_)
                  0083aa00    000000c0                     : dtor_list.obj (.text:__cxa_finalize)
                  0083aac0    000000c0                     : divu.obj (.text:__divu)
                  0083ab80    000000c0                     : fflush.obj (.text:_doflush)
                  0083ac40    000000c0     ti.csl.ae66 : csl_tmrOpen.oe66 (.text:csl_section:tmr:CSL_tmrOpen)
                  0083ad00    000000c0     rts6600_elf.lib : exit.obj (.text:exit)
                  0083adc0    000000c0     ti.drv.pa.ae66 : pa.oe66 (.text:pa_format_stats_request)
                  0083ae80    000000c0     TRS_SYSBIOS_pe66.oe66 (.text:ti_sdo_ipc_GateMP_Object__create__S)
                  0083af40    000000c0     ipc.ae66 : Ipc.obj (.text:ti_sdo_ipc_GateMP_getRegion0ReservedSize__F)
                  0083b000    000000c0     TRS_SYSBIOS_pe66.oe66 (.text:ti_sdo_ipc_ListMP_Object__create__S)
                  0083b0c0    000000c0     TRS_SYSBIOS_pe66.oe66 (.text:ti_sdo_ipc_MessageQ_Object__create__S)
                  0083b180    000000c0     TRS_SYSBIOS_pe66.oe66 (.text:ti_sdo_ipc_gates_GatePeterson_Object__create__S)
                  0083b240    000000c0     TRS_SYSBIOS_pe66.oe66 (.text:ti_sdo_ipc_heaps_HeapBufMP_Object__create__S)
                  0083b300    000000c0     TRS_SYSBIOS_pe66.oe66 (.text:ti_sdo_ipc_heaps_HeapMemMP_Object__create__S)
                  0083b3c0    000000c0     TRS_SYSBIOS_pe66.oe66 (.text:ti_sdo_ipc_notifyDrivers_NotifyDriverShm_Object__create__S)
                  0083b480    000000c0     TRS_SYSBIOS_pe66.oe66 (.text:ti_sdo_ipc_nsremote_NameServerRemoteNotify_Object__create__S)
                  0083b540    000000c0     ipc.ae66 : Ipc.obj (.text:ti_sdo_ipc_transports_TransportShmCircSetup_attach__E)
                  0083b600    000000c0     TRS_SYSBIOS_pe66.oe66 (.text:ti_sdo_ipc_transports_TransportShmCirc_Object__create__S)
                  0083b6c0    000000c0     sysbios.ae66 : BIOS.obj (.text:ti_sysbios_BIOS_errorRaiseHook__I)
                  0083b780    000000c0                  : BIOS.obj (.text:ti_sysbios_gates_GateAll_leave__E)
                  0083b840    000000c0                  : BIOS.obj (.text:ti_sysbios_heaps_HeapMem_getStats__E)
                  0083b900    000000c0     TRS_SYSBIOS_pe66.oe66 (.text:ti_sysbios_knl_Swi_Object__create__S)
                  0083b9c0    000000c0     sysbios.ae66 : BIOS.obj (.text:ti_sysbios_knl_Swi_schedule__I)
                  0083ba80    000000c0     TRS_SYSBIOS_pe66.oe66 (.text:ti_sysbios_knl_Task_Object__create__S)
                  0083bb40    000000c0     sysbios.ae66 : BIOS.obj (.text:ti_sysbios_knl_Task_allBlockedFunction__I)
                  0083bc00    000000c0     TRS_SYSBIOS_pe66.oe66 (.text:ti_sysbios_syncs_SyncSem_Object__create__S)
                  0083bcc0    000000c0     sysbios.ae66 : BIOS.obj (.text:ti_sysbios_timers_timer64_Timer_stop__E)
                  0083bd80    000000c0     ti.targets.rts6000.ae66 : System.oe66 (.text:xdc_runtime_System_formatNum__I)
                  0083be40    000000c0     TRS_SYSBIOS_pe66.oe66 (.text:xdc_runtime_knl_GateThread_Object__create__S)
                  0083bf00    000000a0     ti.drv.cppi.ae66 : cppi_drv.oe66 (.text:Cppi_channelEnable)
                  0083bfa0    000000a0     rts6600_elf.lib : trgdrv.obj (.text:HOSTclose)
                  0083c040    000000a0     ti.drv.qmss.ae66 : qmss_drv.oe66 (.text:Qmss_queueClose)
                  0083c0e0    000000a0                      : qmss_drv.oe66 (.text:Qmss_startCfg)
                  0083c180    000000a0     rts6600_elf.lib : remu.obj (.text:__remu)
                  0083c220    000000a0     boot.ae66 : boot.oe66 (.text:_c_int00)
                  0083c2c0    000000a0     rts6600_elf.lib : fopen.obj (.text:_cleanup)
                  0083c360    000000a0                     : _printfi.obj (.text:_ecpy)
                  0083c400    000000a0                     : _printfi.obj (.text:_fcpy)
                  0083c4a0    000000a0                     : _printfi.obj (.text:_pconv_f)
                  0083c540    000000a0     sysbios.ae66 : c64p_Hwi_asm.obj (.text:_ti_sysbios_family_c64p_Hwi_plug__E)
                  0083c5e0    000000a0     ti.drv.cppi.ae66 : cppi_heap.oe66 (.text:cppi_internal_heap_malloc)
                  0083c680    000000a0                      : cppi_listlib.oe66 (.text:cppi_list_cat)
                  0083c720    000000a0     rts6600_elf.lib : lowlev.obj (.text:finddevice)
                  0083c7c0    000000a0                     : lowlev.obj (.text:lseek)
                  0083c860    000000a0                     : memcpy64.obj (.text:memcpy)
                  0083c900    000000a0     ti.drv.pa.ae66 : pa.oe66 (.text:pa_format_fcmd_header)
                  0083c9a0    000000a0                    : pa.oe66 (.text:pa_pdsp_run)
                  0083ca40    000000a0     ipc.ae66 : Ipc.obj (.text:ti_sdo_ipc_family_c647x_Interrupt_intUnregister__E)
                  0083cae0    000000a0              : Ipc.obj (.text:ti_sdo_ipc_gates_GatePeterson_leave__E)
                  0083cb80    000000a0     sysbios.ae66 : BIOS.obj (.text:ti_sysbios_family_c64p_Exception_Module_startup__F)
                  0083cc20    000000a0                  : BIOS.obj (.text:ti_sysbios_family_c66_tci66xx_CpIntc_mapSysIntToHostInt__F)
                  0083ccc0    000000a0                  : BIOS.obj (.text:ti_sysbios_heaps_HeapMem_init__I)
                  0083cd60    000000a0                  : BIOS.obj (.text:ti_sysbios_knl_Idle_run__E)
                  0083ce00    000000a0                  : BIOS.obj (.text:ti_sysbios_syncs_SyncSem_wait__F)
                  0083cea0    000000a0     rts6600_elf.lib : lowlev.obj (.text:write)
                  0083cf40    000000a0     ti.targets.rts6000.ae66 : Assert.oe66 (.text:xdc_runtime_Assert_raise__I)
                  0083cfe0    000000a0                             : SysMin.oe66 (.text:xdc_runtime_SysMin_abort__F)
                  0083d080    000000a0                             : SysMin.oe66 (.text:xdc_runtime_SysMin_flush__F)
                  0083d120    000000a0                             : SysMin.oe66 (.text:xdc_runtime_SysMin_putch__F)
                  0083d1c0    000000a0                             : Text.oe66 (.text:xdc_runtime_Text_xprintf__I)
                  0083d260    00000080     ti.drv.cppi.ae66 : cppi_drv.oe66 (.text:Cppi_setCpdmaLoopback)
                  0083d2e0    00000080     ipc.ae66 : Ipc.obj (.text:GateMP_create)
                  0083d360    00000080              : Ipc.obj (.text:HeapBufMP_Params_init)
                  0083d3e0    00000080     ti.drv.pa.ae66 : painit.oe66 (.text:Pa_getBufferReq)
                  0083d460    00000080     ti.drv.qmss.ae66 : qmss_drv.oe66 (.text:Qmss_getMemRegQueueHandle)
                  0083d4e0    00000080                      : qmss_drv.oe66 (.text:Qmss_queueOpen)
                  0083d560    00000080     rts6600_elf.lib : fixdu.obj (.text:__c6xabi_fixdu)
                  0083d5e0    00000080                     : llshift.obj (.text:__c6xabi_llshl)
                  0083d660    00000080     sysbios.ae66 : c62_TaskSupport_asm.obj (.text:_ti_sysbios_family_c62_TaskSupport_swap__E)
                  0083d6e0    00000080     ti.drv.cppi.ae66 : cppi_heap.oe66 (.text:cppi_internal_heap_cache_begin)
                  0083d760    00000080                      : cppi_listlib.oe66 (.text:cppi_list_remove)
                  0083d7e0    00000080     debug_spurious_intr.obj (.text)
                  0083d860    00000080     TRS_SYSBIOS_pe66.oe66 (.text:malloc)
                  0083d8e0    00000080     ti.drv.pa.ae66 : pa.oe66 (.text:pa_uint8_match)
                  0083d960    00000080     rts6600_elf.lib : trgmsg.obj (.text:readmsg)
                  0083d9e0    00000080     ti.drv.pa.ae66 : pa.oe66 (.text:swizFcmd)
                  0083da60    00000080     TRS_SYSBIOS_pe66.oe66 (.text:ti_sdo_ipc_gates_GateHWSem_Object__create__S)
                  0083dae0    00000080     TRS_SYSBIOS_pe66.oe66 (.text:ti_sdo_ipc_gates_GateMPSupportNull_Object__create__S)
                  0083db60    00000080     ipc.ae66 : Ipc.obj (.text:ti_sdo_ipc_notifyDrivers_NotifyDriverShm_Instance_finalize__F)
                  0083dbe0    00000080              : Ipc.obj (.text:ti_sdo_ipc_nsremote_NameServerRemoteNotify_detach__E)
                  0083dc60    00000080              : Ipc.obj (.text:ti_sdo_ipc_transports_TransportShmCirc_Instance_finalize__F)
                  0083dce0    00000080     TRS_SYSBIOS_pe66.oe66 (.text:ti_sdo_utils_List_Object__create__S)
                  0083dd60    00000080     sysbios.ae66 : BIOS.obj (.text:ti_sysbios_BIOS_exit__E)
                  0083dde0    00000080                  : BIOS.obj (.text:ti_sysbios_family_c62_TaskSupport_start__E)
                  0083de60    00000080                  : BIOS.obj (.text:ti_sysbios_family_c64p_Hwi_dispatchC__I)
                  0083dee0    00000080                  : BIOS.obj (.text:ti_sysbios_family_c64p_Hwi_getStackInfo__E)
                  0083df60    00000080                  : BIOS.obj (.text:ti_sysbios_family_c66_Cache_invL1pAll__E)
                  0083dfe0    00000080                  : BIOS.obj (.text:ti_sysbios_family_c66_tci66xx_CpIntc_getEventId__F)
                  0083e060    00000080     TRS_SYSBIOS_pe66.oe66 (.text:ti_sysbios_gates_GateAll_Object__create__S)
                  0083e0e0    00000080     TRS_SYSBIOS_pe66.oe66 (.text:ti_sysbios_gates_GateHwi_Object__create__S)
                  0083e160    00000080     TRS_SYSBIOS_pe66.oe66 (.text:ti_sysbios_gates_GateMutexPri_Object__create__S)
                  0083e1e0    00000080     TRS_SYSBIOS_pe66.oe66 (.text:ti_sysbios_gates_GateMutex_Object__create__S)
                  0083e260    00000080     TRS_SYSBIOS_pe66.oe66 (.text:ti_sysbios_gates_GateSwi_Object__create__S)
                  0083e2e0    00000080     sysbios.ae66 : BIOS.obj (.text:ti_sysbios_gates_GateSwi_leave__E)
                  0083e360    00000080                  : BIOS.obj (.text:ti_sysbios_hal_Hwi_checkStack:ti_sysbios_hal_Hwi_checkStack)
                  0083e3e0    00000080                  : BIOS.obj (.text:ti_sysbios_hal_Hwi_initStack:ti_sysbios_hal_Hwi_initStack)
                  0083e460    00000080     TRS_SYSBIOS_pe66.oe66 (.text:ti_sysbios_heaps_HeapMem_Object__create__S)
                  0083e4e0    00000080     TRS_SYSBIOS_pe66.oe66 (.text:ti_sysbios_knl_Event_Object__create__S)
                  0083e560    00000080     TRS_SYSBIOS_pe66.oe66 (.text:ti_sysbios_knl_Queue_Object__create__S)
                  0083e5e0    00000080     TRS_SYSBIOS_pe66.oe66 (.text:ti_sysbios_knl_Semaphore_Object__create__S)
                  0083e660    00000080     sysbios.ae66 : BIOS.obj (.text:ti_sysbios_knl_Swi_startup__E)
                  0083e6e0    00000080                  : BIOS.obj (.text:ti_sysbios_knl_Task_restore__E)
                  0083e760    00000080     TRS_SYSBIOS_pe66.oe66 (.text:ti_sysbios_xdcruntime_GateThreadSupport_Object__create__S)
                  0083e7e0    00000080     rts6600_elf.lib : lowlev.obj (.text:unlink)
                  0083e860    00000080     ti.targets.rts6000.ae66 : Core-label.oe66 (.text:xdc_runtime_Core_assignLabel__I)
                  0083e8e0    00000080                             : Core-params.oe66 (.text:xdc_runtime_Core_assignParams__I)
                  0083e960    00000080                             : System.oe66 (.text:xdc_runtime_System_atexit__F)
                  0083e9e0    00000080                             : System.oe66 (.text:xdc_runtime_System_putchar__I)
                  0083ea60    00000080                             : System.oe66 (.text:xdc_runtime_System_rtsExit__I)
                  0083eae0    00000080                             : Text.oe66 (.text:xdc_runtime_Text_printVisFxn__I)
                  0083eb60    00000060     ipc.ae66 : Ipc.obj (.text:GateMP_Params_init)
                  0083ebc0    00000060              : Ipc.obj (.text:HeapMemMP_Params_init)
                  0083ec20    00000060     ti.drv.pa.ae66 : pa.oe66 (.text:Pa_formatStatsReply)
                  0083ec80    00000060     Platformlib.lib : Gpio.obj (.text)
                  0083ece0    00000060     rts6600_elf.lib : frcmpyd_div.obj (.text:__c6xabi_frcmpyd_div)
                  0083ed40    00000060                     : llshift.obj (.text:__c6xabi_llshru)
                  0083eda0    00000060                     : imath64.obj (.text:__c6xabi_remull)
                  0083ee00    00000060                     : imath64.obj (.text:_subcull)
                  0083ee60    00000060     sysbios.ae66 : c64p_Hwi_asm_switch.obj (.text:_ti_sysbios_family_c64p_Hwi_switchAndDispatch__I)
                  0083eec0    00000060                  : c64p_Hwi_asm_switch.obj (.text:_ti_sysbios_family_xxx_Hwi_switchAndRunFunc)
                  0083ef20    00000060     ti.drv.cppi.ae66 : cppi_listlib.oe66 (.text:cppi_list_add)
                  0083ef80    00000060                      : cppi_listlib.oe66 (.text:cppi_list_cache_invalidate)
                  0083efe0    00000060     rts6600_elf.lib : memccpy.obj (.text:memccpy)
                  0083f040    00000060     ti.drv.pa.ae66 : painit.oe66 (.text:pa_init_global_cfg)
                  0083f0a0    00000060                    : pa.oe66 (.text:pa_uint8_zero)
                  0083f100    00000060     rts6600_elf.lib : sprintf.obj (.text:sprintf)
                  0083f160    00000060     TRS_SYSBIOS_pe66.oe66 (.text:ti_sdo_ipc_MessageQ_Object__get__S)
                  0083f1c0    00000060     ipc.ae66 : Ipc.obj (.text:ti_sdo_ipc_family_c647x_NotifySetup_sharedMemReq__E)
                  0083f220    00000060              : Ipc.obj (.text:ti_sdo_ipc_gates_GatePeterson_Instance_finalize__F)
                  0083f280    00000060              : Ipc.obj (.text:ti_sdo_ipc_notifyDrivers_NotifyDriverShm_setNotifyHandle__E)
                  0083f2e0    00000060              : Ipc.obj (.text:ti_sdo_ipc_nsremote_NameServerRemoteNotify_cbFxn__I)
                  0083f340    00000060              : Ipc.obj (.text:ti_sdo_ipc_transports_TransportShmCircSetup_sharedMemReq__E)
                  0083f3a0    00000060     TRS_SYSBIOS_pe66.oe66 (.text:ti_sdo_utils_List_Object__get__S)
                  0083f400    00000060     TRS_SYSBIOS_pe66.oe66 (.text:ti_sdo_utils_NameServer_Object__get__S)
                  0083f460    00000060     TRS_SYSBIOS_pe66.oe66 (.text:ti_sysbios_BIOS_exitFunc__I)
                  0083f4c0    00000060     sysbios.ae66 : BIOS.obj (.text:ti_sysbios_BIOS_registerRTSLock__I)
                  0083f520    00000060                  : BIOS.obj (.text:ti_sysbios_gates_GateAll_enter__E)
                  0083f580    00000060                  : BIOS.obj (.text:ti_sysbios_gates_GateMutex_Instance_init__F)
                  0083f5e0    00000060                  : BIOS.obj (.text:ti_sysbios_hal_Hwi_Instance_init__F)
                  0083f640    00000060     TRS_SYSBIOS_pe66.oe66 (.text:ti_sysbios_heaps_HeapMem_Object__get__S)
                  0083f6a0    00000060     TRS_SYSBIOS_pe66.oe66 (.text:ti_sysbios_knl_Queue_Object__get__S)
                  0083f700    00000060     sysbios.ae66 : BIOS.obj (.text:ti_sysbios_knl_Swi_Module_startup__F)
                  0083f760    00000060     TRS_SYSBIOS_pe66.oe66 (.text:ti_sysbios_knl_Swi_Object__get__S)
                  0083f7c0    00000060     TRS_SYSBIOS_pe66.oe66 (.text:ti_sysbios_knl_Task_Object__get__S)
                  0083f820    00000060     sysbios.ae66 : BIOS.obj (.text:ti_sysbios_knl_Task_enter__I)
                  0083f880    00000060     rts6600_elf.lib : vsprintf.obj (.text:vsprintf)
                  0083f8e0    00000060                     : trgmsg.obj (.text:writemsg)
                  0083f940    00000060     TRS_SYSBIOS_pe66.oe66 (.text:xdc_runtime_GateNull_Object__create__S)
                  0083f9a0    00000060     ti.targets.rts6000.ae66 : Memory.oe66 (.text:xdc_runtime_Memory_calloc__F)
                  0083fa00    00000060                             : Memory.oe66 (.text:xdc_runtime_Memory_valloc__F)
                  0083fa60    00000060                             : SysMin.oe66 (.text:xdc_runtime_SysMin_Module_startup__F)
                  0083fac0    00000060                             : SysMin.oe66 (.text:xdc_runtime_SysMin_exit__F)
                  0083fb20    00000060     TRS_SYSBIOS_pe66.oe66 (.text:xdc_runtime_SysMin_output__I)
                  0083fb80    00000060     ti.targets.rts6000.ae66 : System.oe66 (.text:xdc_runtime_System_avprintf__F)
                  0083fbe0    00000060                             : System.oe66 (.text:xdc_runtime_System_vprintf__F)
                  0083fc40    00000060                             : Text.oe66 (.text:xdc_runtime_Text_cordText__F)
                  0083fca0    00000040     ipc.ae66 : Ipc.obj (.text:MessageQ_create)
                  0083fce0    00000040     Platformlib_sub.lib : IntrDB.obj (.text)
                  0083fd20    00000040                         : delay.obj (.text)
                  0083fd60    00000040     ti.drv.qmss.ae66 : qmss_drv.oe66 (.text:Qmss_ackInterrupt)
                  0083fda0    00000040                      : qmss_drv.oe66 (.text:Qmss_getMemRegDescSize)
                  0083fde0    00000040     rts6600_elf.lib : isinf.obj (.text:__c6xabi_isinf)
                  0083fe20    00000040                     : _printfi.obj (.text:__c6xabi_isnan)
                  0083fe60    00000040                     : strasg.obj (.text:__strasgi_64plus)
                  0083fea0    00000040                     : args_main.obj (.text:_args_main)
                  0083fee0    00000040                     : sprintf.obj (.text:_outs)
                  0083ff20    00000040                     : vsprintf.obj (.text:_outs)
                  0083ff60    00000040     sysbios.ae66 : c62_TaskSupport_asm.obj (.text:_ti_sysbios_family_c62_TaskSupport_buildTaskStack)
                  0083ffa0    00000040                  : c64p_Hwi_asm_switch.obj (.text:_ti_sysbios_family_xxx_Hwi_switchToIsrStack)
                  0083ffe0    00000040     TRS_SYSBIOS_pe66.oe66 (.text:free)
                  00840020    00000040     ti.drv.pa.ae66 : pa.oe66 (.text:pa_mac_match)
                  00840060    00000040     TRS_SYSBIOS_pe66.oe66 (.text:ti_sdo_ipc_GateMP_Object__delete__S)
                  008400a0    00000040     TRS_SYSBIOS_pe66.oe66 (.text:ti_sdo_ipc_GateMP_Params__init__S)
                  008400e0    00000040     TRS_SYSBIOS_pe66.oe66 (.text:ti_sdo_ipc_GateMP_RemoteCustom1Proxy_Object__create__S)
                  00840120    00000040     TRS_SYSBIOS_pe66.oe66 (.text:ti_sdo_ipc_GateMP_RemoteCustom2Proxy_Object__create__S)
                  00840160    00000040     TRS_SYSBIOS_pe66.oe66 (.text:ti_sdo_ipc_GateMP_RemoteSystemProxy_Object__create__S)
                  008401a0    00000040     TRS_SYSBIOS_pe66.oe66 (.text:ti_sdo_ipc_ListMP_Object__delete__S)
                  008401e0    00000040     TRS_SYSBIOS_pe66.oe66 (.text:ti_sdo_ipc_ListMP_Params__init__S)
                  00840220    00000040     TRS_SYSBIOS_pe66.oe66 (.text:ti_sdo_ipc_MessageQ_Params__init__S)
                  00840260    00000040     TRS_SYSBIOS_pe66.oe66 (.text:ti_sdo_ipc_MessageQ_registerTransport__E)
                  008402a0    00000040     ipc.ae66 : Ipc.obj (.text:ti_sdo_ipc_family_c647x_Interrupt_intClear__E)
                  008402e0    00000040              : Ipc.obj (.text:ti_sdo_ipc_family_c647x_Interrupt_intSend__E)
                  00840320    00000040     TRS_SYSBIOS_pe66.oe66 (.text:ti_sdo_ipc_gates_GateHWSem_Handle__label__S)
                  00840360    00000040     TRS_SYSBIOS_pe66.oe66 (.text:ti_sdo_ipc_gates_GateHWSem_Object__delete__S)
                  008403a0    00000040     TRS_SYSBIOS_pe66.oe66 (.text:ti_sdo_ipc_gates_GateHWSem_Params__init__S)
                  008403e0    00000040     ipc.ae66 : Ipc.obj (.text:ti_sdo_ipc_gates_GateHWSem_leave__E)
                  00840420    00000040     TRS_SYSBIOS_pe66.oe66 (.text:ti_sdo_ipc_gates_GateMPSupportNull_Handle__label__S)
                  00840460    00000040     TRS_SYSBIOS_pe66.oe66 (.text:ti_sdo_ipc_gates_GateMPSupportNull_Object__delete__S)
                  008404a0    00000040     TRS_SYSBIOS_pe66.oe66 (.text:ti_sdo_ipc_gates_GateMPSupportNull_Params__init__S)
                  008404e0    00000040     TRS_SYSBIOS_pe66.oe66 (.text:ti_sdo_ipc_gates_GatePeterson_Handle__label__S)
                  00840520    00000040     TRS_SYSBIOS_pe66.oe66 (.text:ti_sdo_ipc_gates_GatePeterson_Object__delete__S)
                  00840560    00000040     TRS_SYSBIOS_pe66.oe66 (.text:ti_sdo_ipc_gates_GatePeterson_Params__init__S)
                  008405a0    00000040     ipc.ae66 : Ipc.obj (.text:ti_sdo_ipc_gates_GatePeterson_sharedMemReq__E)
                  008405e0    00000040     TRS_SYSBIOS_pe66.oe66 (.text:ti_sdo_ipc_heaps_HeapBufMP_Handle__label__S)
                  00840620    00000040     TRS_SYSBIOS_pe66.oe66 (.text:ti_sdo_ipc_heaps_HeapBufMP_Object__delete__S)
                  00840660    00000040     TRS_SYSBIOS_pe66.oe66 (.text:ti_sdo_ipc_heaps_HeapBufMP_Params__init__S)
                  008406a0    00000040     TRS_SYSBIOS_pe66.oe66 (.text:ti_sdo_ipc_heaps_HeapMemMP_Handle__label__S)
                  008406e0    00000040     TRS_SYSBIOS_pe66.oe66 (.text:ti_sdo_ipc_heaps_HeapMemMP_Object__delete__S)
                  00840720    00000040     TRS_SYSBIOS_pe66.oe66 (.text:ti_sdo_ipc_heaps_HeapMemMP_Params__init__S)
                  00840760    00000040     TRS_SYSBIOS_pe66.oe66 (.text:ti_sdo_ipc_notifyDrivers_NotifyDriverShm_Handle__label__S)
                  008407a0    00000040     TRS_SYSBIOS_pe66.oe66 (.text:ti_sdo_ipc_notifyDrivers_NotifyDriverShm_InterruptProxy_intRegister__E)
                  008407e0    00000040     TRS_SYSBIOS_pe66.oe66 (.text:ti_sdo_ipc_notifyDrivers_NotifyDriverShm_Object__delete__S)
                  00840820    00000040     TRS_SYSBIOS_pe66.oe66 (.text:ti_sdo_ipc_notifyDrivers_NotifyDriverShm_Params__init__S)
                  00840860    00000040     TRS_SYSBIOS_pe66.oe66 (.text:ti_sdo_ipc_nsremote_NameServerRemoteNotify_Handle__label__S)
                  008408a0    00000040     TRS_SYSBIOS_pe66.oe66 (.text:ti_sdo_ipc_nsremote_NameServerRemoteNotify_Object__delete__S)
                  008408e0    00000040     TRS_SYSBIOS_pe66.oe66 (.text:ti_sdo_ipc_nsremote_NameServerRemoteNotify_Object__first__S)
                  00840920    00000040     TRS_SYSBIOS_pe66.oe66 (.text:ti_sdo_ipc_nsremote_NameServerRemoteNotify_Object__next__S)
                  00840960    00000040     TRS_SYSBIOS_pe66.oe66 (.text:ti_sdo_ipc_nsremote_NameServerRemoteNotify_Params__init__S)
                  008409a0    00000040     TRS_SYSBIOS_pe66.oe66 (.text:ti_sdo_ipc_nsremote_NameServerRemoteNotify_get__E)
                  008409e0    00000040     ipc.ae66 : Ipc.obj (.text:ti_sdo_ipc_nsremote_NameServerRemoteNotify_sharedMemReq__E)
                  00840a20    00000040     TRS_SYSBIOS_pe66.oe66 (.text:ti_sdo_ipc_transports_TransportShmCirc_Handle__label__S)
                  00840a60    00000040     TRS_SYSBIOS_pe66.oe66 (.text:ti_sdo_ipc_transports_TransportShmCirc_Object__delete__S)
                  00840aa0    00000040     TRS_SYSBIOS_pe66.oe66 (.text:ti_sdo_ipc_transports_TransportShmCirc_Params__init__S)
                  00840ae0    00000040     TRS_SYSBIOS_pe66.oe66 (.text:ti_sdo_utils_List_Object__destruct__S)
                  00840b20    00000040     TRS_SYSBIOS_pe66.oe66 (.text:ti_sdo_utils_NameServer_Module__startupDone__F)
                  00840b60    00000040     TRS_SYSBIOS_pe66.oe66 (.text:ti_sdo_utils_NameServer_Object__first__S)
                  00840ba0    00000040     TRS_SYSBIOS_pe66.oe66 (.text:ti_sdo_utils_NameServer_Object__next__S)
                  00840be0    00000040     sysbios.ae66 : BIOS.obj (.text:ti_sysbios_BIOS_rtsLock__I)
                  00840c20    00000040     TRS_SYSBIOS_pe66.oe66 (.text:ti_sysbios_BIOS_startFunc__I)
                  00840c60    00000040     TRS_SYSBIOS_pe66.oe66 (.text:ti_sysbios_family_c64p_Hwi_Module__startupDone__F)
                  00840ca0    00000040     TRS_SYSBIOS_pe66.oe66 (.text:ti_sysbios_family_c64p_Hwi_Object__delete__S)
                  00840ce0    00000040     TRS_SYSBIOS_pe66.oe66 (.text:ti_sysbios_family_c64p_Hwi_Params__init__S)
                  00840d20    00000040     sysbios.ae66 : BIOS.obj (.text:ti_sysbios_family_c64p_Hwi_disableInterrupt__E)
                  00840d60    00000040                  : BIOS.obj (.text:ti_sysbios_family_c64p_Hwi_enableInterrupt__E)
                  00840da0    00000040     TRS_SYSBIOS_pe66.oe66 (.text:ti_sysbios_family_c66_tci66xx_CpIntc_dispatchPlug__E)
                  00840de0    00000040     sysbios.ae66 : BIOS.obj (.text:ti_sysbios_family_c66_tci66xx_CpIntc_dispatchPlug__F)
                  00840e20    00000040                  : BIOS.obj (.text:ti_sysbios_family_c66_tci66xx_CpIntc_unused__F)
                  00840e60    00000040     TRS_SYSBIOS_pe66.oe66 (.text:ti_sysbios_gates_GateAll_Handle__label__S)
                  00840ea0    00000040     TRS_SYSBIOS_pe66.oe66 (.text:ti_sysbios_gates_GateAll_Object__delete__S)
                  00840ee0    00000040     TRS_SYSBIOS_pe66.oe66 (.text:ti_sysbios_gates_GateHwi_Handle__label__S)
                  00840f20    00000040     TRS_SYSBIOS_pe66.oe66 (.text:ti_sysbios_gates_GateHwi_Object__delete__S)
                  00840f60    00000040     TRS_SYSBIOS_pe66.oe66 (.text:ti_sysbios_gates_GateMutexPri_Handle__label__S)
                  00840fa0    00000040     sysbios.ae66 : BIOS.obj (.text:ti_sysbios_gates_GateMutexPri_Instance_init__F)
                  00840fe0    00000040     TRS_SYSBIOS_pe66.oe66 (.text:ti_sysbios_gates_GateMutexPri_Object__delete__S)
                  00841020    00000040     TRS_SYSBIOS_pe66.oe66 (.text:ti_sysbios_gates_GateMutexPri_Object__destruct__S)
                  00841060    00000040     TRS_SYSBIOS_pe66.oe66 (.text:ti_sysbios_gates_GateMutex_Handle__label__S)
                  008410a0    00000040     TRS_SYSBIOS_pe66.oe66 (.text:ti_sysbios_gates_GateMutex_Object__delete__S)
                  008410e0    00000040     sysbios.ae66 : BIOS.obj (.text:ti_sysbios_gates_GateMutex_leave__E)
                  00841120    00000040     TRS_SYSBIOS_pe66.oe66 (.text:ti_sysbios_gates_GateSwi_Handle__label__S)
                  00841160    00000040     TRS_SYSBIOS_pe66.oe66 (.text:ti_sysbios_gates_GateSwi_Object__delete__S)
                  008411a0    00000040     TRS_SYSBIOS_pe66.oe66 (.text:ti_sysbios_hal_Cache_CacheProxy_inv__E)
                  008411e0    00000040     TRS_SYSBIOS_pe66.oe66 (.text:ti_sysbios_hal_Cache_CacheProxy_wbInv__E)
                  00841220    00000040     TRS_SYSBIOS_pe66.oe66 (.text:ti_sysbios_hal_Cache_CacheProxy_wb__E)
                  00841260    00000040     TRS_SYSBIOS_pe66.oe66 (.text:ti_sysbios_hal_Hwi_HwiProxy_Object__create__S)
                  008412a0    00000040     sysbios.ae66 : BIOS.obj (.text:ti_sysbios_hal_Hwi_Instance_finalize__F)
                  008412e0    00000040     TRS_SYSBIOS_pe66.oe66 (.text:ti_sysbios_hal_Hwi_Params__init__S)
                  00841320    00000040     TRS_SYSBIOS_pe66.oe66 (.text:ti_sysbios_hal_Timer_Module__startupDone__F)
                  00841360    00000040     TRS_SYSBIOS_pe66.oe66 (.text:ti_sysbios_heaps_HeapMem_Handle__label__S)
                  008413a0    00000040     TRS_SYSBIOS_pe66.oe66 (.text:ti_sysbios_heaps_HeapMem_Object__delete__S)
                  008413e0    00000040     sysbios.ae66 : BIOS.obj (.text:ti_sysbios_knl_Event_Instance_init__F)
                  00841420    00000040     TRS_SYSBIOS_pe66.oe66 (.text:ti_sysbios_knl_Queue_Object__destruct__S)
                  00841460    00000040     TRS_SYSBIOS_pe66.oe66 (.text:ti_sysbios_knl_Semaphore_Object__delete__S)
                  008414a0    00000040     TRS_SYSBIOS_pe66.oe66 (.text:ti_sysbios_knl_Semaphore_Object__destruct__S)
                  008414e0    00000040     TRS_SYSBIOS_pe66.oe66 (.text:ti_sysbios_knl_Semaphore_Params__init__S)
                  00841520    00000040     TRS_SYSBIOS_pe66.oe66 (.text:ti_sysbios_knl_Swi_Object__destruct__S)
                  00841560    00000040     TRS_SYSBIOS_pe66.oe66 (.text:ti_sysbios_knl_Swi_Params__init__S)
                  008415a0    00000040     TRS_SYSBIOS_pe66.oe66 (.text:ti_sysbios_knl_Task_Params__init__S)
                  008415e0    00000040     TRS_SYSBIOS_pe66.oe66 (.text:ti_sysbios_syncs_SyncSem_Handle__label__S)
                  00841620    00000040     sysbios.ae66 : BIOS.obj (.text:ti_sysbios_syncs_SyncSem_Instance_finalize__F)
                  00841660    00000040     TRS_SYSBIOS_pe66.oe66 (.text:ti_sysbios_syncs_SyncSem_Object__delete__S)
                  008416a0    00000040     TRS_SYSBIOS_pe66.oe66 (.text:ti_sysbios_timers_timer64_Timer_Module__startupDone__F)
                  008416e0    00000040     sysbios.ae66 : BIOS.obj (.text:ti_sysbios_xdcruntime_GateThreadSupport_Instance_init__F)
                  00841720    00000040     TRS_SYSBIOS_pe66.oe66 (.text:ti_sysbios_xdcruntime_GateThreadSupport_Object__delete__S)
                  00841760    00000040     ti.targets.rts6000.ae66 : Error.oe66 (.text:xdc_runtime_Error_check__F)
                  008417a0    00000040                             : Error.oe66 (.text:xdc_runtime_Error_init__F)
                  008417e0    00000040     TRS_SYSBIOS_pe66.oe66 (.text:xdc_runtime_Error_raiseX__E)
                  00841820    00000040     TRS_SYSBIOS_pe66.oe66 (.text:xdc_runtime_GateNull_Handle__label__S)
                  00841860    00000040     TRS_SYSBIOS_pe66.oe66 (.text:xdc_runtime_GateNull_Object__delete__S)
                  008418a0    00000040     ti.targets.rts6000.ae66 : Gate.oe66 (.text:xdc_runtime_Gate_leaveSystem__F)
                  008418e0    00000040     TRS_SYSBIOS_pe66.oe66 (.text:xdc_runtime_IHeap_alloc)
                  00841920    00000040     TRS_SYSBIOS_pe66.oe66 (.text:xdc_runtime_IHeap_free)
                  00841960    00000040     ti.targets.rts6000.ae66 : Memory.oe66 (.text:xdc_runtime_Memory_free__F)
                  008419a0    00000040     TRS_SYSBIOS_pe66.oe66 (.text:xdc_runtime_Memory_valloc__E)
                  008419e0    00000040     ti.targets.rts6000.ae66 : Registry.oe66 (.text:xdc_runtime_Registry_findById__F)
                  00841a20    00000040     TRS_SYSBIOS_pe66.oe66 (.text:xdc_runtime_Startup_exec__I)
                  00841a60    00000040     ti.targets.rts6000.ae66 : System.oe66 (.text:xdc_runtime_System_abort__F)
                  00841aa0    00000040     TRS_SYSBIOS_pe66.oe66 (.text:xdc_runtime_System_aprintf__E)
                  00841ae0    00000040     TRS_SYSBIOS_pe66.oe66 (.text:xdc_runtime_System_printf__E)
                  00841b20    00000040     ti.targets.rts6000.ae66 : Text.oe66 (.text:xdc_runtime_Text_ropeText__F)
                  00841b60    00000040     TRS_SYSBIOS_pe66.oe66 (.text:xdc_runtime_Text_visitRope__I)
                  00841ba0    00000040     TRS_SYSBIOS_pe66.oe66 (.text:xdc_runtime_knl_GateThread_Handle__label__S)
                  00841be0    00000040     ti.targets.rts6000.ae66 : GateThread.oe66 (.text:xdc_runtime_knl_GateThread_Instance_finalize__F)
                  00841c20    00000040                             : GateThread.oe66 (.text:xdc_runtime_knl_GateThread_Instance_init__F)
                  00841c60    00000040     TRS_SYSBIOS_pe66.oe66 (.text:xdc_runtime_knl_GateThread_Object__delete__S)
                  00841ca0    00000040     TRS_SYSBIOS_pe66.oe66 (.text:xdc_runtime_knl_GateThread_Proxy_Object__create__S)
                  00841ce0    00000020     ti.csl.ae66 : csl_gpioGetBaseAddress.oe66 (.text:CSL_GPIO_open)
                  00841d00    00000020                 : csl_srioGetBaseAddress.oe66 (.text:CSL_SRIO_Open)
                  00841d20    00000020     ti.drv.cppi.ae66 : cppi_drv.oe66 (.text:Cppi_getFlowId)
                  00841d40    00000020                      : cppi_drv.oe66 (.text:Cppi_init)
                  00841d60    00000020     ipc.ae66 : Ipc.obj (.text:MultiProc_self)
                  00841d80    00000020     ti.drv.pa.ae66 : pa.oe66 (.text:Pa_requestStats)
                  00841da0    00000020     ti.drv.qmss.ae66 : qmss_drv.oe66 (.text:Qmss_getQueueHandle)
                  00841dc0    00000020                      : qmss_drv.oe66 (.text:Qmss_getQueueNumber)
                  00841de0    00000020                      : qmss_drv.oe66 (.text:Qmss_start)
                  00841e00    00000020     rts6600_elf.lib : negll.obj (.text:__c6xabi_negll)
                  00841e20    00000020                     : dtor_list.obj (.text:__cxa_atexit)
                  00841e40    00000020                     : dtor_list.obj (.text:__cxa_ia64_exit)
                  00841e60    00000020                     : push.obj (.text:__pop_rts)
                  00841e80    00000020                     : push.obj (.text:__push_rts)
                  00841ea0    00000020     ti.targets.rts6000.ae66 : xdc_noinit.oe66 (.text:__xdc__init)
                  00841ec0    00000020     rts6600_elf.lib : _lock.obj (.text:_nop)
                  00841ee0    00000020                     : printf.obj (.text:_outc)
                  00841f00    00000020                     : sprintf.obj (.text:_outc)
                  00841f20    00000020                     : vsprintf.obj (.text:_outc)
                  00841f40    00000020                     : printf.obj (.text:_outs)
                  00841f60    00000020                     : _lock.obj (.text:_register_lock)
                  00841f80    00000020                     : _lock.obj (.text:_register_unlock)
                  00841fa0    00000020     sysbios.ae66 : c62_TaskSupport_asm.obj (.text:_ti_sysbios_family_c62_TaskSupport_glue)
                  00841fc0    00000020                  : c64p_Hwi_asm_switch.obj (.text:_ti_sysbios_family_xxx_Hwi_switchToTaskStack)
                  00841fe0    00000020     rts6600_elf.lib : exit.obj (.text:abort)
                  00842000    00000020                     : dtor_list.obj (.text:atexit)
                  00842020    00000020     ti.drv.cppi.ae66 : cppi_listlib.oe66 (.text:cppi_list_get_head)
                  00842040    00000020                      : cppi_listlib.oe66 (.text:cppi_list_get_next)
                  00842060    00000020     ti.csl.ae66 : csl_tmrInit.oe66 (.text:csl_section:tmr:CSL_tmrInit)
                  00842080    00000020                 : csl_tsc.oe66 (.text:cslsys_section:tsc)
                  008420a0    00000020     rts6600_elf.lib : copy_decompress_none.obj (.text:decompress:none:__TI_decompress_none)
                  008420c0    00000020                     : copy_decompress_rle.obj (.text:decompress:rle24:__TI_decompress_rle24)
                  008420e0    00000020     main.obj (.text)
                  00842100    00000020     ti.drv.pa.ae66 : pa.oe66 (.text:pa_u16_match)
                  00842120    00000020                    : pa.oe66 (.text:pa_u32_match)
                  00842140    00000020     TRS_SYSBIOS_pe66.oe66 (.text:ti_sdo_ipc_GateMP_RemoteCustom1Proxy_Object__delete__S)
                  00842160    00000020     TRS_SYSBIOS_pe66.oe66 (.text:ti_sdo_ipc_GateMP_RemoteCustom1Proxy_Params__init__S)
                  00842180    00000020     TRS_SYSBIOS_pe66.oe66 (.text:ti_sdo_ipc_GateMP_RemoteCustom1Proxy_Proxy__abstract__S)
                  008421a0    00000020     TRS_SYSBIOS_pe66.oe66 (.text:ti_sdo_ipc_GateMP_RemoteCustom1Proxy_Proxy__delegate__S)
                  008421c0    00000020     TRS_SYSBIOS_pe66.oe66 (.text:ti_sdo_ipc_GateMP_RemoteCustom1Proxy_getReservedMask__E)
                  008421e0    00000020     TRS_SYSBIOS_pe66.oe66 (.text:ti_sdo_ipc_GateMP_RemoteCustom1Proxy_sharedMemReq__E)
                  00842200    00000020     TRS_SYSBIOS_pe66.oe66 (.text:ti_sdo_ipc_GateMP_RemoteCustom2Proxy_Object__delete__S)
                  00842220    00000020     TRS_SYSBIOS_pe66.oe66 (.text:ti_sdo_ipc_GateMP_RemoteCustom2Proxy_Params__init__S)
                  00842240    00000020     TRS_SYSBIOS_pe66.oe66 (.text:ti_sdo_ipc_GateMP_RemoteCustom2Proxy_Proxy__abstract__S)
                  00842260    00000020     TRS_SYSBIOS_pe66.oe66 (.text:ti_sdo_ipc_GateMP_RemoteCustom2Proxy_Proxy__delegate__S)
                  00842280    00000020     TRS_SYSBIOS_pe66.oe66 (.text:ti_sdo_ipc_GateMP_RemoteCustom2Proxy_getReservedMask__E)
                  008422a0    00000020     TRS_SYSBIOS_pe66.oe66 (.text:ti_sdo_ipc_GateMP_RemoteCustom2Proxy_sharedMemReq__E)
                  008422c0    00000020     TRS_SYSBIOS_pe66.oe66 (.text:ti_sdo_ipc_GateMP_RemoteSystemProxy_Object__delete__S)
                  008422e0    00000020     TRS_SYSBIOS_pe66.oe66 (.text:ti_sdo_ipc_GateMP_RemoteSystemProxy_Params__init__S)
                  00842300    00000020     TRS_SYSBIOS_pe66.oe66 (.text:ti_sdo_ipc_GateMP_RemoteSystemProxy_Proxy__abstract__S)
                  00842320    00000020     TRS_SYSBIOS_pe66.oe66 (.text:ti_sdo_ipc_GateMP_RemoteSystemProxy_Proxy__delegate__S)
                  00842340    00000020     TRS_SYSBIOS_pe66.oe66 (.text:ti_sdo_ipc_GateMP_RemoteSystemProxy_getReservedMask__E)
                  00842360    00000020     TRS_SYSBIOS_pe66.oe66 (.text:ti_sdo_ipc_GateMP_RemoteSystemProxy_sharedMemReq__E)
                  00842380    00000020     TRS_SYSBIOS_pe66.oe66 (.text:ti_sdo_ipc_GateMP_attach__E)
                  008423a0    00000020     TRS_SYSBIOS_pe66.oe66 (.text:ti_sdo_ipc_GateMP_getRegion0ReservedSize__E)
                  008423c0    00000020     TRS_SYSBIOS_pe66.oe66 (.text:ti_sdo_ipc_GateMP_getSharedAddr__E)
                  008423e0    00000020     ipc.ae66 : Ipc.obj (.text:ti_sdo_ipc_GateMP_getSharedAddr__F)
                  00842400    00000020     TRS_SYSBIOS_pe66.oe66 (.text:ti_sdo_ipc_GateMP_start__E)
                  00842420    00000020     TRS_SYSBIOS_pe66.oe66 (.text:ti_sdo_ipc_MessageQ_Module_startup__E)
                  00842440    00000020     TRS_SYSBIOS_pe66.oe66 (.text:ti_sdo_ipc_MessageQ_SetupTransportProxy_attach__E)
                  00842460    00000020     TRS_SYSBIOS_pe66.oe66 (.text:ti_sdo_ipc_MessageQ_SetupTransportProxy_isRegistered__E)
                  00842480    00000020     TRS_SYSBIOS_pe66.oe66 (.text:ti_sdo_ipc_MessageQ_SetupTransportProxy_sharedMemReq__E)
                  008424a0    00000020     TRS_SYSBIOS_pe66.oe66 (.text:ti_sdo_ipc_MessageQ_unregisterTransport__E)
                  008424c0    00000020     TRS_SYSBIOS_pe66.oe66 (.text:ti_sdo_ipc_Notify_Module_GateProxy_enter__E)
                  008424e0    00000020     TRS_SYSBIOS_pe66.oe66 (.text:ti_sdo_ipc_Notify_Module_GateProxy_leave__E)
                  00842500    00000020     TRS_SYSBIOS_pe66.oe66 (.text:ti_sdo_ipc_Notify_Module_startup__E)
                  00842520    00000020     TRS_SYSBIOS_pe66.oe66 (.text:ti_sdo_ipc_Notify_SetupProxy_attach__E)
                  00842540    00000020     TRS_SYSBIOS_pe66.oe66 (.text:ti_sdo_ipc_Notify_SetupProxy_numIntLines__E)
                  00842560    00000020     TRS_SYSBIOS_pe66.oe66 (.text:ti_sdo_ipc_Notify_SetupProxy_sharedMemReq__E)
                  00842580    00000020     TRS_SYSBIOS_pe66.oe66 (.text:ti_sdo_ipc_Notify_exec__E)
                  008425a0    00000020     TRS_SYSBIOS_pe66.oe66 (.text:ti_sdo_ipc_SharedRegion_attach__E)
                  008425c0    00000020     TRS_SYSBIOS_pe66.oe66 (.text:ti_sdo_ipc_SharedRegion_clearReservedMemory__E)
                  008425e0    00000020     TRS_SYSBIOS_pe66.oe66 (.text:ti_sdo_ipc_SharedRegion_reserveMemory__E)
                  00842600    00000020     TRS_SYSBIOS_pe66.oe66 (.text:ti_sdo_ipc_SharedRegion_start__E)
                  00842620    00000020     TRS_SYSBIOS_pe66.oe66 (.text:ti_sdo_ipc_family_c647x_Interrupt_Module_startup__E)
                  00842640    00000020     ipc.ae66 : Ipc.obj (.text:ti_sdo_ipc_family_c647x_Interrupt_intDisable__E)
                  00842660    00000020              : Ipc.obj (.text:ti_sdo_ipc_family_c647x_Interrupt_intEnable__E)
                  00842680    00000020              : Ipc.obj (.text:ti_sdo_ipc_family_c647x_NotifySetup_numIntLines__E)
                  008426a0    00000020     TRS_SYSBIOS_pe66.oe66 (.text:ti_sdo_ipc_gates_GateHWSem_Module_startup__E)
                  008426c0    00000020     ipc.ae66 : Ipc.obj (.text:ti_sdo_ipc_gates_GateHWSem_getReservedMask__E)
                  008426e0    00000020     TRS_SYSBIOS_pe66.oe66 (.text:ti_sdo_ipc_gates_GateHWSem_query__E)
                  00842700    00000020     ipc.ae66 : Ipc.obj (.text:ti_sdo_ipc_gates_GateHWSem_query__F)
                  00842720    00000020              : Ipc.obj (.text:ti_sdo_ipc_gates_GateHWSem_sharedMemReq__E)
                  00842740    00000020              : Ipc.obj (.text:ti_sdo_ipc_gates_GateMPSupportNull_Instance_init__F)
                  00842760    00000020              : Ipc.obj (.text:ti_sdo_ipc_gates_GateMPSupportNull_getReservedMask__E)
                  00842780    00000020     TRS_SYSBIOS_pe66.oe66 (.text:ti_sdo_ipc_gates_GateMPSupportNull_query__E)
                  008427a0    00000020     ipc.ae66 : Ipc.obj (.text:ti_sdo_ipc_gates_GateMPSupportNull_query__F)
                  008427c0    00000020              : Ipc.obj (.text:ti_sdo_ipc_gates_GateMPSupportNull_sharedMemReq__E)
                  008427e0    00000020              : Ipc.obj (.text:ti_sdo_ipc_gates_GatePeterson_getReservedMask__E)
                  00842800    00000020     TRS_SYSBIOS_pe66.oe66 (.text:ti_sdo_ipc_gates_GatePeterson_query__E)
                  00842820    00000020     ipc.ae66 : Ipc.obj (.text:ti_sdo_ipc_gates_GatePeterson_query__F)
                  00842840    00000020     TRS_SYSBIOS_pe66.oe66 (.text:ti_sdo_ipc_heaps_HeapBufMP_getStats__E)
                  00842860    00000020     TRS_SYSBIOS_pe66.oe66 (.text:ti_sdo_ipc_heaps_HeapBufMP_isBlocking__E)
                  00842880    00000020     ipc.ae66 : Ipc.obj (.text:ti_sdo_ipc_heaps_HeapBufMP_isBlocking__F)
                  008428a0    00000020     TRS_SYSBIOS_pe66.oe66 (.text:ti_sdo_ipc_heaps_HeapMemMP_isBlocking__E)
                  008428c0    00000020     ipc.ae66 : Ipc.obj (.text:ti_sdo_ipc_heaps_HeapMemMP_isBlocking__F)
                  008428e0    00000020     TRS_SYSBIOS_pe66.oe66 (.text:ti_sdo_ipc_notifyDrivers_NotifyDriverShm_InterruptProxy_intClear__E)
                  00842900    00000020     TRS_SYSBIOS_pe66.oe66 (.text:ti_sdo_ipc_notifyDrivers_NotifyDriverShm_InterruptProxy_intDisable__E)
                  00842920    00000020     TRS_SYSBIOS_pe66.oe66 (.text:ti_sdo_ipc_notifyDrivers_NotifyDriverShm_InterruptProxy_intEnable__E)
                  00842940    00000020     TRS_SYSBIOS_pe66.oe66 (.text:ti_sdo_ipc_notifyDrivers_NotifyDriverShm_InterruptProxy_intSend__E)
                  00842960    00000020     TRS_SYSBIOS_pe66.oe66 (.text:ti_sdo_ipc_notifyDrivers_NotifyDriverShm_InterruptProxy_intUnregister__E)
                  00842980    00000020     ipc.ae66 : Ipc.obj (.text:ti_sdo_ipc_notifyDrivers_NotifyDriverShm_disable__E)
                  008429a0    00000020              : Ipc.obj (.text:ti_sdo_ipc_notifyDrivers_NotifyDriverShm_enable__E)
                  008429c0    00000020     TRS_SYSBIOS_pe66.oe66 (.text:ti_sdo_ipc_notifyDrivers_NotifyDriverShm_sharedMemReq__E)
                  008429e0    00000020     ipc.ae66 : Ipc.obj (.text:ti_sdo_ipc_nsremote_NameServerRemoteNotify_swiFxnResponse__I)
                  00842a00    00000020              : Ipc.obj (.text:ti_sdo_ipc_transports_TransportShmCircSetup_isRegistered__E)
                  00842a20    00000020              : Ipc.obj (.text:ti_sdo_ipc_transports_TransportShmCirc_control__E)
                  00842a40    00000020              : Ipc.obj (.text:ti_sdo_ipc_transports_TransportShmCirc_getStatus__E)
                  00842a60    00000020              : Ipc.obj (.text:ti_sdo_ipc_transports_TransportShmCirc_notifyFxn__I)
                  00842a80    00000020     TRS_SYSBIOS_pe66.oe66 (.text:ti_sdo_ipc_transports_TransportShmCirc_setErrFxn__E)
                  00842aa0    00000020     ipc.ae66 : Ipc.obj (.text:ti_sdo_ipc_transports_TransportShmCirc_setErrFxn__F)
                  00842ac0    00000020     TRS_SYSBIOS_pe66.oe66 (.text:ti_sdo_ipc_transports_TransportShmCirc_sharedMemReq__E)
                  00842ae0    00000020     ipc.ae66 : Ipc.obj (.text:ti_sdo_utils_List_Instance_init__F)
                  00842b00    00000020     TRS_SYSBIOS_pe66.oe66 (.text:ti_sdo_utils_MultiProc_getClusterId__E)
                  00842b20    00000020     ipc.ae66 : Ipc.obj (.text:ti_sdo_utils_MultiProc_getClusterId__F)
                  00842b40    00000020     TRS_SYSBIOS_pe66.oe66 (.text:ti_sdo_utils_NameServer_Module__startupDone__S)
                  00842b60    00000020     TRS_SYSBIOS_pe66.oe66 (.text:ti_sdo_utils_NameServer_Module_startup__E)
                  00842b80    00000020     TRS_SYSBIOS_pe66.oe66 (.text:ti_sdo_utils_NameServer_SetupProxy_attach__E)
                  00842ba0    00000020     TRS_SYSBIOS_pe66.oe66 (.text:ti_sdo_utils_NameServer_SetupProxy_sharedMemReq__E)
                  00842bc0    00000020     TRS_SYSBIOS_pe66.oe66 (.text:ti_sysbios_BIOS_RtsGateProxy_enter__E)
                  00842be0    00000020     TRS_SYSBIOS_pe66.oe66 (.text:ti_sysbios_BIOS_RtsGateProxy_leave__E)
                  00842c00    00000020     sysbios.ae66 : BIOS.obj (.text:ti_sysbios_BIOS_getThreadType__E)
                  00842c20    00000020                  : BIOS.obj (.text:ti_sysbios_BIOS_nullFunc__I)
                  00842c40    00000020                  : BIOS.obj (.text:ti_sysbios_BIOS_setThreadType__E)
                  00842c60    00000020                  : BIOS.obj (.text:ti_sysbios_BIOS_start__E)
[...]
00850970   ti_sysbios_knl_Idle_funcList__A
00850974   ti_sysbios_knl_Queue_Object__table__C
00850978   ti_sysbios_knl_Semaphore_A_badContext__C
0085097c   ti_sysbios_knl_Semaphore_A_noEvents__C
00850980   ti_sysbios_knl_Semaphore_A_overflow__C
00850984   ti_sysbios_knl_Semaphore_A_pendTaskDisabled__C
00850988   ti_sysbios_knl_Semaphore_Instance_State_pendQ__O
0085098c   ti_sysbios_knl_Semaphore_LM_pend__C
00850990   ti_sysbios_knl_Semaphore_LM_post__C
00850994   ti_sysbios_knl_Semaphore_Module__diagsEnabled__C
00850998   ti_sysbios_knl_Semaphore_Module__diagsIncluded__C
0085099c   ti_sysbios_knl_Semaphore_Module__diagsMask__C
008509a0   ti_sysbios_knl_Semaphore_Module__loggerFxn2__C
008509a4   ti_sysbios_knl_Semaphore_Module__loggerFxn4__C
008509a8   ti_sysbios_knl_Semaphore_Module__loggerObj__C
008509ac   ti_sysbios_knl_Swi_A_badPriority__C
008509b0   ti_sysbios_knl_Swi_LD_end__C
008509b4   ti_sysbios_knl_Swi_LM_begin__C
008509b8   ti_sysbios_knl_Swi_LM_post__C
008509bc   ti_sysbios_knl_Swi_Module__diagsEnabled__C
008509c0   ti_sysbios_knl_Swi_Module__diagsIncluded__C
008509c4   ti_sysbios_knl_Swi_Module__diagsMask__C
008509c8   ti_sysbios_knl_Swi_Module__loggerFxn1__C
008509cc   ti_sysbios_knl_Swi_Module__loggerFxn4__C
008509d0   ti_sysbios_knl_Swi_Module__loggerObj__C
008509d4   ti_sysbios_knl_Swi_Object__count__C
008509d8   ti_sysbios_knl_Swi_Object__table__C
008509dc   ti_sysbios_knl_Task_A_badPriority__C
008509e0   ti_sysbios_knl_Task_A_badTaskState__C
008509e4   ti_sysbios_knl_Task_A_badThreadType__C
008509e8   ti_sysbios_knl_Task_A_noPendElem__C
008509ec   ti_sysbios_knl_Task_E_spOutOfBounds__C
008509f0   ti_sysbios_knl_Task_E_stackOverflow__C
008509f4   ti_sysbios_knl_Task_LD_block__C
008509f8   ti_sysbios_knl_Task_LD_exit__C
008509fc   ti_sysbios_knl_Task_LD_ready__C
00850a00   ti_sysbios_knl_Task_LM_setPri__C
00850a04   ti_sysbios_knl_Task_LM_switch__C
00850a08   ti_sysbios_knl_Task_LM_yield__C
00850a0c   ti_sysbios_knl_Task_Module_State_inactiveQ__O
00850a10   ti_sysbios_knl_Task_Module__diagsEnabled__C
00850a14   ti_sysbios_knl_Task_Module__diagsIncluded__C
00850a18   ti_sysbios_knl_Task_Module__diagsMask__C
00850a1c   ti_sysbios_knl_Task_Module__loggerFxn2__C
00850a20   ti_sysbios_knl_Task_Module__loggerFxn4__C
00850a24   ti_sysbios_knl_Task_Module__loggerObj__C
00850a28   ti_sysbios_knl_Task_Object__count__C
00850a2c   ti_sysbios_knl_Task_Object__heap__C
00850a30   ti_sysbios_knl_Task_Object__table__C
00850a34   ti_sysbios_knl_Task_allBlockedFunc__C
00850a38   ti_sysbios_knl_Task_defaultStackHeap__C
00850a3c   ti_sysbios_knl_Task_defaultStackSize__C
00850a40   ti_sysbios_knl_Task_numConstructedTasks__C
00850a44   ti_sysbios_syncs_SyncSem_Module__diagsEnabled__C
00850a48   ti_sysbios_syncs_SyncSem_Module__diagsIncluded__C
00850a4c   ti_sysbios_syncs_SyncSem_Module__diagsMask__C
00850a50   ti_sysbios_timers_timer64_Timer_A_notAvailable__C
00850a54   ti_sysbios_timers_timer64_Timer_E_cannotSupport__C
00850a58   ti_sysbios_timers_timer64_Timer_Module__diagsEnabled__C
00850a5c   ti_sysbios_timers_timer64_Timer_Module__diagsIncluded__C
00850a60   ti_sysbios_timers_timer64_Timer_Module__diagsMask__C
00850a64   ti_sysbios_timers_timer64_Timer_anyMask__C
00850a68   ti_sysbios_timers_timer64_Timer_freqDivisor__C
00850a6c   ti_sysbios_timers_timer64_Timer_numLocalTimers__C
00850a70   ti_sysbios_timers_timer64_Timer_numTimerDevices__C
00850a74   ti_sysbios_xdcruntime_GateThreadSupport_Instance_State_gate__O
00850a78   ti_uia_events_UIABenchmark_start__C
00850a7c   ti_uia_events_UIABenchmark_stop__C
00850a80   xdc_runtime_Assert_E_assertFailed__C
00850a84   xdc_runtime_Core_A_initializedParams__C
00850a88   xdc_runtime_Core_Module__diagsEnabled__C
00850a8c   xdc_runtime_Core_Module__diagsIncluded__C
00850a90   xdc_runtime_Core_Module__diagsMask__C
00850a94   xdc_runtime_Error_E_memory__C
00850a98   xdc_runtime_Error_Module__diagsEnabled__C
00850a9c   xdc_runtime_Error_Module__diagsIncluded__C
00850aa0   xdc_runtime_Error_Module__diagsMask__C
00850aa4   xdc_runtime_Error_Module__loggerFxn8__C
00850aa8   xdc_runtime_Error_Module__loggerObj__C
00850aac   xdc_runtime_Error_policy__C
00850ab0   xdc_runtime_Error_raiseHook__C
00850ab4   xdc_runtime_IGateProvider_Interface__BASE__C
00850ab8   xdc_runtime_IHeap_Interface__BASE__C
00850abc   xdc_runtime_IModule_Interface__BASE__C
00850ac0   xdc_runtime_Log_L_error__C
00850ac4   xdc_runtime_Main_Module__diagsEnabled__C
00850ac8   xdc_runtime_Main_Module__diagsIncluded__C
00850acc   xdc_runtime_Main_Module__diagsMask__C
00850ad0   xdc_runtime_Main_Module__loggerFxn1__C
00850ad4   xdc_runtime_Main_Module__loggerObj__C
00850ad8   xdc_runtime_Memory_defaultHeapInstance__C
00850adc   xdc_runtime_Startup_execImpl__C
00850ae0   xdc_runtime_Startup_lastFxns__A
00850ae4   xdc_runtime_Startup_maxPasses__C
00850ae8   xdc_runtime_Startup_sfxnRts__C
00850aec   xdc_runtime_Startup_sfxnTab__C
00850af0   xdc_runtime_Startup_startModsFxn__C
00850af4   xdc_runtime_SysMin_bufSize__C
00850af8   xdc_runtime_SysMin_outputFunc__C
00850afc   xdc_runtime_System_Module__gateObj__C
00850b00   xdc_runtime_System_extendFxn__C
00850b04   xdc_runtime_System_maxAtexitHandlers__C
00850b08   xdc_runtime_Text_charTab__C
00850b0c   xdc_runtime_Text_nameEmpty__C
00850b10   xdc_runtime_Text_nameStatic__C
00850b14   xdc_runtime_Text_nameUnknown__C
00850b18   xdc_runtime_Text_nodeTab__C
00850b1c   xdc_runtime_Text_visitRopeFxn__C
00850b20   xdc_runtime_knl_ISync_Interface__BASE__C
00850b24   ti_sdo_ipc_gates_GatePeterson_Module__id__C
00850b26   ti_sdo_ipc_heaps_HeapBufMP_Module__id__C
00850b28   ti_sdo_ipc_heaps_HeapBufMP_trackAllocs__C
00850b2a   ti_sdo_ipc_heaps_HeapMemMP_Module__id__C
00850b2c   ti_sdo_ipc_notifyDrivers_NotifyDriverShm_Module__id__C
00850b2e   ti_sdo_ipc_nsremote_NameServerRemoteNotify_Module__id__C
00850b30   ti_sdo_ipc_transports_TransportShmCirc_Module__id__C
00850b32   ti_sdo_ipc_transports_TransportShmCirc_alwaysWriteBackMsg__C
00850b34   ti_sdo_ipc_transports_TransportShmCirc_notifyEventId__C
00850b36   ti_sdo_utils_MultiProc_numProcessors__C
00850b38   ti_sdo_utils_MultiProc_numProcsInCluster__C
00850b3a   ti_sdo_utils_NameServer_Module__id__C
00850b3c   ti_sdo_utils_NameServer_singleProcessor__C
00850b3e   ti_sysbios_BIOS_Module__id__C
00850b40   ti_sysbios_family_c64p_Exception_Module__id__C
00850b42   ti_sysbios_family_c64p_Exception_useInternalBuffer__C
00850b44   ti_sysbios_family_c64p_Hwi_Module__id__C
00850b46   ti_sysbios_family_c64p_Hwi_Module__loggerDefined__C
00850b48   ti_sysbios_family_c66_tci66xx_CpIntc_Module__id__C
00850b4a   ti_sysbios_gates_GateMutexPri_Module__id__C
00850b4c   ti_sysbios_gates_GateMutex_Module__id__C
00850b4e   ti_sysbios_gates_GateSwi_Module__id__C
00850b50   ti_sysbios_hal_Hwi_Module__id__C
00850b52   ti_sysbios_heaps_HeapMem_Module__id__C
00850b54   ti_sysbios_knl_Event_Module__id__C
00850b56   ti_sysbios_knl_Event_Module__loggerDefined__C
00850b58   ti_sysbios_knl_Semaphore_Module__id__C
00850b5a   ti_sysbios_knl_Semaphore_Module__loggerDefined__C
00850b5c   ti_sysbios_knl_Swi_Module__id__C
00850b5e   ti_sysbios_knl_Swi_Module__loggerDefined__C
00850b60   ti_sysbios_knl_Task_Module__id__C
00850b62   ti_sysbios_knl_Task_Module__loggerDefined__C
00850b64   ti_sysbios_knl_Task_initStackFlag__C
00850b66   ti_sysbios_syncs_SyncSem_Module__id__C
00850b68   ti_sysbios_timers_timer64_Timer_Module__id__C
00850b6a   ti_sysbios_timers_timer64_Timer_startupNeeded__C
00850b6c   xdc_runtime_Core_Module__id__C
00850b6e   xdc_runtime_Error_Module__loggerDefined__C
00850b70   xdc_runtime_Error_maxDepth__C
00850b72   xdc_runtime_Main_Module__id__C
00850b74   xdc_runtime_Main_Module__loggerDefined__C
00850b76   xdc_runtime_Memory_Module__id__C
00850b78   xdc_runtime_SysMin_flushAtExit__C
00850b7a   xdc_runtime_Text_charCnt__C
00850b7c   xdc_runtime_Text_isLoaded__C
00850b7e   xdc_runtime_Text_registryModsLastId__C
00850b80   xdc_runtime_Text_unnamedModsLastId__C
00850b88   _stack
00858b88   __TI_STACK_END
00858b90   paCmdBuf
00858cd0   oDDCTimeStamp
00858e00   gHiPriAccumList
00859000   _CSL_intcVectorTable
00859400   ti_sysbios_family_c64p_Hwi0
00859400   ti_sysbios_family_c64p_Hwi_int0
00859420   ti_sysbios_family_c64p_Hwi_int1
00859440   ti_sysbios_family_c64p_Hwi_int2
00859460   ti_sysbios_family_c64p_Hwi_int3
00859480   ti_sysbios_family_c64p_Hwi_int4
008594a0   ti_sysbios_family_c64p_Hwi_int5
008594c0   ti_sysbios_family_c64p_Hwi_int6
008594e0   ti_sysbios_family_c64p_Hwi_int7
00859500   ti_sysbios_family_c64p_Hwi_int8
00859520   ti_sysbios_family_c64p_Hwi_int9
00859540   ti_sysbios_family_c64p_Hwi_int10
00859560   ti_sysbios_family_c64p_Hwi_int11
00859580   ti_sysbios_family_c64p_Hwi_int12
008595a0   ti_sysbios_family_c64p_Hwi_int13
008595c0   ti_sysbios_family_c64p_Hwi_int14
008595e0   ti_sysbios_family_c64p_Hwi_int15
0c000000   DDC_RxPacket
80000000   GBTS
800005b0   GBTSSEM
800005b8   oRxCalibration
800007b8   oSrio
80100000   gCriticalMemRef
83000000   gDelcomMemSeg
83100000   gDelcomMemL1FECSeg
83106640   theModMgr
83107508   MemListv2
83107568   ti_sysbios_gates_GateMutexPri_Object__table__V
83107580   ti_sysbios_heaps_HeapMem_Instance_State_0_buf__A
83147580   bFreeID
831475b8   gRxRouter
831489d8   gTxRouter
83149560   Qmss_highEoiVector
83149580   gPAInst
83149680   gMemL2Ram
83149a80   gMemL3Ram
8314aa80   gPaL2Handles
8314aaa8   gPaL3Handles
8314aaf8   gPaL4Handles
8314ac38   ti_sdo_utils_NameServer_Module_State_0_nsRemoteHandle__A
8314ac58   ti_sysbios_knl_Task_Instance_State_0_hookEnv__A
8314ac60   xdc_runtime_SysMin_Module_State_0_outbuf__A
8314b060   gDataBufferMemMgr
8314b420   coreKey
8314b448   VGA_Status
8314b450   DSP_temp
8314b458   RF_temp
8314b460   FPGA_Hm
8314b470   GPS_DATA
8314b480   oTxPacket
8314b5a2   oRxPacket
8314b6a4   oQueue
8314b8ac   oCurrTime
8314b8b4   oPrevTime
8314ba20   _tmpnams
8314bb60   qmssLObj
8314bd48   gPaTxQHnd
8314bd70   gCpdmaTxChanHnd
8314bd98   gCpdmaRxChanHnd
8314bea0   nextQueueName
8314beb0   messageQ
8314bec0   remoteQueueId
8314bf40   ti_sdo_ipc_GateMP_Module_State_0_remoteCustom1Gates__A
8314c740   ti_sysbios_family_c66_tci66xx_CpIntc_Module_State_0_dispatchTab__A
8314cc40   ti_sdo_ipc_GateMP_Module__root__V
8314cc48   ti_sdo_ipc_GateMP_Module__state__V
8314cc98   ti_sdo_ipc_Ipc_Module__state__V
8314cca4   ti_sdo_ipc_ListMP_Module__root__V
8314ccac   ti_sdo_ipc_ListMP_Module__state__V
8314ccb0   ti_sdo_ipc_MessageQ_Module__root__V
8314ccb8   ti_sdo_ipc_MessageQ_Module__state__V
8314ccd8   ti_sdo_ipc_Notify_Module__root__V
8314cce0   ti_sdo_ipc_Notify_Module__state__V
8314cce8   ti_sdo_ipc_SharedRegion_Module__state__V
8314ccec   ti_sdo_ipc_family_c647x_Interrupt_Module__state__V
8314ccf8   ti_sdo_ipc_gates_GateHWSem_Module__root__V
8314cd00   ti_sdo_ipc_gates_GateMPSupportNull_Module__root__V
8314cd08   ti_sdo_ipc_gates_GatePeterson_Module__root__V
8314cd10   ti_sdo_ipc_heaps_HeapBufMP_Module__root__V
8314cd18   ti_sdo_ipc_heaps_HeapBufMP_Module__state__V
8314cd1c   ti_sdo_ipc_heaps_HeapMemMP_Module__root__V
8314cd24   ti_sdo_ipc_heaps_HeapMemMP_Module__state__V
8314cd28   ti_sdo_ipc_notifyDrivers_NotifyDriverShm_Module__root__V
8314cd30   ti_sdo_ipc_nsremote_NameServerRemoteNotify_Module__root__V
8314cd38   ti_sdo_ipc_transports_TransportShmCirc_Module__root__V
8314cd40   ti_sdo_ipc_transports_TransportShmCircSetup_Module__state__V
8314cd44   ti_sdo_utils_List_Module__root__V
8314cd4c   ti_sdo_utils_MultiProc_Module__state__V
8314cd50   ti_sdo_utils_NameServer_Module__root__V
8314cd58   ti_sdo_utils_NameServer_Module__state__V
8314cd60   ti_sdo_utils_NameServerRemoteNull_Module__root__V
8314cd68   ti_sysbios_BIOS_Module__state__V
8314cd88   ti_sysbios_family_c64p_Exception_Module__state__V
8314cdb8   ti_sysbios_family_c64p_Hwi_Module__root__V
8314cdc0   ti_sysbios_family_c64p_Hwi_Module__state__V
8314ce28   ti_sysbios_family_c66_tci66xx_CpIntc_Module__state__V
8314ce38   ti_sysbios_gates_GateAll_Module__root__V
8314ce40   ti_sysbios_gates_GateHwi_Module__root__V
8314ce48   ti_sysbios_gates_GateMutex_Module__root__V
8314ce50   ti_sysbios_gates_GateMutexPri_Module__root__V
8314ce58   ti_sysbios_gates_GateSwi_Module__root__V
8314ce60   ti_sysbios_hal_Hwi_Module__root__V
8314ce68   ti_sysbios_hal_Timer_Module__root__V
8314ce70   ti_sysbios_heaps_HeapMem_Module__root__V
8314ce78   ti_sysbios_knl_Clock_Module__root__V
8314ce80   ti_sysbios_knl_Clock_Module__state__V
8314cea8   ti_sysbios_knl_Event_Module__root__V
8314ceb0   ti_sysbios_knl_Queue_Module__root__V
8314ceb8   ti_sysbios_knl_Semaphore_Module__root__V
8314cec0   ti_sysbios_knl_Swi_Module__root__V
8314cec8   ti_sysbios_knl_Swi_Module__state__V
8314cee4   ti_sysbios_knl_Task_Module__root__V
8314ceec   ti_sysbios_knl_Task_Module__state__V
8314cf30   ti_sysbios_syncs_SyncSem_Module__root__V
8314cf38   ti_sysbios_timers_timer64_Timer_Module__root__V
8314cf40   ti_sysbios_timers_timer64_Timer_Module__state__V
8314cf54   ti_sysbios_xdcruntime_GateThreadSupport_Module__root__V
8314cf5c   xdc_runtime_Error_Module__state__V
8314cf60   xdc_runtime_GateNull_Module__root__V
8314cf68   xdc_runtime_Memory_Module__state__V
8314cf6c   xdc_runtime_Registry_Module__state__V
8314cf74   xdc_runtime_Startup_Module__state__V
8314cf7c   xdc_runtime_SysMin_Module__state__V
8314cf88   xdc_runtime_System_Module__state__V
8314cf94   xdc_runtime_Text_Module__state__V
8314cf9c   xdc_runtime_knl_GateThread_Module__root__V
8314cfa4   __xdc__init__addr
8314cfa8   _ftable
8314d188   ti_sysbios_timers_timer64_Timer_Module_State_0_device__A
8314d308   ti_sdo_utils_NameServer_Object__table__V
8314d434   _ft_end
8314d438   qmssGblCfgParams
8314d6e8   ti_sdo_ipc_Ipc_Module_State_0_procEntry__A
8314d788   ti_sysbios_family_c66_tci66xx_CpIntc_Module_State_0_hostIntToSysInt__A
8314d820   ti_sdo_ipc_SharedRegion_Module_State_0_regions__A
8314d8b0   ti_sdo_ipc_GateMP_Module_State_0_remoteSystemGates__A
8314d930   ti_sysbios_knl_Swi_Module_State_0_readyQ__A
8314d9b0   ti_sysbios_knl_Task_Module_State_0_readyQ__A
8314da30   ti_sysbios_timers_timer64_Timer_Module_State_0_gctrl__A
8314dab0   ti_sysbios_timers_timer64_Timer_Module_State_0_handles__A
8314db30   ti_sysbios_timers_timer64_Timer_Module_State_0_intFreqs__A
8314dc28   cppiGblCfgParams
8314dca0   TSK_idle
8314dca0   ti_sysbios_knl_Task_Object__table__V
8314dcf0   ti_sdo_ipc_MessageQ_Module_State_0_transports__A
8314dd30   ti_sysbios_gates_GateMutex_Object__table__V
8314dd70   gDeviceNor
8314dda8   ti_sysbios_heaps_HeapMem_Object__table__V
8314ddd8   ti_sdo_ipc_MessageQ_Module_State_0_heaps__A
8314ddf8   ti_sdo_ipc_Notify_Module_State_0_notifyHandles__A
8314de18   ti_sdo_ipc_family_c647x_Interrupt_Module_State_0_args__A
8314de38   ti_sdo_ipc_transports_TransportShmCircSetup_Module_State_0_handles__A
8314de58   xdc_runtime_System_Module_State_0_atexitHandlers__A
8314de78   ti_sysbios_family_c66_tci66xx_CpIntc_Module_State_0_initSIER__A
8314de8c   pRxCalibration
8314de90   gBTS
8314de94   gBTSSem
8314de98   gSRIO
8314de9c   cppiLObj
8314dea0   Qmss_lowEoiVector
8314deb0   msgQ_type_tbl
8314dec0   ti_sysbios_family_c66_tci66xx_CpIntc_Module_State_0_controller__A
8314ded0   ti_sysbios_gates_GateAll_Object__table__V
8314dee0   _cleanup_ptr
8314dee4   _dtors_ptr
8314dee8   __TI_enable_exit_profile_output
8314deec   paLObj
8314def0   ti_sysbios_gates_GateSwi_Object__table__V
8314defc   _lock
8314df00   _unlock
8314df08   IPUdestAddr
8314df10   Mac1
8314df18   Mac2
8314df20   macAddress1
8314df28   ti_sdo_ipc_GateMP_Module_State_0_remoteCustom2Gates__A
8314df30   ti_sdo_ipc_Notify_Module_State_0_notifyHandles_0__A
8314df38   ti_sdo_ipc_Notify_Module_State_0_notifyHandles_1__A
8314df40   ti_sdo_ipc_Notify_Module_State_0_notifyHandles_2__A
8314df48   ti_sdo_ipc_Notify_Module_State_0_notifyHandles_3__A
8314df50   ti_sdo_ipc_Notify_Module_State_0_notifyHandles_4__A
8314df58   ti_sdo_ipc_Notify_Module_State_0_notifyHandles_5__A
8314df60   ti_sdo_ipc_Notify_Module_State_0_notifyHandles_6__A
8314df68   ti_sdo_ipc_Notify_Module_State_0_notifyHandles_7__A
8314df70   ti_sysbios_gates_GateHwi_Object__table__V
8314df78   ti_sysbios_knl_Task_Module_State_0_idleTask__A
8314df80   xdc_runtime_GateNull_Object__table__V
8314df88   Qmss_cdmaEoiVector
8314df90   ti_sysbios_knl_Task_Instance_State_0_stack__A
8314ea70   _CSL_intcCpuIntrTable
8314ea70   __TI_STATIC_BASE
8314eab4   _CSL_intcNumEvents
8314eab8   _CSL_intcEventHandlerRecord
8314eabc   pEthernet
8314eac0   pSrio
8314eac4   zero
8314eac8   one
8314eacc   two
8314ead0   three
8314ead4   four
8314ead8   five
8314eadc   six
8314eae0   seven
8314eae4   gDDCRx
8314eae8   nCurrDiff
8314eaf0   nPrevDiff
8314eaf8   nDiff
8314eb00   gGlobalFreeQHnd
8314eb04   gTxFreeQHnd
8314eb08   gRxFreeQHnd
8314eb0c   gRxQHnd
8314eb10   gCpdmaHnd
8314eb14   gRxFlowHnd
8314eb18   CLAIM_SPI_MAGIC
8314eb20   pUpgradeCmdIfHandle
8314eb24   pUpgradeCmd
8314eb28   heapHandle_0
8314eb2c   heapHandle_1
8314eb30   heapHandle_2
8314eb34   hAppManagedSrioDrv
8314eb38   hDrvManagedSrioDrv
8314eb3c   hSrioCSL
8314eb40   nSetTSC
8314eb44   pPkt
8314eb48   gPaCfgCmdRespQHnd
8314eb4c   gPAInstHnd
8314eb54   AGC_PA_TMA
8314eb56   bGpioInitialized
8314eb58   GpioHandle
8314eb5c   Ipc_sr0MemorySetup
8314eb60   gDDCDBellCounter
8314eb68   gPacketNumber
8314eb70   DDCRx_IsInitialized
8314eb78   BurstSeqNo
8314eb80   nAllocTune
8314eb84   nRxTuneWrite
8314eb88   min
8314eb8a   max
8314eb8c   bStampflag
8314eb90   num_times
8314eb98   nOldSeqNum
8314eba0   TotalProcessed
8314eba8   Num_FpgaIntReceived
8314ebac   Num_FpgaHmrequested
8314ebb0   timeflag
8314ebb1   RF_READ_WRITE
8314ebb4   pCmdIfHandle
8314ebb8   txbuffcount
8314ebb9   GPS_FLAG
8314ebbc   nFreeRxTune
8314ebc0   nRxTuneRead
8314ebc4   nHM_Data_2Min
8314ebc6   MesgQ_Initialized
8314ebc8   gDataBufferMemMgrMaxSize
8314ebcc   cpswCppiMallocCounter
8314ebd0   cpswCppiFreeCounter
8314ebd4   cpswQmssMallocCounter
8314ebd8   cpswQmssFreeCounter
8314ebdc   malloc_counter
8314ebe0   free_counter
8314ebe4   gCriticalMemRefPtr
8314ebe8   srioDbgDioIsrCnt
8314ebf0   nSrio1DoorBellCount
8314ebf8   srioLsuIsrServiced
8314ebfc   doorbellisrserviced
8314ec00   PACK_FROM_IPU
8314ec02   gIsPingListUsed
8314ec08   nSequenceNo
8314ec10   nSwSeqNo
8314ec18   nMaxRxChannel
8314ec1c   nConfigCount
8314ec20   nStopCount
8314ec24   nSetUnsetTSCCount
8314ec28   first_halfrate
8314ec29   nMaxTxChannel
8314ec2a   nAJTxChannel
8314ec2b   nCBTxChannel
8314ec2c   nVBTSTxChannel
8314ec30   cpswSimTest
8314ec34   cpswLpbkMode
8314ec38   port0
8314ec3c   mdebugWait
8314ec40   nRxActive
8314ec41   RF_HM_RECORD
8314ec58   TSCLin
8314ec5c   retry
8314ec60   srioDioLsuGoodTransfers
8314ec64   srioDioLsuBadTransfers
8314ec68   IDBCounter
8314ec70   pTxPacket
8314ec76   Fw_upgrade_FPGA
8314ec78   Boardnum
8314ec80   platform_errno
8314ec88   TimerReg
8314ec8c   qmssLObjIsValid
8314ec90   DEVICE_ID1_16BIT
8314ec94   DEVICE_ID1_8BIT
8314ec98   DEVICE_ID2_16BIT
8314ec9c   DEVICE_ID2_8BIT
8314eca0   DEVICE_ID3_16BIT
8314eca4   DEVICE_ID3_8BIT
8314eca8   DEVICE_ID4_16BIT
8314ecac   DEVICE_ID4_8BIT
8314ecb0   heap1
8314ecb4   heap2
8314ecb8   c1Size
8314ecbc   c2Size
8314ecc0   mSize
8314ecc8   __CIOBUF_
8314fd24   __TI_Handler_Table_Base
8314fd2c   __TI_CINIT_Base
8314fd2c   __TI_Handler_Table_Limit
8314fd6c   __TI_CINIT_Limit
85000000   ti_sysbios_heaps_HeapMem_Instance_State_1_buf__A
8500c000   ethLogBuffTx
85016000   phy_read_write
850160e4   mdio_write
85016278   Check_for_phy_status
850163a0   ethLogBuffTxcount
850163a8   SrioPakt
850164a8   Pak
850164e0   PakT
85016560   oDebugDDCRx
8501c588   gDDCNextBurstContextTable
8501d190   EthBuffTx
8501ea90   gHostDesc
85023a90   host_region
85025300   queueFree
85027300   qmssGObj
85027700   cppiObject
85027900   gSRIODriverMCB
ffffffff   __TI_pprof_out_hndl
ffffffff   __TI_prof_data_size
ffffffff   __TI_prof_data_start
ffffffff   __binit__
ffffffff   __c_args__
ffffffff   binit
UNDEFED    __TI_INITARRAY_Base
UNDEFED    __TI_INITARRAY_Limit

[1996 symbols]
