******************************************************************************
               TMS320C6x Linker PC v6.1.5                      
******************************************************************************
>> Linked Sun Apr 08 18:17:11 2012

OUTPUT FILE NAME:   <../out/appC0.out>
ENTRY POINT SYMBOL: "_c_int00"  address: 008c35c0


MEMORY CONFIGURATION

         name            origin    length      used     unused   attr    fill
----------------------  --------  ---------  --------  --------  ----  --------
  L2HEAP                00800000   00020000  00020000  00000000  RWIX
  L2RAM                 00820000   000e0000  000a4b8c  0003b474  RWIX
  L1P_RAM               00e00000   00004000  00000000  00004000  RWIX
  L1D_RAM               00f00000   00008000  000007e4  0000781c  RWIX
  C0_HEAP_RAM           80000000   01000000  00a53090  005acf70  RWIX
  C1_HEAP_RAM           81000000   01000000  00000000  01000000  RWIX
  C2_HEAP_RAM           82000000   01000000  00000000  01000000  RWIX
  CX_CRITICAL_SECTION   83000000   01000000  0000d2b0  00ff2d50  RWIX
  CX_CRITICAL_SECTION_R 84000000   00800000  00000048  007fffb8  RWIX
  C0_BURST_DATA         84800000   01000000  00b129c0  004ed640  RWIX
  C0_PROG_RAM           85800000   00800000  000086a0  007f7960  RWIX
  C1_PROG_RAM           86000000   00800000  00000000  00800000  RWIX
  C2_PROG_RAM           86800000   00800000  00000000  00800000  RWIX
  C0_DATA_RAM           87000000   02000000  00205689  01dfa977  RWIX
  C1_DATA_RAM           89000000   02000000  00000000  02000000  RWIX
  C2_DATA_RAM           8b000000   02000000  00000000  02000000  RWIX
  CORE_HEALTH           8fffff00   00000100  00000000  00000100  RWIX


SECTION ALLOCATION MAP

 output                                  attributes/
section   page    origin      length       input sections
--------  ----  ----------  ----------   ----------------
.vers      0    00000000    0000003c     COPY SECTION
                  00000000    0000003c     maincfg.obj (.vers)

.L2HEAP$heap 
*          0    00800000    00020000     UNINITIALIZED
                  00800000    00020000     --HOLE--

.text      0    00820000    0004d380     
                  00820000    00004e00     CriticalMem.obj (.text)
                  00824e00    000038e0     gsmutil.lib : Burst.obj (.text)
                  008286e0    00003320     CmdIfMgr.lib : CmdIf.obj (.text)
                  0082ba00    000024a0     CmdIfLib.lib : CmdPkt.obj (.text)
                  0082dea0    00001b60     stack.lib : sock.o64P (.text)
                  0082fa00    00001a40     DataIf.lib : DataRouter.obj (.text)
                  00831440    000019c0     delcom_gsm_L1_modules.l64+ : ctrl_fcch_rcv.obj (.text)
                  00832e00    00001900     GenUtil.lib : FIFO.obj (.text)
                  00834700    00001820     stack.lib : sock6.o64P (.text)
                  00835f20    00001240               : tcpin.o64P (.text)
                  00837160    00001200               : tcp6in.o64P (.text)
                  00838360    00000fe0     Platformlib.lib : Cache.obj (.text)
                  00839340    00000ec0     stack.lib : tcpout.o64P (.text)
                  0083a200    00000ea0               : icmpv6_ndisc.o64P (.text)
                  0083b0a0    00000e80               : tcp6out.o64P (.text)
                  0083bf20    00000de0     delcom_gsm_L1_modules.l64+ : tch_afs_decode_bits.obj (.text)
                  0083cd00    00000de0     nettool.lib : config.o64P (.text)
                  0083dae0    00000d40     stack.lib : socket.o64P (.text)
                  0083e820    00000d20     delcom_gsm_L1_modules.l64+ : tch_afs_decode_inband_data.obj (.text)
                  0083f540    00000d20                                : tch_afs_detect_frametype.obj (.text)
                  00840260    00000ca0     csl.lib : csl_srioHwSetup.o (.text:csl_section:srio:_CSL_srioHwSetup)
                  00840f00    00000c60     stack.lib : ipv6.o64P (.text)
                  00841b60    00000c00     delcom_gsm_L1_modules.l64+ : generic_conv_decoder.obj (.text)
                  00842760    00000be0     stack.lib : bind6.o64P (.text)
                  00843340    00000bc0     hal_eth_c6474.lib : ethdriver.o64P (.text)
                  00843f00    00000b80     stack.lib : route6.o64P (.text)
                  00844a80    00000b40               : fileuser.o64P (.text)
                  008455c0    00000ac0               : sock6pcb.o64P (.text)
                  00846080    00000a80     nettool.lib : httpsend.o64P (.text)
                  00846b00    00000a20     delcom_gsm_L1_modules.l64+ : conv_decoder_rsc_G46G46G56G66G66.obj (.text)
                  00847520    00000a20     stack.lib : lli6.o64P (.text)
                  00847f40    00000a00               : sockpcb.o64P (.text)
                  00848940    000009e0     delcom_gsm_L1_modules.l64+ : conv_decoder_rsc_G46G56G66G66.obj (.text)
                  00849320    000009e0     os.lib : mem.o64P (.text)
                  00849d00    000009e0     stack.lib : ipv6_frag.o64P (.text)
                  0084a6e0    000009c0     nettool.lib : telnetd.o64P (.text)
                  0084b0a0    000009a0     delcom_gsm_L1_modules.l64+ : conv_decoder_rsc_G44G54G64.obj (.text)
                  0084ba40    000009a0     stack.lib : nimu.o64P (.text)
                  0084c3e0    00000940               : igmp.o64P (.text)
                  0084cd20    000008a0     nettool.lib : httpclie.o64P (.text)
                  0084d5c0    00000800     rts64plus.lib : divd.obj (.text:__divd)
                  0084ddc0    00000800     stack.lib : tcpprot.o64P (.text)
                  0084e5c0    000007e0               : tcp6prot.o64P (.text)
                  0084eda0    000007a0     hal_eth_c6474.lib : nimu_eth.o64P (.text)
                  0084f540    00000740     delcom_gsm_L1_modules.l64+ : tch_fs_decode_bits.obj (.text)
                  0084fc80    00000740     stack.lib : rtable.o64P (.text)
                  008503c0    00000700     os.lib : efs.o64P (.text)
                  00850ac0    000006c0     stack.lib : node.o64P (.text)
                  00851180    000006c0     status.lib : statmgr.obj (.text)
                  00851840    000006a0     stack.lib : vlan.o64P (.text)
                  00851ee0    00000680     netctrl.lib : netsrv.o64P (.text)
                  00852560    00000660     nettool.lib : dhcpsm.o64P (.text)
                  00852bc0    00000660     stack.lib : ipin.o64P (.text)
                  00853220    00000640     csl.lib : _csl_mcbspChannelControl.o (.text:csl_section:mcbsp:__CSL_mcbspChannelControl)
                  00853860    00000640     delcom_gsm_L1_modules.l64+ : fire_dec.obj (.text)
                  00853ea0    00000620     stack.lib : icmpv6out.o64P (.text)
                  008544c0    00000600               : sb.o64P (.text)
                  00854ac0    000005c0               : ipout.o64P (.text)
                  00855080    000005c0               : udp.o64P (.text)
                  00855640    00000560     csl.lib : csl_mcbspHwSetup.o (.text:csl_section:mcbsp:_CSL_mcbspHwSetup)
                  00855ba0    00000560     delcom_gsm_L1_modules.l64+ : tch_fs_encode_bits.obj (.text)
                  00856100    00000540     csl.lib : csl_srioGetHwStatus.o (.text:csl_section:srio:_CSL_srioGetHwStatus)
                  00856640    00000520     stack.lib : tcptime.o64P (.text)
                  00856b60    00000500               : icmpv6in.o64P (.text)
                  00857060    00000500               : sb6.o64P (.text)
                  00857560    00000500               : tcp6time.o64P (.text)
                  00857a60    000004c0               : ipfrag.o64P (.text)
                  00857f20    000004a0               : sockint.o64P (.text)
                  008583c0    00000480     csl.lib : csl_edma3HwChannelControl.o (.text:csl_section:edma3:_CSL_edma3HwChannelControl)
                  00858840    00000460     rts64plus.lib : _printfi.obj (.text:__setfield)
                  00858ca0    00000460     netctrl.lib : netctrl.o64P (.text)
                  00859100    00000460     stack.lib : icmpin.o64P (.text)
                  00859560    00000460               : sock6int.o64P (.text)
                  008599c0    00000440     rts64plus.lib : _printfi.obj (.text:__getarg_diouxp)
                  00859e00    00000440     csl.lib : csl_srioHwControl.o (.text:csl_section:srio:_CSL_srioHwControl)
                  0085a240    00000440     nettool.lib : ipaddr.o64P (.text)
                  0085a680    00000440     stack.lib : pipe.o64P (.text)
                  0085aac0    00000440               : route.o64P (.text)
                  0085af00    00000420               : lli.o64P (.text)
                  0085b320    00000400               : bind.o64P (.text)
                  0085b720    000003e0     delcom_gsm_L1_modules.l64+ : conv_decoder_rsc_G13G13G23G33G33.obj (.text)
                  0085bb00    000003e0                                : conv_decoder_rsc_G13G23G33G33.obj (.text)
                  0085bee0    000003c0                                : conv_decoder_rsc_G13G23G33.obj (.text)
                  0085c2a0    000003a0     rts64plus.lib : _printfi.obj (.text:__printfi)
                  0085c640    00000380     delcom_gsm_L1_modules.l64+ : conv_decoder_rsc_G00G10.obj (.text)
                  0085c9c0    00000380                                : fire_enc.obj (.text)
                  0085cd40    00000380                                : pmuldiv.obj (.text)
                  0085d0c0    00000380                                : tch_afs_onset_rem_fec.obj (.text)
                  0085d440    00000380     os.lib : pbm.o64P (.text)
                  0085d7c0    00000380     stack.lib : file.o64P (.text)
                  0085db40    00000360     os.lib : task.o64P (.text)
                  0085dea0    00000360     stack.lib : udp6.o64P (.text)
                  0085e200    00000340               : icmp.o64P (.text)
                  0085e540    00000340               : lliin.o64P (.text)
                  0085e880    00000320     csl.lib : csl_edma3HwControl.o (.text:csl_section:edma3:_CSL_edma3HwControl)
                  0085eba0    00000320     stack.lib : ipv6_exthdrs.o64P (.text)
                  0085eec0    00000300     rts64plus.lib : _printfi.obj (.text:_ecvt)
                  0085f1c0    00000300                   : _printfi.obj (.text:_fcvt)
                  0085f4c0    00000300                   : fputs.obj (.text:_fputs)
                  0085f7c0    00000300     stack.lib : lliout.o64P (.text)
                  0085fac0    00000300               : tcp.o64P (.text)
                  0085fdc0    000002e0     rts64plus.lib : _printfi.obj (.text:__pproc_fge)
                  008600a0    000002e0                   : _printfi.obj (.text:__pproc_fwp)
                  00860380    000002e0     stack.lib : rtc.o64P (.text)
                  00860660    000002c0     csl.lib : csl_pscHwControl.o (.text:csl_section:psc:_CSL_pscHwControl)
                  00860920    000002a0     rts64plus.lib : _printfi.obj (.text:__pconv_e)
                  00860bc0    000002a0                   : fread.obj (.text:_fread)
                  00860e60    000002a0     nettool.lib : dhcpbild.o64P (.text)
                  00861100    000002a0     stack.lib : ipv6out.o64P (.text)
                  008613a0    00000280               : mld.o64P (.text)
                  00861620    00000260     rts64plus.lib : imath64.obj (.text:__divull)
                  00861880    00000260                   : mpyd.obj (.text:__mpyd)
                  00861ae0    00000260     csl.lib : csl_pllcHwSetup.o (.text:csl_section:pllc:_CSL_pllcHwSetup)
                  00861d40    00000260     nettool.lib : dhcppkt.o64P (.text)
                  00861fa0    00000260     stack.lib : raw6.o64P (.text)
                  00862200    00000260               : tcp6.o64P (.text)
                  00862460    00000240     csl.lib : csl_cicOpen.o (.text:csl_section:cic:_CSL_cicOpen)
                  008626a0    00000240             : csl_gpioHwControl.o (.text:csl_section:gpio:_CSL_gpioHwControl)
                  008628e0    00000240     delcom_gsm_L1_modules.l64+ : ctrl_prach_ext_rem_fec.obj (.text)
                  00862b20    00000240     nettool.lib : dhcpmain.o64P (.text)
                  00862d60    00000240     stack.lib : raw.o64P (.text)
                  00862fa0    00000220     rts64plus.lib : addd.obj (.text:__addd)
                  008631c0    00000220                   : _printfi.obj (.text:__pproc_diouxp)
                  008633e0    00000220                   : _printfi.obj (.text:__pproc_str)
                  00863600    00000220     csl.lib : csl_edma3GetHwStatus.o (.text:csl_section:edma3:_CSL_edma3GetHwStatus)
                  00863820    00000220     delcom_gsm_L1_modules.l64+ : ctrl_prach_ext_add_fec.obj (.text)
                  00863a40    00000220     nettool.lib : inetaddr.o64P (.text)
                  00863c60    00000220     stack.lib : exec.o64P (.text)
                  00863e80    00000220               : ip.o64P (.text)
                  008640a0    00000200     csl.lib : csl_sgmii.o (.text:_SGMII_config)
                  008642a0    00000200     rts64plus.lib : frcaddd.obj (.text:__frcaddd)
                  008644a0    00000200     csl.lib : csl_cicHwControl.o (.text:csl_section:cic:_CSL_cicHwControl)
                  008646a0    00000200             : csl_pscGetHwStatus.o (.text:csl_section:psc:_CSL_pscGetHwStatus)
                  008648a0    00000200     nettool.lib : dhcpsock.o64P (.text)
                  00864aa0    000001e0     rts64plus.lib : frcmpyd_div.obj (.text:__frcmpyd_div)
                  00864c80    000001e0                   : fopen.obj (.text:__openfile)
                  00864e60    000001e0     delcom_gsm_L1_modules.l64+ : conv_encoder.obj (.text)
                  00865040    000001e0     nettool.lib : httppars.o64P (.text)
                  00865220    000001e0     stack.lib : timer.o64P (.text)
                  00865400    000001c0     rts64plus.lib : _printfi.obj (.text:__mcpy)
                  008655c0    000001c0     csl.lib : csl_tmrHwSetup.o (.text:csl_section:tmr:_CSL_tmrHwSetup)
                  00865780    000001c0     delcom_gsm_L1_modules.l64+ : puncture_general.obj (.text)
                  00865940    000001c0     nettool.lib : dhcptags.o64P (.text)
                  00865b00    000001c0     os.lib : intmgmt.o64P (.text)
                  00865cc0    000001c0     stack.lib : listlib.o64P (.text)
                  00865e80    000001a0     rts64plus.lib : trgdrv.obj (.text:_HOSTrename)
                  00866020    000001a0                   : imath40.obj (.text:__divul)
                  008661c0    000001a0                   : _printfi.obj (.text:__pconv_g)
                  00866360    000001a0                   : setvbuf.obj (.text:_setvbuf)
                  00866500    000001a0     os.lib : ossys.o64P (.text)
                  008666a0    00000180     rts64plus.lib : lowlev.obj (.text:_open)
                  00866820    00000180     delcom_gsm_L1_modules.l64+ : ctrl_decode_bits.obj (.text)
                  008669a0    00000160     rts64plus.lib : imath64.obj (.text:__divlli)
                  00866b00    00000160     csl.lib : csl_edma3ChannelOpen.o (.text:csl_section:edma3:_CSL_edma3ChannelOpen)
                  00866c60    00000160     delcom_gsm_L1_modules.l64+ : diag_intlv.obj (.text)
                  00866dc0    00000140     rts64plus.lib : _bufread.obj (.text:__buff_read)
                  00866f00    00000140                   : fputc.obj (.text:_fputc)
                  00867040    00000140                   : lowlev.obj (.text:_getdevice)
                  00867180    00000140     csl.lib : csl_chipReadReg.o (.text)
                  008672c0    00000140     csl_c64xplus_intc.lib : _csl_intcIntrEnDisRes.o (.text:csl_section:intc)
                  00867400    00000140     csl.lib : csl_semGetHwStatus.o (.text:csl_section:sem:_CSL_semGetHwStatus)
                  00867540    00000140             : csl_semHwControl.o (.text:csl_section:sem:_CSL_semHwControl)
                  00867680    00000140     delcom_gsm_L1_modules.l64+ : ctrl_encode_bits.obj (.text)
                  008677c0    00000140     stack.lib : ipv6in.o64P (.text)
                  00867900    00000120     rts64plus.lib : _printfi.obj (.text:__pproc_fflags)
                  00867a20    00000120                   : fclose.obj (.text:_fclose)
                  00867b40    00000120     csl.lib : csl_mcbspGetHwStatus.o (.text:csl_section:mcbsp:_CSL_mcbspGetHwStatus)
                  00867c60    00000120             : _csl_mcbspBlockAssign.o (.text:csl_section:mcbsp:__CSL_mcbspBlockAssign)
                  00867d80    00000120             : csl_srioLsuSetup.o (.text:csl_section:srio:_CSL_srioLsuSetup)
                  00867ea0    00000120     delcom_gsm_L1_modules.l64+ : ctrl_rach_decode_bits.obj (.text)
                  00867fc0    00000120     hal_timer_bios.lib : lltimer.o64P (.text)
                  008680e0    00000100     DataIf.lib : DDC_CopySamples.obj (.text)
                  008681e0    00000100     rts64plus.lib : trgdrv.obj (.text:_HOSTlseek)
                  008682e0    00000100                   : frcmpyd.obj (.text:__frcmpyd)
                  008683e0    00000100                   : _printfi.obj (.text:__ltostr)
                  008684e0    00000100                   : fopen.obj (.text:__search_fp)
                  008685e0    00000100                   : _io_perm.obj (.text:__wrt_ok)
                  008686e0    00000100                   : sinit.obj (.text:_call_dtors)
                  008687e0    00000100     csl.lib : csl_mcbspHwControl.o (.text:csl_section:mcbsp:_CSL_mcbspHwControl)
                  008688e0    00000100             : csl_semOpen.o (.text:csl_section:sem:_CSL_semOpen)
                  008689e0    00000100     delcom_gsm_L1_modules.l64+ : gsm_amr_speech_rearrange_bits.obj (.text)
                  00868ae0    00000100     nettool.lib : http.o64P (.text)
                  00868be0    000000e0     rts64plus.lib : trgdrv.obj (.text:_HOSTopen)
                  00868cc0    000000e0                   : cmpd.obj (.text:__cmpd)
                  00868da0    000000e0                   : divi.obj (.text:__divi)
                  00868e80    000000e0                   : strasg.obj (.text:__strasgi)
                  00868f60    000000e0                   : atoi.obj (.text:_atoi)
                  00869040    000000e0                   : lowlev.obj (.text:_close)
                  00869120    000000e0                   : exit.obj (.text:_exit)
                  00869200    000000e0                   : memset.obj (.text:_memset)
                  008692e0    000000e0     delcom_gsm_L1_modules.l64+ : ctrl_rach_add_fec.obj (.text)
                  008693c0    000000e0                                : ctrl_rach_rem_fec.obj (.text)
                  008694a0    000000e0                                : ctrl_sch_decode_bits.obj (.text)
                  00869580    000000e0     stack.lib : sockprot.o64P (.text)
                  00869660    000000c0     rts64plus.lib : trgdrv.obj (.text:_HOSTread)
                  00869720    000000c0                   : trgdrv.obj (.text:_HOSTunlink)
                  008697e0    000000c0                   : trgdrv.obj (.text:_HOSTwrite)
                  008698a0    000000c0                   : fopen.obj (.text:__cleanup)
                  00869960    000000c0                   : _printfi.obj (.text:__div)
                  00869a20    000000c0                   : divu.obj (.text:__divu)
                  00869ae0    000000c0                   : fflush.obj (.text:__doflush)
                  00869ba0    000000c0                   : remi.obj (.text:__remi)
                  00869c60    000000c0                   : atexit.obj (.text:_atexit)
                  00869d20    000000c0                   : fseek.obj (.text:_fseek)
                  00869de0    000000c0                   : ftell.obj (.text:_ftell)
                  00869ea0    000000c0                   : lowlev.obj (.text:_lseek)
                  00869f60    000000c0                   : ltoa.obj (.text:_ltoa)
                  0086a020    000000c0                   : lowlev.obj (.text:_read)
                  0086a0e0    000000c0                   : lowlev.obj (.text:_write)
                  0086a1a0    000000c0     csl.lib : csl_edma3Open.o (.text:csl_section:edma3:_CSL_edma3Open)
                  0086a260    000000c0             : csl_gpioOpen.o (.text:csl_section:gpio:_CSL_gpioOpen)
                  0086a320    000000c0             : csl_mcbspOpen.o (.text:csl_section:mcbsp:_CSL_mcbspOpen)
                  0086a3e0    000000c0             : _csl_mcbspResetCtrl.o (.text:csl_section:mcbsp:__CSL_mcbspResetCtrl)
                  0086a4a0    000000c0             : csl_pllcGetHwSetup.o (.text:csl_section:pllc:_CSL_pllcGetHwSetup)
                  0086a560    000000c0             : csl_pllcOpen.o (.text:csl_section:pllc:_CSL_pllcOpen)
                  0086a620    000000c0             : csl_pscOpen.o (.text:csl_section:psc:_CSL_pscOpen)
                  0086a6e0    000000c0             : csl_srioOpen.o (.text:csl_section:srio:_CSL_srioOpen)
                  0086a7a0    000000c0             : csl_timerGetBaseAddress.o (.text:csl_section:tmr:_CSL_tmrGetBaseAddress)
                  0086a860    000000c0             : csl_tmrOpen.o (.text:csl_section:tmr:_CSL_tmrOpen)
                  0086a920    000000c0     delcom_gsm_L1_modules.l64+ : ctrl_rach_encode_bits.obj (.text)
                  0086a9e0    000000c0     stack.lib : sock6prot.o64P (.text)
                  0086aaa0    000000a0     rts64plus.lib : trgdrv.obj (.text:_HOSTclose)
                  0086ab40    000000a0                   : imath40.obj (.text:__divli)
                  0086abe0    000000a0                   : _printfi.obj (.text:__ecpy)
                  0086ac80    000000a0                   : _printfi.obj (.text:__fcpy)
                  0086ad20    000000a0                   : fixdli.obj (.text:__fixdli)
                  0086adc0    000000a0                   : _printfi.obj (.text:__pconv_f)
                  0086ae60    000000a0                   : _io_perm.obj (.text:__rd_ok)
                  0086af00    000000a0                   : remu.obj (.text:__remu)
                  0086afa0    000000a0                   : lowlev.obj (.text:_finddevice)
                  0086b040    000000a0                   : memcpy64.obj (.text:_memcpy)
                  0086b0e0    000000a0                   : lowlev.obj (.text:_tabinit)
                  0086b180    000000a0     csl.lib : csl_cicGetBaseAddress.o (.text:csl_section:cic:_CSL_cicGetBaseAddress)
                  0086b220    000000a0             : csl_edma3HwChannelSetup.o (.text:csl_section:edma3:_CSL_edma3HwChannelSetupQue)
                  0086b2c0    000000a0     delcom_gsm_L1_modules.l64+ : crc_enc.obj (.text)
                  0086b360    000000a0                                : ctrl_sch_rem_fec.obj (.text)
                  0086b400    000000a0                                : diag_deintlv.obj (.text)
                  0086b4a0    000000a0                                : tch_afs_speech10_2_rem_fec.obj (.text)
                  0086b540    000000a0                                : tch_afs_speech12_2_rem_fec.obj (.text)
                  0086b5e0    000000a0                                : tch_afs_speech4_75_rem_fec.obj (.text)
                  0086b680    000000a0                                : tch_afs_speech5_15_rem_fec.obj (.text)
                  0086b720    000000a0                                : tch_afs_speech5_9_rem_fec.obj (.text)
                  0086b7c0    000000a0                                : tch_afs_speech6_7_rem_fec.obj (.text)
                  0086b860    000000a0                                : tch_afs_speech7_4_rem_fec.obj (.text)
                  0086b900    000000a0                                : tch_afs_speech7_95_rem_fec.obj (.text)
                  0086b9a0    000000a0     os.lib : oscrit.o64P (.text)
                  0086ba40    00000080     rts64plus.lib : fixdi.obj (.text:__fixdi)
                  0086bac0    00000080                   : fltlid.obj (.text:__fltlid)
                  0086bb40    00000080                   : llshift.obj (.text:__llshl)
                  0086bbc0    00000080                   : mpyll.obj (.text:__mpyll)
                  0086bc40    00000080                   : sprintf.obj (.text:__outs)
                  0086bcc0    00000080                   : vsprintf.obj (.text:__outs)
                  0086bd40    00000080                   : renormd.obj (.text:__renormd)
                  0086bdc0    00000080                   : printf.obj (.text:_printf)
                  0086be40    00000080                   : strstr.obj (.text:_strstr)
                  0086bec0    00000080                   : lowlev.obj (.text:_unlink)
                  0086bf40    00000080     csl.lib : csl_edma3Param.o (.text:csl_section:edma3:_CSL_edma3ParamSetup)
                  0086bfc0    00000080     delcom_gsm_L1_modules.l64+ : ctrl_rem_fec.obj (.text)
                  0086c040    00000080                                : ctrl_sch_add_fec.obj (.text)
                  0086c0c0    00000080                                : gsmfr_dtx_sfd.obj (.text)
                  0086c140    00000060     csl.lib : csl_sgmii.o (.text:_SGMII_reset)
                  0086c1a0    00000060     rts64plus.lib : llshift.obj (.text:__llshru)
                  0086c200    00000060                   : imath64.obj (.text:__remlli)
                  0086c260    00000060                   : imath64.obj (.text:__remull)
                  0086c2c0    00000060                   : imath64.obj (.text:__subcull)
                  0086c320    00000060                   : fopen.obj (.text:_fopen)
                  0086c380    00000060                   : memccpy.obj (.text:_memccpy)
                  0086c3e0    00000060                   : memmov.obj (.text:_memmove)
                  0086c440    00000060                   : trgmsg.obj (.text:_readmsg)
                  0086c4a0    00000060                   : sprintf.obj (.text:_sprintf)
                  0086c500    00000060                   : trgmsg.obj (.text:_writemsg)
                  0086c560    00000060     csl.lib : csl_cicInit.o (.text:csl_section:cic:_CSL_cicInit)
                  0086c5c0    00000060             : csl_edma3Param.o (.text:csl_section:edma3:_CSL_edma3GetParamHandle)
                  0086c620    00000060             : csl_edma3HwChannelSetup.o (.text:csl_section:edma3:_CSL_edma3HwChannelSetupParam)
                  0086c680    00000060             : csl_mcbspGetBaseAddress.o (.text:csl_section:mcbsp:_CSL_mcbspGetBaseAddress)
                  0086c6e0    00000060             : _csl_mcbspClearFrmSyncErr.o (.text:csl_section:mcbsp:__CSL_mcbspClearFrmSyncErr)
                  0086c740    00000060             : _csl_mcbspRegReset.o (.text:csl_section:mcbsp:__CSL_mcbspRegReset)
                  0086c7a0    00000060     delcom_gsm_L1_modules.l64+ : crc_dec.obj (.text)
                  0086c800    00000060                                : ctrl_add_fec.obj (.text)
                  0086c860    00000060                                : gsmefr_dtx_sfd.obj (.text)
                  0086c8c0    00000060                                : tch_afs_sid_update_rem_fec.obj (.text)
                  0086c920    00000060     os.lib : semaphore.o64P (.text)
                  0086c980    00000040     rts64plus.lib : sinit.obj (.text:___add_dtor)
                  0086c9c0    00000040                   : isinf.obj (.text:___isinf)
                  0086ca00    00000040                   : _printfi.obj (.text:___isnan)
                  0086ca40    00000040                   : divd.obj (.text:___isnan)
                  0086ca80    00000040                   : push.obj (.text:__call_stub)
                  0086cac0    00000040                   : negd.obj (.text:__negd)
                  0086cb00    00000040                   : imath40.obj (.text:__remli)
                  0086cb40    00000040                   : strasg.obj (.text:__strasgi_64plus)
                  0086cb80    00000040                   : subd.obj (.text:__subd)
                  0086cbc0    00000040                   : abs.obj (.text:_llabs)
                  0086cc00    00000040                   : vsprintf.obj (.text:_vsprintf)
                  0086cc40    00000040     csl.lib : csl_edma3GetBaseAddress.o (.text:csl_section:edma:_CSL_edma3ccGetModuleBaseAddr)
                  0086cc80    00000040             : csl_gpioGetBaseAddress.o (.text:csl_section:gpio:_CSL_gpioGetBaseAddress)
                  0086ccc0    00000040             : csl_pllcGetBaseAddress.o (.text:csl_section:pllc:_CSL_pllcGetBaseAddress)
                  0086cd00    00000040             : csl_pscGetBaseAddress.o (.text:csl_section:psc:_CSL_pscGetBaseAddress)
                  0086cd40    00000040             : csl_semGetBaseAddress.o (.text:csl_section:sem:_CSL_semGetBaseAddress)
                  0086cd80    00000040             : csl_srioGetBaseAddress.o (.text:csl_section:srio:_CSL_srioGetBaseAddress)
                  0086cdc0    00000040             : csl_cacheL1.o (.text:cslsys_section:cache:_CACHE_setL1dSize)
                  0086ce00    00000040             : csl_cacheL1.o (.text:cslsys_section:cache:_CACHE_setL1pSize)
                  0086ce40    00000040             : csl_cacheL2.o (.text:cslsys_section:cache:_CACHE_setL2Size)
                  0086ce80    00000040     delcom_gsm_L1_modules.l64+ : ctrl_sch_encode_bits.obj (.text)
                  0086cec0    00000040                                : merge_payload_buffers.obj (.text)
                  0086cf00    00000040     hal_ser_stub.lib : llserstb.o64P (.text)
                  0086cf40    00000020     rts64plus.lib : negll.obj (.text:__negll)
                  0086cf60    00000020                   : _lock.obj (.text:__nop)
                  0086cf80    00000020                   : printf.obj (.text:__outc)
                  0086cfa0    00000020                   : sprintf.obj (.text:__outc)
                  0086cfc0    00000020                   : vsprintf.obj (.text:__outc)
                  0086cfe0    00000020                   : printf.obj (.text:__outs)
                  0086d000    00000020                   : push.obj (.text:__pop_rts)
                  0086d020    00000020                   : push.obj (.text:__push_rts)
                  0086d040    00000020                   : _lock.obj (.text:__register_lock)
                  0086d060    00000020                   : _lock.obj (.text:__register_unlock)
                  0086d080    00000020                   : exit.obj (.text:_abort)
                  0086d0a0    00000020                   : feof.obj (.text:_feof)
                  0086d0c0    00000020                   : remove.obj (.text:_remove)
                  0086d0e0    00000020     csl.lib : csl_edma3Close.o (.text:csl_section:edma3:_CSL_edma3Close)
                  0086d100    00000020             : csl_edma3Init.o (.text:csl_section:edma3:_CSL_edma3Init)
                  0086d120    00000020             : csl_gpioHwSetup.o (.text:csl_section:gpio:_CSL_gpioHwSetup)
                  0086d140    00000020             : csl_gpioInit.o (.text:csl_section:gpio:_CSL_gpioInit)
                  0086d160    00000020     csl_c64xplus_intc.lib : _csl_intcNmiDummy.o (.text:csl_section:intc)
                  0086d180    00000020     csl.lib : csl_mcbspInit.o (.text:csl_section:mcbsp:_CSL_mcbspInit)
                  0086d1a0    00000020             : csl_pllcInit.o (.text:csl_section:pllc:_CSL_pllcInit)
                  0086d1c0    00000020             : csl_pscClose.o (.text:csl_section:psc:_CSL_pscClose)
                  0086d1e0    00000020             : csl_pscInit.o (.text:csl_section:psc:_CSL_pscInit)
                  0086d200    00000020             : csl_semClose.o (.text:csl_section:sem:_CSL_semClose)
                  0086d220    00000020             : csl_semInit.o (.text:csl_section:sem:_CSL_semInit)
                  0086d240    00000020             : csl_srioInit.o (.text:csl_section:srio:_CSL_srioInit)
                  0086d260    00000020             : csl_tmrInit.o (.text:csl_section:tmr:_CSL_tmrInit)
                  0086d280    00000020     delcom_gsm_L1_modules.l64+ : rect_deintlv.obj (.text)
                  0086d2a0    00000020                                : rect_intlv.obj (.text)
                  0086d2c0    00000020     hal_userled_stub.lib : llled.o64P (.text)
                  0086d2e0    00000020     stack.lib : nat.o64P (.text)
                  0086d300    00000020     Platformlib.lib : Cache.obj ($Tramp$L$PI$$_Gpo_Init)
                  0086d320    00000020     GenUtil.lib : FIFO.obj ($Tramp$L$PI$$_HSEM_Init)
                  0086d340    00000020     CmdIfLib.lib : CmdPkt.obj ($Tramp$L$PI$$.textDDR)
                  0086d360    00000020     CriticalMem.obj ($Tramp$L$PI$$_MDIO_initPHY)

.stack     0    0086d380    00030000     UNINITIALIZED
                  0086d380    00030000     --HOLE--

.L2RAM$heap 
*          0    0089d380    00015000     UNINITIALIZED
                  0089d380    00015000     --HOLE--

.bios      0    008b2380    000056e0     
                  008b2380    000005c0     lnkrtdx.a64P : rtdx.o64P (.bios)
                  008b2940    00000520     bios.a64P : exc.o64P (.bios)
                  008b2e60    000004e0               : hwi_disp_asm.o64P (.bios)
                  008b3340    000004c0               : swi.o64P (.bios)
                  008b3800    00000360               : prd.o64P (.bios)
                  008b3b60    00000340               : tsk_crea.o64P (.bios)
                  008b3ea0    000002a0               : malloc.o64P (.bios)
                  008b4140    00000280               : rta.o64P (.bios)
                  008b43c0    00000240               : knl_run.o64P (.bios)
                  008b4600    00000200               : hook.o64P (.bios)
                  008b4800    00000200               : sem_pend.o64P (.bios)
                  008b4a00    000001e0               : mem_allo.o64P (.bios:.near)
                  008b4be0    000001e0               : c62_plug.o64P (.bios)
                  008b4dc0    000001e0               : exc_asm.o64P (.bios)
                  008b4fa0    000001e0               : knl_tick.o64P (.bios)
                  008b5180    000001e0               : pip.o64P (.bios)
                  008b5360    000001c0               : mem_free.o64P (.bios:.near)
                  008b5520    000001c0               : sem_dopo.o64P (.bios)
                  008b56e0    000001c0               : tsk_dele.o64P (.bios)
                  008b58a0    000001c0               : tsk_setp.o64P (.bios)
                  008b5a60    000001a0               : tsk_setu.o64P (.bios)
                  008b5c00    000001a0     biosTCI6488.a64P : clk.o64P (.bios)
                  008b5da0    00000180     bios.a64P : knl_swit.o64P (.bios)
                  008b5f20    00000140               : autoinit.o64P (.bios)
                  008b6060    00000140               : knl_read.o64P (.bios)
                  008b61a0    00000140               : tsk_exit.o64P (.bios)
                  008b62e0    00000140     biosTCI6488.a64P : bcache_init.o64P (.bios)
                  008b6420    00000120     bios.a64P : gbl_cacheinit64P.o64P (.bios)
                  008b6540    00000120               : knl_chec.o64P (.bios)
                  008b6660    00000120               : tsk_stup.o64P (.bios)
                  008b6780    00000100               : ecm_dispatch.o64P (.bios)
                  008b6880    000000e0               : sem_post_asm.o64P (.bios)
                  008b6960    000000c0               : knl_exit.o64P (.bios)
                  008b6a20    000000c0               : prd_c.o64P (.bios)
                  008b6ae0    000000c0               : tsk_yiel.o64P (.bios)
                  008b6ba0    000000a0               : knl_star.o64P (.bios)
                  008b6c40    000000a0               : sem_post.o64P (.bios)
                  008b6ce0    000000a0               : sys_exit.o64P (.bios)
                  008b6d80    00000080               : atm.o64P (.bios)
                  008b6e00    00000080               : hwi_disp.o64P (.bios)
                  008b6e80    00000080               : hwi_eventmap64P.o64P (.bios)
                  008b6f00    00000080               : knl_ipos.o64P (.bios)
                  008b6f80    00000080               : knl_post.o64P (.bios)
                  008b7000    00000080               : lck.o64P (.bios)
                  008b7080    00000080               : log.o64P (.bios)
                  008b7100    00000080               : obj_crea.o64P (.bios)
                  008b7180    00000080               : sem_crea.o64P (.bios)
                  008b7200    00000080     biosTCI6488.a64P : idl_cal.o64P (.bios)
                  008b7280    00000060     bios.a64P : mem_vall.o64P (.bios:.near)
                  008b72e0    00000060               : sys_erro.o64P (.bios:.near)
                  008b7340    00000060               : ecm_dispatchPlug.o64P (.bios)
                  008b73a0    00000060               : fxn.o64P (.bios)
                  008b7400    00000060               : hwi_c.o64P (.bios)
                  008b7460    00000060               : idl_busy.o64P (.bios)
                  008b74c0    00000060               : obj_dele.o64P (.bios)
                  008b7520    00000060               : sem_pend_binary.o64P (.bios)
                  008b7580    00000060               : sem_pend_counting.o64P (.bios)
                  008b75e0    00000060               : sts.o64P (.bios)
                  008b7640    00000060               : sys_abor.o64P (.bios)
                  008b76a0    00000060               : utl_putc.o64P (.bios)
                  008b7700    00000060     biosTCI6488.a64P : clk_meas.o64P (.bios)
                  008b7760    00000040     bios.a64P : c62_c.o64P (.bios)
                  008b77a0    00000040               : ecm_disableEvent.o64P (.bios)
                  008b77e0    00000040               : ecm_enableEvent.o64P (.bios)
                  008b7820    00000040               : idl_stub.o64P (.bios)
                  008b7860    00000040               : que_get.o64P (.bios)
                  008b78a0    00000040               : rta_andn.o64P (.bios)
                  008b78e0    00000040               : utl_doab.o64P (.bios)
                  008b7920    00000020               : clk_getltime.o64P (.bios)
                  008b7940    00000020               : fxn_c.o64P (.bios)
                  008b7960    00000020               : gbl_vers.o64P (.bios)
                  008b7980    00000020               : hook_getenv.o64P (.bios)
                  008b79a0    00000020               : hook_setenv.o64P (.bios)
                  008b79c0    00000020               : idl.o64P (.bios)
                  008b79e0    00000020               : sem_dele.o64P (.bios)
                  008b7a00    00000020               : sts_set.o64P (.bios)
                  008b7a20    00000020               : utl_doer.o64P (.bios)
                  008b7a40    00000020               : utl_halt.o64P (.bios)

.Evminit   0    008b7a60    00000580     
                  008b7a60    00000560     CriticalMem.obj (.Evminit)
                  008b7fc0    00000020     Platformlib.lib : Cache.obj ($Tramp$L$PI$$_Gpo_Init)

.hst1      0    008b7fe0    00000010     UNINITIALIZED
                  008b7fe0    00000010     maincfg.obj (.hst1)

.idl       0    008b7ff0    00000010     UNINITIALIZED
                  008b7ff0    00000010     maincfg.obj (.idl)

.dump$buf 
*          0    008b8000    00002000     UNINITIALIZED
                  008b8000    00002000     maincfg.obj (.dump$buf)

.event$buf 
*          0    008ba000    00002000     UNINITIALIZED
                  008ba000    00002000     maincfg.obj (.event$buf)

.fatal$buf 
*          0    008bc000    00002000     UNINITIALIZED
                  008bc000    00002000     maincfg.obj (.fatal$buf)

.trace$buf 
*          0    008be000    00002000     UNINITIALIZED
                  008be000    00002000     maincfg.obj (.trace$buf)

.rtdx_text 
*          0    008c0000    00000fc0     
                  008c0000    000002a0     rtdx64xplus.lib : rtdx_mon.o64P (.rtdx_text:_HSRTDX_rec)
                  008c02a0    00000260                     : buffer1.o64P (.rtdx_text:_RTDX_Buffer_WriteCB)
                  008c0500    00000260                     : buffer1.o64P (.rtdx_text:_RTDX_write_next)
                  008c0760    000001a0                     : rtdx_mon.o64P (.rtdx_text:_HSRTDX_xmt)
                  008c0900    00000160                     : rtdx_mon.o64P (.rtdx_text:_RTDX_Send_To_Host)
                  008c0a60    000000e0                     : rtdx_mon.o64P (.rtdx_text:_RTDX_Mon_Queue)
                  008c0b40    000000e0                     : buffer1.o64P (.rtdx_text:_claim)
                  008c0c20    000000a0                     : rtdx_mon.o64P (.rtdx_text:_RTDX_GetH2THeader)
                  008c0cc0    000000a0                     : rtdx_mon.o64P (.rtdx_text:_RTDX_Poll)
                  008c0d60    00000080                     : rtdx_mon.o64P (.rtdx_text:_RTDX_Final_RT_Monitor)
                  008c0de0    00000060                     : buffer1.o64P (.rtdx_text:_RTDX_Buffer_Initialize)
                  008c0e40    00000060                     : rtdx_mon.o64P (.rtdx_text:_RTDX_Init_RT_Monitor)
                  008c0ea0    00000040                     : buffer2.o64P (.rtdx_text:_RTDX_Buffer_ReadCB)
                  008c0ee0    00000040                     : buffer1.o64P (.rtdx_text:_RTDX_Buffer_Size)
                  008c0f20    00000040                     : memfill.o64P (.rtdx_text:_RTDX_memfill)
                  008c0f60    00000020                     : buffer2.o64P (.rtdx_text:_RTDX_Buffer_Read)
                  008c0f80    00000020                     : buffer1.o64P (.rtdx_text:_RTDX_Buffer_Write)
                  008c0fa0    00000020                     : intr_tgt.o64P (.rtdx_text)

.dataL2    0    008c0fc0    00000d04     UNINITIALIZED
                  008c0fc0    00000980     DataIf.lib : DataRouter.obj (.dataL2)
                  008c1940    00000280     GenUtil.lib : FIFO.obj (.dataL2)
                  008c1bc0    00000103     CmdIfMgr.lib : CmdIf.obj (.dataL2)
                  008c1cc3    00000001     Platformlib.lib : Cache.obj (.dataL2)

.args      0    008c1cc4    00000004     
                  008c1cc4    00000004     --HOLE-- [fill = 0]

.bss       0    008c1cc8    00000c24     UNINITIALIZED
                  008c1cc8    00000468     maincfg.obj (.bss)
                  008c2130    00000100     bios.a64P : hwi_disp_asm.o64P (.bss)
                  008c2230    000000cc               : biosdata.o64P (.bss)
                  008c22fc    0000009c               : swi.o64P (.bss)
                  008c2398    0000008e     CriticalMem.obj (.bss)
                  008c2426    00000001     CmdIfLib.lib : CmdPkt.obj (.bss)
                  008c2427    00000001     --HOLE--
                  008c2428    00000065     Platformlib.lib : Cache.obj (.bss)
                  008c248d    00000003     --HOLE--
                  008c2490    00000054     csl_c64xplus_intc.lib : _csl_intcResource.o (.bss:csl_section:intc)
                  008c24e4    00000004     bios.a64P : clk_data2.o64P (.bss)
                  008c24e8    00000050     DataIf.lib : DataRouter.obj (.bss)
                  008c2538    00000048     bios.a64P : knl.o64P (.bss)
                  008c2580    00000040     nettool.lib : httpstr.o64P (.bss)
                  008c25c0    00000039     CmdIfMgr.lib : CmdIf.obj (.bss)
                  008c25f9    00000003     --HOLE--
                  008c25fc    00000028     hal_eth_c6474.lib : ethdriver.o64P (.bss)
                  008c2624    00000028     os.lib : mem.o64P (.bss)
                  008c264c    00000004     bios.a64P : idl_busy.o64P (.bss)
                  008c2650    00000028     status.lib : statmgr.obj (.bss)
                  008c2678    00000024     stack.lib : igmp.o64P (.bss)
                  008c269c    00000024               : ipv6.o64P (.bss)
                  008c26c0    00000020     bios.a64P : exc_asm.o64P (.bss)
                  008c26e0    00000020     netctrl.lib : netctrl.o64P (.bss)
                  008c2700    0000001c     hal_timer_bios.lib : lltimer.o64P (.bss)
                  008c271c    0000001c     os.lib : task.o64P (.bss)
                  008c2738    00000018     bios.a64P : hook.o64P (.bss)
                  008c2750    00000018               : hwi.o64P (.bss)
                  008c2768    00000018     lnkrtdx.a64P : rtdx.o64P (.bss)
                  008c2780    00000018     stack.lib : rtable.o64P (.bss)
                  008c2798    00000012     GenUtil.lib : FIFO.obj (.bss)
                  008c27aa    00000002     --HOLE--
                  008c27ac    00000010     bios.a64P : exc.o64P (.bss)
                  008c27bc    00000004               : knl_star.o64P (.bss)
                  008c27c0    00000010     csl.lib : _csl_cicResource.o (.bss:csl_section:cic)
                  008c27d0    00000010     gsmutil.lib : Burst.obj (.bss)
                  008c27e0    00000010     rtdx64xplus.lib : buffer1.o64P (.bss)
                  008c27f0    00000010                     : rtdx_mon.o64P (.bss)
                  008c2800    00000010     stack.lib : bind6.o64P (.bss)
                  008c2810    00000010               : ip.o64P (.bss)
                  008c2820    0000000c     bios.a64P : tsk.o64P (.bss)
                  008c282c    0000000c     stack.lib : exec.o64P (.bss)
                  008c2838    0000000c               : ipv6_frag.o64P (.bss)
                  008c2844    0000000c               : route6.o64P (.bss)
                  008c2850    00000008     bios.a64P : clk_data.o64P (.bss)
                  008c2858    00000008               : sys.o64P (.bss)
                  008c2860    00000008     csl.lib : _csl_cache.o (.bss:cslsys_section:cache)
                  008c2868    00000008     os.lib : ossys.o64P (.bss)
                  008c2870    00000008     stack.lib : icmp.o64P (.bss)
                  008c2878    00000008               : ipin.o64P (.bss)
                  008c2880    00000008               : lli.o64P (.bss)
                  008c2888    00000008               : lli6.o64P (.bss)
                  008c2890    00000008               : rtc.o64P (.bss)
                  008c2898    00000008               : tcp.o64P (.bss)
                  008c28a0    00000008               : tcp6.o64P (.bss)
                  008c28a8    00000008               : timer.o64P (.bss)
                  008c28b0    00000004     bios.a64P : mem_asm.o64P (.bss)
                  008c28b4    00000004     hal_eth_c6474.lib : nimu_eth.o64P (.bss)
                  008c28b8    00000004     netctrl.lib : netsrv.o64P (.bss)
                  008c28bc    00000004     nettool.lib : config.o64P (.bss)
                  008c28c0    00000004                 : httpsend.o64P (.bss)
                  008c28c4    00000004                 : ipaddr.o64P (.bss)
                  008c28c8    00000004     os.lib : efs.o64P (.bss)
                  008c28cc    00000004            : pbm.o64P (.bss)
                  008c28d0    00000004     stack.lib : bind.o64P (.bss)
                  008c28d4    00000004               : icmpv6_ndisc.o64P (.bss)
                  008c28d8    00000004               : ipfrag.o64P (.bss)
                  008c28dc    00000004               : mld.o64P (.bss)
                  008c28e0    00000004               : node.o64P (.bss)
                  008c28e4    00000004               : sock6pcb.o64P (.bss)
                  008c28e8    00000004               : sockpcb.o64P (.bss)

.switch    0    008c28ec    000008fc     
                  008c28ec    00000294     CmdIfLib.lib : CmdPkt.obj (.switch)
                  008c2b80    0000007c     CmdIfMgr.lib : CmdIf.obj (.switch)
                  008c2bfc    00000078     stack.lib : sock.o64P (.switch)
                  008c2c74    00000070     csl.lib : csl_srioGetHwStatus.o (.switch)
                  008c2ce4    00000060             : csl_srioHwControl.o (.switch)
                  008c2d44    00000060     nettool.lib : telnetd.o64P (.switch)
                  008c2da4    00000058     stack.lib : sock6.o64P (.switch)
                  008c2dfc    0000004c               : icmpv6in.o64P (.switch)
                  008c2e48    00000044     csl.lib : csl_pscHwControl.o (.switch)
                  008c2e8c    00000040     gsmutil.lib : Burst.obj (.switch)
                  008c2ecc    00000040     stack.lib : tcp6prot.o64P (.switch)
                  008c2f0c    00000040               : tcpprot.o64P (.switch)
                  008c2f4c    0000003c     csl.lib : csl_edma3HwControl.o (.switch)
                  008c2f88    00000038     stack.lib : icmpin.o64P (.switch)
                  008c2fc0    0000002c     delcom_gsm_L1_modules.l64+ : tch_afs_decode_bits.obj (.switch)
                  008c2fec    00000028     csl.lib : csl_semHwControl.o (.switch)
                  008c3014    00000024             : csl_gpioHwControl.o (.switch)
                  008c3038    00000024     status.lib : statmgr.obj (.switch)
                  008c305c    00000020     csl.lib : _csl_mcbspChannelControl.o (.switch)
                  008c307c    00000020             : csl_edma3GetHwStatus.o (.switch)
                  008c309c    0000001c     nettool.lib : dhcpsm.o64P (.switch)
                  008c30b8    0000001c     stack.lib : sock6int.o64P (.switch)
                  008c30d4    0000001c               : sockint.o64P (.switch)
                  008c30f0    00000018     csl.lib : csl_semGetHwStatus.o (.switch)
                  008c3108    00000018             : csl_timerGetBaseAddress.o (.switch)
                  008c3120    00000014     CriticalMem.obj (.switch)
                  008c3134    00000014     csl.lib : csl_edma3HwChannelControl.o (.switch)
                  008c3148    00000014             : csl_mcbspGetHwStatus.o (.switch)
                  008c315c    00000014             : csl_mcbspHwControl.o (.switch)
                  008c3170    00000014     stack.lib : lli6.o64P (.switch)
                  008c3184    00000014               : nimu.o64P (.switch)
                  008c3198    00000010     Platformlib.lib : Cache.obj (.switch)
                  008c31a8    00000010     csl.lib : csl_cicGetBaseAddress.o (.switch)
                  008c31b8    00000010             : csl_cicHwControl.o (.switch)
                  008c31c8    00000010     nettool.lib : inetaddr.o64P (.switch)
                  008c31d8    00000010     stack.lib : ipv6_exthdrs.o64P (.switch)

.idlcal    0    008c31e8    00000010     UNINITIALIZED
                  008c31e8    00000010     maincfg.obj (.idlcal)

.clk       0    008c31f8    00000008     UNINITIALIZED
                  008c31f8    00000008     maincfg.obj (.clk)

.sysinit   0    008c3200    00000620     
                  008c3200    000003c0     maincfg.obj (.sysinit)
                  008c35c0    000000c0     bios.a64P : boot.o64P (.sysinit)
                  008c3680    000000a0               : mem_init.o64P (.sysinit)
                  008c3720    00000080               : hook.o64P (.sysinit)
                  008c37a0    00000060               : tsk_init.o64P (.sysinit)
                  008c3800    00000020               : obj_init.o64P (.sysinit)

.sys       0    008c3820    00000010     UNINITIALIZED
                  008c3820    00000010     maincfg.obj (.sys)

.trcdata   0    008c3830    0000000c     
                  008c3830    0000000c     bios.a64P : trc.o64P (.trcdata)

.mem       0    008c383c    00000004     UNINITIALIZED
                  008c383c    00000004     maincfg.obj (.mem)

.rtdx_data 
*          0    008c3840    000004f4     UNINITIALIZED
                  008c3840    00000080     --HOLE--
                  008c38c0    00000410     maincfg.obj (.rtdx_data)
                  008c3cd0    00000044     rtdx64xplus.lib : rtdx_mon.o64P (.rtdx_data)
                  008c3d14    00000020                     : buffer1.o64P (.rtdx_data)

.TSK_idle$stk 
*          0    008c3d38    00000400     UNINITIALIZED
                  008c3d38    00000400     maincfg.obj (.TSK_idle$stk)

.trace     0    008c4138    00000200     
                  008c4138    00000200     --HOLE-- [fill = 00000000]

.pip       0    008c4338    000000c8     UNINITIALIZED
                  008c4338    000000c8     maincfg.obj (.pip)

.csl_vect 
*          0    008c4400    00000200     
                  008c4400    00000200     csl_c64xplus_intc.lib : _csl_intcIsrDispatch.o (.csl_vect)

.hst0      0    008c4600    00000100     UNINITIALIZED
                  008c4600    00000100     maincfg.obj (.hst0)

.log       0    008c4700    00000090     
                  008c4700    00000090     maincfg.obj (.log)

.tsk       0    008c4790    00000068     UNINITIALIZED
                  008c4790    00000068     maincfg.obj (.tsk)

.hwi_vec   0    008c4800    00000200     
                  008c4800    00000200     maincfg.obj (.hwi_vec)

.gblinit   0    008c4a00    00000064     
                  008c4a00    00000064     maincfg.obj (.gblinit)

.sts       0    008c4a64    00000060     
                  008c4a64    00000060     maincfg.obj (.sts)

.swi       0    008c4ac4    00000058     UNINITIALIZED
                  008c4ac4    00000058     maincfg.obj (.swi)

.prd       0    008c4b1c    00000040     UNINITIALIZED
                  008c4b1c    00000040     maincfg.obj (.prd)

.hst       0    008c4b5c    0000003c     UNINITIALIZED
                  008c4b5c    0000003c     maincfg.obj (.hst)

.dataL1D   0    00f00000    000007e4     UNINITIALIZED
                  00f00000    000007d8     CriticalMem.obj (.dataL1D)
                  00f007d8    0000000c     DataIf.lib : DataRouter.obj (.dataL1D)

.heap_ram 
*          0    80000000    00a53090     UNINITIALIZED
                  80000000    00a53090     CriticalMem.obj (.heap_ram)

.critical_section 
*          0    83000000    0000d2b0     UNINITIALIZED
                  83000000    0000d2b0     CriticalMem.obj (.critical_section)

.critical_section_reference 
*          0    84000000    00000048     UNINITIALIZED
                  84000000    00000048     CriticalMem.obj (.critical_section_reference)

.SrioSlaveBuff 
*          0    84800000    00b129c0     UNINITIALIZED
                  84800000    00b129c0     DataIf.lib : DataRouter.obj (.SrioSlaveBuff)

.textDDR   0    85800000    000086a0     
                  85800000    00002720     CriticalMem.obj (.textDDR)
                  85802720    00002200     Platformlib.lib : Cache.obj (.textDDR)
                  85804920    000013a0     CmdIfMgr.lib : CmdIf.obj (.textDDR)
                  85805cc0    00000e80     DataIf.lib : DataRouter.obj (.textDDR)
                  85806b40    00000c00     GenUtil.lib : FIFO.obj (.textDDR)
                  85807740    000000e0     CmdIfLib.lib : CmdPkt.obj (.textDDR)
                  85807820    000000e0     gsmutil.lib : Burst.obj (.textDDR)
                  85807900    00000020     rts64plus.lib : memset.obj ($Tramp$L$PI$$_memset)
                  85807920    00000020     status.lib : statmgr.obj ($Tramp$L$PI$$_StatMgr_Init)
                  85807940    00000020                : statmgr.obj ($Tramp$L$PI$$_StatMgr_Start)
                  85807960    00000020     bios.a64P : tsk_yiel.o64P ($Tramp$L$PI$$_TSK_yield)
                  85807980    00000020     rts64plus.lib : push.obj ($Tramp$L$PI$$__push_rts)
                  858079a0    00000020     CriticalMem.obj ($Tramp$L$PI$$_Delayloop)
                  858079c0    00000020     Platformlib.lib : Cache.obj ($Tramp$L$PI$$_Srio_TxPacket)
                  858079e0    00000020     csl.lib : csl_chipReadReg.o ($Tramp$L$PI$$_CSL_chipReadReg)
                  85807a00    00000020     rts64plus.lib : strasg.obj ($Tramp$L$PI$$__strasgi_64plus)
                  85807a20    00000020                   : push.obj ($Tramp$L$PI$$__pop_rts)
                  85807a40    00000020     Platformlib.lib : Cache.obj ($Tramp$L$PI$$_Intr_EnableEvent)
                  85807a60    00000020     csl.lib : csl_semOpen.o ($Tramp$L$PI$$_CSL_semOpen)
                  85807a80    00000020     bios.a64P : malloc.o64P ($Tramp$L$PI$$_malloc)
                  85807aa0    00000020     rts64plus.lib : printf.obj ($Tramp$L$PI$$_printf)
                  85807ac0    00000020     bios.a64P : prd_c.o64P ($Tramp$L$PI$$_PRD_start)
                  85807ae0    00000020     GenUtil.lib : FIFO.obj ($Tramp$L$PI$$_Task_Init1)
                  85807b00    00000020                 : FIFO.obj ($Tramp$L$PI$$_Task_Start)
                  85807b20    00000020     csl.lib : csl_edma3GetHwStatus.o ($Tramp$L$PI$$_CSL_edma3GetHwStatus)
                  85807b40    00000020             : csl_edma3HwControl.o ($Tramp$L$PI$$_CSL_edma3HwControl)
                  85807b60    00000020             : csl_cicHwControl.o ($Tramp$L$PI$$_CSL_cicHwControl)
                  85807b80    00000020     bios.a64P : c62_c.o64P ($Tramp$L$PI$$_C64_disableIER)
                  85807ba0    00000020     csl.lib : csl_tmrInit.o ($Tramp$L$PI$$_CSL_tmrInit)
                  85807bc0    00000020             : csl_cicInit.o ($Tramp$L$PI$$_CSL_cicInit)
                  85807be0    00000020             : csl_cicOpen.o ($Tramp$L$PI$$_CSL_cicOpen)
                  85807c00    00000020     bios.a64P : hwi_disp.o64P ($Tramp$L$PI$$_HWI_dispatchPlug)
                  85807c20    00000020               : hwi_eventmap64P.o64P ($Tramp$L$PI$$_HWI_eventMap)
                  85807c40    00000020     rts64plus.lib : strasg.obj ($Tramp$L$PI$$__strasgi)
                  85807c60    00000020     csl.lib : csl_tmrOpen.o ($Tramp$L$PI$$_CSL_tmrOpen)
                  85807c80    00000020     rts64plus.lib : imath64.obj ($Tramp$L$PI$$__divull)
                  85807ca0    00000020                   : mpyll.obj ($Tramp$L$PI$$__mpyll)
                  85807cc0    00000020     csl.lib : csl_tmrHwSetup.o ($Tramp$L$PI$$_CSL_tmrHwSetup)
                  85807ce0    00000020             : csl_pscInit.o ($Tramp$L$PI$$_CSL_pscInit)
                  85807d00    00000020             : csl_pscOpen.o ($Tramp$L$PI$$_CSL_pscOpen)
                  85807d20    00000020             : csl_pscHwControl.o ($Tramp$L$PI$$_CSL_pscHwControl)
                  85807d40    00000020             : csl_srioOpen.o ($Tramp$L$PI$$_CSL_srioOpen)
                  85807d60    00000020             : csl_pscGetHwStatus.o ($Tramp$L$PI$$_CSL_pscGetHwStatus)
                  85807d80    00000020             : csl_pscClose.o ($Tramp$L$PI$$_CSL_pscClose)
                  85807da0    00000020             : csl_srioInit.o ($Tramp$L$PI$$_CSL_srioInit)
                  85807dc0    00000020             : csl_srioHwSetup.o ($Tramp$L$PI$$_CSL_srioHwSetup)
                  85807de0    00000020             : csl_srioGetHwStatus.o ($Tramp$L$PI$$_CSL_srioGetHwStatus)
                  85807e00    00000020     Platformlib.lib : Cache.obj ($Tramp$L$PI$$$.text:Platformlib.lib<Cache.obj>$0x644)
                  85807e20    00000020     csl.lib : csl_srioHwControl.o ($Tramp$L$PI$$_CSL_srioHwControl)
                  85807e40    00000020     bios.a64P : c62_c.o64P ($Tramp$L$PI$$_C64_clearIFR)
                  85807e60    00000020               : c62_c.o64P ($Tramp$L$PI$$_C64_enableIER)
                  85807e80    00000020     status.lib : statmgr.obj ($Tramp$L$PI$$_StatMgr_Fatal)
                  85807ea0    00000020     csl.lib : csl_mcbspInit.o ($Tramp$L$PI$$_CSL_mcbspInit)
                  85807ec0    00000020             : csl_mcbspOpen.o ($Tramp$L$PI$$_CSL_mcbspOpen)
                  85807ee0    00000020             : csl_mcbspHwSetup.o ($Tramp$L$PI$$_CSL_mcbspHwSetup)
                  85807f00    00000020             : csl_mcbspHwControl.o ($Tramp$L$PI$$_CSL_mcbspHwControl)
                  85807f20    00000020             : csl_gpioOpen.o ($Tramp$L$PI$$_CSL_gpioOpen)
                  85807f40    00000020             : csl_gpioInit.o ($Tramp$L$PI$$_CSL_gpioInit)
                  85807f60    00000020             : csl_gpioHwControl.o ($Tramp$L$PI$$_CSL_gpioHwControl)
                  85807f80    00000020             : csl_gpioHwSetup.o ($Tramp$L$PI$$_CSL_gpioHwSetup)
                  85807fa0    00000020             : csl_edma3Param.o ($Tramp$L$PI$$_CSL_edma3ParamSetup)
                  85807fc0    00000020             : csl_edma3HwChannelControl.o ($Tramp$L$PI$$_CSL_edma3HwChannelControl)
                  85807fe0    00000020             : csl_edma3Param.o ($Tramp$L$PI$$_CSL_edma3GetParamHandle)
                  85808000    00000020             : csl_edma3Init.o ($Tramp$L$PI$$_CSL_edma3Init)
                  85808020    00000020             : csl_edma3Open.o ($Tramp$L$PI$$_CSL_edma3Open)
                  85808040    00000020             : csl_edma3ChannelOpen.o ($Tramp$L$PI$$_CSL_edma3ChannelOpen)
                  85808060    00000020             : csl_edma3HwChannelSetup.o ($Tramp$L$PI$$_CSL_edma3HwChannelSetupParam)
                  85808080    00000020             : csl_edma3HwChannelSetup.o ($Tramp$L$PI$$_CSL_edma3HwChannelSetupQue)
                  858080a0    00000020             : csl_edma3Close.o ($Tramp$L$PI$$_CSL_edma3Close)
                  858080c0    00000020             : csl_cacheL2.o ($Tramp$L$PI$$_CACHE_setL2Size)
                  858080e0    00000020             : csl_cacheL1.o ($Tramp$L$PI$$_CACHE_setL1pSize)
                  85808100    00000020             : csl_cacheL1.o ($Tramp$L$PI$$_CACHE_setL1dSize)
                  85808120    00000020     GenUtil.lib : FIFO.obj ($Tramp$L$PI$$_Alloc_CoreSafe)
                  85808140    00000020                 : FIFO.obj ($Tramp$L$PI$$_IIPC_TransportMessage)
                  85808160    00000020     CmdIfLib.lib : CmdPkt.obj ($Tramp$L$PI$$_CmdPkt_Make)
                  85808180    00000020     GenUtil.lib : FIFO.obj ($Tramp$L$PI$$_ITaskQ_Write)
                  858081a0    00000020                 : FIFO.obj ($Tramp$L$PI$$_Alloc)
                  858081c0    00000020                 : FIFO.obj ($Tramp$L$PI$$_Task_Init)
                  858081e0    00000020                 : FIFO.obj ($Tramp$L$PI$$_ITaskQ_Read)
                  85808200    00000020                 : FIFO.obj ($Tramp$L$PI$$_GetHashInfoHandler)
                  85808220    00000020                 : FIFO.obj ($Tramp$L$PI$$_Free_CoreSafe)
                  85808240    00000020     CmdIfLib.lib : CmdPkt.obj ($Tramp$L$PI$$_CmdPkt_Parse)
                  85808260    00000020                  : CmdPkt.obj ($Tramp$L$PI$$_CmdPkt_UpdateSender)
                  85808280    00000020                  : CmdPkt.obj ($Tramp$L$PI$$_CmdPkt_GetCommand)
                  858082a0    00000020     GenUtil.lib : FIFO.obj ($Tramp$L$PI$$_Free)
                  858082c0    00000020     CmdIfMgr.lib : CmdIf.obj ($Tramp$L$PI$$$.text:CmdIfMgr.lib<CmdIf.obj>$0xfb8)
                  858082e0    00000020     GenUtil.lib : FIFO.obj ($Tramp$L$PI$$_Signal_Init)
                  85808300    00000020     Platformlib.lib : Cache.obj ($Tramp$L$PI$$_Gpo_Set)
                  85808320    00000020     gsmutil.lib : Burst.obj ($Tramp$L$PI$$_Burst_Init)
                  85808340    00000020     rts64plus.lib : feof.obj ($Tramp$L$PI$$_feof)
                  85808360    00000020                   : fseek.obj ($Tramp$L$PI$$_fseek)
                  85808380    00000020     gsmutil.lib : Burst.obj ($Tramp$L$PI$$_GSMTime_FN)
                  858083a0    00000020                 : Burst.obj ($Tramp$L$PI$$_GSMTime_Init)
                  858083c0    00000020                 : Burst.obj ($Tramp$L$PI$$_GSMTime_SubTime)
                  858083e0    00000020                 : Burst.obj ($Tramp$L$PI$$_Burst_GetDDCNum)
                  85808400    00000020                 : Burst.obj ($Tramp$L$PI$$_Burst_SetTime)
                  85808420    00000020     rts64plus.lib : fread.obj ($Tramp$L$PI$$_fread)
                  85808440    00000020     gsmutil.lib : Burst.obj ($Tramp$L$PI$$_Burst_ValidateNumSamples)
                  85808460    00000020                 : Burst.obj ($Tramp$L$PI$$_Burst_UpdateLastSampleTime)
                  85808480    00000020     rts64plus.lib : ftell.obj ($Tramp$L$PI$$_ftell)
                  858084a0    00000020     gsmutil.lib : Burst.obj ($Tramp$L$PI$$_Burst_SetDDCNum)
                  858084c0    00000020                 : Burst.obj ($Tramp$L$PI$$_Burst_UpdateNumSamples)
                  858084e0    00000020     rts64plus.lib : fopen.obj ($Tramp$L$PI$$_fopen)
                  85808500    00000020     Platformlib.lib : Cache.obj ($Tramp$L$PI$$_Srio_InitDBCallBack)
                  85808520    00000020                     : Cache.obj ($Tramp$L$PI$$_Srio_IsInitialized)
                  85808540    00000020                     : Cache.obj ($Tramp$L$PI$$_Srio_GetHandle)
                  85808560    00000020                     : Cache.obj ($Tramp$L$PI$$_Timer_Start)
                  85808580    00000020     GenUtil.lib : FIFO.obj ($Tramp$L$PI$$_Mutex_Init)
                  858085a0    00000020     bios.a64P : tsk_setp.o64P ($Tramp$L$PI$$_TSK_setpri)
                  858085c0    00000020     GenUtil.lib : FIFO.obj ($Tramp$L$PI$$_HSEM_Lock)
                  858085e0    00000020                 : FIFO.obj ($Tramp$L$PI$$_HSEM_Unlock)
                  85808600    00000020     bios.a64P : tsk_crea.o64P ($Tramp$L$PI$$_TSK_create)
                  85808620    00000020               : sem_crea.o64P ($Tramp$L$PI$$_SEM_create)
                  85808640    00000020     csl.lib : csl_semInit.o ($Tramp$L$PI$$_CSL_semInit)
                  85808660    00000020             : csl_semClose.o ($Tramp$L$PI$$_CSL_semClose)
                  85808680    00000020     gsmutil.lib : Burst.obj ($Tramp$L$PI$$$.text:gsmutil.lib<Burst.obj>$0x84)

.far       0    87000000    0016efae     UNINITIALIZED
                  87000000    00100178     GenUtil.lib : FIFO.obj (.far)
                  87100178    00000008     bios.a64P : ecm_dispatch.o64P (.far)
                  87100180    00052b00     os.lib : pbm.o64P (.far:NDK_PACKETMEM)
                  87152c80    0000c1dc            : mem.o64P (.far:NDK_MMBUFFER)
                  8715ee5c    00000004     biosTCI6488.a64P : clk_data.o64P (.far)
                  8715ee60    000055c8     CriticalMem.obj (.far)
                  87164428    00004a20     DataIf.lib : DataRouter.obj (.far)
                  87168e48    000027f0     gsmutil.lib : Burst.obj (.far)
                  8716b638    00001638     hal_eth_c6474.lib : ethdriver.o64P (.far)
                  8716cc70    00000600     os.lib : ossys.o64P (.far:NDK_OBJMEM)
                  8716d270    00000594     CmdIfMgr.lib : CmdIf.obj (.far)
                  8716d804    00000004     delcom_gsm_L1_modules.l64+ : ctrl_decode_bits.obj (.far)
                  8716d808    0000053a     Platformlib.lib : Cache.obj (.far)
                  8716dd42    00000002     --HOLE--
                  8716dd44    00000004     delcom_gsm_L1_modules.l64+ : ctrl_encode_bits.obj (.far)
                  8716dd48    00000194     rts64plus.lib : defs.obj (.far)
                  8716dedc    00000004     delcom_gsm_L1_modules.l64+ : ctrl_rach_decode_bits.obj (.far)
                  8716dee0    00000188     rts64plus.lib : atexit.obj (.far)
                  8716e068    00000158     netctrl.lib : netsrv.o64P (.far)
                  8716e1c0    00000110     stack.lib : igmp.o64P (.far)
                  8716e2d0    00000103     CmdIfLib.lib : CmdPkt.obj (.far)
                  8716e3d3    00000001     --HOLE--
                  8716e3d4    00000004     delcom_gsm_L1_modules.l64+ : ctrl_rach_encode_bits.obj (.far)
                  8716e3d8    00000100     stack.lib : exec.o64P (.far)
                  8716e4d8    000000d8     bios.a64P : knl.o64P (.far)
                  8716e5b0    000000d0     rts64plus.lib : trgdrv.obj (.far)
                  8716e680    000000cc                   : lowlev.obj (.far)
                  8716e74c    000000c8     stack.lib : ipv6.o64P (.far)
                  8716e814    000000c4               : tcp.o64P (.far)
                  8716e8d8    000000b8               : tcp6in.o64P (.far)
                  8716e990    0000009c               : icmp.o64P (.far)
                  8716ea2c    00000004     delcom_gsm_L1_modules.l64+ : ctrl_sch_decode_bits.obj (.far)
                  8716ea30    0000007c     os.lib : mem.o64P (.far)
                  8716eaac    00000068     stack.lib : ip.o64P (.far)
                  8716eb14    00000064               : nimu.o64P (.far)
                  8716eb78    0000005c     bios.a64P : tsk.o64P (.far)
                  8716ebd4    00000004     delcom_gsm_L1_modules.l64+ : ctrl_sch_encode_bits.obj (.far)
                  8716ebd8    00000054     bios.a64P : obj_init.o64P (.far)
                  8716ec2c    00000004     delcom_gsm_L1_modules.l64+ : tch_afs_decode_bits.obj (.far)
                  8716ec30    0000004d     nettool.lib : dhcptags.o64P (.far)
                  8716ec7d    00000003     --HOLE--
                  8716ec80    00000040                 : httpsend.o64P (.far)
                  8716ecc0    00000034     stack.lib : rtc.o64P (.far)
                  8716ecf4    00000004     delcom_gsm_L1_modules.l64+ : tch_fs_decode_bits.obj (.far)
                  8716ecf8    00000034     stack.lib : tcp6time.o64P (.far)
                  8716ed2c    00000004     delcom_gsm_L1_modules.l64+ : tch_fs_encode_bits.obj (.far)
                  8716ed30    00000034     stack.lib : tcptime.o64P (.far)
                  8716ed64    00000030               : udp.o64P (.far)
                  8716ed94    00000028     bios.a64P : tsk_stup.o64P (.far)
                  8716edbc    00000028     stack.lib : vlan.o64P (.far)
                  8716ede4    00000024     os.lib : ossys.o64P (.far)
                  8716ee08    00000024     stack.lib : udp6.o64P (.far)
                  8716ee2c    00000004     rts64plus.lib : errno.obj (.far)
                  8716ee30    00000020     bios.a64P : sys.o64P (.far)
                  8716ee50    00000018     rtdx64xplus.lib : rtdx_mon.o64P (.far)
                  8716ee68    00000018     stack.lib : icmpv6.o64P (.far)
                  8716ee80    00000014               : sock6pcb.o64P (.far)
                  8716ee94    00000004     rts64plus.lib : fopen.obj (.far)
                  8716ee98    00000014     stack.lib : sockpcb.o64P (.far)
                  8716eeac    00000004     rts64plus.lib : sinit.obj (.far)
                  8716eeb0    00000014     status.lib : statmgr.obj (.far)
                  8716eec4    00000010     bios.a64P : exc.o64P (.far)
                  8716eed4    00000010               : knl_tick.o64P (.far)
                  8716eee4    00000010               : tsk_setp.o64P (.far)
                  8716eef4    00000010               : tsk_yiel.o64P (.far)
                  8716ef04    00000010     netctrl.lib : netctrl.o64P (.far)
                  8716ef14    00000010     stack.lib : raw.o64P (.far)
                  8716ef24    00000010               : raw6.o64P (.far)
                  8716ef34    0000000c     bios.a64P : hwi_disp.o64P (.far)
                  8716ef40    0000000c               : utl_putc.o64P (.far)
                  8716ef4c    0000000c     os.lib : pbm.o64P (.far)
                  8716ef58    0000000c     rts64plus.lib : exit.obj (.far)
                  8716ef64    00000004     --HOLE--
                  8716ef68    0000000b     stack.lib : tcp6out.o64P (.far)
                  8716ef73    00000005     --HOLE--
                  8716ef78    0000000b               : tcpout.o64P (.far)
                  8716ef83    00000001     --HOLE--
                  8716ef84    00000008     bios.a64P : sem_crea.o64P (.far)
                  8716ef8c    00000004     --HOLE--
                  8716ef90    00000008     hal_eth_c6474.lib : nimu_eth.o64P (.far)
                  8716ef98    00000008     rts64plus.lib : _lock.obj (.far)
                  8716efa0    00000008                   : divd.obj (.far)
                  8716efa8    00000006     stack.lib : lliout.o64P (.far)

.ddrdata   0    8716efb0    0008d1e4     UNINITIALIZED
                  8716efb0    000800e8     CriticalMem.obj (.ddrdata)
                  871ef098    00007000     GenUtil.lib : FIFO.obj (.ddrdata)
                  871f6098    00006028     DataIf.lib : DataRouter.obj (.ddrdata)
                  871fc0c0    000000d4     Platformlib.lib : Cache.obj (.ddrdata)

.const     0    871fc198    00005858     
                  871fc198    00000720     delcom_gsm_L1_modules.l64+ : gsm_intlv_data.obj (.const:_diag_intlv_index)
                  871fc8b8    00000548     CriticalMem.obj (.const:.string)
                  871fce00    00000540     gsmutil.lib : Burst.obj (.const:.string)
                  871fd340    000002bc     hal_eth_c6474.lib : ethdriver.o64P (.const:.string)
                  871fd5fc    00000208     Platformlib.lib : Cache.obj (.const:.string)
                  871fd804    00000004     nettool.lib : telnetd.o64P (.const:.string)
                  871fd808    00000208     delcom_gsm_L1_modules.l64+ : gsm_misc_tables.obj (.const:_GSM_DCS_TCH_EFS_REARRANGE_TABLE)
                  871fda10    00000208                                : gsm_misc_tables.obj (.const:_GSM_DCS_TCH_FS_REARRANGE_TABLE)
                  871fdc18    000001e8                                : gsm_misc_tables_amr.obj (.const:_GSM_DCS_TCH_AFS_SPEECH12_2_REARRANGE_TABLE)
                  871fde00    000001c4     DataIf.lib : DataRouter.obj (.const:.string)
                  871fdfc4    00000004     CriticalMem.obj (.const)
                  871fdfc8    00000198     delcom_gsm_L1_modules.l64+ : gsm_misc_tables_amr.obj (.const:_GSM_DCS_TCH_AFS_SPEECH10_2_REARRANGE_TABLE)
                  871fe160    00000193     bios.a64P : exc.o64P (.const)
                  871fe2f3    00000004               : mem_allo.o64P (.const)
                  871fe2f7    00000001     --HOLE-- [fill = 0]
                  871fe2f8    00000184     delcom_gsm_L1_modules.l64+ : gsm_misc_tables_amr.obj (.const:_GSM_DCS_TCH_AFS_SPEECH10_2_PUNCTURE)
                  871fe47c    00000180     CmdIfMgr.lib : CmdIf.obj (.const:.string)
                  871fe5fc    00000004     bios.a64P : mem_free.o64P (.const)
                  871fe600    0000013e     delcom_gsm_L1_modules.l64+ : gsm_misc_tables_amr.obj (.const:_GSM_DCS_TCH_AFS_SPEECH7_95_REARRANGE_TABLE)
                  871fe73e    00000002     rts64plus.lib : fputs.obj (.const:.string)
                  871fe740    00000128     delcom_gsm_L1_modules.l64+ : gsm_misc_tables_amr.obj (.const:_GSM_DCS_TCH_AFS_SPEECH7_4_REARRANGE_TABLE)
                  871fe868    00000125     os.lib : mem.o64P (.const:.string)
                  871fe98d    00000124     nettool.lib : httpsend.o64P (.const:.string)
                  871feab1    00000111     hal_eth_c6474.lib : nimu_eth.o64P (.const:.string)
                  871febc2    0000010e     stack.lib : route6.o64P (.const:.string)
                  871fecd0    0000010c               : vlan.o64P (.const:.string)
                  871feddc    00000004               : icmpv6.o64P (.const)
                  871fede0    0000010c     delcom_gsm_L1_modules.l64+ : gsm_misc_tables_amr.obj (.const:_GSM_DCS_TCH_AFS_SPEECH6_7_REARRANGE_TABLE)
                  871feeec    00000004     stack.lib : listlib.o64P (.const)
                  871feef0    00000101     rts64plus.lib : ctype.obj (.const:__ctypes_)
                  871feff1    00000003     --HOLE-- [fill = 0]
                  871feff4    00000001     bios.a64P : sem_crea.o64P (.const)
                  871feff5    00000003     --HOLE-- [fill = 0]
                  871feff8    00000100     delcom_gsm_L1_modules.l64+ : gsm_misc_tables_amr.obj (.const:_GSM_DCS_TCH_AFS_SPEECH6_7_PUNCTURE)
                  871ff0f8    000000fb     os.lib : task.o64P (.const:.string)
                  871ff1f3    000000fa     stack.lib : bind6.o64P (.const:.string)
                  871ff2ed    00000003     --HOLE-- [fill = 0]
                  871ff2f0    000000ec     delcom_gsm_L1_modules.l64+ : gsm_misc_tables_amr.obj (.const:_GSM_DCS_TCH_AFS_SPEECH5_9_REARRANGE_TABLE)
                  871ff3dc    00000001     bios.a64P : tsk.o64P (.const)
                  871ff3dd    00000003     --HOLE-- [fill = 0]
                  871ff3e0    000000ea     delcom_gsm_L1_modules.l64+ : gsm_misc_tables_amr.obj (.const:_GSM_DCS_TCH_AFS_SPEECH5_15_PUNCTURE)
                  871ff4ca    000000cf     stack.lib : rtc.o64P (.const:.string)
                  871ff599    00000007     --HOLE-- [fill = 0]
                  871ff5a0    000000ce     delcom_gsm_L1_modules.l64+ : gsm_misc_tables_amr.obj (.const:_GSM_DCS_TCH_AFS_SPEECH5_15_REARRANGE_TABLE)
                  871ff66e    000000cd     nettool.lib : httpstr.o64P (.const:.string)
                  871ff73b    00000001     --HOLE-- [fill = 0]
                  871ff73c    000000c8     Platformlib.lib : Cache.obj (.const)
                  871ff804    000000bf     stack.lib : lliout.o64P (.const:.string)
                  871ff8c3    00000005     --HOLE-- [fill = 0]
                  871ff8c8    000000be     delcom_gsm_L1_modules.l64+ : gsmefr_dtx_sfd.obj (.const:_DCS_GSMEFR_DTX_bit_index)
                  871ff986    00000002     --HOLE-- [fill = 0]
                  871ff988    000000be                                : gsm_misc_tables_amr.obj (.const:_GSM_DCS_TCH_AFS_SPEECH4_75_REARRANGE_TABLE)
                  871ffa46    00000002     --HOLE-- [fill = 0]
                  871ffa48    000000b8     GenUtil.lib : FIFO.obj (.const:.string)
                  871ffb00    000000b8     stack.lib : node.o64P (.const:.string)
                  871ffbb8    000000b7               : icmpv6_ndisc.o64P (.const:.string)
                  871ffc6f    000000b1               : icmpv6out.o64P (.const:.string)
                  871ffd20    000000ae     delcom_gsm_L1_modules.l64+ : gsm_misc_tables_amr.obj (.const:_GSM_DCS_TCH_AFS_SPEECH4_75_PUNCTURE)
                  871ffdce    00000002     --HOLE-- [fill = 0]
                  871ffdd0    000000a4     stack.lib : sock6.o64P (.const)
                  871ffe74    00000099               : lli6.o64P (.const:.string)
                  871fff0d    00000094               : nimu.o64P (.const:.string)
                  871fffa1    00000007     --HOLE-- [fill = 0]
                  871fffa8    00000090     delcom_gsm_L1_modules.l64+ : gsm_misc_tables_amr.obj (.const:_GSM_DCS_TCH_AFS_SPEECH5_9_PUNCTURE)
                  87200038    00000090     stack.lib : sock.o64P (.const)
                  872000c8    0000008c     netctrl.lib : netctrl.o64P (.const)
                  87200154    00000088     stack.lib : socket.o64P (.const)
                  872001dc    00000004     --HOLE-- [fill = 0]
                  872001e0    00000082     delcom_gsm_L1_modules.l64+ : gsm_misc_tables_amr.obj (.const:_GSM_DCS_TCH_AFS_SPEECH7_95_PUNCTURE)
[...]
008c18d4   _oL1TxC2
008c1940   _oMemPoolLock
008c1cc8   $bss
008c1cc8   .bss
008c1cc8   _MEM_memtab
008c1cc8   ___bss__
008c1ce0   _ECM_dispatchTab
008c20e0   HST_DSMBUFSEG
008c20e0   L2RAM
008c20e0   MEM_MALLOCSEG
008c20e0   MEM_SEGZERO
008c20e0   RTDX_DATAMEMSEG
008c20e0   TSK_STACKSEG
008c20e0   _L2RAM
008c20e4   L2HEAP
008c20e4   _L2HEAP
008c20e8   RTA_fromHost$pipe$dtab
008c20f4   RTA_toHost$pipe$dtab
008c2100   __HOOK_initFxnTable
008c2108   __HOOK_createFxnTable
008c2110   __HOOK_deleteFxnTable
008c2118   __HOOK_exitFxnTable
008c2120   __HOOK_readyFxnTable
008c2128   __HOOK_switchFxnTable
008c2130   _HWI_dispatchTab
008c2230   IDL_D_tabbeg
008c2234   IDL_D_calibrate
008c2238   IDL_D_calbeg
008c223c   LOG_D_system
008c223c   _LOG_D_system
008c2240   PIP_D_tabbeg
008c2244   PIP_D_tablen
008c2248   CLK_R_time
008c224c   CLK_D_timefxn
008c2250   CLK_D_tabbeg
008c2254   CLK_D_isrhook
008c2258   CLK_D_idletime
008c225c   _CLK_htimeDiv
008c2260   _CLK_htimeMult
008c2264   _CLK_ltimeDiv
008c2268   _CLK_ltimeMult
008c226c   _CLK_D_dirty
008c2270   _CLK_D_prd
008c2274   _CLK_D_tddr
008c2278   _CLK_D_countspms
008c227c   PRD_D_tick
008c227c   _PRD_D_tick
008c2280   PRD_D_cur
008c2284   PRD_D_elapsed
008c2288   PRD_D_prevtim
008c228c   PRD_D_scalar
008c2290   PRD_D_swihandle
008c2294   PRD_D_tabbeg
008c2298   PRD_D_tablen
008c229c   PRD_D_thook
008c22a0   RTA_D_fromHost
008c22a4   RTA_D_toHost
008c22a8   RTA_D_logval
008c22b8   RTA_D_stsval
008c22c4   HST_D_chanmask
008c22c8   HST_D_tabbeg
008c22cc   HST_D_tabend
008c22d0   _GBL_procId
008c22d4   _GBL_clkIn
008c22d8   _GBL_freq
008c22dc   _MEM_D_NUMSEGMENTS
008c22e0   _MEM_D_memtab
008c22e4   _MEM_D_freelist
008c22e8   _MEM_D_lockaddr
008c22ec   _MEM_D_unlockaddr
008c22f0   _SYS
008c22f4   __HOOK_knlId
008c22f8   __HOOK_NUMHOOKS
008c22fc   SWI_D_runaddr
008c22fc   _SWI_D_runaddr
008c22fc   _SWI_data
008c2300   SWI_D_execaddr
008c2300   _SWI_D_execaddr
008c2304   SWI_D_curmask
008c2304   _SWI_D_curmask
008c2308   SWI_D_curset
008c2308   _SWI_D_curset
008c230c   SWI_D_lock
008c230c   _SWI_D_lock
008c2310   SWI_D_curmbox
008c2314   SWI_D_curfxn
008c2314   _SWI_D_curfxn
008c2318   SWI_D_rdybeg
008c2318   _SWI_D_rdybeg
008c231c   SWI_D_inswi
008c231c   _SWI_D_inswi
008c2320   SWI_D_rdytab
008c2398   _gCriticalMemRefPtr
008c23a0   _TxChanEnable_all
008c23a4   _RxChanEnable_all
008c23a8   _corenum
008c23c8   _pEthObj
008c23cc   _VerStr
008c23d0   _HostName
008c23d4   _LocalIPAddr
008c23d8   _LocalIPMask
008c23dc   _GatewayIP
008c23e0   _DomainName
008c23e4   _DNSServer
008c23ec   _pSemHandle
008c23f4   _pEMAC
008c23f8   _LinkStatus
008c23fc   _LocalTicks
008c240a   _TestSrioIQFlag
008c240c   _nNumSamples
008c240e   _nStart
008c2410   _i
008c2414   _j
008c2418   _k
008c241c   _TestSrioSyncFlag
008c241e   _ErrCount
008c2420   _count
008c2422   _SeqNum
008c2424   _tstSrioTestflag
008c2426   _theCmd
008c2428   _coreNum
008c242c   _hIntcDbell
008c2430   _hIntcLsu
008c2434   _hIntcEdma
008c2438   _hIntcErr
008c244c   _hGpio
008c2454   _pIntGenRegs1
008c245c   _pSrio
008c2460   _nSrio1DoorBellCount
008c2468   _nSrio2DoorBellCount
008c2470   _nSrio1TxCount
008c2478   _nSrio2TxCount
008c2480   _dbellcounter
008c2490   __CSL_intcAllocMask
008c2494   __CSL_intcCpuIntrTable
008c24d8   __CSL_intcEventOffsetMap
008c24dc   __CSL_intcNumEvents
008c24e0   __CSL_intcEventHandlerRecord
008c24e4   _CLK_htimePerLtime
008c24e8   _gDDCDBellCounter
008c24f0   _gPacketNumber
008c24f8   _gDDCRx
008c24fc   _DDCRx_IsInitialized
008c24fe   _min
008c2500   _max
008c2502   _bStampflag
008c2503   _nExpectedSeqNum
008c2504   _nTargetSeq
008c2508   _nOldSeqNum
008c2510   _TotalProcessed
008c2518   _nIntrCount
008c251c   _nTimerCounter
008c2520   _nData
008c2524   _nPrevCBTxChannel
008c2538   _KNL_wFlag
008c253c   _KNL_wList
008c2540   _KNL_alarm
008c2544   _KNL_setpri
008c2548   _KNL_inactive
008c254c   _KNL_priority
008c2550   _KNL_set
008c2554   _KNL_curtask
008c2558   _KNL_prevtask
008c255c   _KNL_curtime
008c2560   _KNL_swiptr
008c2564   _KNL_curqueue
008c2568   _KNL_maxqueue
008c256c   _KNL_tswitchfxn
008c2570   _KNL_tcreatefxn
008c2574   _KNL_tdeletefxn
008c2578   _KNL_treadyfxn
008c257c   _KNL_idlefxn
008c2580   _CONTENT_TYPE_APPLET
008c2584   _CONTENT_TYPE_AU
008c2588   _CONTENT_TYPE_DOC
008c258c   _CONTENT_TYPE_GIF
008c2590   _CONTENT_TYPE_HTML
008c2594   _CONTENT_TYPE_JPG
008c2598   _CONTENT_TYPE_MPEG
008c259c   _CONTENT_TYPE_PDF
008c25a0   _CONTENT_TYPE_WAV
008c25a4   _CONTENT_TYPE_ZIP
008c25a8   _CONTENT_TYPE
008c25ac   _CONTENT_LENGTH
008c25b0   _CRLF
008c25b4   _DEFAULT_NAME
008c25b8   _HTTP_VER
008c25bc   _SPACE
008c25c9   _nMaxRxChannel
008c25ca   _nMaxTxChannel
008c25cb   _nAJTxChannel
008c25cc   _nCBTxChannel
008c25cd   _nVBTSTxChannel
008c25ce   _nBAND
008c25d0   _nARFCN
008c25d2   _nTS
008c25d3   _nDirection
008c25d4   _nChannelComb
008c25d5   _nTSC
008c25d6   _nBSIC
008c25d7   _nVoEncoderType
008c25d8   _nCiphering
008c25d9   _nHopping
008c25da   _nBeaconBand
008c25dc   _nBeaconARFCN
008c25de   _nSubSlot
008c25df   _nMaxArfcn
008c25e8   _TxHashId
008c25ec   _nDelayCount
008c25f4   _pQfromSim
008c25f8   _SendCmd_Flag
008c25fc   _hEMAC
008c2618   _memory_squeeze_error
008c261c   _hSemHandle
008c2620   _hSemHandle1
008c2624   _PITCount
008c2628   _PITUsed
008c262c   _PITHigh
008c264c   IDL_D_busyObj
008c2680   __IGMPForceVersion1
008c2684   __IGMPInDiscard
008c2688   __IGMPInQuery
008c268c   __IGMPInQueryGroup
008c2690   __IGMPInResponse
008c2694   __IGMPOutResponse
008c269c   _IPV6_MAX_MULTICAST_SOLICIT
008c26a0   _IPV6_MAX_UNICAST_SOLICIT
008c26a4   _IPV6_RETRANS_TIME
008c26a8   _IPV6_DELAY_FIRST_PROBE_TIME
008c26ac   _IPV6_REACHABLE_TIME
008c26b0   _IPV6_MAX_RTR_SOLICITATION_DELAY
008c26b4   _IPV6_RTR_SOLICITATION_INTERVAL
008c26b8   _IPV6_MAX_RTR_SOLICITATIONS
008c26bc   _INFINITE_LT
008c26c0   _EXC_sysTrapTable
008c26c8   _EXC_returnPtr
008c2738   __HOOK_switchFxnTablePtr
008c273c   __HOOK_readyFxnTablePtr
008c2740   __HOOK_initFxnTablePtr
008c2744   __HOOK_createFxnTablePtr
008c2748   __HOOK_deleteFxnTablePtr
008c274c   __HOOK_exitFxnTablePtr
008c2750   HWI_D_spsave
008c2750   _HWI_D_spsave
008c2750   _HWI_data
008c275c   _HWI_D_inhwi
008c2760   HWI_D_bss
008c2764   HWI_D_ccmask
008c2768   LNK_dspFrameRequestMask
008c2768   _LNK_dspFrameRequestMask
008c276c   LNK_dspFrameReadyMask
008c276c   _LNK_dspFrameReadyMask
008c2770   LNK_readPend
008c2770   _LNK_readPend
008c2774   LNK_readDone
008c2774   _LNK_readDone
008c2778   LNK_readFail
008c2778   _LNK_readFail
008c277c   LNK_writeFail
008c277c   _LNK_writeFail
008c27a0   _semstat
008c27a4   _pIntGenRegs
008c27ac   _EXC_exceptionHook
008c27b0   _EXC_internalHook
008c27b4   _EXC_externalHook
008c27b8   _EXC_nmiHook
008c27c0   __CSL_cicAllocMask
008c27d0   _gFrameMicroseconds
008c27e8   _rtdxNullChanCnt
008c27ec   _rtdxNullFuncCnt
008c27f0   _rtdxXmtNotDoneCnt
008c27f4   _rtdxRecNotDoneCnt
008c27f8   _rtdxXmtRestartCnt
008c27fc   _rtdxXmtErrorCnt
008c2810   __IPExecuting
008c2820   _TSK_nTasks
008c2824   _TSK_pid
008c2828   _TSK
008c2838   _gFragQList
008c2850   _CLK_DFLTMICROSECS
008c2854   _CLK_D_microseconds
008c2858   _SYS_exitStackPtr
008c285c   _SYS_exitStackTop
008c2860   __CSL_cachebusyState
008c2864   __CSL_cacheEmifState
008c2868   _DebugLogSize
008c286c   _DebugCritError
008c2870   __ICMPInErrors
008c2874   __ICMPOutErrors
008c2898   _tcp_iss
008c289c   _ptTimeFirst
008c28a0   _pt6TimeFirst
008c28a4   _tcp6_iss
008c28b0   _MEM
008c28c0   _httpErrorResponseHook
008c28d4   _TIME_2HOURS
008c28d8   __IPReasmPtr
008c28dc   _gMLDNodeList
008c28ec   ___end__
008c28ec   end
008c31e8   IDL_A_CALBEG
008c31e8   IDL_cpuLoad$
008c31ec   LNK_dataPump$
008c31f0   RTA_dispatcher$
008c31f4   IDL_END$
008c31f8   CLK_A_TABBEG
008c31f8   PRD_clock
008c31f8   _PRD_clock
008c31fc   CLK_null
008c3200   BIOS_init
008c3200   _BIOS_init
008c3398   BIOS$$CLKON
008c33d8   BIOS$$CLKOFF
008c3490   BIOS_start
008c3490   _BIOS_start
008c35c0   _c_int00
008c3680   _MEM_init
008c3720   __HOOK_doInit
008c37a0   _TSK_init
008c3800   _OBJ_init
008c3820   SYS$config
008c3830   TRC_cinit
008c3834   TRC_R_mask
008c3834   _TRC_R_mask
008c3838   GBL_initdone
008c38c0   _RTDX_Buffer
008c3cc8   _RTDX_Buffer_Start
008c3ccc   _RTDX_Buffer_End
008c3cd0   _rtdx_mon_state
008c3d14   _rtdx_buffer_state
008c3d20   _RTDX_writing
008c3d38   TSK_idle$stack
008c40d0   TSK_idle$stkptr
008c4138   _SYS_PUTCBEG
008c4337   _SYS_PUTCEND
008c4338   PIP_A_TABBEG
008c4338   RTA_fromHost$pipe
008c433c   RTA_fromHost$pipe$rd
008c4368   RTA_fromHost$pipe$aaa
008c436c   RTA_fromHost$pipe$wr
008c4398   RTA_fromHost$pipe$bbb
008c439c   RTA_toHost$pipe
008c43a0   RTA_toHost$pipe$rd
008c43cc   RTA_toHost$pipe$aaa
008c43d0   RTA_toHost$pipe$wr
008c43fc   RTA_toHost$pipe$bbb
008c4400   PIP_A_TABEND
008c4400   __CSL_intcVectorTable
008c4600   RTA_toHost$buf
008c4700   LOG_A_TABBEG
008c4700   LOG_system
008c4700   _LOG_system
008c4718   _trace
008c4718   trace
008c4730   _fatal
008c4730   fatal
008c4748   _warning
008c4748   warning
008c4760   _event
008c4760   event
008c4778   _dump
008c4778   dump
008c4790   LOG_A_TABEND
008c479c   TSK_idle
008c479c   _TSK_idle
008c4800   HWI_A_VECS
008c4800   hwi0
008c4820   hwi1
008c4840   hwi2
008c4860   hwi3
008c4880   hwi4
008c48a0   hwi5
008c48c0   hwi6
008c48e0   hwi7
008c4900   hwi8
008c4920   hwi9
008c4940   hwi10
008c4960   hwi11
008c4980   hwi12
008c49a0   hwi13
008c49c0   hwi14
008c49e0   hwi15
008c4a64   STS_A_TABBEG
008c4a64   prdNdk$sts$stsobj
008c4a68   prdNdk$sts
008c4a74   PrdEthernet$sts$stsobj
008c4a78   PrdEthernet$sts
008c4a84   KNL_swi$sts$stsobj
008c4a88   KNL_swi$sts
008c4a94   PRD_swi$sts$stsobj
008c4a98   PRD_swi$sts
008c4aa4   TSK_idle$sts$stsobj
008c4aa8   TSK_idle$sts
008c4ab4   IDL_busyObj$stsobj
008c4ab8   IDL_busyObj
008c4ab8   _IDL_busyObj
008c4ac4   KNL_swi
008c4ac4   STS_A_TABEND
008c4ac4   SWI_A_TABBEG
008c4ac4   _KNL_swi
008c4af0   PRD_SWIHANDLE
008c4af0   PRD_swi
008c4af0   _PRD_swi
008c4b1c   PRD_A_TABBEG
008c4b1c   SWI_A_TABEND
008c4b1c   _prdNdk
008c4b1c   prdNdk
008c4b38   prdNdk$aaa
008c4b3c   PrdEthernet
008c4b3c   _PrdEthernet
008c4b58   PrdEthernet$aaa
008c4b5c   HST_A_TABBEG
008c4b5c   PRD_A_TABEND
008c4b60   RTA_fromHost
008c4b60   _RTA_fromHost
008c4b68   RTA_fromHost$rtdx
008c4b7c   RTA_toHost
008c4b7c   _RTA_toHost
008c4b84   RTA_toHost$rtdx
008c4b98   HST_A_TABEND
00f00000   _theModMgr
00f007d8   _SrioLed
00f007dc   _SrioTxLed
00f007e0   _Srio2TxLed
02210d0c   HWI_INTRMUX3
02910000   CLK_REGS
02910000   _CLK_REGS
07060504   HWI_INTRMUX1
0b0a0908   HWI_INTRMUX2
80000000   _gL2PacketMgr
80040000   _oBurstToFPGAMgr
80053000   _gHash
80053020   _gHeapMem
80053090   _gHeapMemSeg
83000000   _oMSGIndication
83000018   _oLinks
830001f8   _GBTS
83000738   _GBTSSEM
83000750   _GTransferJob
83003850   _GSharedL2PacketMgr
83009860   _oEthBuff
8300b0a8   _oSharedBurstToFPGAMgr
8300d0b0   _oRxCalibration
84000000   _gCriticalMemRef
84800000   _DDC_RxPacket
85310080   _DUC_PakFrmIPU
85800000   _sgmii_init
85800074   _MemMgr_InitCriticalMemory
858001d8   _MemMgr_InitHeapMemory
8580026c   _EthBuff_Init
858002c0   _ModMgr_Init
858003f0   _main
85800464   _VerifyRcvdData
85800560   _TestSrioTxDBTask
85800700   _TestSrioTask
85800764   _TestSrioSync
85800840   _TestSrioIQ
858008d8   _TestSrio
85800ac8   _MDIO_initPHY
85800b58   _MDIO_open
85800b98   _MDIO_close
85800c18   _EMAC_open
858018c0   _EMAC_setReceiveFilter
85801a78   _DoInterruptsInitialization
85801ae0   _Ethernet_Init
85802188   _EMAC_setMulticast
858022b4   _EMAC_getReceiveFilter
858022f0   _EMAC_close
858026d8   _DoInterruptEnd
85802720   _eventEdmaHandler
858027ac   _Intr_DisableEvent
85802814   _Timer_Stop
858028b4   _Timer_Print
858028fc   _IntrDB_GetIntrTableParam
85802930   _Intr_Init
85802a90   _Timer_Init
85802d58   _Srio_Init
85803708   _Mcbsp_Print
8580370c   _Mcbsp_Init
85803978   _Mcbsp_EnableRxIntr
858039f4   _Mcbsp_DisableRxIntr
85803a5c   _Ipc_IntrInit
85803ba8   _Ipc_Init
85803be4   _Gpo_Print
85803be8   _Gpio_Init
85803cb0   _Gpo_Init
85803dd4   _GpoDual_Print
85803dd8   _GpoDual_Init
85804000   _Gpi_Read
85804054   _Gpi_Print
85804094   _Gpi_Init
858041f8   _Gpi_EnableIntr
85804274   _Gpi_DisableIntr
858042dc   _Edma_UpdateSrcDestAddr
85804320   _Edma_Start
85804360   _Edma_SetParamSettings
85804400   _Edma_ReStart
858044b0   _EdmaEventHook
858044c0   _Edma_Init
8580481c   _Edma_GetParamSettings
85804828   _Edma_Close
85804860   _Cache_ConfigL2
85804898   _Cache_ConfigL1P
858048d0   _Cache_ConfigL1D
85804920   _TxTaskC1
85804a00   _TxTask
85804b10   _TestCmdSim_Start
85804bb8   _CmdSim_GetTxQ
85804bc4   _CmdSim_SetRxQ
85804bd4   _TestCmdSim_Init
85804c88   _TestCmdIfC1
85804d90   _TestCmdIf
85804e38   _RxTask
85804e8c   _Router_Init
85804eec   _CmdSim_Settings
85805870   _CmdSim_Init
85805970   _CmdIf_Start
858059e4   _CmdIf_Init
85805c60   _CmdIf_FreePacket
85805cc0   _SendBurst
85805fc0   _PayloadSim_Start
85805fe0   _PayloadSim_Settings
85805ffc   _PayloadSim_SetL2PacketToIPURxQ
8580600c   _PayloadSim_SetBurstToFPGARxQ
8580601c   _PayloadSim_SetBurstInfoToDSPRxQ
8580602c   _PayloadSim_Init
85806204   _PayloadSim_GetL2PacketFromIPUTxQ
85806210   _PayloadSim_GetBurstFromFPGATxQ
8580654c   _IpuToDsp_Start
858065b4   _IpuToDsp_Init
8580669c   _DspToIpu_Start
858066d4   _DspToIpu_Init
85806744   _DUCTx_Start
8580679c   _DUCTx_Init
85806850   _DDCRx_Start
85806918   _DDCRx_Init
85806af0   _DDCRX_PrintList
85806b40   _SysTime_Init
85806b9c   _LOG_DumpMsg
85806c14   _FIFO_Init
85806d50   _Initialize_HashNewBucket
85806ee4   _ITaskQ_Init
8580706c   _IIPC_Start
858070b4   _IIPC_InitLink
85807170   _HSEM_Init
858071e4   _IIPC_Init
85807414   _ICoreQ_Start
8580747c   _ICoreQ_Init2
858074c8   _ICoreQ_Init
85807590   _HSEM_ModuleInit
8580763c   _FIFO_Print
85807740   _TestParamsMacros
8580780c   _DataPkt_Dump
85807820   _TDFrmTbl_Print
858078f0   _Burst_GetBasebandData
87100000   _semcontext
87100004   _Sig_IPCRx
8710001c   _Tsk_RxIPC
87100058   _Hsem_IIPC
8710006c   _Tsk_TxIPC
871000a8   _iipc_TxQ
87100178   _ECM_ATTRS
87152c80   _pit
87152e40   _pitBuffer
8715ee40   _Id2Size
8715ee5c   _CLK_inputClock
8715ee60   _MSGIndication
8715ee64   _Links
8715ee68   _gBTS
8715ee6c   _gBTSSem
8715ee70   _pGblTransferJob
8715ee74   _gSharedL2PacketMgr
8715ee78   _pEthBuff
8715ee7c   _pGSharedBurstToFPGAMgr
8715ee80   _pRxCalibration
8715f9d0   _oDiagIfd
8715fabc   _oSemObj
8715fac8   _packet_header
87160048   _packet_buffer
87164048   _packet_sourcedata
87164248   _FreeTxQ
87164254   _FreeRxQ
87164260   _RxQ
87164338   _TaskSrioDatawrite
87164374   _TaskSrioDBellwrite
871643b0   _SrioSyncTest
871643ec   _SrioIQtest
87164428   _oPrevTimetoSend
87164448   _bFirstTime
87164450   _oTxPacket
87168c60   _thePayloadSim
87168e48   _gTDMA
8716b618   _gSACCH_TF
8716b640   _rcv_pkt
8716c140   _send_pkt
8716cc40   _RxQueue
8716cc4c   _TxQueue
8716cc58   _pSemObj
8716cc64   _pSemObj1
8716cc70   _DebugLog
8716d270   _bFreeID
8716d290   _gRxRouter
8716d438   _gTxRouter
8716d528   _theCmdSim
8716d5f0   _nBANDJAMMED
8716d5f8   _nARFCNJAMMED
8716d600   _TxTaskobj
8716d63c   _RxTaskobj
8716d678   _oRxQFP_C1
8716d6bc   _oC1_HashHsem
8716d6d0   _TxTaskobjC1
8716d70c   _RxTaskobjC1
8716d748   _oSimRxTask
8716d784   _oSimTxTask
8716d7c0   _oQtoSim
8716d808   _intcDbell
8716d810   _intcLsu
8716d818   _intcEdma
8716d820   _intcErr
8716d828   _intcContext
8716d8c0   _record
8716d8e0   _ringingBell
8716d970   _TccHandlerTable
8716dd34   _context
8716dd38   _srioObj
8716dd40   _srioParam
8716dd48   __ftable
8716de38   __tmpnams
8716ded8   __ft_end
8716dee0   ___atexit_func_id__
8716e2d0   _oPacket
8716e3d8   __ipcfg
8716e4d8   _KNL_queues
8716e578   _KNL_dummy
8716e74c   _IPV6_LINKLOCALMASK
8716e75c   _IPV6_MULTICASTMASK
8716e76c   _IPV6_UNSPECIFIED_ADDRESS
8716e77c   _IPV6_LOOPBACK_ADDRESS
8716e78c   _IPV6_HOST_MASK
8716e79c   _IPV6_ALL_NODES_ADDRESS
8716e7ac   _IPV6_ALL_ROUTER_ADDRESS
8716e7bc   _ipv6mcb
8716e814   _tcps
8716e8cc   _tpseudo
8716e8d8   _tcp6_stats
8716e990   __ICMPIn
8716e9e0   __ICMPOut
8716ea30   _BlockMax
8716ea50   _BlockCount
8716ea70   _PageMax
8716ea90   _PageCount
8716eaac   _ips
8716eb14   _nimu_mcb
8716eb78   _TSK_ATTRS
8716eb94   _TSK_config
8716ebb4   _TSK_timerSem
8716ebd8   _OBJ_table
8716ec10   _OBJ_segtab
8716ecc0   _pstrMsgName
8716ed64   _udps
8716ed88   _upseudo
8716ed94   __TSK_mutex
8716edbc   _vlan_mcb
8716ede4   __oscfg
8716ee08   _udp6_stats
8716ee2c   _errno
8716ee30   _SYS_exitStack
8716ee68   _icmp6stats
8716eeac   _dtors
8716eec4   _EXC_status
8716ef04   _stkEvent
8716ef14   _raws
8716ef24   _raw6_stats
8716ef34   _HWI_ATTRS
8716ef4c   _PBMQ_free
8716ef58   __cleanup_ptr
8716ef5c   __dtors_ptr
8716ef60   ___TI_enable_exit_profile_output
8716ef84   _SEM_ATTRS
8716ef90   _NIMUDeviceTable
8716ef98   __lock
8716ef9c   __unlock
8716efb0   _cBuff
871eefb0   _TstPacket
871ef098   _MemList
871f6098   _oDebugDDCRx
871fc0c0   _mcbspGbl
871fc0cc   _mcbspRxData
871fc0f8   _mcbspTxData
871fc124   _mcbspClock
871fc15c   _mcbspMul
871fc178   _myHwSetup
871fc198   _diag_intlv_index
871fd808   _GSM_DCS_TCH_EFS_REARRANGE_TABLE
871fda10   _GSM_DCS_TCH_FS_REARRANGE_TABLE
871fdc18   _GSM_DCS_TCH_AFS_SPEECH12_2_REARRANGE_TABLE
871fdfc4   _Core_Num
871fdfc8   _GSM_DCS_TCH_AFS_SPEECH10_2_REARRANGE_TABLE
871fe2f8   _GSM_DCS_TCH_AFS_SPEECH10_2_PUNCTURE
871fe600   _GSM_DCS_TCH_AFS_SPEECH7_95_REARRANGE_TABLE
871fe740   _GSM_DCS_TCH_AFS_SPEECH7_4_REARRANGE_TABLE
871fede0   _GSM_DCS_TCH_AFS_SPEECH6_7_REARRANGE_TABLE
871feef0   __ctypes_
871feff8   _GSM_DCS_TCH_AFS_SPEECH6_7_PUNCTURE
871ff2f0   _GSM_DCS_TCH_AFS_SPEECH5_9_REARRANGE_TABLE
871ff3e0   _GSM_DCS_TCH_AFS_SPEECH5_15_PUNCTURE
871ff5a0   _GSM_DCS_TCH_AFS_SPEECH5_15_REARRANGE_TABLE
871ff988   _GSM_DCS_TCH_AFS_SPEECH4_75_REARRANGE_TABLE
871ffd20   _GSM_DCS_TCH_AFS_SPEECH4_75_PUNCTURE
871fffa8   _GSM_DCS_TCH_AFS_SPEECH5_9_PUNCTURE
872001e0   _GSM_DCS_TCH_AFS_SPEECH7_95_PUNCTURE
87200268   _GSM_DCS_TCH_EFS_45003_S3_1_1_1
872002f0   _GSM_DCS_TCH_AFS_SPEECH12_2_PUNCTURE
872007a8   _Code2Err
87200c48   _GSM_DCS_TCH_AFS_CODED_DATA_SID
87200dc8   _DCS_ft2b
87200f60   _GSM_DCS_TCH_AFS_SPEECH7_4_PUNCTURE
872013e0   _GSM_DCS_TCH_AFS_SID_IM_VECTOR
87201568   _GSM_DCS_TCH_AFS_CODED_DATA_SPEECH
87201718   _GSM_DCS_AFS_BLOCK_PHASE
87201978   _GSM_DCS_TCH_AFS_RATSCCH_IM_VECTOR
872019a8   _gen_matrix_ctrl
872019f0   ___cinit__
872019f0   cinit
872054d0   __CIOBUF_
872055f0   prdNdk$sts$maxfmt
872055f9   prdNdk$sts$sumfmt
87205602   prdNdk$sts$avgfmt
8720560d   PrdEthernet$sts$maxfmt
87205616   PrdEthernet$sts$sumfmt
8720561f   PrdEthernet$sts$avgfmt
8720562a   KNL_swi$sts$maxfmt
87205632   KNL_swi$sts$sumfmt
8720563a   KNL_swi$sts$avgfmt
87205644   PRD_swi$sts$maxfmt
8720564c   PRD_swi$sts$sumfmt
87205654   PRD_swi$sts$avgfmt
8720565e   TSK_idle$sts$maxfmt
87205666   TSK_idle$sts$sumfmt
8720566e   TSK_idle$sts$avgfmt
87205678   IDL_busyObj$maxfmt
8720567b   IDL_busyObj$sumfmt
8720567e   IDL_busyObj$avgfmt
87205684   ___pinit__
87205684   pinit
ffffffff   C0_BURST_DATA
ffffffff   C0_DATA_RAM
ffffffff   C0_HEAP_RAM
ffffffff   C0_PROG_RAM
ffffffff   C1_DATA_RAM
ffffffff   C1_HEAP_RAM
ffffffff   C1_PROG_RAM
ffffffff   C2_DATA_RAM
ffffffff   C2_HEAP_RAM
ffffffff   C2_PROG_RAM
ffffffff   CORE_HEALTH
ffffffff   CX_CRITICAL_SECTION
ffffffff   CX_CRITICAL_SECTION_REFERENCE
ffffffff   ECM_EVTMASK0
ffffffff   ECM_EVTMASK1
ffffffff   ECM_EVTMASK2
ffffffff   ECM_EVTMASK3
ffffffff   L1D_RAM
ffffffff   L1P_RAM
ffffffff   _C0_BURST_DATA
ffffffff   _C0_DATA_RAM
ffffffff   _C0_HEAP_RAM
ffffffff   _C0_PROG_RAM
ffffffff   _C1_DATA_RAM
ffffffff   _C1_HEAP_RAM
ffffffff   _C1_PROG_RAM
ffffffff   _C2_DATA_RAM
ffffffff   _C2_HEAP_RAM
ffffffff   _C2_PROG_RAM
ffffffff   _CORE_HEALTH
ffffffff   _CX_CRITICAL_SECTION
ffffffff   _CX_CRITICAL_SECTION_REFERENCE
ffffffff   _L1D_RAM
ffffffff   _L1P_RAM
ffffffff   ___TI_pprof_out_hndl
ffffffff   ___TI_prof_data_size
ffffffff   ___TI_prof_data_start
ffffffff   ___binit__
ffffffff   ___c_args__
ffffffff   binit

[2654 symbols]
