******************************************************************************
               TMS320C6x Linker PC v6.1.5                      
******************************************************************************
>> Linked Sun Apr 08 18:16:10 2012

OUTPUT FILE NAME:   <../out/appC1.out>
ENTRY POINT SYMBOL: "_c_int00"  address: 008ed5c0


MEMORY CONFIGURATION

         name            origin    length      used     unused   attr    fill
----------------------  --------  ---------  --------  --------  ----  --------
  L2HEAP                00800000   00020000  00020000  00000000  RWIX
  L2RAM                 00820000   000e0000  000cf36a  00010c96  RWIX
  L1P_RAM               00e00000   00004000  00000000  00004000  RWIX
  L1D_RAM               00f00000   00008000  00004000  00004000  RWIX
  C0_HEAP_RAM           80000000   01000000  00000000  01000000  RWIX
  C1_HEAP_RAM           81000000   01000000  00a53090  005acf70  RWIX
  C2_HEAP_RAM           82000000   01000000  00000000  01000000  RWIX
  CX_CRITICAL_SECTION   83000000   01000000  00000000  01000000  RWIX
  CX_CRITICAL_SECTION_R 84000000   00800000  00000000  00800000  RWIX
  C0_BURST_DATA         84800000   01000000  00000000  01000000  RWIX
  C0_PROG_RAM           85800000   00800000  00000000  00800000  RWIX
  C1_PROG_RAM           86000000   00800000  00004860  007fb7a0  RWIX
  C2_PROG_RAM           86800000   00800000  00000000  00800000  RWIX
  C0_DATA_RAM           87000000   02000000  00000000  02000000  RWIX
  C1_DATA_RAM           89000000   02000000  0018fc93  01e7036d  RWIX
  C2_DATA_RAM           8b000000   02000000  00000000  02000000  RWIX
  CORE_HEALTH           8fffff00   00000100  00000000  00000100  RWIX


SECTION ALLOCATION MAP

 output                                  attributes/
section   page    origin      length       input sections
--------  ----  ----------  ----------   ----------------
.vers      0    00000000    0000003c     COPY SECTION
                  00000000    0000003c     maincfg.obj (.vers)

.L2HEAP$heap 
*          0    00800000    00020000     UNINITIALIZED
                  00800000    00020000     --HOLE--

.text      0    00820000    0003ae00     
                  00820000    000118e0     L1Manager.lib : GSMConfig.obj (.text)
                  008318e0    000038e0     gsmutil.lib : Burst.obj (.text)
                  008351c0    00003320     CmdIfMgr.lib : CmdIf.obj (.text)
                  008384e0    000024a0     CmdIfLib.lib : CmdPkt.obj (.text)
                  0083a980    000019c0     delcom_gsm_L1_modules.l64+ : ctrl_fcch_rcv.obj (.text)
                  0083c340    00001900     GenUtil.lib : FIFO.obj (.text)
                  0083dc40    00000fe0     Platformlib.lib : Cache.obj (.text)
                  0083ec20    00000de0     delcom_gsm_L1_modules.l64+ : tch_afs_decode_bits.obj (.text)
                  0083fa00    00000d60                                : gmsk_eq16_mlse_demod_sub2.obj (.text)
                  00840760    00000d20                                : tch_afs_decode_inband_data.obj (.text)
                  00841480    00000d20                                : tch_afs_detect_frametype.obj (.text)
                  008421a0    00000ca0     csl.lib : csl_srioHwSetup.o (.text:csl_section:srio:_CSL_srioHwSetup)
                  00842e40    00000c00     delcom_gsm_L1_modules.l64+ : generic_conv_decoder.obj (.text)
                  00843a40    00000b60                                : gmsk_equalize16.obj (.text)
                  008445a0    00000a20                                : conv_decoder_rsc_G46G46G56G66G66.obj (.text)
                  00844fc0    000009e0                                : conv_decoder_rsc_G46G56G66G66.obj (.text)
                  008459a0    000009a0                                : conv_decoder_rsc_G44G54G64.obj (.text)
                  00846340    00000800     rts64plus.lib : divd.obj (.text:__divd)
                  00846b40    00000740     delcom_gsm_L1_modules.l64+ : tch_fs_decode_bits.obj (.text)
                  00847280    00000720                                : gmsk_eq16_mlse_demod_sub1.obj (.text)
                  008479a0    000006c0     status.lib : statmgr.obj (.text)
                  00848060    00000640     csl.lib : _csl_mcbspChannelControl.o (.text:csl_section:mcbsp:__CSL_mcbspChannelControl)
                  008486a0    00000640     delcom_gsm_L1_modules.l64+ : fire_dec.obj (.text)
                  00848ce0    00000560     csl.lib : csl_mcbspHwSetup.o (.text:csl_section:mcbsp:_CSL_mcbspHwSetup)
                  00849240    00000560     delcom_gsm_L1_modules.l64+ : assemble_sync_burst_raw.obj (.text)
                  008497a0    00000560                                : tch_fs_encode_bits.obj (.text)
                  00849d00    00000540     csl.lib : csl_srioGetHwStatus.o (.text:csl_section:srio:_CSL_srioGetHwStatus)
                  0084a240    00000540     status.lib : RxCalib.obj (.text)
                  0084a780    00000520     delcom_gsm_L1_modules.l64+ : assemble_dummy_burst_raw.obj (.text)
                  0084aca0    00000500                                : comm_math.obj (.text)
                  0084b1a0    000004e0                                : assemble_normal_burst_raw.obj (.text)
                  0084b680    00000480     csl.lib : csl_edma3HwChannelControl.o (.text:csl_section:edma3:_CSL_edma3HwChannelControl)
                  0084bb00    00000460     rts64plus.lib : _printfi.obj (.text:__setfield)
                  0084bf60    00000440                   : _printfi.obj (.text:__getarg_diouxp)
                  0084c3a0    00000440     csl.lib : csl_srioHwControl.o (.text:csl_section:srio:_CSL_srioHwControl)
                  0084c7e0    000003e0     delcom_gsm_L1_modules.l64+ : conv_decoder_rsc_G13G13G23G33G33.obj (.text)
                  0084cbc0    000003e0                                : conv_decoder_rsc_G13G23G33G33.obj (.text)
                  0084cfa0    000003c0                                : conv_decoder_rsc_G13G23G33.obj (.text)
                  0084d360    000003a0     CriticalMem.obj (.text)
                  0084d700    000003a0     rts64plus.lib : _printfi.obj (.text:__printfi)
                  0084daa0    00000380     delcom_gsm_L1_modules.l64+ : conv_decoder_rsc_G00G10.obj (.text)
                  0084de20    00000380                                : fire_enc.obj (.text)
                  0084e1a0    00000380                                : pmuldiv.obj (.text)
                  0084e520    00000380                                : tch_afs_onset_rem_fec.obj (.text)
                  0084e8a0    00000340                                : assemble_access_burst_raw.obj (.text)
                  0084ebe0    00000340                                : gmsk_agc.obj (.text)
                  0084ef20    00000320     csl.lib : csl_edma3HwControl.o (.text:csl_section:edma3:_CSL_edma3HwControl)
                  0084f240    00000320     delcom_gsm_L1_modules.l64+ : gmsk_eq16_chan_sounder_sub1_rach_c64x.obj (.text)
                  0084f560    00000300     rts64plus.lib : _printfi.obj (.text:_ecvt)
                  0084f860    00000300                   : _printfi.obj (.text:_fcvt)
                  0084fb60    00000300                   : fputs.obj (.text:_fputs)
                  0084fe60    00000300                   : log.obj (.text:_log)
                  00850160    000002e0     GSML1.lib : beagle_setup.obj (.text)
                  00850440    000002e0     rts64plus.lib : _printfi.obj (.text:__pproc_fge)
                  00850720    000002e0                   : _printfi.obj (.text:__pproc_fwp)
                  00850a00    000002c0     csl.lib : csl_pscHwControl.o (.text:csl_section:psc:_CSL_pscHwControl)
                  00850cc0    000002c0     delcom_gsm_L1_modules.l64+ : dbutils.obj (.text)
                  00850f80    000002a0     rts64plus.lib : _printfi.obj (.text:__pconv_e)
                  00851220    00000260                   : imath64.obj (.text:__divull)
                  00851480    00000260                   : mpyd.obj (.text:__mpyd)
                  008516e0    00000260     csl.lib : csl_pllcHwSetup.o (.text:csl_section:pllc:_CSL_pllcHwSetup)
                  00851940    00000240             : csl_cicOpen.o (.text:csl_section:cic:_CSL_cicOpen)
                  00851b80    00000240             : csl_gpioHwControl.o (.text:csl_section:gpio:_CSL_gpioHwControl)
                  00851dc0    00000240     delcom_gsm_L1_modules.l64+ : ctrl_prach_ext_rem_fec.obj (.text)
                  00852000    00000220     rts64plus.lib : addd.obj (.text:__addd)
                  00852220    00000220                   : _printfi.obj (.text:__pproc_diouxp)
                  00852440    00000220                   : _printfi.obj (.text:__pproc_str)
                  00852660    00000220     csl.lib : csl_edma3GetHwStatus.o (.text:csl_section:edma3:_CSL_edma3GetHwStatus)
                  00852880    00000220     delcom_gsm_L1_modules.l64+ : ctrl_prach_ext_add_fec.obj (.text)
                  00852aa0    00000200     rts64plus.lib : frcaddd.obj (.text:__frcaddd)
                  00852ca0    00000200     csl.lib : csl_cicHwControl.o (.text:csl_section:cic:_CSL_cicHwControl)
                  00852ea0    00000200             : csl_pscGetHwStatus.o (.text:csl_section:psc:_CSL_pscGetHwStatus)
                  008530a0    00000200     delcom_gsm_L1_modules.l64+ : assemble_freq_burst_raw.obj (.text)
                  008532a0    00000200                                : gmsk_eq16_chan_sounder.obj (.text)
                  008534a0    00000200                                : gmsk_eq16_mlse_demod.obj (.text)
                  008536a0    000001e0     rts64plus.lib : frcmpyd_div.obj (.text:__frcmpyd_div)
                  00853880    000001e0     delcom_gsm_L1_modules.l64+ : conv_encoder.obj (.text)
                  00853a60    000001c0     rts64plus.lib : _printfi.obj (.text:__mcpy)
                  00853c20    000001c0     csl.lib : csl_tmrHwSetup.o (.text:csl_section:tmr:_CSL_tmrHwSetup)
                  00853de0    000001c0     delcom_gsm_L1_modules.l64+ : gmsk_eq16_chan_sounder_sub2_c64x.obj (.text)
                  00853fa0    000001c0                                : puncture_general.obj (.text)
                  00854160    000001a0     rts64plus.lib : trgdrv.obj (.text:_HOSTrename)
                  00854300    000001a0                   : imath40.obj (.text:__divul)
                  008544a0    000001a0                   : _printfi.obj (.text:__pconv_g)
                  00854640    000001a0                   : frexp.obj (.text:_frexp)
                  008547e0    000001a0                   : setvbuf.obj (.text:_setvbuf)
                  00854980    00000180     delcom_gsm_L1_modules.l64+ : ctrl_decode_bits.obj (.text)
                  00854b00    00000160     rts64plus.lib : imath64.obj (.text:__divlli)
                  00854c60    00000160     csl.lib : csl_edma3ChannelOpen.o (.text:csl_section:edma3:_CSL_edma3ChannelOpen)
                  00854dc0    00000160     delcom_gsm_L1_modules.l64+ : diag_intlv.obj (.text)
                  00854f20    00000160                                : gmsk_eq16_snr_calc_subs.obj (.text)
                  00855080    00000140     rts64plus.lib : fputc.obj (.text:_fputc)
                  008551c0    00000140                   : lowlev.obj (.text:_getdevice)
                  00855300    00000140     csl.lib : csl_chipReadReg.o (.text)
                  00855440    00000140     csl_c64xplus_intc.lib : _csl_intcIntrEnDisRes.o (.text:csl_section:intc)
                  00855580    00000140     csl.lib : csl_semGetHwStatus.o (.text:csl_section:sem:_CSL_semGetHwStatus)
                  008556c0    00000140             : csl_semHwControl.o (.text:csl_section:sem:_CSL_semHwControl)
                  00855800    00000140     delcom_gsm_L1_modules.l64+ : ctrl_encode_bits.obj (.text)
                  00855940    00000140                                : gmsk_eq16_chan_sounder_sub1_c64x.obj (.text)
                  00855a80    00000120     rts64plus.lib : _printfi.obj (.text:__pproc_fflags)
                  00855ba0    00000120                   : fclose.obj (.text:_fclose)
                  00855cc0    00000120     csl.lib : csl_mcbspGetHwStatus.o (.text:csl_section:mcbsp:_CSL_mcbspGetHwStatus)
                  00855de0    00000120             : _csl_mcbspBlockAssign.o (.text:csl_section:mcbsp:__CSL_mcbspBlockAssign)
                  00855f00    00000120             : csl_srioLsuSetup.o (.text:csl_section:srio:_CSL_srioLsuSetup)
                  00856020    00000120     delcom_gsm_L1_modules.l64+ : ctrl_rach_decode_bits.obj (.text)
                  00856140    00000100     rts64plus.lib : trgdrv.obj (.text:_HOSTlseek)
                  00856240    00000100                   : frcmpyd.obj (.text:__frcmpyd)
                  00856340    00000100                   : _printfi.obj (.text:__ltostr)
                  00856440    00000100                   : _io_perm.obj (.text:__wrt_ok)
                  00856540    00000100                   : sinit.obj (.text:_call_dtors)
                  00856640    00000100     csl.lib : csl_mcbspHwControl.o (.text:csl_section:mcbsp:_CSL_mcbspHwControl)
                  00856740    00000100             : csl_semOpen.o (.text:csl_section:sem:_CSL_semOpen)
                  00856840    00000100     delcom_gsm_L1_modules.l64+ : gsm_amr_speech_rearrange_bits.obj (.text)
                  00856940    000000e0     rts64plus.lib : trgdrv.obj (.text:_HOSTopen)
                  00856a20    000000e0                   : cmpd.obj (.text:__cmpd)
                  00856b00    000000e0                   : divi.obj (.text:__divi)
                  00856be0    000000e0                   : strasg.obj (.text:__strasgi)
                  00856cc0    000000e0                   : atoi.obj (.text:_atoi)
                  00856da0    000000e0                   : lowlev.obj (.text:_close)
                  00856e80    000000e0                   : memset.obj (.text:_memset)
                  00856f60    000000e0     delcom_gsm_L1_modules.l64+ : ctrl_rach_add_fec.obj (.text)
                  00857040    000000e0                                : ctrl_rach_rem_fec.obj (.text)
                  00857120    000000e0                                : ctrl_sch_decode_bits.obj (.text)
                  00857200    000000c0     rts64plus.lib : trgdrv.obj (.text:_HOSTread)
                  008572c0    000000c0                   : trgdrv.obj (.text:_HOSTunlink)
                  00857380    000000c0                   : trgdrv.obj (.text:_HOSTwrite)
                  00857440    000000c0                   : fopen.obj (.text:__cleanup)
                  00857500    000000c0                   : _printfi.obj (.text:__div)
                  008575c0    000000c0                   : divu.obj (.text:__divu)
                  00857680    000000c0                   : fflush.obj (.text:__doflush)
                  00857740    000000c0                   : remi.obj (.text:__remi)
                  00857800    000000c0                   : atexit.obj (.text:_atexit)
                  008578c0    000000c0                   : fseek.obj (.text:_fseek)
                  00857980    000000c0                   : lowlev.obj (.text:_lseek)
                  00857a40    000000c0                   : ltoa.obj (.text:_ltoa)
                  00857b00    000000c0                   : lowlev.obj (.text:_write)
                  00857bc0    000000c0     csl.lib : csl_edma3Open.o (.text:csl_section:edma3:_CSL_edma3Open)
                  00857c80    000000c0             : csl_gpioOpen.o (.text:csl_section:gpio:_CSL_gpioOpen)
                  00857d40    000000c0             : csl_mcbspOpen.o (.text:csl_section:mcbsp:_CSL_mcbspOpen)
                  00857e00    000000c0             : _csl_mcbspResetCtrl.o (.text:csl_section:mcbsp:__CSL_mcbspResetCtrl)
                  00857ec0    000000c0             : csl_pllcGetHwSetup.o (.text:csl_section:pllc:_CSL_pllcGetHwSetup)
                  00857f80    000000c0             : csl_pllcOpen.o (.text:csl_section:pllc:_CSL_pllcOpen)
                  00858040    000000c0             : csl_pscOpen.o (.text:csl_section:psc:_CSL_pscOpen)
                  00858100    000000c0             : csl_srioOpen.o (.text:csl_section:srio:_CSL_srioOpen)
                  008581c0    000000c0             : csl_timerGetBaseAddress.o (.text:csl_section:tmr:_CSL_tmrGetBaseAddress)
                  00858280    000000c0             : csl_tmrOpen.o (.text:csl_section:tmr:_CSL_tmrOpen)
                  00858340    000000c0     delcom_gsm_L1_modules.l64+ : ctrl_rach_encode_bits.obj (.text)
                  00858400    000000c0                                : gsm_freq_hopping.obj (.text)
                  008584c0    000000a0     rts64plus.lib : trgdrv.obj (.text:_HOSTclose)
                  00858560    000000a0     csl.lib : csl_mdio.o (.text:_MDIO_phyRegRead)
                  00858600    000000a0             : csl_mdio.o (.text:_MDIO_phyRegWrite)
                  008586a0    000000a0     rts64plus.lib : imath40.obj (.text:__divli)
                  00858740    000000a0                   : _printfi.obj (.text:__ecpy)
                  008587e0    000000a0                   : _printfi.obj (.text:__fcpy)
                  00858880    000000a0                   : fixdli.obj (.text:__fixdli)
                  00858920    000000a0                   : _printfi.obj (.text:__pconv_f)
                  008589c0    000000a0                   : remu.obj (.text:__remu)
                  00858a60    000000a0                   : lowlev.obj (.text:_finddevice)
                  00858b00    000000a0                   : memcpy64.obj (.text:_memcpy)
                  00858ba0    000000a0     csl.lib : csl_cicGetBaseAddress.o (.text:csl_section:cic:_CSL_cicGetBaseAddress)
                  00858c40    000000a0             : csl_edma3HwChannelSetup.o (.text:csl_section:edma3:_CSL_edma3HwChannelSetupQue)
                  00858ce0    000000a0     delcom_gsm_L1_modules.l64+ : crc_enc.obj (.text)
                  00858d80    000000a0                                : ctrl_sch_rem_fec.obj (.text)
                  00858e20    000000a0                                : diag_deintlv.obj (.text)
                  00858ec0    000000a0                                : gmsk_eq16_complex_filter_core_c64x.obj (.text)
                  00858f60    000000a0                                : gmsk_eq16_covar_calc.obj (.text)
                  00859000    000000a0                                : tch_afs_speech10_2_rem_fec.obj (.text)
                  008590a0    000000a0                                : tch_afs_speech12_2_rem_fec.obj (.text)
                  00859140    000000a0                                : tch_afs_speech4_75_rem_fec.obj (.text)
                  008591e0    000000a0                                : tch_afs_speech5_15_rem_fec.obj (.text)
                  00859280    000000a0                                : tch_afs_speech5_9_rem_fec.obj (.text)
                  00859320    000000a0                                : tch_afs_speech6_7_rem_fec.obj (.text)
                  008593c0    000000a0                                : tch_afs_speech7_4_rem_fec.obj (.text)
                  00859460    000000a0                                : tch_afs_speech7_95_rem_fec.obj (.text)
                  00859500    00000080     rts64plus.lib : fixdi.obj (.text:__fixdi)
                  00859580    00000080                   : fltlid.obj (.text:__fltlid)
                  00859600    00000080                   : llshift.obj (.text:__llshl)
                  00859680    00000080                   : mpyll.obj (.text:__mpyll)
                  00859700    00000080                   : sprintf.obj (.text:__outs)
                  00859780    00000080                   : vsprintf.obj (.text:__outs)
                  00859800    00000080                   : renormd.obj (.text:__renormd)
                  00859880    00000080                   : log10.obj (.text:_log10)
                  00859900    00000080                   : printf.obj (.text:_printf)
                  00859980    00000080                   : lowlev.obj (.text:_unlink)
                  00859a00    00000080     csl.lib : csl_edma3Param.o (.text:csl_section:edma3:_CSL_edma3ParamSetup)
                  00859a80    00000080     delcom_gsm_L1_modules.l64+ : ctrl_rem_fec.obj (.text)
                  00859b00    00000080                                : ctrl_sch_add_fec.obj (.text)
                  00859b80    00000080                                : gmsk_eq16_complex_filter.obj (.text)
                  00859c00    00000080                                : gsmfr_dtx_sfd.obj (.text)
                  00859c80    00000060     rts64plus.lib : cvtfd.obj (.text:__cvtfd)
                  00859ce0    00000060                   : fltid.obj (.text:__fltid)
                  00859d40    00000060                   : fltif.obj (.text:__fltif)
                  00859da0    00000060                   : llshift.obj (.text:__llshru)
                  00859e00    00000060                   : imath64.obj (.text:__remlli)
                  00859e60    00000060                   : imath64.obj (.text:__remull)
                  00859ec0    00000060                   : imath64.obj (.text:__subcull)
                  00859f20    00000060                   : memccpy.obj (.text:_memccpy)
                  00859f80    00000060                   : memmov.obj (.text:_memmove)
                  00859fe0    00000060                   : trgmsg.obj (.text:_readmsg)
                  0085a040    00000060                   : sprintf.obj (.text:_sprintf)
                  0085a0a0    00000060                   : trgmsg.obj (.text:_writemsg)
                  0085a100    00000060     csl.lib : csl_cicInit.o (.text:csl_section:cic:_CSL_cicInit)
                  0085a160    00000060             : csl_edma3Param.o (.text:csl_section:edma3:_CSL_edma3GetParamHandle)
                  0085a1c0    00000060             : csl_edma3HwChannelSetup.o (.text:csl_section:edma3:_CSL_edma3HwChannelSetupParam)
                  0085a220    00000060             : csl_mcbspGetBaseAddress.o (.text:csl_section:mcbsp:_CSL_mcbspGetBaseAddress)
                  0085a280    00000060             : _csl_mcbspClearFrmSyncErr.o (.text:csl_section:mcbsp:__CSL_mcbspClearFrmSyncErr)
                  0085a2e0    00000060             : _csl_mcbspRegReset.o (.text:csl_section:mcbsp:__CSL_mcbspRegReset)
                  0085a340    00000060     delcom_gsm_L1_modules.l64+ : crc_dec.obj (.text)
                  0085a3a0    00000060                                : ctrl_add_fec.obj (.text)
                  0085a400    00000060                                : gsmefr_dtx_sfd.obj (.text)
                  0085a460    00000060                                : tch_afs_sid_update_rem_fec.obj (.text)
                  0085a4c0    00000040     rts64plus.lib : sinit.obj (.text:___add_dtor)
                  0085a500    00000040                   : isinf.obj (.text:___isinf)
                  0085a540    00000040                   : _printfi.obj (.text:___isnan)
                  0085a580    00000040                   : divd.obj (.text:___isnan)
                  0085a5c0    00000040                   : negd.obj (.text:__negd)
                  0085a600    00000040                   : imath40.obj (.text:__remli)
                  0085a640    00000040                   : imath40.obj (.text:__remul)
                  0085a680    00000040                   : strasg.obj (.text:__strasgi_64plus)
                  0085a6c0    00000040                   : subd.obj (.text:__subd)
                  0085a700    00000040                   : abs.obj (.text:_llabs)
                  0085a740    00000040                   : vsprintf.obj (.text:_vsprintf)
                  0085a780    00000040     csl.lib : csl_edma3GetBaseAddress.o (.text:csl_section:edma:_CSL_edma3ccGetModuleBaseAddr)
                  0085a7c0    00000040             : csl_gpioGetBaseAddress.o (.text:csl_section:gpio:_CSL_gpioGetBaseAddress)
                  0085a800    00000040             : csl_pllcGetBaseAddress.o (.text:csl_section:pllc:_CSL_pllcGetBaseAddress)
                  0085a840    00000040             : csl_pscGetBaseAddress.o (.text:csl_section:psc:_CSL_pscGetBaseAddress)
                  0085a880    00000040             : csl_semGetBaseAddress.o (.text:csl_section:sem:_CSL_semGetBaseAddress)
                  0085a8c0    00000040             : csl_srioGetBaseAddress.o (.text:csl_section:srio:_CSL_srioGetBaseAddress)
                  0085a900    00000040             : csl_cacheL1.o (.text:cslsys_section:cache:_CACHE_setL1dSize)
                  0085a940    00000040             : csl_cacheL1.o (.text:cslsys_section:cache:_CACHE_setL1pSize)
                  0085a980    00000040             : csl_cacheL2.o (.text:cslsys_section:cache:_CACHE_setL2Size)
                  0085a9c0    00000040     delcom_gsm_L1_modules.l64+ : ctrl_sch_encode_bits.obj (.text)
                  0085aa00    00000040                                : merge_payload_buffers.obj (.text)
                  0085aa40    00000020     rts64plus.lib : negll.obj (.text:__negll)
                  0085aa60    00000020                   : _lock.obj (.text:__nop)
                  0085aa80    00000020                   : printf.obj (.text:__outc)
                  0085aaa0    00000020                   : sprintf.obj (.text:__outc)
                  0085aac0    00000020                   : vsprintf.obj (.text:__outc)
                  0085aae0    00000020                   : printf.obj (.text:__outs)
                  0085ab00    00000020                   : _lock.obj (.text:__register_lock)
                  0085ab20    00000020                   : _lock.obj (.text:__register_unlock)
                  0085ab40    00000020                   : remove.obj (.text:_remove)
                  0085ab60    00000020     csl.lib : csl_edma3Close.o (.text:csl_section:edma3:_CSL_edma3Close)
                  0085ab80    00000020             : csl_edma3Init.o (.text:csl_section:edma3:_CSL_edma3Init)
                  0085aba0    00000020             : csl_gpioHwSetup.o (.text:csl_section:gpio:_CSL_gpioHwSetup)
                  0085abc0    00000020             : csl_gpioInit.o (.text:csl_section:gpio:_CSL_gpioInit)
                  0085abe0    00000020     csl_c64xplus_intc.lib : _csl_intcNmiDummy.o (.text:csl_section:intc)
                  0085ac00    00000020     csl.lib : csl_mcbspInit.o (.text:csl_section:mcbsp:_CSL_mcbspInit)
                  0085ac20    00000020             : csl_pllcInit.o (.text:csl_section:pllc:_CSL_pllcInit)
                  0085ac40    00000020             : csl_pscClose.o (.text:csl_section:psc:_CSL_pscClose)
                  0085ac60    00000020             : csl_pscInit.o (.text:csl_section:psc:_CSL_pscInit)
                  0085ac80    00000020             : csl_semClose.o (.text:csl_section:sem:_CSL_semClose)
                  0085aca0    00000020             : csl_semInit.o (.text:csl_section:sem:_CSL_semInit)
                  0085acc0    00000020             : csl_srioInit.o (.text:csl_section:srio:_CSL_srioInit)
                  0085ace0    00000020             : csl_tmrInit.o (.text:csl_section:tmr:_CSL_tmrInit)
                  0085ad00    00000020     delcom_gsm_L1_modules.l64+ : rect_deintlv.obj (.text)
                  0085ad20    00000020                                : rect_intlv.obj (.text)
                  0085ad40    00000020     Platformlib.lib : Cache.obj ($Tramp$L$PI$$_Gpo_Init)
                  0085ad60    00000020     GenUtil.lib : FIFO.obj ($Tramp$L$PI$$$.textDDR:GenUtil.lib<FIFO.obj>$0x630)
                  0085ad80    00000020     CmdIfLib.lib : CmdPkt.obj ($Tramp$L$PI$$.textDDR)
                  0085ada0    00000020     GenUtil.lib : FIFO.obj ($Tramp$L$PI$$_ICoreQ_Start)
                  0085adc0    00000020     gsmutil.lib : Burst.obj ($Tramp$L$PI$$_Burst_GetBasebandData)
                  0085ade0    00000020     L1Manager.lib : GSMConfig.obj ($Tramp$L$PI$$.textDDR)

.dataL2    0    0085ae00    0003761c     UNINITIALIZED
                  0085ae00    00037298     CriticalMem.obj (.dataL2)
                  00892098    00000280     GenUtil.lib : FIFO.obj (.dataL2)
                  00892318    00000103     CmdIfMgr.lib : CmdIf.obj (.dataL2)
                  0089241b    00000001     Platformlib.lib : Cache.obj (.dataL2)

.args      0    0089241c    00000004     
                  0089241c    00000004     --HOLE-- [fill = 0]

.stack     0    00892420    00030000     UNINITIALIZED
                  00892420    00030000     --HOLE--

.L2RAM$heap 
*          0    008c2420    00015000     UNINITIALIZED
                  008c2420    00015000     --HOLE--

.const     0    008d7420    0000629a     
                  008d7420    00001000     L1Manager.lib : GSMConfig.obj (.const:_gRxFreqWord)
                  008d8420    00001000                   : GSMConfig.obj (.const:_gTxFreqWord)
                  008d9420    00000720     delcom_gsm_L1_modules.l64+ : gsm_intlv_data.obj (.const:_diag_intlv_index)
                  008d9b40    00000540     gsmutil.lib : Burst.obj (.const:.string)
                  008da080    000003a8     delcom_gsm_L1_modules.l64+ : gmsk_equalize16_tabs.obj (.const:_gsm_nml_tsc_filt)
                  008da428    00000320                                : dbutils.obj (.const:_GSMLIB_dB_to_base2_float_mant)
                  008da748    00000254     CriticalMem.obj (.const:.string)
                  008da99c    00000208     Platformlib.lib : Cache.obj (.const:.string)
                  008daba4    00000004     CriticalMem.obj (.const)
                  008daba8    00000208     delcom_gsm_L1_modules.l64+ : gsm_misc_tables.obj (.const:_GSM_DCS_TCH_EFS_REARRANGE_TABLE)
                  008dadb0    00000208                                : gsm_misc_tables.obj (.const:_GSM_DCS_TCH_FS_REARRANGE_TABLE)
                  008dafb8    000001e8                                : gsm_misc_tables_amr.obj (.const:_GSM_DCS_TCH_AFS_SPEECH12_2_REARRANGE_TABLE)
                  008db1a0    000001e2     GSML1.lib : beagle_setup.obj (.const:_GSM_DCS_laurent_fir_filt)
                  008db382    00000004     bios.a64P : mem_allo.o64P (.const)
                  008db386    00000002     rts64plus.lib : fputs.obj (.const:.string)
                  008db388    00000198     delcom_gsm_L1_modules.l64+ : gsm_misc_tables_amr.obj (.const:_GSM_DCS_TCH_AFS_SPEECH10_2_REARRANGE_TABLE)
                  008db520    00000193     bios.a64P : exc.o64P (.const)
                  008db6b3    00000004               : mem_free.o64P (.const)
                  008db6b7    00000001     --HOLE-- [fill = 0]
                  008db6b8    00000190     delcom_gsm_L1_modules.l64+ : dbutils.obj (.const:_GSMLIB_dB_to_base2_float_exp)
                  008db848    00000184                                : gsm_misc_tables_amr.obj (.const:_GSM_DCS_TCH_AFS_SPEECH10_2_PUNCTURE)
                  008db9cc    00000180     CmdIfMgr.lib : CmdIf.obj (.const:.string)
                  008dbb4c    0000017c     L1Manager.lib : GSMConfig.obj (.const:.string)
                  008dbcc8    0000013e     delcom_gsm_L1_modules.l64+ : gsm_misc_tables_amr.obj (.const:_GSM_DCS_TCH_AFS_SPEECH7_95_REARRANGE_TABLE)
                  008dbe06    00000002     --HOLE-- [fill = 0]
                  008dbe08    00000128                                : gsm_misc_tables_amr.obj (.const:_GSM_DCS_TCH_AFS_SPEECH7_4_REARRANGE_TABLE)
                  008dbf30    0000010c                                : gsm_misc_tables_amr.obj (.const:_GSM_DCS_TCH_AFS_SPEECH6_7_REARRANGE_TABLE)
                  008dc03c    00000004     csl.lib : csl_mdio.o (.const)
                  008dc040    00000101     rts64plus.lib : ctype.obj (.const:__ctypes_)
                  008dc141    00000003     --HOLE-- [fill = 0]
                  008dc144    00000001     bios.a64P : sem_crea.o64P (.const)
                  008dc145    00000003     --HOLE-- [fill = 0]
                  008dc148    00000100     delcom_gsm_L1_modules.l64+ : gsm_misc_tables_amr.obj (.const:_GSM_DCS_TCH_AFS_SPEECH6_7_PUNCTURE)
                  008dc248    00000100                                : gmsk_equalize16_tabs.obj (.const:_gsm_sch_tsc_filt)
                  008dc348    000000ec                                : gsm_misc_tables_amr.obj (.const:_GSM_DCS_TCH_AFS_SPEECH5_9_REARRANGE_TABLE)
                  008dc434    00000001     bios.a64P : tsk.o64P (.const)
                  008dc435    00000003     --HOLE-- [fill = 0]
                  008dc438    000000ea     delcom_gsm_L1_modules.l64+ : gsm_misc_tables_amr.obj (.const:_GSM_DCS_TCH_AFS_SPEECH5_15_PUNCTURE)
                  008dc522    00000006     --HOLE-- [fill = 0]
                  008dc528    000000d0                                : burst_assemble_data.obj (.const:_tsc_gmsk)
                  008dc5f8    000000ce                                : gsm_misc_tables_amr.obj (.const:_GSM_DCS_TCH_AFS_SPEECH5_15_REARRANGE_TABLE)
                  008dc6c6    00000002     --HOLE-- [fill = 0]
                  008dc6c8    000000c8     Platformlib.lib : Cache.obj (.const)
                  008dc790    000000be     delcom_gsm_L1_modules.l64+ : gsmefr_dtx_sfd.obj (.const:_DCS_GSMEFR_DTX_bit_index)
                  008dc84e    00000002     --HOLE-- [fill = 0]
                  008dc850    000000be                                : gsm_misc_tables_amr.obj (.const:_GSM_DCS_TCH_AFS_SPEECH4_75_REARRANGE_TABLE)
                  008dc90e    00000002     --HOLE-- [fill = 0]
                  008dc910    000000b8     GenUtil.lib : FIFO.obj (.const:.string)
                  008dc9c8    000000ae     delcom_gsm_L1_modules.l64+ : gsm_misc_tables_amr.obj (.const:_GSM_DCS_TCH_AFS_SPEECH4_75_PUNCTURE)
                  008dca76    00000002     --HOLE-- [fill = 0]
                  008dca78    000000a4                                : gmsk_equalize16_tabs.obj (.const:_gsm_rach_tsc_filt)
                  008dcb1c    00000004     --HOLE-- [fill = 0]
                  008dcb20    000000a2                                : gmsk_agc.obj (.const:_db_to_gain_q5)
                  008dcbc2    00000006     --HOLE-- [fill = 0]
                  008dcbc8    000000a2                                : gmsk_agc.obj (.const:_db_to_loss_q13)
                  008dcc6a    00000006     --HOLE-- [fill = 0]
                  008dcc70    00000094                                : burst_assemble_data.obj (.const:_dummy_burst_data)
                  008dcd04    00000004     --HOLE-- [fill = 0]
                  008dcd08    00000094                                : burst_assemble_data.obj (.const:_fcch_bits)
                  008dcd9c    00000004     --HOLE-- [fill = 0]
                  008dcda0    00000090     L1Manager.lib : GSMConfig.obj (.const:_$P$T0$1$7)
                  008dce30    00000090                   : GSMConfig.obj (.const:_$P$T1$2$7)
                  008dcec0    00000090     delcom_gsm_L1_modules.l64+ : gsm_misc_tables_amr.obj (.const:_GSM_DCS_TCH_AFS_SPEECH5_9_PUNCTURE)
                  008dcf50    00000082                                : gsm_misc_tables_amr.obj (.const:_GSM_DCS_TCH_AFS_SPEECH7_95_PUNCTURE)
                  008dcfd2    00000006     --HOLE-- [fill = 0]
                  008dcfd8    00000082                                : gsm_misc_tables.obj (.const:_GSM_DCS_TCH_EFS_45003_S3_1_1_1)
                  008dd05a    00000006     --HOLE-- [fill = 0]
                  008dd060    00000080                                : gmsk_equalize16_tabs.obj (.const:_demodstates)
                  008dd0e0    00000078                                : gsm_misc_tables_amr.obj (.const:_GSM_DCS_TCH_AFS_SPEECH12_2_PUNCTURE)
                  008dd158    00000072                                : gsm_freq_hopping.obj (.const:_GSM_DCS_freqhopping_rand_table)
                  008dd1ca    00000006     --HOLE-- [fill = 0]
                  008dd1d0    00000062                                : comm_math.obj (.const:_GSMLIB_DCS_inv_sqrt_tbl)
                  008dd232    00000006     --HOLE-- [fill = 0]
                  008dd238    00000042                                : dbutils.obj (.const:_GSMLIB_DCS_logtab)
                  008dd27a    00000006     --HOLE-- [fill = 0]
                  008dd280    00000041                                : gsm_freq_hopping.obj (.const:_GSM_DCS_freqhopping_mod2powerNBIN_tablemask)
                  008dd2c1    00000007     --HOLE-- [fill = 0]
                  008dd2c8    00000040                                : gsm_misc_tables_amr.obj (.const:_GSM_DCS_TCH_AFS_CODED_DATA_SID)
                  008dd308    00000040                                : burst_assemble_data.obj (.const:_ext_tsc_gmsk)
                  008dd348    00000040                                : burst_assemble_data.obj (.const:_ext_tsc_gmsk_COMPACT)
                  008dd388    00000040                                : burst_assemble_data.obj (.const:_ext_tsc_gmsk_CTS)
                  008dd3c8    0000003c                                : ctrl_fcch_rcv.obj (.const:_DCS_ft2b)
                  008dd404    00000004     --HOLE-- [fill = 0]
                  008dd408    00000034                                : gsm_misc_tables_amr.obj (.const:_GSM_DCS_TCH_AFS_SPEECH7_4_PUNCTURE)
                  008dd43c    00000004     --HOLE-- [fill = 0]
                  008dd440    00000029                                : burst_assemble_data.obj (.const:_access_ts_gmsk)
                  008dd469    00000007     --HOLE-- [fill = 0]
                  008dd470    00000029                                : burst_assemble_data.obj (.const:_access_ts_gmsk_1)
                  008dd499    00000007     --HOLE-- [fill = 0]
                  008dd4a0    00000029                                : burst_assemble_data.obj (.const:_access_ts_gmsk_2)
                  008dd4c9    00000007     --HOLE-- [fill = 0]
                  008dd4d0    00000024                                : gsm_misc_tables_amr.obj (.const:_GSM_DCS_TCH_AFS_SID_IM_VECTOR)
                  008dd4f4    00000023     rts64plus.lib : _printfi.obj (.const:.string)
                  008dd517    00000023     bios.a64P : utl_doab.o64P (.const)
                  008dd53a    00000022               : tsk_stup.o64P (.const)
                  008dd55c    00000022               : utl_doer.o64P (.const)
                  008dd57e    00000002     --HOLE-- [fill = 0]
                  008dd580    00000020     delcom_gsm_L1_modules.l64+ : gsm_misc_tables_amr.obj (.const:_GSM_DCS_TCH_AFS_CODED_DATA_SPEECH)
                  008dd5a0    0000001c     status.lib : statmgr.obj (.const:.string)
                  008dd5bc    00000004     --HOLE-- [fill = 0]
                  008dd5c0    0000001a     delcom_gsm_L1_modules.l64+ : gsm_misc_tables_amr.obj (.const:_GSM_DCS_AFS_BLOCK_PHASE)
                  008dd5da    00000006     --HOLE-- [fill = 0]
                  008dd5e0    00000012                                : gmsk_equalize16_tabs.obj (.const:_state_init_normal)
                  008dd5f2    00000006     --HOLE-- [fill = 0]
                  008dd5f8    00000010                                : tch_afs_decode_inband_data.obj (.const:_$P$T4$5)
                  008dd608    0000000c                                : ctrl_fcch_rcv.obj (.const:_atan2_table)
                  008dd614    00000004     --HOLE-- [fill = 0]
                  008dd618    0000000b                                : gsm_misc_tables_amr.obj (.const:_GSM_DCS_TCH_AFS_RATSCCH_IM_VECTOR)
                  008dd623    00000005     --HOLE-- [fill = 0]
                  008dd628    0000000a                                : generic_conv_decoder.obj (.const:_$P$T0$1)
                  008dd632    00000006     --HOLE-- [fill = 0]
                  008dd638    0000000a                                : tch_afs_decode_bits.obj (.const:_$P$T0$1)
                  008dd642    00000006     --HOLE-- [fill = 0]
                  008dd648    0000000a                                : gsm_misc_tables.obj (.const:_gen_matrix_ctrl)
                  008dd652    00000006     --HOLE-- [fill = 0]
                  008dd658    00000008                                : ctrl_encode_bits.obj (.const:_$P$T0$1)
                  008dd660    00000008                                : tch_afs_decode_inband_data.obj (.const:_$P$T0$1)
                  008dd668    00000008                                : tch_afs_decode_inband_data.obj (.const:_$P$T1$2)
                  008dd670    00000008                                : tch_afs_decode_inband_data.obj (.const:_$P$T2$3)
                  008dd678    00000008                                : tch_afs_decode_inband_data.obj (.const:_$P$T3$4)
                  008dd680    00000008                                : tch_afs_decode_inband_data.obj (.const:_$P$T5$6)
                  008dd688    00000008                                : tch_afs_decode_inband_data.obj (.const:_$P$T6$7)
                  008dd690    00000008                                : burst_assemble_data.obj (.const:_dummy_burst_tsc_mapping_A213)
                  008dd698    00000008                                : burst_assemble_data.obj (.const:_extended_tail)
                  008dd6a0    00000008                                : burst_assemble_data.obj (.const:_guard_bits)
                  008dd6a8    00000003                                : burst_assemble_data.obj (.const:_tail_bits)
                  008dd6ab    00000005     --HOLE-- [fill = 0]
                  008dd6b0    00000002                                : gmsk_equalize16_tabs.obj (.const:_state_init_rach)
                  008dd6b2    00000006     --HOLE-- [fill = 0]
                  008dd6b8    00000002                                : gmsk_equalize16_tabs.obj (.const:_state_init_sync)

.mem       0    008dd6bc    00000004     UNINITIALIZED
                  008dd6bc    00000004     maincfg.obj (.mem)

.bios      0    008dd6c0    000051c0     
                  008dd6c0    000005c0     lnkrtdx.a64P : rtdx.o64P (.bios)
                  008ddc80    00000520     bios.a64P : exc.o64P (.bios)
                  008de1a0    000004e0               : hwi_disp_asm.o64P (.bios)
                  008de680    000004c0               : swi.o64P (.bios)
                  008deb40    00000360               : prd.o64P (.bios)
                  008deea0    00000340               : tsk_crea.o64P (.bios)
                  008df1e0    000002a0               : malloc.o64P (.bios)
                  008df480    00000280               : rta.o64P (.bios)
                  008df700    00000240               : knl_run.o64P (.bios)
                  008df940    00000200               : hook.o64P (.bios)
                  008dfb40    00000200               : sem_pend.o64P (.bios)
                  008dfd40    000001e0               : mem_allo.o64P (.bios:.near)
                  008dff20    000001e0               : c62_plug.o64P (.bios)
                  008e0100    000001e0               : exc_asm.o64P (.bios)
                  008e02e0    000001e0               : knl_tick.o64P (.bios)
                  008e04c0    000001e0               : pip.o64P (.bios)
                  008e06a0    000001c0               : mem_free.o64P (.bios:.near)
                  008e0860    000001c0               : sem_dopo.o64P (.bios)
                  008e0a20    000001c0               : tsk_setp.o64P (.bios)
                  008e0be0    000001a0               : tsk_setu.o64P (.bios)
                  008e0d80    000001a0     biosTCI6488.a64P : clk.o64P (.bios)
                  008e0f20    00000180     bios.a64P : knl_swit.o64P (.bios)
                  008e10a0    00000140               : autoinit.o64P (.bios)
                  008e11e0    00000140               : knl_read.o64P (.bios)
                  008e1320    00000140               : tsk_exit.o64P (.bios)
                  008e1460    00000140     biosTCI6488.a64P : bcache_init.o64P (.bios)
                  008e15a0    00000120     bios.a64P : gbl_cacheinit64P.o64P (.bios)
                  008e16c0    00000120               : knl_chec.o64P (.bios)
                  008e17e0    00000120               : tsk_stup.o64P (.bios)
                  008e1900    000000e0               : sem_post_asm.o64P (.bios)
                  008e19e0    000000c0               : knl_exit.o64P (.bios)
                  008e1aa0    000000c0               : tsk_yiel.o64P (.bios)
                  008e1b60    000000a0               : knl_star.o64P (.bios)
                  008e1c00    000000a0               : sem_post.o64P (.bios)
                  008e1ca0    000000a0               : sys_exit.o64P (.bios)
                  008e1d40    00000080               : hwi_disp.o64P (.bios)
                  008e1dc0    00000080               : hwi_eventmap64P.o64P (.bios)
                  008e1e40    00000080               : knl_ipos.o64P (.bios)
                  008e1ec0    00000080               : knl_post.o64P (.bios)
                  008e1f40    00000080               : lck.o64P (.bios)
                  008e1fc0    00000080               : log.o64P (.bios)
                  008e2040    00000080               : obj_crea.o64P (.bios)
                  008e20c0    00000080               : sem_crea.o64P (.bios)
                  008e2140    00000080     biosTCI6488.a64P : idl_cal.o64P (.bios)
                  008e21c0    00000060     bios.a64P : mem_vall.o64P (.bios:.near)
                  008e2220    00000060               : sys_erro.o64P (.bios:.near)
                  008e2280    00000060               : fxn.o64P (.bios)
                  008e22e0    00000060               : hwi_c.o64P (.bios)
                  008e2340    00000060               : idl_busy.o64P (.bios)
                  008e23a0    00000060               : obj_dele.o64P (.bios)
                  008e2400    00000060               : sem_pend_binary.o64P (.bios)
                  008e2460    00000060               : sem_pend_counting.o64P (.bios)
                  008e24c0    00000060               : sts.o64P (.bios)
                  008e2520    00000060               : sys_abor.o64P (.bios)
                  008e2580    00000060               : utl_putc.o64P (.bios)
                  008e25e0    00000060     biosTCI6488.a64P : clk_meas.o64P (.bios)
                  008e2640    00000040     bios.a64P : c62_c.o64P (.bios)
                  008e2680    00000040               : idl_stub.o64P (.bios)
                  008e26c0    00000040               : que_get.o64P (.bios)
                  008e2700    00000040               : rta_andn.o64P (.bios)
                  008e2740    00000040               : utl_doab.o64P (.bios)
                  008e2780    00000020               : fxn_c.o64P (.bios)
                  008e27a0    00000020               : gbl_vers.o64P (.bios)
                  008e27c0    00000020               : hook_setenv.o64P (.bios)
                  008e27e0    00000020               : idl.o64P (.bios)
                  008e2800    00000020               : log_printf.o64P (.bios)
                  008e2820    00000020               : sts_set.o64P (.bios)
                  008e2840    00000020               : utl_doer.o64P (.bios)
                  008e2860    00000020               : utl_halt.o64P (.bios)

.rtdx_text 
*          0    008e2880    00000fc0     
                  008e2880    000002a0     rtdx64xplus.lib : rtdx_mon.o64P (.rtdx_text:_HSRTDX_rec)
                  008e2b20    00000260                     : buffer1.o64P (.rtdx_text:_RTDX_Buffer_WriteCB)
                  008e2d80    00000260                     : buffer1.o64P (.rtdx_text:_RTDX_write_next)
                  008e2fe0    000001a0                     : rtdx_mon.o64P (.rtdx_text:_HSRTDX_xmt)
                  008e3180    00000160                     : rtdx_mon.o64P (.rtdx_text:_RTDX_Send_To_Host)
                  008e32e0    000000e0                     : rtdx_mon.o64P (.rtdx_text:_RTDX_Mon_Queue)
                  008e33c0    000000e0                     : buffer1.o64P (.rtdx_text:_claim)
                  008e34a0    000000a0                     : rtdx_mon.o64P (.rtdx_text:_RTDX_GetH2THeader)
                  008e3540    000000a0                     : rtdx_mon.o64P (.rtdx_text:_RTDX_Poll)
                  008e35e0    00000080                     : rtdx_mon.o64P (.rtdx_text:_RTDX_Final_RT_Monitor)
                  008e3660    00000060                     : buffer1.o64P (.rtdx_text:_RTDX_Buffer_Initialize)
                  008e36c0    00000060                     : rtdx_mon.o64P (.rtdx_text:_RTDX_Init_RT_Monitor)
                  008e3720    00000040                     : buffer2.o64P (.rtdx_text:_RTDX_Buffer_ReadCB)
                  008e3760    00000040                     : buffer1.o64P (.rtdx_text:_RTDX_Buffer_Size)
                  008e37a0    00000040                     : memfill.o64P (.rtdx_text:_RTDX_memfill)
                  008e37e0    00000020                     : buffer2.o64P (.rtdx_text:_RTDX_Buffer_Read)
                  008e3800    00000020                     : buffer1.o64P (.rtdx_text:_RTDX_Buffer_Write)
                  008e3820    00000020                     : intr_tgt.o64P (.rtdx_text)

.switch    0    008e3840    000006f4     
                  008e3840    00000294     CmdIfLib.lib : CmdPkt.obj (.switch)
                  008e3ad4    000000dc     L1Manager.lib : GSMConfig.obj (.switch)
                  008e3bb0    0000007c     CmdIfMgr.lib : CmdIf.obj (.switch)
                  008e3c2c    00000070     csl.lib : csl_srioGetHwStatus.o (.switch)
                  008e3c9c    00000060             : csl_srioHwControl.o (.switch)
                  008e3cfc    00000044             : csl_pscHwControl.o (.switch)
                  008e3d40    00000040     gsmutil.lib : Burst.obj (.switch)
                  008e3d80    0000003c     csl.lib : csl_edma3HwControl.o (.switch)
                  008e3dbc    0000002c     delcom_gsm_L1_modules.l64+ : tch_afs_decode_bits.obj (.switch)
                  008e3de8    00000028     csl.lib : csl_semHwControl.o (.switch)
                  008e3e10    00000024             : csl_gpioHwControl.o (.switch)
                  008e3e34    00000024     status.lib : statmgr.obj (.switch)
                  008e3e58    00000020     csl.lib : _csl_mcbspChannelControl.o (.switch)
                  008e3e78    00000020             : csl_edma3GetHwStatus.o (.switch)
                  008e3e98    00000018             : csl_semGetHwStatus.o (.switch)
                  008e3eb0    00000018             : csl_timerGetBaseAddress.o (.switch)
                  008e3ec8    00000014             : csl_edma3HwChannelControl.o (.switch)
                  008e3edc    00000014             : csl_mcbspGetHwStatus.o (.switch)
                  008e3ef0    00000014             : csl_mcbspHwControl.o (.switch)
                  008e3f04    00000010     Platformlib.lib : Cache.obj (.switch)
                  008e3f14    00000010     csl.lib : csl_cicGetBaseAddress.o (.switch)
                  008e3f24    00000010             : csl_cicHwControl.o (.switch)

.pip       0    008e3f34    000000c8     UNINITIALIZED
                  008e3f34    000000c8     maincfg.obj (.pip)

.dump$buf 
*          0    008e4000    00002000     UNINITIALIZED
                  008e4000    00002000     maincfg.obj (.dump$buf)

.event$buf 
*          0    008e6000    00002000     UNINITIALIZED
                  008e6000    00002000     maincfg.obj (.event$buf)

.fatal$buf 
*          0    008e8000    00002000     UNINITIALIZED
                  008e8000    00002000     maincfg.obj (.fatal$buf)

.trace$buf 
*          0    008ea000    00002000     UNINITIALIZED
                  008ea000    00002000     maincfg.obj (.trace$buf)

.bss       0    008ec000    000009f8     UNINITIALIZED
                  008ec000    00000468     maincfg.obj (.bss)
                  008ec468    00000100     bios.a64P : hwi_disp_asm.o64P (.bss)
                  008ec568    000000cc               : biosdata.o64P (.bss)
                  008ec634    00000004               : clk_data2.o64P (.bss)
                  008ec638    000000ae     L1Manager.lib : GSMConfig.obj (.bss)
                  008ec6e6    00000001     CmdIfLib.lib : CmdPkt.obj (.bss)
                  008ec6e7    00000001     --HOLE--
                  008ec6e8    0000009c     bios.a64P : swi.o64P (.bss)
                  008ec784    00000004               : idl_busy.o64P (.bss)
                  008ec788    00000065     Platformlib.lib : Cache.obj (.bss)
                  008ec7ed    00000003     --HOLE--
                  008ec7f0    00000054     csl_c64xplus_intc.lib : _csl_intcResource.o (.bss:csl_section:intc)
                  008ec844    00000048     bios.a64P : knl.o64P (.bss)
                  008ec88c    00000039     CmdIfMgr.lib : CmdIf.obj (.bss)
                  008ec8c5    00000003     --HOLE--
                  008ec8c8    00000028     status.lib : statmgr.obj (.bss)
                  008ec8f0    00000020     bios.a64P : exc_asm.o64P (.bss)
                  008ec910    00000018               : hook.o64P (.bss)
                  008ec928    00000018               : hwi.o64P (.bss)
                  008ec940    00000018     lnkrtdx.a64P : rtdx.o64P (.bss)
                  008ec958    00000012     GenUtil.lib : FIFO.obj (.bss)
                  008ec96a    00000002     --HOLE--
                  008ec96c    00000010     bios.a64P : exc.o64P (.bss)
                  008ec97c    00000004               : knl_star.o64P (.bss)
                  008ec980    00000010     csl.lib : _csl_cicResource.o (.bss:csl_section:cic)
                  008ec990    00000010     gsmutil.lib : Burst.obj (.bss)
                  008ec9a0    00000010     rtdx64xplus.lib : buffer1.o64P (.bss)
                  008ec9b0    00000010                     : rtdx_mon.o64P (.bss)
                  008ec9c0    0000000c     bios.a64P : tsk.o64P (.bss)
                  008ec9cc    0000000a     CriticalMem.obj (.bss)
                  008ec9d6    00000002     --HOLE--
                  008ec9d8    00000008     bios.a64P : clk_data.o64P (.bss)
                  008ec9e0    00000008               : sys.o64P (.bss)
                  008ec9e8    00000008     csl.lib : _csl_cache.o (.bss:cslsys_section:cache)
                  008ec9f0    00000004     bios.a64P : mem_asm.o64P (.bss)
                  008ec9f4    00000004     status.lib : RxCalib.obj (.bss)

.clk       0    008ec9f8    00000008     UNINITIALIZED
                  008ec9f8    00000008     maincfg.obj (.clk)

.far:txscratch1 
*          0    008eca00    00000800     UNINITIALIZED
                  008eca00    00000800     L1Manager.lib : GSMConfig.obj (.far:txscratch1)

.sysinit   0    008ed200    00000620     
                  008ed200    000003c0     maincfg.obj (.sysinit)
                  008ed5c0    000000c0     bios.a64P : boot.o64P (.sysinit)
                  008ed680    000000a0               : mem_init.o64P (.sysinit)
                  008ed720    00000080               : hook.o64P (.sysinit)
                  008ed7a0    00000060               : tsk_init.o64P (.sysinit)
                  008ed800    00000020               : obj_init.o64P (.sysinit)

.hst1      0    008ed820    00000010     UNINITIALIZED
                  008ed820    00000010     maincfg.obj (.hst1)

.idl       0    008ed830    00000010     UNINITIALIZED
                  008ed830    00000010     maincfg.obj (.idl)

.rtdx_data 
*          0    008ed840    000004f4     UNINITIALIZED
                  008ed840    00000080     --HOLE--
                  008ed8c0    00000410     maincfg.obj (.rtdx_data)
                  008edcd0    00000044     rtdx64xplus.lib : rtdx_mon.o64P (.rtdx_data)
                  008edd14    00000020                     : buffer1.o64P (.rtdx_data)

.trcdata   0    008edd34    0000000c     
                  008edd34    0000000c     bios.a64P : trc.o64P (.trcdata)

.Evminit   0    008edd40    00000480     
                  008edd40    00000480     CriticalMem.obj (.Evminit)

.TSK_idle$stk 
*          0    008ee1c0    00000400     UNINITIALIZED
                  008ee1c0    00000400     maincfg.obj (.TSK_idle$stk)

.prd       0    008ee5c0    00000040     UNINITIALIZED
                  008ee5c0    00000040     maincfg.obj (.prd)

.far:txscratch2 
*          0    008ee600    00000400     UNINITIALIZED
                  008ee600    00000400     L1Manager.lib : GSMConfig.obj (.far:txscratch2)

.trace     0    008eea00    00000200     
                  008eea00    00000200     --HOLE-- [fill = 00000000]

.csl_vect 
*          0    008eec00    00000200     
                  008eec00    00000200     csl_c64xplus_intc.lib : _csl_intcIsrDispatch.o (.csl_vect)

.hst0      0    008eee00    00000100     UNINITIALIZED
                  008eee00    00000100     maincfg.obj (.hst0)

.log       0    008eef00    00000090     
                  008eef00    00000090     maincfg.obj (.log)

.tsk       0    008eef90    00000068     UNINITIALIZED
                  008eef90    00000068     maincfg.obj (.tsk)

.hwi_vec   0    008ef000    00000200     
                  008ef000    00000200     maincfg.obj (.hwi_vec)

.gblinit   0    008ef200    00000064     
                  008ef200    00000064     maincfg.obj (.gblinit)

.sts       0    008ef264    00000060     
                  008ef264    00000060     maincfg.obj (.sts)

.swi       0    008ef2c4    00000058     UNINITIALIZED
                  008ef2c4    00000058     maincfg.obj (.swi)

.hst       0    008ef31c    0000003c     UNINITIALIZED
                  008ef31c    0000003c     maincfg.obj (.hst)

.idlcal    0    008ef358    00000010     UNINITIALIZED
                  008ef358    00000010     maincfg.obj (.idlcal)

.sys       0    008ef368    00000010     UNINITIALIZED
                  008ef368    00000010     maincfg.obj (.sys)

.far:scratch1 
*          0    00f00000    00002000     UNINITIALIZED
                  00f00000    00002000     L1Manager.lib : GSMConfig.obj (.far:scratch1)

.far:scratch2 
*          0    00f02000    00002000     UNINITIALIZED
                  00f02000    00002000     L1Manager.lib : GSMConfig.obj (.far:scratch2)

.heap_ram 
*          0    81000000    00a53090     UNINITIALIZED
                  81000000    00a53090     CriticalMem.obj (.heap_ram)

.textDDR   0    86000000    00004860     
                  86000000    00002200     Platformlib.lib : Cache.obj (.textDDR)
                  86002200    00000c00     GenUtil.lib : FIFO.obj (.textDDR)
                  86002e00    00000be0     L1Manager.lib : GSMConfig.obj (.textDDR)
                  860039e0    000003a0     CriticalMem.obj (.textDDR)
                  86003d80    000000e0     CmdIfLib.lib : CmdPkt.obj (.textDDR)
                  86003e60    000000e0     gsmutil.lib : Burst.obj (.textDDR)
                  86003f40    00000020     csl.lib : csl_edma3GetHwStatus.o ($Tramp$L$PI$$_CSL_edma3GetHwStatus)
                  86003f60    00000020             : csl_edma3HwControl.o ($Tramp$L$PI$$_CSL_edma3HwControl)
                  86003f80    00000020             : csl_cicHwControl.o ($Tramp$L$PI$$_CSL_cicHwControl)
                  86003fa0    00000020     bios.a64P : c62_c.o64P ($Tramp$L$PI$$_C64_disableIER)
                  86003fc0    00000020     csl.lib : csl_tmrInit.o ($Tramp$L$PI$$_CSL_tmrInit)
                  86003fe0    00000020             : csl_cicInit.o ($Tramp$L$PI$$_CSL_cicInit)
                  86004000    00000020             : csl_cicOpen.o ($Tramp$L$PI$$_CSL_cicOpen)
                  86004020    00000020     bios.a64P : hwi_disp.o64P ($Tramp$L$PI$$_HWI_dispatchPlug)
                  86004040    00000020               : hwi_eventmap64P.o64P ($Tramp$L$PI$$_HWI_eventMap)
                  86004060    00000020     rts64plus.lib : strasg.obj ($Tramp$L$PI$$__strasgi)
                  86004080    00000020     csl.lib : csl_tmrOpen.o ($Tramp$L$PI$$_CSL_tmrOpen)
                  860040a0    00000020     rts64plus.lib : imath64.obj ($Tramp$L$PI$$__divull)
                  860040c0    00000020                   : mpyll.obj ($Tramp$L$PI$$__mpyll)
                  860040e0    00000020     csl.lib : csl_tmrHwSetup.o ($Tramp$L$PI$$_CSL_tmrHwSetup)
                  86004100    00000020     rts64plus.lib : memset.obj ($Tramp$L$PI$$_memset)
                  86004120    00000020     csl.lib : csl_pscInit.o ($Tramp$L$PI$$_CSL_pscInit)
                  86004140    00000020             : csl_pscOpen.o ($Tramp$L$PI$$_CSL_pscOpen)
                  86004160    00000020             : csl_pscHwControl.o ($Tramp$L$PI$$_CSL_pscHwControl)
                  86004180    00000020             : csl_srioOpen.o ($Tramp$L$PI$$_CSL_srioOpen)
                  860041a0    00000020             : csl_pscGetHwStatus.o ($Tramp$L$PI$$_CSL_pscGetHwStatus)
                  860041c0    00000020             : csl_pscClose.o ($Tramp$L$PI$$_CSL_pscClose)
                  860041e0    00000020             : csl_srioInit.o ($Tramp$L$PI$$_CSL_srioInit)
                  86004200    00000020             : csl_srioHwSetup.o ($Tramp$L$PI$$_CSL_srioHwSetup)
                  86004220    00000020             : csl_srioGetHwStatus.o ($Tramp$L$PI$$_CSL_srioGetHwStatus)
                  86004240    00000020     Platformlib.lib : Cache.obj ($Tramp$L$PI$$$.text:Platformlib.lib<Cache.obj>$0x644)
                  86004260    00000020     csl.lib : csl_srioHwControl.o ($Tramp$L$PI$$_CSL_srioHwControl)
                  86004280    00000020     bios.a64P : c62_c.o64P ($Tramp$L$PI$$_C64_clearIFR)
                  860042a0    00000020               : c62_c.o64P ($Tramp$L$PI$$_C64_enableIER)
                  860042c0    00000020     status.lib : statmgr.obj ($Tramp$L$PI$$_StatMgr_Fatal)
                  860042e0    00000020     csl.lib : csl_mcbspInit.o ($Tramp$L$PI$$_CSL_mcbspInit)
                  86004300    00000020             : csl_mcbspOpen.o ($Tramp$L$PI$$_CSL_mcbspOpen)
                  86004320    00000020             : csl_mcbspHwSetup.o ($Tramp$L$PI$$_CSL_mcbspHwSetup)
                  86004340    00000020             : csl_mcbspHwControl.o ($Tramp$L$PI$$_CSL_mcbspHwControl)
                  86004360    00000020             : csl_chipReadReg.o ($Tramp$L$PI$$_CSL_chipReadReg)
                  86004380    00000020             : csl_gpioOpen.o ($Tramp$L$PI$$_CSL_gpioOpen)
                  860043a0    00000020             : csl_gpioInit.o ($Tramp$L$PI$$_CSL_gpioInit)
                  860043c0    00000020             : csl_gpioHwControl.o ($Tramp$L$PI$$_CSL_gpioHwControl)
                  860043e0    00000020             : csl_gpioHwSetup.o ($Tramp$L$PI$$_CSL_gpioHwSetup)
                  86004400    00000020             : csl_edma3Param.o ($Tramp$L$PI$$_CSL_edma3ParamSetup)
                  86004420    00000020     rts64plus.lib : printf.obj ($Tramp$L$PI$$_printf)
                  86004440    00000020     csl.lib : csl_edma3HwChannelControl.o ($Tramp$L$PI$$_CSL_edma3HwChannelControl)
                  86004460    00000020             : csl_edma3Param.o ($Tramp$L$PI$$_CSL_edma3GetParamHandle)
                  86004480    00000020             : csl_edma3Init.o ($Tramp$L$PI$$_CSL_edma3Init)
                  860044a0    00000020             : csl_edma3Open.o ($Tramp$L$PI$$_CSL_edma3Open)
                  860044c0    00000020             : csl_edma3ChannelOpen.o ($Tramp$L$PI$$_CSL_edma3ChannelOpen)
                  860044e0    00000020             : csl_edma3HwChannelSetup.o ($Tramp$L$PI$$_CSL_edma3HwChannelSetupParam)
                  86004500    00000020             : csl_edma3HwChannelSetup.o ($Tramp$L$PI$$_CSL_edma3HwChannelSetupQue)
                  86004520    00000020             : csl_edma3Close.o ($Tramp$L$PI$$_CSL_edma3Close)
                  86004540    00000020             : csl_cacheL2.o ($Tramp$L$PI$$_CACHE_setL2Size)
                  86004560    00000020             : csl_cacheL1.o ($Tramp$L$PI$$_CACHE_setL1pSize)
                  86004580    00000020             : csl_cacheL1.o ($Tramp$L$PI$$_CACHE_setL1dSize)
                  860045a0    00000020     Platformlib.lib : Cache.obj ($Tramp$L$PI$$_Timer_Start)
                  860045c0    00000020     GenUtil.lib : FIFO.obj ($Tramp$L$PI$$_Signal_Init)
                  860045e0    00000020                 : FIFO.obj ($Tramp$L$PI$$_Mutex_Init)
                  86004600    00000020     bios.a64P : tsk_setp.o64P ($Tramp$L$PI$$_TSK_setpri)
                  86004620    00000020     GenUtil.lib : FIFO.obj ($Tramp$L$PI$$_HSEM_Lock)
                  86004640    00000020                 : FIFO.obj ($Tramp$L$PI$$_HSEM_Unlock)
                  86004660    00000020     csl.lib : csl_semOpen.o ($Tramp$L$PI$$_CSL_semOpen)
                  86004680    00000020     Platformlib.lib : Cache.obj ($Tramp$L$PI$$_Intr_EnableEvent)
                  860046a0    00000020     bios.a64P : tsk_crea.o64P ($Tramp$L$PI$$_TSK_create)
                  860046c0    00000020               : sem_crea.o64P ($Tramp$L$PI$$_SEM_create)
                  860046e0    00000020     GenUtil.lib : FIFO.obj ($Tramp$L$PI$$$.text:GenUtil.lib<FIFO.obj>$0x198)
                  86004700    00000020     csl.lib : csl_semInit.o ($Tramp$L$PI$$_CSL_semInit)
                  86004720    00000020             : csl_semClose.o ($Tramp$L$PI$$_CSL_semClose)
                  86004740    00000020     gsmutil.lib : Burst.obj ($Tramp$L$PI$$_GSMTime_Init)
                  86004760    00000020     status.lib : RxCalib.obj ($Tramp$L$PI$$_RxCalib_GetHwGainCorrection)
                  86004780    00000020     gsmutil.lib : Burst.obj ($Tramp$L$PI$$_TDFrmTbl_Init)
                  860047a0    00000020     rts64plus.lib : sprintf.obj ($Tramp$L$PI$$_sprintf)
                  860047c0    00000020     GenUtil.lib : FIFO.obj ($Tramp$L$PI$$_Task_Init1)
                  860047e0    00000020     gsmutil.lib : Burst.obj ($Tramp$L$PI$$_Clock_FN)
                  86004800    00000020     status.lib : RxCalib.obj ($Tramp$L$PI$$_RxCalib_InitRfGainCorrection)
                  86004820    00000020                : RxCalib.obj ($Tramp$L$PI$$_RxCalib_InitHwGainCorrection)
                  86004840    00000020     gsmutil.lib : Burst.obj ($Tramp$L$PI$$$.text:gsmutil.lib<Burst.obj>$0x84)

.far       0    89000000    001055c0     UNINITIALIZED
                  89000000    00100178     GenUtil.lib : FIFO.obj (.far)
                  89100178    000027f0     gsmutil.lib : Burst.obj (.far)
                  89102968    0000177e     L1Manager.lib : GSMConfig.obj (.far)
                  891040e6    00000002     --HOLE--
                  891040e8    00000594     CmdIfMgr.lib : CmdIf.obj (.far)
                  8910467c    00000004     biosTCI6488.a64P : clk_data.o64P (.far)
                  89104680    0000053a     Platformlib.lib : Cache.obj (.far)
                  89104bba    00000002     --HOLE--
                  89104bbc    00000004     delcom_gsm_L1_modules.l64+ : ctrl_decode_bits.obj (.far)
                  89104bc0    00000194     rts64plus.lib : defs.obj (.far)
                  89104d54    00000004     delcom_gsm_L1_modules.l64+ : ctrl_encode_bits.obj (.far)
                  89104d58    00000188     rts64plus.lib : atexit.obj (.far)
                  89104ee0    00000103     CmdIfLib.lib : CmdPkt.obj (.far)
                  89104fe3    00000001     --HOLE--
                  89104fe4    00000004     delcom_gsm_L1_modules.l64+ : ctrl_rach_decode_bits.obj (.far)
                  89104fe8    00000100     status.lib : RxCalib.obj (.far)
                  891050e8    000000d8     bios.a64P : knl.o64P (.far)
                  891051c0    000000d0     rts64plus.lib : trgdrv.obj (.far)
                  89105290    000000cc                   : lowlev.obj (.far)
                  8910535c    0000005c     bios.a64P : tsk.o64P (.far)
                  891053b8    00000054               : obj_init.o64P (.far)
                  8910540c    00000004     delcom_gsm_L1_modules.l64+ : ctrl_rach_encode_bits.obj (.far)
                  89105410    00000040     CriticalMem.obj (.far)
                  89105450    00000030     csl.lib : csl_mdio.o (.far)
                  89105480    00000030     rts64plus.lib : log.obj (.far)
                  891054b0    00000028     bios.a64P : tsk_stup.o64P (.far)
                  891054d8    00000020               : sys.o64P (.far)
                  891054f8    00000018     rtdx64xplus.lib : rtdx_mon.o64P (.far)
                  89105510    00000014     status.lib : statmgr.obj (.far)
                  89105524    00000010     bios.a64P : exc.o64P (.far)
                  89105534    00000010               : knl_tick.o64P (.far)
                  89105544    00000010               : tsk_setp.o64P (.far)
                  89105554    00000010               : tsk_yiel.o64P (.far)
                  89105564    0000000c               : hwi_disp.o64P (.far)
                  89105570    0000000c               : utl_putc.o64P (.far)
                  8910557c    0000000c     rts64plus.lib : exit.obj (.far)
                  89105588    00000008     bios.a64P : sem_crea.o64P (.far)
                  89105590    00000008     rts64plus.lib : _lock.obj (.far)
                  89105598    00000008                   : divd.obj (.far)
                  891055a0    00000004     delcom_gsm_L1_modules.l64+ : ctrl_sch_decode_bits.obj (.far)
                  891055a4    00000004                                : ctrl_sch_encode_bits.obj (.far)
                  891055a8    00000004                                : tch_afs_decode_bits.obj (.far)
                  891055ac    00000004                                : tch_fs_decode_bits.obj (.far)
                  891055b0    00000004                                : tch_fs_encode_bits.obj (.far)
                  891055b4    00000004     rts64plus.lib : errno.obj (.far)
                  891055b8    00000004                   : fopen.obj (.far)
                  891055bc    00000004                   : sinit.obj (.far)

.ddrdata   0    891055c0    000870d4     UNINITIALIZED
                  891055c0    00080000     CriticalMem.obj (.ddrdata)
                  891855c0    00007000     GenUtil.lib : FIFO.obj (.ddrdata)
                  8918c5c0    000000d4     Platformlib.lib : Cache.obj (.ddrdata)

.cinit     0    8918c698    0000343c     
                  8918c698    0000109c     maincfg.obj (.cinit)
                  8918d734    00000004     --HOLE-- [fill = 0]
                  8918d738    000009b9     L1Manager.lib : GSMConfig.obj (.cinit)
                  8918e0f1    00000007     --HOLE-- [fill = 0]
                  8918e0f8    00000578     gsmutil.lib : Burst.obj (.cinit)
                  8918e670    00000511     Platformlib.lib : Cache.obj (.cinit)
                  8918eb81    00000007     --HOLE-- [fill = 0]
                  8918eb88    0000026c     bios.a64P : biosdata.o64P (.cinit)
                  8918edf4    00000004     --HOLE-- [fill = 0]
                  8918edf8    000001e9     CmdIfMgr.lib : CmdIf.obj (.cinit)
                  8918efe1    00000007     --HOLE-- [fill = 0]
                  8918efe8    000001a4     bios.a64P : knl.o64P (.cinit)
                  8918f18c    00000004     --HOLE-- [fill = 0]
                  8918f190    00000171     CriticalMem.obj (.cinit)
                  8918f301    00000007     --HOLE-- [fill = 0]
                  8918f308    000000b0     bios.a64P : swi.o64P (.cinit)
                  8918f3b8    00000070               : tsk.o64P (.cinit)
                  8918f428    00000068     rtdx64xplus.lib : rtdx_mon.o64P (.cinit)
                  8918f490    00000060     status.lib : statmgr.obj (.cinit)
                  8918f4f0    0000005c     lnkrtdx.a64P : rtdx.o64P (.cinit)
                  8918f54c    00000004     --HOLE-- [fill = 0]
                  8918f550    0000005c     rts64plus.lib : defs.obj (.cinit)
                  8918f5ac    00000004     --HOLE-- [fill = 0]
                  8918f5b0    0000005c                   : lowlev.obj (.cinit)
                  8918f60c    00000004     --HOLE-- [fill = 0]
                  8918f610    0000004c     bios.a64P : rta.o64P (.cinit)
                  8918f65c    00000004     --HOLE-- [fill = 0]
                  8918f660    0000004c     rtdx64xplus.lib : buffer1.o64P (.cinit)
                  8918f6ac    00000004     --HOLE-- [fill = 0]
                  8918f6b0    00000040     rts64plus.lib : log.obj (.cinit)
                  8918f6f0    0000003c     GenUtil.lib : FIFO.obj (.cinit)
                  8918f72c    00000004     --HOLE-- [fill = 0]
                  8918f730    0000003c     bios.a64P : exc.o64P (.cinit)
                  8918f76c    00000004     --HOLE-- [fill = 0]
                  8918f770    00000034               : hwi.o64P (.cinit)
                  8918f7a4    00000004     --HOLE-- [fill = 0]
                  8918f7a8    00000030               : tsk_stup.o64P (.cinit)
                  8918f7d8    0000002c               : utl_putc.o64P (.cinit)
                  8918f804    00000004     --HOLE-- [fill = 0]
                  8918f808    0000002c     rts64plus.lib : exit.obj (.cinit)
                  8918f834    00000004     --HOLE-- [fill = 0]
                  8918f838    00000024     bios.a64P : obj_init.o64P (.cinit)
                  8918f85c    00000004     --HOLE-- [fill = 0]
                  8918f860    00000020     csl.lib : csl_mdio.o (.cinit)
                  8918f880    0000001c     bios.a64P : exc_asm.o64P (.cinit)
                  8918f89c    00000004     --HOLE-- [fill = 0]
                  8918f8a0    0000001c               : sys.o64P (.cinit)
                  8918f8bc    00000004     --HOLE-- [fill = 0]
                  8918f8c0    0000001c     csl.lib : _csl_cache.o (.cinit)
                  8918f8dc    00000004     --HOLE-- [fill = 0]
                  8918f8e0    0000001c     csl_c64xplus_intc.lib : _csl_intcResource.o (.cinit)
                  8918f8fc    00000004     --HOLE-- [fill = 0]
                  8918f900    0000001c     rts64plus.lib : _lock.obj (.cinit)
                  8918f91c    00000004     --HOLE-- [fill = 0]
                  8918f920    0000001c                   : atexit.obj (.cinit)
                  8918f93c    00000004     --HOLE-- [fill = 0]
                  8918f940    0000001a     status.lib : RxCalib.obj (.cinit)
                  8918f95a    00000006     --HOLE-- [fill = 0]
                  8918f960    00000018     bios.a64P : knl_tick.o64P (.cinit)
                  8918f978    00000018               : tsk_setp.o64P (.cinit)
                  8918f990    00000018               : tsk_yiel.o64P (.cinit)
                  8918f9a8    00000014               : hwi_disp.o64P (.cinit)
                  8918f9bc    00000004     --HOLE-- [fill = 0]
                  8918f9c0    00000010               : sem_crea.o64P (.cinit)
                  8918f9d0    00000010     rts64plus.lib : divd.obj (.cinit)
                  8918f9e0    0000000c     bios.a64P : idl_busy.o64P (.cinit)
                  8918f9ec    00000004     --HOLE-- [fill = 0]
                  8918f9f0    0000000c               : knl_star.o64P (.cinit)
                  8918f9fc    00000004     --HOLE-- [fill = 0]
                  8918fa00    0000000c               : knl_swit.o64P (.cinit)
                  8918fa0c    00000004     --HOLE-- [fill = 0]
                  8918fa10    0000000c     delcom_gsm_L1_modules.l64+ : ctrl_decode_bits.obj (.cinit)
                  8918fa1c    00000004     --HOLE-- [fill = 0]
                  8918fa20    0000000c                                : ctrl_encode_bits.obj (.cinit)
                  8918fa2c    00000004     --HOLE-- [fill = 0]
                  8918fa30    0000000c                                : ctrl_rach_decode_bits.obj (.cinit)
                  8918fa3c    00000004     --HOLE-- [fill = 0]
                  8918fa40    0000000c                                : ctrl_rach_encode_bits.obj (.cinit)
                  8918fa4c    00000004     --HOLE-- [fill = 0]
                  8918fa50    0000000c                                : ctrl_sch_decode_bits.obj (.cinit)
                  8918fa5c    00000004     --HOLE-- [fill = 0]
                  8918fa60    0000000c                                : ctrl_sch_encode_bits.obj (.cinit)
                  8918fa6c    00000004     --HOLE-- [fill = 0]
                  8918fa70    0000000c                                : tch_afs_decode_bits.obj (.cinit)
                  8918fa7c    00000004     --HOLE-- [fill = 0]
                  8918fa80    0000000c                                : tch_fs_decode_bits.obj (.cinit)
                  8918fa8c    00000004     --HOLE-- [fill = 0]
                  8918fa90    0000000c                                : tch_fs_encode_bits.obj (.cinit)
                  8918fa9c    00000004     --HOLE-- [fill = 0]
                  8918faa0    0000000c     rts64plus.lib : errno.obj (.cinit)
                  8918faac    00000004     --HOLE-- [fill = 0]
                  8918fab0    0000000c                   : fopen.obj (.cinit)
                  8918fabc    00000004     --HOLE-- [fill = 0]
                  8918fac0    0000000c                   : sinit.obj (.cinit)
                  8918facc    00000004     --HOLE-- [fill = 0]
                  8918fad0    00000004     (.pad.cinit) [fill = 0]

.cio       0    8918fad8    00000120     UNINITIALIZED
                  8918fad8    00000120     rts64plus.lib : trgmsg.obj (.cio)

.printf    0    8918fbf8    00000093     
                  8918fbf8    00000093     maincfg.obj (.printf)

.pinit     0    8918fc8c    00000010     
                  8918fc8c    00000004     rtdx64xplus.lib : buffer1.o64P (.pinit)
                  8918fc90    00000004                     : rtdx_mon.o64P (.pinit)
                  8918fc94    00000004     --HOLE-- [fill = 0]
                  8918fc98    00000004     (.pad.pinit) [fill = 0]


FAR CALL TRAMPOLINES

callee name               trampoline name
   callee addr  tramp addr   call addr  call info
--------------  -----------  ---------  ----------------
$.textDDR:Platformlib.lib<Cache.obj>$0x1590  $Tramp$L$PI$$_Gpo_Init
   86001590     0085ad40     00847f6c   status.lib : statmgr.obj (.text)
                             00847f84              : statmgr.obj (.text)
                             00847f94              : statmgr.obj (.text)
                             00847fa4              : statmgr.obj (.text)
                             00847fb4              : statmgr.obj (.text)
$.textDDR:GenUtil.lib<FIFO.obj>$0x630  $Tramp$L$PI$$$.textDDR:GenUtil.lib<FIFO.obj>$0x630
   86002200     0085ad60     0083db28   GenUtil.lib : FIFO.obj (.text)
$.textDDR:CmdIfLib.lib<CmdPkt.obj>$0x0  $Tramp$L$PI$$.textDDR
   86003d80     0085ad80     00838658   CmdIfLib.lib : CmdPkt.obj (.text)
$.textDDR:GenUtil.lib<FIFO.obj>$0x8d4  $Tramp$L$PI$$_ICoreQ_Start
   86002ad4     0085ada0     00827334   L1Manager.lib : GSMConfig.obj (.text)
                             00827350                 : GSMConfig.obj (.text)
                             0082736c                 : GSMConfig.obj (.text)
                             0082739c                 : GSMConfig.obj (.text)
$.textDDR:gsmutil.lib<Burst.obj>$0xd0  $Tramp$L$PI$$_Burst_GetBasebandData
   86003f30     0085adc0     00822ee4   L1Manager.lib : GSMConfig.obj (.text)
                             008234bc                 : GSMConfig.obj (.text)
[...]
008dd6e0   LNK_F_getChanPtr
008dd738   LNK_F_init
008dd740   LNK_F_dataPump
008dd750   LNK_rcloop
008dd814   LNK_rdrtry
008dd824   LNK_rrloop
008dd8e4   LNK_wrrtry
008dd8f0   LNK_wrloop
008dd9c0   LNK_newin
008ddaf4   LNK_newout
008ddc48   LNK_F_readCallBack
008ddc80   _EXC_nmi
008ddcb4   _EXC_internal
008ddf60   _EXC_init
008ddfa0   _EXC_getLastStatus
008ddfc0   _EXC_external
008ddff4   _EXC_exceptionHandler
008de170   _EXC_clearLastStatus
008de1a0   CLK_HOOKFXN
008de1a0   HWI_F_dispatch
008de1a0   _HWI_F_dispatch
008de1a0   __HWI_lat1beg
008de328   __HWI_lat1end
008de328   __HWI_lat2beg
008de490   __HWI_lat2end2
008de4c0   __HWI_lat3end2
008de504   __HWI_lat2end1
008de520   __HWI_lat3beg
008de680   SWI_F_enable
008de680   __SWI_lat3beg
008de6ec   __SWI_lat3end
008de6f0   SWI_F_post
008de6f0   _SWI_post
008de7f8   __SWI_lat1beg
008de864   SWI_EXECFXN
008de864   SWI_F_exec
008de88c   SWI_F_iexec
008de8a4   __SWI_lat1end
008de8a8   __SWI_lat2beg
008de908   __SWI_lat2end
008de90c   SWI_F_run
008de90c   SWI_RUNFXN
008deb40   PRD_F_swi
008dedc0   PRD_F_tick
008deea0   _TSK_create
008df1e0   _free
008df208   _malloc
008df26c   _realloc
008df338   _memalign
008df418   _calloc
008df480   RTA_F_getlog
008df4b8   RTA_F_getsts
008df4f8   RTA_F_readblk
008df514   RTA_F_writeword
008df520   RTA_F_resetmem
008df520   __RTA_lat1beg
008df554   __RTA_lat1end
008df560   RTA_F_dispatch
008df5ac   RTA_execute
008df700   _KNL_run
008df940   __HOOK_doSwitch
008df9c4   __HOOK_doReady
008dfa40   TSK_VEXITFXN
008dfa40   __HOOK_doExit
008dfa8c   TSK_VDELETEFXN
008dfa8c   __HOOK_doDelete
008dfae0   TSK_VCREATEFXN
008dfae0   __HOOK_doCreate
008dfb40   _SEM_pendEnterKnl
008dfd40   _MEM_alloc
008dff20   _C62_plug
008dff20   _C64_plug
008dff28   _C62_dispatchPlug
008dff28   _C64_dispatchPlug
008e0100   _EXC_dispatch
008e02c4   _EXC_setReturnPtr
008e04ac   PRD_THOOKFXN
008e04ac   _KNL_tick
008e04c0   PIP_F_take
008e0538   PIP_F_give
008e0538   PIP_F_probe
008e0608   PIP_F_start
008e06a0   _MEM_free
008e0860   __SEM_dopost
008e0b50   _TSK_setpri
008e0be0   _TSK_setup
008e0d80   CLK_F_getltime
008e0d90   CLK_F_isr
008e0ed0   CLK_F_itime
008e0ed0   _CLK_F_itime
008e0ed0   _CLK_itime
008e0ef0   __CLK_lat1beg
008e0f10   __CLK_lat1end
008e0f20   _KNL_saveIsrFrame
008e0fcc   _KNL_switch
008e1078   KNL_glue
008e10a0   __auto_init
008e11e0   _KNL_ready
008e1320   _TSK_exit
008e1460   _BCACHE_setSize
008e14a4   _BCACHE_setMar
008e14f4   _BCACHE_bootInit
008e14f4   _BCACHE_setCacheToSram
008e1524   _BCACHE_getSize
008e1574   _BCACHE_getMar
008e1604   _GBL_cacheInit64P
008e16c0   _KNL_check
008e170c   __KNL_lat1beg
008e1788   _KNL_idle
008e1788   __KNL_lat1end
008e17b0   _KNL_max
008e1884   _TSK_startup
008e1900   _SEM_post
008e1900   _SEM_postBinary
008e19e0   _KNL_exit
008e1a20   _KNL_enter
008e1ae0   _TSK_yield
008e1b60   _KNL_start
008e1c00   _SEM_postEnterKnl
008e1ca0   _SYS_exit
008e1d40   _HWI_dispatchPlug
008e1dc0   _HWI_eventMap
008e1e40   _KNL_ipost
008e1ec0   _KNL_post
008e1f40   _LCK_post
008e1f60   _LCK_pend
008e1fc0   LOG_F_event
008e1fc0   _LOG_event
008e1fc0   __LOG_lat1beg
008e2040   _OBJ_create
008e20c0   _SEM_create
008e2140   IDL_F_calibrate
008e21c0   _MEM_valloc
008e2220   _SYS_error
008e2280   FXN_F_nop
008e2284   FXN_F_run
008e2284   _FXN_F_run
008e22c0   CLK_TIMEFXN
008e22c0   FXN_F_zero
008e22c0   _FXN_F_zero
008e22e0   _HWI_disable
008e22f8   _HWI_enable
008e230c   _HWI_restore
008e2340   IDL_F_busy
008e2340   __IDL_lat1beg
008e2380   __IDL_lat1end
008e23a0   _OBJ_delete
008e2400   _SEM_pendBinary
008e2460   _SEM_pend
008e24c0   STS_F_delta
008e24c0   _STS_delta
008e24ec   STS_F_add
008e24ec   _STS_add
008e2508   STS_F_reset
008e2508   _STS_reset
008e2520   _SYS_abort
008e2580   SYS_PUTCFXN
008e2580   _UTL_doPutc
008e25e0   _CLK_measure
008e2640   _C62_disableIER
008e2640   _C64_disableIER
008e2658   _C62_enableIER
008e2658   _C64_enableIER
008e266c   _C62_clearIFR
008e266c   _C64_clearIFR
008e2680   IDL_CALIBRFXN
008e2680   IDL_F_stub
008e26c0   _QUE_get
008e26c0   __QUE_lat1beg
008e26e0   __QUE_lat1end
008e26e8   _QUE_put
008e26e8   __QUE_lat2beg
008e26f4   __QUE_lat2end
008e2700   RTA_F_andn
008e2718   RTA_F_or
008e2740   SYS_ABORTFXN
008e2740   _UTL_doAbort
008e2780   GIO_CREATEFXN
008e2780   GIO_DELETEFXN
008e2780   GIO_PENDFXN
008e2780   GIO_POSTFXN
008e2780   _FXN_F_nop
008e27a0   _GBL_getVersion
008e27c0   _HOOK_setenv
008e27e0   IDL_F_loop
008e27e0   _IDL_loop
008e2800   _LOG_printf
008e2820   _STS_set
008e2840   SYS_ERRORFXN
008e2840   _UTL_doError
008e2860   SYS_EXITFXN
008e2860   _UTL_halt
008e2880   _HSRTDX_rec
008e2b20   _RTDX_Buffer_WriteCB
008e2fe0   _HSRTDX_xmt
008e32e0   _RTDX_Mon_Queue
008e3540   _RTDX_Poll
008e35e0   _RTDX_Final_RT_Monitor
008e3660   _RTDX_Buffer_Initialize
008e36c0   _RTDX_Init_RT_Monitor
008e3720   _RTDX_Buffer_ReadCB
008e3760   _RTDX_Buffer_Size
008e37a0   _RTDX_memfill
008e37e0   _RTDX_Buffer_Read
008e3800   _RTDX_Buffer_Write
008e3820   _RTDX_Mask_IER
008e3f34   PIP_A_TABBEG
008e3f34   RTA_fromHost$pipe
008e3f38   RTA_fromHost$pipe$rd
008e3f64   RTA_fromHost$pipe$aaa
008e3f68   RTA_fromHost$pipe$wr
008e3f94   RTA_fromHost$pipe$bbb
008e3f98   RTA_toHost$pipe
008e3f9c   RTA_toHost$pipe$rd
008e3fc8   RTA_toHost$pipe$aaa
008e3fcc   RTA_toHost$pipe$wr
008e3ff8   RTA_toHost$pipe$bbb
008e3ffc   PIP_A_TABEND
008e4000   dump$buf
008e6000   event$buf
008e8000   fatal$buf
008ea000   trace$buf
008ec000   $bss
008ec000   .bss
008ec000   _MEM_memtab
008ec000   ___bss__
008ec018   _ECM_dispatchTab
008ec418   HST_DSMBUFSEG
008ec418   L2RAM
008ec418   MEM_MALLOCSEG
008ec418   MEM_SEGZERO
008ec418   RTDX_DATAMEMSEG
008ec418   TSK_STACKSEG
008ec418   _L2RAM
008ec41c   L2HEAP
008ec41c   _L2HEAP
008ec420   RTA_fromHost$pipe$dtab
008ec42c   RTA_toHost$pipe$dtab
008ec438   __HOOK_initFxnTable
008ec440   __HOOK_createFxnTable
008ec448   __HOOK_deleteFxnTable
008ec450   __HOOK_exitFxnTable
008ec458   __HOOK_readyFxnTable
008ec460   __HOOK_switchFxnTable
008ec468   _HWI_dispatchTab
008ec568   IDL_D_tabbeg
008ec56c   IDL_D_calibrate
008ec570   IDL_D_calbeg
008ec574   LOG_D_system
008ec574   _LOG_D_system
008ec578   PIP_D_tabbeg
008ec57c   PIP_D_tablen
008ec580   CLK_R_time
008ec584   CLK_D_timefxn
008ec588   CLK_D_tabbeg
008ec58c   CLK_D_isrhook
008ec590   CLK_D_idletime
008ec594   _CLK_htimeDiv
008ec598   _CLK_htimeMult
008ec59c   _CLK_ltimeDiv
008ec5a0   _CLK_ltimeMult
008ec5a4   _CLK_D_dirty
008ec5a8   _CLK_D_prd
008ec5ac   _CLK_D_tddr
008ec5b0   _CLK_D_countspms
008ec5b4   PRD_D_tick
008ec5b4   _PRD_D_tick
008ec5b8   PRD_D_cur
008ec5bc   PRD_D_elapsed
008ec5c0   PRD_D_prevtim
008ec5c4   PRD_D_scalar
008ec5c8   PRD_D_swihandle
008ec5cc   PRD_D_tabbeg
008ec5d0   PRD_D_tablen
008ec5d4   PRD_D_thook
008ec5d8   RTA_D_fromHost
008ec5dc   RTA_D_toHost
008ec5e0   RTA_D_logval
008ec5f0   RTA_D_stsval
008ec5fc   HST_D_chanmask
008ec600   HST_D_tabbeg
008ec604   HST_D_tabend
008ec608   _GBL_procId
008ec60c   _GBL_clkIn
008ec610   _GBL_freq
008ec614   _MEM_D_NUMSEGMENTS
008ec618   _MEM_D_memtab
008ec61c   _MEM_D_freelist
008ec620   _MEM_D_lockaddr
008ec624   _MEM_D_unlockaddr
008ec628   _SYS
008ec62c   __HOOK_knlId
008ec630   __HOOK_NUMHOOKS
008ec634   _CLK_htimePerLtime
008ec640   _nSeqNum
008ec648   _gBurstToFPGAMgr
008ec660   _nSACCH_VII_DL
008ec664   _nSACCH_VII_UL
008ec668   _nSDCCH_VII_DL
008ec66c   _nSDCCH_VII_UL
008ec670   _nSACCH_V
008ec674   _nSDCCH_V
008ec678   _nFACCH_I
008ec67c   _nCount_Receiver
008ec680   _nCount_StopReceiver
008ec684   _nDemodTSC_NOT_FOUND_UL
008ec688   _nDemodFail_VII_UL
008ec68c   _nDemodSucess_VII_UL
008ec690   _nDemodTSC_NOT_FOUND_DL
008ec694   _nDemodFail_VII_DL
008ec698   _nDemodSucess_VII_DL
008ec69c   _nDecodeSucess_VII_DL
008ec6a0   _nDecodeFail_VII_DL
008ec6a4   _nDecodeSucess_VII_UL
008ec6a8   _nDecodeFail_VII_UL
008ec6ac   _nDemodFail_I_UL
008ec6b0   _nDemodSucess_I_UL
008ec6b4   _nDemodFail_I_DL
008ec6b8   _nDemodSucess_I_DL
008ec6bc   _nDecodeSucess_I_DL
008ec6c0   _nDecodeFail_I_DL
008ec6c4   _nDecodeSucess_I_UL
008ec6c8   _nDecodeFail_I_UL
008ec6cc   _nTrafficPak_DL
008ec6d0   _nTrafficPak_UL
008ec6d4   _flag_Config_Junk
008ec6e6   _theCmd
008ec6e8   SWI_D_runaddr
008ec6e8   _SWI_D_runaddr
008ec6e8   _SWI_data
008ec6ec   SWI_D_execaddr
008ec6ec   _SWI_D_execaddr
008ec6f0   SWI_D_curmask
008ec6f0   _SWI_D_curmask
008ec6f4   SWI_D_curset
008ec6f4   _SWI_D_curset
008ec6f8   SWI_D_lock
008ec6f8   _SWI_D_lock
008ec6fc   SWI_D_curmbox
008ec700   SWI_D_curfxn
008ec700   _SWI_D_curfxn
008ec704   SWI_D_rdybeg
008ec704   _SWI_D_rdybeg
008ec708   SWI_D_inswi
008ec708   _SWI_D_inswi
008ec70c   SWI_D_rdytab
008ec784   IDL_D_busyObj
008ec788   _coreNum
008ec78c   _hIntcDbell
008ec790   _hIntcLsu
008ec794   _hIntcEdma
008ec798   _hIntcErr
008ec7ac   _hGpio
008ec7b4   _pIntGenRegs1
008ec7bc   _pSrio
008ec7c0   _nSrio1DoorBellCount
008ec7c8   _nSrio2DoorBellCount
008ec7d0   _nSrio1TxCount
008ec7d8   _nSrio2TxCount
008ec7e0   _dbellcounter
008ec7f0   __CSL_intcAllocMask
008ec7f4   __CSL_intcCpuIntrTable
008ec838   __CSL_intcEventOffsetMap
008ec83c   __CSL_intcNumEvents
008ec840   __CSL_intcEventHandlerRecord
008ec844   _KNL_wFlag
008ec848   _KNL_wList
008ec84c   _KNL_alarm
008ec850   _KNL_setpri
008ec854   _KNL_inactive
008ec858   _KNL_priority
008ec85c   _KNL_set
008ec860   _KNL_curtask
008ec864   _KNL_prevtask
008ec868   _KNL_curtime
008ec86c   _KNL_swiptr
008ec870   _KNL_curqueue
008ec874   _KNL_maxqueue
008ec878   _KNL_tswitchfxn
008ec87c   _KNL_tcreatefxn
008ec880   _KNL_tdeletefxn
008ec884   _KNL_treadyfxn
008ec888   _KNL_idlefxn
008ec895   _nMaxRxChannel
008ec896   _nMaxTxChannel
008ec897   _nAJTxChannel
008ec898   _nCBTxChannel
008ec899   _nVBTSTxChannel
008ec89a   _nBAND
008ec89c   _nARFCN
008ec89e   _nTS
008ec89f   _nDirection
008ec8a0   _nChannelComb
008ec8a1   _nTSC
008ec8a2   _nBSIC
008ec8a3   _nVoEncoderType
008ec8a4   _nCiphering
008ec8a5   _nHopping
008ec8a6   _nBeaconBand
008ec8a8   _nBeaconARFCN
008ec8aa   _nSubSlot
008ec8ab   _nMaxArfcn
008ec8b4   _TxHashId
008ec8b8   _nDelayCount
008ec8c0   _pQfromSim
008ec8c4   _SendCmd_Flag
008ec8f0   _EXC_sysTrapTable
008ec8f8   _EXC_returnPtr
008ec910   __HOOK_switchFxnTablePtr
008ec914   __HOOK_readyFxnTablePtr
008ec918   __HOOK_initFxnTablePtr
008ec91c   __HOOK_createFxnTablePtr
008ec920   __HOOK_deleteFxnTablePtr
008ec924   __HOOK_exitFxnTablePtr
008ec928   HWI_D_spsave
008ec928   _HWI_D_spsave
008ec928   _HWI_data
008ec934   _HWI_D_inhwi
008ec938   HWI_D_bss
008ec93c   HWI_D_ccmask
008ec940   LNK_dspFrameRequestMask
008ec940   _LNK_dspFrameRequestMask
008ec944   LNK_dspFrameReadyMask
008ec944   _LNK_dspFrameReadyMask
008ec948   LNK_readPend
008ec948   _LNK_readPend
008ec94c   LNK_readDone
008ec94c   _LNK_readDone
008ec950   LNK_readFail
008ec950   _LNK_readFail
008ec954   LNK_writeFail
008ec954   _LNK_writeFail
008ec960   _semstat
008ec964   _pIntGenRegs
008ec96c   _EXC_exceptionHook
008ec970   _EXC_internalHook
008ec974   _EXC_externalHook
008ec978   _EXC_nmiHook
008ec980   __CSL_cicAllocMask
008ec990   _gFrameMicroseconds
008ec9a8   _rtdxNullChanCnt
008ec9ac   _rtdxNullFuncCnt
008ec9b0   _rtdxXmtNotDoneCnt
008ec9b4   _rtdxRecNotDoneCnt
008ec9b8   _rtdxXmtRestartCnt
008ec9bc   _rtdxXmtErrorCnt
008ec9c0   _TSK_nTasks
008ec9c4   _TSK_pid
008ec9c8   _TSK
008ec9cc   _gCriticalMemRefPtr
008ec9d0   _pEthObj
008ec9d8   _CLK_DFLTMICROSECS
008ec9dc   _CLK_D_microseconds
008ec9e0   _SYS_exitStackPtr
008ec9e4   _SYS_exitStackTop
008ec9e8   __CSL_cachebusyState
008ec9ec   __CSL_cacheEmifState
008ec9f0   _MEM
008ec9f8   CLK_A_TABBEG
008ec9f8   PRD_clock
008ec9f8   _PRD_clock
008ec9f8   ___end__
008ec9f8   end
008ec9fc   CLK_null
008eca00   _txscratchM1
008ed200   BIOS_init
008ed200   _BIOS_init
008ed398   BIOS$$CLKON
008ed3d8   BIOS$$CLKOFF
008ed490   BIOS_start
008ed490   _BIOS_start
008ed5c0   _c_int00
008ed680   _MEM_init
008ed720   __HOOK_doInit
008ed7a0   _TSK_init
008ed800   _OBJ_init
008ed820   RTA_fromHost$buf
008ed830   IDL_A_TABBEG
008ed830   IDL_cpuLoad
008ed830   _IDL_cpuLoad
008ed834   LNK_dataPump
008ed834   _LNK_dataPump
008ed838   RTA_dispatcher
008ed838   _RTA_dispatcher
008ed83c   IDL_END
008ed8c0   _RTDX_Buffer
008edcc8   _RTDX_Buffer_Start
008edccc   _RTDX_Buffer_End
008edcd0   _rtdx_mon_state
008edd14   _rtdx_buffer_state
008edd20   _RTDX_writing
008edd34   TRC_cinit
008edd38   TRC_R_mask
008edd38   _TRC_R_mask
008edd3c   GBL_initdone
008edd40   _EVM_pllc_init
008edef8   GBL_USERINITFXN
008edef8   _EVM_init
008edf00   _EVM_emac_phy_init
008ee1c0   TSK_idle$stack
008ee558   TSK_idle$stkptr
008ee5c0   PRD_A_TABBEG
008ee5c0   _prdNdk
008ee5c0   prdNdk
008ee5dc   prdNdk$aaa
008ee5e0   PrdEthernet
008ee5e0   _PrdEthernet
008ee5fc   PrdEthernet$aaa
008ee600   PRD_A_TABEND
008ee600   _txscratchM2
008eea00   _SYS_PUTCBEG
008eebff   _SYS_PUTCEND
008eec00   __CSL_intcVectorTable
008eee00   RTA_toHost$buf
008eef00   LOG_A_TABBEG
008eef00   LOG_system
008eef00   _LOG_system
008eef18   _trace
008eef18   trace
008eef30   _fatal
008eef30   fatal
008eef48   _warning
008eef48   warning
008eef60   _event
008eef60   event
008eef78   _dump
008eef78   dump
008eef90   LOG_A_TABEND
008eef9c   TSK_idle
008eef9c   _TSK_idle
008ef000   HWI_A_VECS
008ef000   hwi0
008ef020   hwi1
008ef040   hwi2
008ef060   hwi3
008ef080   hwi4
008ef0a0   hwi5
008ef0c0   hwi6
008ef0e0   hwi7
008ef100   hwi8
008ef120   hwi9
008ef140   hwi10
008ef160   hwi11
008ef180   hwi12
008ef1a0   hwi13
008ef1c0   hwi14
008ef1e0   hwi15
008ef264   STS_A_TABBEG
008ef264   prdNdk$sts$stsobj
008ef268   prdNdk$sts
008ef274   PrdEthernet$sts$stsobj
008ef278   PrdEthernet$sts
008ef284   KNL_swi$sts$stsobj
008ef288   KNL_swi$sts
008ef294   PRD_swi$sts$stsobj
008ef298   PRD_swi$sts
008ef2a4   TSK_idle$sts$stsobj
008ef2a8   TSK_idle$sts
008ef2b4   IDL_busyObj$stsobj
008ef2b8   IDL_busyObj
008ef2b8   _IDL_busyObj
008ef2c4   KNL_swi
008ef2c4   STS_A_TABEND
008ef2c4   SWI_A_TABBEG
008ef2c4   _KNL_swi
008ef2f0   PRD_SWIHANDLE
008ef2f0   PRD_swi
008ef2f0   _PRD_swi
008ef31c   HST_A_TABBEG
008ef31c   SWI_A_TABEND
008ef320   RTA_fromHost
008ef320   _RTA_fromHost
008ef328   RTA_fromHost$rtdx
008ef33c   RTA_toHost
008ef33c   _RTA_toHost
008ef344   RTA_toHost$rtdx
008ef358   HST_A_TABEND
008ef358   IDL_A_CALBEG
008ef358   IDL_cpuLoad$
008ef35c   LNK_dataPump$
008ef360   RTA_dispatcher$
008ef364   IDL_END$
008ef368   SYS$config
00f00000   _rxscratchM1
00f02000   _rxscratchM2
02210d0c   HWI_INTRMUX3
02910000   CLK_REGS
02910000   _CLK_REGS
07060504   HWI_INTRMUX1
0b0a0908   HWI_INTRMUX2
81000000   _gL2PacketMgr
81040000   _oBurstToFPGAMgr
81053000   _gHash
81053020   _gHeapMem
81053090   _gHeapMemSeg
86000000   _eventEdmaHandler
8600008c   _Intr_DisableEvent
860000f4   _Timer_Stop
86000194   _Timer_Print
860001dc   _IntrDB_GetIntrTableParam
86000210   _Intr_Init
86000370   _Timer_Init
86000638   _Srio_Init
86000fe8   _Mcbsp_Print
86000fec   _Mcbsp_Init
86001258   _Mcbsp_EnableRxIntr
860012d4   _Mcbsp_DisableRxIntr
8600133c   _Ipc_IntrInit
86001488   _Ipc_Init
860014c4   _Gpo_Print
860014c8   _Gpio_Init
86001590   _Gpo_Init
860016b4   _GpoDual_Print
860016b8   _GpoDual_Init
860018e0   _Gpi_Read
86001934   _Gpi_Print
86001974   _Gpi_Init
86001ad8   _Gpi_EnableIntr
86001b54   _Gpi_DisableIntr
86001bbc   _Edma_UpdateSrcDestAddr
86001c00   _Edma_Start
86001c40   _Edma_SetParamSettings
86001ce0   _Edma_ReStart
86001d90   _EdmaEventHook
86001da0   _Edma_Init
860020fc   _Edma_GetParamSettings
86002108   _Edma_Close
86002140   _Cache_ConfigL2
86002178   _Cache_ConfigL1P
860021b0   _Cache_ConfigL1D
86002200   _SysTime_Init
8600225c   _LOG_DumpMsg
860022d4   _FIFO_Init
86002410   _Initialize_HashNewBucket
860025a4   _ITaskQ_Init
8600272c   _IIPC_Start
86002774   _IIPC_InitLink
86002830   _HSEM_Init
860028a4   _IIPC_Init
86002ad4   _ICoreQ_Start
86002b3c   _ICoreQ_Init2
86002b88   _ICoreQ_Init
86002c50   _HSEM_ModuleInit
86002cfc   _FIFO_Print
86002e00   _L1Receiver_Init
86002f5c   _RxManager_Init
86002ff4   _L1Manager_Init
8600390c   _GSMConfig_Stop
86003918   _GSMConfig_Start
86003994   _GSMConfig_Init
86003998   _GSMConfig_FreqInfo
860039b0   _GSMConfig_FN
860039cc   _GSMConfig_Elapsed
860039e0   _MemMgr_InitCriticalMemory
86003ae4   _MemMgr_InitHeapMemory
86003b74   _EthBuff_Init
86003bc0   _ModMgr_Init
86003d38   _main
86003d80   _TestParamsMacros
86003e4c   _DataPkt_Dump
86003e60   _TDFrmTbl_Print
86003f30   _Burst_GetBasebandData
89100000   _semcontext
89100004   _Sig_IPCRx
8910001c   _Tsk_RxIPC
89100058   _Hsem_IIPC
8910006c   _Tsk_TxIPC
891000a8   _iipc_TxQ
89100178   _gTDMA
89102948   _gSACCH_TF
891029e8   _gDDCMatrix
89102ad0   _oGSML1TxManager
89102af8   _gAGC
89103300   _Fill_frame_bcch_burst
89103580   _Fill_frame_dcch_burst
89103800   _dummy_burst_tch
891038b8   _FILL_FRAME_DCCH
891038d0   _FILL_FRAME_BCCH
891040e0   _nDAC_NCO_Fuse
891040e8   _bFreeID
89104108   _gRxRouter
891042b0   _gTxRouter
891043a0   _theCmdSim
89104468   _nBANDJAMMED
89104470   _nARFCNJAMMED
89104478   _TxTaskobj
891044b4   _RxTaskobj
891044f0   _oRxQFP_C1
89104534   _oC1_HashHsem
89104548   _TxTaskobjC1
89104584   _RxTaskobjC1
891045c0   _oSimRxTask
891045fc   _oSimTxTask
89104638   _oQtoSim
8910467c   _CLK_inputClock
89104680   _intcDbell
89104688   _intcLsu
89104690   _intcEdma
89104698   _intcErr
891046a0   _intcContext
89104738   _record
89104758   _ringingBell
891047e8   _TccHandlerTable
89104bac   _context
89104bb0   _srioObj
89104bb8   _srioParam
89104bc0   __ftable
89104cb0   __tmpnams
89104d50   __ft_end
89104d58   ___atexit_func_id__
89104ee0   _oPacket
891050e8   _KNL_queues
89105188   _KNL_dummy
8910535c   _TSK_ATTRS
89105378   _TSK_config
89105398   _TSK_timerSem
891053b8   _OBJ_table
891053f0   _OBJ_segtab
89105410   _MSGIndication
89105414   _Links
89105418   _gBTS
8910541c   _gBTSSem
89105420   _pGblTransferJob
89105424   _gSharedL2PacketMgr
89105428   _pEthBuff
8910542c   _pGSharedBurstToFPGAMgr
89105430   _pRxCalibration
891054b0   __TSK_mutex
891054d8   _SYS_exitStack
89105524   _EXC_status
89105564   _HWI_ATTRS
8910557c   __cleanup_ptr
89105580   __dtors_ptr
89105584   ___TI_enable_exit_profile_output
89105588   _SEM_ATTRS
89105590   __lock
89105594   __unlock
891055b4   _errno
891055bc   _dtors
891055c0   _cBuff
891855c0   _MemList
8918c5c0   _mcbspGbl
8918c5cc   _mcbspRxData
8918c5f8   _mcbspTxData
8918c624   _mcbspClock
8918c65c   _mcbspMul
8918c678   _myHwSetup
8918c698   ___cinit__
8918c698   cinit
8918fad8   __CIOBUF_
8918fbf8   prdNdk$sts$maxfmt
8918fc01   prdNdk$sts$sumfmt
8918fc0a   prdNdk$sts$avgfmt
8918fc15   PrdEthernet$sts$maxfmt
8918fc1e   PrdEthernet$sts$sumfmt
8918fc27   PrdEthernet$sts$avgfmt
8918fc32   KNL_swi$sts$maxfmt
8918fc3a   KNL_swi$sts$sumfmt
8918fc42   KNL_swi$sts$avgfmt
8918fc4c   PRD_swi$sts$maxfmt
8918fc54   PRD_swi$sts$sumfmt
8918fc5c   PRD_swi$sts$avgfmt
8918fc66   TSK_idle$sts$maxfmt
8918fc6e   TSK_idle$sts$sumfmt
8918fc76   TSK_idle$sts$avgfmt
8918fc80   IDL_busyObj$maxfmt
8918fc83   IDL_busyObj$sumfmt
8918fc86   IDL_busyObj$avgfmt
8918fc8c   ___pinit__
8918fc8c   pinit
ffffffff   C0_BURST_DATA
ffffffff   C0_DATA_RAM
ffffffff   C0_HEAP_RAM
ffffffff   C0_PROG_RAM
ffffffff   C1_DATA_RAM
ffffffff   C1_HEAP_RAM
ffffffff   C1_PROG_RAM
ffffffff   C2_DATA_RAM
ffffffff   C2_HEAP_RAM
ffffffff   C2_PROG_RAM
ffffffff   CORE_HEALTH
ffffffff   CX_CRITICAL_SECTION
ffffffff   CX_CRITICAL_SECTION_REFERENCE
ffffffff   ECM_EVTMASK0
ffffffff   ECM_EVTMASK1
ffffffff   ECM_EVTMASK2
ffffffff   ECM_EVTMASK3
ffffffff   L1D_RAM
ffffffff   L1P_RAM
ffffffff   _C0_BURST_DATA
ffffffff   _C0_DATA_RAM
ffffffff   _C0_HEAP_RAM
ffffffff   _C0_PROG_RAM
ffffffff   _C1_DATA_RAM
ffffffff   _C1_HEAP_RAM
ffffffff   _C1_PROG_RAM
ffffffff   _C2_DATA_RAM
ffffffff   _C2_HEAP_RAM
ffffffff   _C2_PROG_RAM
ffffffff   _CORE_HEALTH
ffffffff   _CX_CRITICAL_SECTION
ffffffff   _CX_CRITICAL_SECTION_REFERENCE
ffffffff   _L1D_RAM
ffffffff   _L1P_RAM
ffffffff   ___TI_pprof_out_hndl
ffffffff   ___TI_prof_data_size
ffffffff   ___TI_prof_data_start
ffffffff   ___binit__
ffffffff   ___c_args__
ffffffff   binit

[1982 symbols]
