******************************************************************************
               TMS320C6x Linker PC v7.4.4                      
******************************************************************************
>> Linked Thu Aug 28 12:10:32 2014

OUTPUT FILE NAME:   <TRS_appC2.out>
ENTRY POINT SYMBOL: "_c_int00"  address: 0084a9a0


MEMORY CONFIGURATION

         name            origin    length      used     unused   attr    fill
----------------------  --------  ---------  --------  --------  ----  --------
  L2RAM                 00800000   00080000  00061738  0001e8c8  RW X
  L1P_RAM               00e00000   00008000  00000000  00008000  RW X
  L1D_RAM               00f00000   00008000  00004000  00004000  RW  
  MSMCSRAM              0c000000   00400000  00000000  00400000  RW  
  CX_CRITICAL_SECTION_R 80100000   00001000  00000000  00001000  RW  
  SM_HEAP1              82000000   00400000  00400000  00000000  RW  
  SM_HEAP2              82400000   00400000  00400000  00000000  RW  
  SM_HEAP3              82800000   00400000  00400000  00000000  RW  
  SM_HEAP4              82c00000   00400000  00400000  00000000  RW  
  C2_DATA_RAM           83800000   00400000  001ab860  002547a0  RW  
  C2_NON_CACHE          85800000   00400000  00000000  00400000  RW  


SEGMENT ALLOCATION MAP

run origin  load origin   length   init length attrs members
----------  ----------- ---------- ----------- ----- -------
00800000    00800000    0005d638   0005d638    r-x
  00800000    00800000    000528c0   000528c0    r-x .text
  008528c0    008528c0    0000ad78   0000ad78    r-- .const
0085d638    0085d638    00003f00   00000000    rw-
  0085d638    0085d638    00003f00   00000000    rw- .stack
00861800    00861800    00000200   00000200    r-x
  00861800    00861800    00000200   00000200    r-x .vecs
00f00000    00f00000    00004000   00000000    rw-
  00f00000    00f00000    00004000   00000000    rw- .dataL1D
83800000    83800000    0012c2ac   0012c2ac    rw-
  83800000    83800000    0012c2ac   0012c2ac    rw- .delcomObj
8392c2b0    8392c2b0    0007b130   00000000    rw-
  8392c2b0    8392c2b0    00067130   00000000    rw- .far
  839933e0    839933e0    00014000   00000000    rw- systemheap
839a73e0    839a73e0    00002234   00002234    rw-
  839a73e0    839a73e0    00002234   00002234    rw- .fardata
839a9618    839a9618    00000800   00000000    rw-
  839a9618    839a9618    00000800   00000000    rw- .far:taskStackSection
839a9e18    839a9e18    000002f0   000002f0    r--
  839a9e18    839a9e18    000002f0   000002f0    r-- .switch
839aa108    839aa108    00000140   00000000    rw-
  839aa108    839aa108    00000120   00000000    rw- .cio
  839aa228    839aa228    00000020   00000000    rw- .bss
839aa248    839aa248    000000ec   000000ec    rw-
  839aa248    839aa248    000000ec   000000ec    rw- .neardata
839aa334    839aa334    00001534   00001534    r--
  839aa334    839aa334    00001534   00001534    r-- .cinit


SECTION ALLOCATION MAP

 output                                  attributes/
section   page    origin      length       input sections
--------  ----  ----------  ----------   ----------------
.init_array 
*          0    83800000    00000000     UNINITIALIZED

xdc.meta   0    00800000    000000e8     COPY SECTION
                  00800000    000000e8     TRS_SYSBIOS_pe66.oe66 (xdc.meta)

.text      0    00800000    000528c0     
                  00800000    00004440     L1Manager.lib : L1Receiver.obj (.text)
                  00804440    000041e0                   : RxManager.obj (.text)
                  00808620    000025e0     delcom_gsm_L1_modules_6400+_eabi.lib : ctrl_fcch_rcv.obj (.text)
                  0080ac00    00001480                                          : tch_afs_decode_bits.obj (.text)
                  0080c080    000013a0                                          : tch_ahs_decode_bits.obj (.text)
                  0080d420    00001340     GsmUtil.lib : TDFrmTbl.obj (.text)
                  0080e760    00001220     ipc.ae66 : Ipc.obj (.text:ti_sdo_ipc_GateMP_Instance_init__F)
                  0080f980    00001140     L1Manager.lib : L1Config.obj (.text)
                  00810ac0    00000d40                   : L1Manager.obj (.text)
                  00811800    00000d40     delcom_gsm_L1_modules_6400+_eabi.lib : generic_conv_decoder.obj (.text)
                  00812540    00000d20                                          : gmsk_eq16_mlse_demod_sub2.obj (.text)
                  00813260    00000d20                                          : tch_afs_detect_frametype.obj (.text)
                  00813f80    00000cc0                                          : tch_ahs_detect_frametype.obj (.text)
                  00814c40    00000c20                                          : tch_fs_decode_bits.obj (.text)
                  00815860    00000ae0                                          : tch_afs_decode_inband_data.obj (.text)
                  00816340    00000ac0     CmdIfLib.lib : DataPkt.obj (.text)
                  00816e00    00000a60     delcom_gsm_L1_modules_6400+_eabi.lib : tch_hs_decode_bits.obj (.text)
                  00817860    00000a60     ipc.ae66 : Ipc.obj (.text:ti_sdo_ipc_heaps_HeapMemMP_alloc__E)
                  008182c0    00000a40     delcom_gsm_L1_modules_6400+_eabi.lib : gmsk_equalize16.obj (.text)
                  00818d00    00000a20                                          : conv_decoder_rsc_G46G56G66G66.obj (.text)
                  00819720    00000a20     ipc.ae66 : Ipc.obj (.text:ti_sdo_ipc_heaps_HeapMemMP_free__E)
                  0081a140    000009a0              : Ipc.obj (.text:Ipc_attach)
                  0081aae0    00000980     delcom_gsm_L1_modules_6400+_eabi.lib : conv_decoder_rsc_G46G46G56G66G66.obj (.text)
                  0081b460    00000920                                          : conv_decoder_rsc_G44G54G64.obj (.text)
                  0081bd80    000008e0     ipc.ae66 : Ipc.obj (.text:ti_sdo_ipc_GateMP_Instance_finalize__F)
                  0081c660    000008c0              : Ipc.obj (.text:ti_sdo_ipc_ListMP_Instance_init__F)
                  0081cf20    000008a0     ti.targets.rts6000.ae66 : System.oe66 (.text:xdc_runtime_System_doPrint__I)
                  0081d7c0    00000840     ipc.ae66 : Ipc.obj (.text:MessageQ_put)
                  0081e000    00000800              : Ipc.obj (.text:ti_sdo_ipc_nsremote_NameServerRemoteNotify_Instance_init__F)
                  0081e800    000007e0              : Ipc.obj (.text:ti_sdo_ipc_heaps_HeapBufMP_Instance_init__F)
                  0081efe0    000007e0              : Ipc.obj (.text:ti_sdo_ipc_heaps_HeapBufMP_postInit__I)
                  0081f7c0    000007c0     GenUtil.lib : IIPC.obj (.text)
                  0081ff80    000007a0     GsmUtil.lib : L1FEC.obj (.text)
                  00820720    00000780     delcom_gsm_L1_modules_6400+_eabi.lib : fire_dec.obj (.text)
                  00820ea0    00000780     sysbios.ae66 : BIOS.obj (.text:ti_sysbios_family_c64p_Exception_handler__I)
                  00821620    00000760     ipc.ae66 : Ipc.obj (.text:ti_sdo_ipc_heaps_HeapMemMP_Instance_init__F)
                  00821d80    00000720     delcom_gsm_L1_modules_6400+_eabi.lib : tch_fs_encode_bits.obj (.text)
                  008224a0    000006a0     GenUtil.lib : HashTbl.obj (.text)
                  00822b40    000006a0     ipc.ae66 : Ipc.obj (.text:NameServer_add)
                  008231e0    00000660     sysbios.ae66 : BIOS.obj (.text:ti_sysbios_heaps_HeapMem_alloc__E)
                  00823840    00000640     GsmUtil.lib : TDFrm.obj (.text)
                  00823e80    00000640     sysbios.ae66 : BIOS.obj (.text:ti_sysbios_knl_Event_pend__E)
                  008244c0    00000620     ipc.ae66 : Ipc.obj (.text:Notify_sendEvent)
                  00824ae0    00000600              : Ipc.obj (.text:ti_sdo_ipc_SharedRegion_start__F)
                  008250e0    00000600     sysbios.ae66 : BIOS.obj (.text:ti_sysbios_knl_Semaphore_pend__E)
                  008256e0    000005e0     ipc.ae66 : Ipc.obj (.text:Notify_registerEventSingle)
                  00825cc0    000005e0              : Ipc.obj (.text:Notify_unregisterEventSingle)
                  008262a0    000005e0     sysbios.ae66 : BIOS.obj (.text:ti_sysbios_heaps_HeapMem_free__E)
                  00826880    000005c0     ipc.ae66 : Ipc.obj (.text:ListMP_getHead)
                  00826e40    000005c0     rts6600_elf.lib : divd.obj (.text:__c6xabi_divd)
                  00827400    000005c0                     : _printfi.obj (.text:_getarg_diouxp)
                  008279c0    000005c0     ipc.ae66 : Ipc.obj (.text:ti_sdo_ipc_transports_TransportShmCirc_swiFxn__I)
                  00827f80    000005a0     sysbios.ae66 : BIOS.obj (.text:ti_sysbios_knl_Task_Instance_finalize__F)
                  00828520    000005a0                  : BIOS.obj (.text:ti_sysbios_timers_timer64_Timer_Module_startup__F)
                  00828ac0    00000560     GenUtil.lib : Task.obj (.text)
                  00829020    00000560     GsmUtil.lib : GSMTime.obj (.text)
                  00829580    00000540     ipc.ae66 : Ipc.obj (.text:MessageQ_free)
                  00829ac0    00000540              : Ipc.obj (.text:NameServer_get)
                  0082a000    00000540              : Ipc.obj (.text:ti_sdo_ipc_Ipc_procSyncStart__I)
                  0082a540    00000540              : Ipc.obj (.text:ti_sdo_ipc_transports_TransportShmCirc_Instance_init__F)
                  0082aa80    00000500              : Ipc.obj (.text:ti_sdo_ipc_GateMP_setRegion0Reserved__F)
                  0082af80    00000500              : Ipc.obj (.text:ti_sdo_ipc_MessageQ_Instance_init__F)
                  0082b480    00000500              : Ipc.obj (.text:ti_sdo_ipc_notifyDrivers_NotifyDriverShm_Instance_init__F)
                  0082b980    000004a0              : Ipc.obj (.text:HeapBufMP_sharedMemReq)
                  0082be20    000004a0              : Ipc.obj (.text:ti_sdo_ipc_gates_GatePeterson_Instance_init__F)
                  0082c2c0    000004a0              : Ipc.obj (.text:ti_sdo_ipc_nsremote_NameServerRemoteNotify_get__F)
                  0082c760    00000480     delcom_gsm_L1_modules_6400+_eabi.lib : comm_math.obj (.text)
                  0082cbe0    00000480                                          : tch_afs_onset_rem_fec.obj (.text)
                  0082d060    00000480     sysbios.ae66 : BIOS.obj (.text:ti_sysbios_knl_Task_Module_startup__F)
                  0082d4e0    00000460     ipc.ae66 : Ipc.obj (.text:ListMP_putTail)
                  0082d940    00000460     rts6600_elf.lib : _printfi.obj (.text:_printfi)
                  0082dda0    00000460                     : _printfi.obj (.text:_setfield)
                  0082e200    00000460     ipc.ae66 : Ipc.obj (.text:ti_sdo_ipc_Ipc_procSyncFinish__I)
                  0082e660    00000440     delcom_gsm_L1_modules_6400+_eabi.lib : conv_decoder_rsc_G13G23G33G33.obj (.text)
                  0082eaa0    00000440     ipc.ae66 : Ipc.obj (.text:ti_sdo_ipc_heaps_HeapMemMP_getStats__E)
                  0082eee0    00000420     CmdIfLib.lib : CmdPkt.obj (.text)
                  0082f300    00000420     delcom_gsm_L1_modules_6400+_eabi.lib : conv_decoder_rsc_G13G13G23G33G33.obj (.text)
                  0082f720    00000420                                          : conv_decoder_rsc_G13G23G33.obj (.text)
                  0082fb40    00000420     ipc.ae66 : Ipc.obj (.text:ti_sdo_ipc_heaps_HeapMemMP_postInit__I)
                  0082ff60    00000420              : Ipc.obj (.text:ti_sdo_ipc_nsremote_NameServerRemoteNotify_swiFxnRequest__I)
                  00830380    00000400              : Ipc.obj (.text:ti_sdo_ipc_Notify_Instance_init__F)
                  00830780    00000400     TRS_SYSBIOS_pe66.oe66 (.text:xdc_runtime_System_printfExtend__I)
                  00830b80    000003e0     L1Manager.lib : A5_1Decipher.obj (.text)
                  00830f60    000003e0     Platformlib_sub.lib : Timer.obj (.text)
                  00831340    000003e0     delcom_gsm_L1_modules_6400+_eabi.lib : conv_decoder_rsc_G00G10.obj (.text)
                  00831720    000003e0     sysbios.ae66 : BIOS.obj (.text:ti_sysbios_gates_GateMutexPri_enter__E)
                  00831b00    000003c0     GenUtil.lib : SysTime.obj (.text)
                  00831ec0    000003c0     RxCalib.obj (.text)
                  00832280    000003c0     delcom_gsm_L1_modules_6400+_eabi.lib : tch_ahs_onset_rem_fec.obj (.text)
                  00832640    000003c0     ipc.ae66 : Ipc.obj (.text:ti_sdo_ipc_SharedRegion_reserveMemory__F)
                  00832a00    000003c0     sysbios.ae66 : BIOS.obj (.text:ti_sysbios_knl_Task_Instance_init__F)
                  00832dc0    000003c0                  : BIOS.obj (.text:ti_sysbios_knl_Task_setPri__E)
                  00833180    000003a0     delcom_gsm_L1_modules_6400+_eabi.lib : tch_ahs_decode_inband_data.obj (.text)
                  00833520    000003a0                                          : tch_ahs_sid_first_p2_rem_fec.obj (.text)
                  008338c0    000003a0     rts6600_elf.lib : fputs.obj (.text:fputs)
                  00833c60    00000380     ipc.ae66 : Ipc.obj (.text:HeapMemMP_sharedMemReq)
                  00833fe0    00000360     delcom_gsm_L1_modules_6400+_eabi.lib : gmsk_agc.obj (.text)
                  00834340    00000340     ipc.ae66 : Ipc.obj (.text:GateMP_sharedMemReq)
                  00834680    00000320              : Ipc.obj (.text:HeapBufMP_open)
                  008349a0    00000320     rts6600_elf.lib : _printfi.obj (.text:_pproc_fge)
                  00834cc0    00000320     delcom_gsm_L1_modules_6400+_eabi.lib : gmsk_eq16_chan_sounder_sub1_rach_c64x.obj (.text)
                  00834fe0    00000320                                          : gmsk_eq16_chan_sounder_sub2_c64x.obj (.text)
                  00835300    00000320     sysbios.ae66 : BIOS.obj (.text:ti_sysbios_knl_Swi_restoreHwi__E)
                  00835620    00000300     ipc.ae66 : Ipc.obj (.text:GateMP_openByAddr)
                  00835920    00000300     delcom_gsm_L1_modules_6400+_eabi.lib : fire_enc.obj (.text)
                  00835c20    00000300     ipc.ae66 : Ipc.obj (.text:ti_sdo_ipc_heaps_HeapBufMP_free__E)
                  00835f20    00000300     sysbios.ae66 : BIOS.obj (.text:ti_sysbios_knl_Swi_runLoop__I)
                  00836220    000002e0     ipc.ae66 : Ipc.obj (.text:MessageQ_alloc)
                  00836500    000002e0              : Ipc.obj (.text:SharedRegion_getEntry)
                  008367e0    000002e0              : Ipc.obj (.text:SharedRegion_getPtr)
                  00836ac0    000002e0     rts6600_elf.lib : _printfi.obj (.text:_pproc_fwp)
                  00836da0    000002e0     ipc.ae66 : Ipc.obj (.text:ti_sdo_ipc_notifyDrivers_NotifyDriverShm_isr__I)
                  00837080    000002e0     sysbios.ae66 : BIOS.obj (.text:ti_sysbios_heaps_HeapMem_Instance_init__F)
                  00837360    000002e0                  : BIOS.obj (.text:ti_sysbios_knl_Event_post__E)
                  00837640    000002c0     ipc.ae66 : Ipc.obj (.text:MessageQ_open)
                  00837900    000002c0              : Ipc.obj (.text:ti_sdo_ipc_transports_TransportShmCirc_put__E)
                  00837bc0    000002c0     sysbios.ae66 : BIOS.obj (.text:ti_sysbios_family_c66_tci66xx_CpIntc_Module_startup__F)
                  00837e80    000002a0     ipc.ae66 : Ipc.obj (.text:NameServer_getLocal)
                  00838120    000002a0     delcom_gsm_L1_modules_6400+_eabi.lib : dbutils.obj (.text)
                  008383c0    000002a0     rts6600_elf.lib : _printfi.obj (.text:fcvt)
                  00838660    000002a0     ipc.ae66 : Ipc.obj (.text:ti_sdo_ipc_heaps_HeapBufMP_Instance_finalize__F)
                  00838900    00000280              : Ipc.obj (.text:Ipc_start)
                  00838b80    00000280              : Ipc.obj (.text:SharedRegion_getSRPtr)
                  00838e00    00000280     rts6600_elf.lib : _printfi.obj (.text:ecvt)
                  00839080    00000280     ipc.ae66 : Ipc.obj (.text:ti_sdo_ipc_transports_TransportShmCirc_sharedMemReq__F)
                  00839300    00000280     sysbios.ae66 : BIOS.obj (.text:ti_sysbios_timers_timer64_Timer_deviceConfig__I)
                  00839580    00000280     ti.targets.rts6000.ae66 : Error.oe66 (.text:xdc_runtime_Error_raiseX__F)
                  00839800    00000260     ipc.ae66 : Ipc.obj (.text:ListMP_sharedMemReq)
                  00839a60    00000260              : Ipc.obj (.text:ti_sdo_ipc_ListMP_Instance_finalize__F)
                  00839cc0    00000260              : Ipc.obj (.text:ti_sdo_ipc_heaps_HeapMemMP_Instance_finalize__F)
                  00839f20    00000260              : Ipc.obj (.text:ti_sdo_ipc_notifyDrivers_NotifyDriverShm_disableEvent__E)
                  0083a180    00000260              : Ipc.obj (.text:ti_sdo_ipc_notifyDrivers_NotifyDriverShm_sharedMemReq__F)
                  0083a3e0    00000260     sysbios.ae66 : BIOS.obj (.text:ti_sysbios_family_c64p_Hwi_dispatchCore__I)
                  0083a640    00000260                  : BIOS.obj (.text:ti_sysbios_family_c64p_Hwi_reconfig__E)
                  0083a8a0    00000260     ti.targets.rts6000.ae66 : Startup.oe66 (.text:xdc_runtime_Startup_startMods__I)
                  0083ab00    00000240     rts6600_elf.lib : imath64.obj (.text:__c6xabi_divull)
                  0083ad40    00000240                     : _printfi.obj (.text:_pconv_e)
                  0083af80    00000240                     : _printfi.obj (.text:_pproc_diouxp)
                  0083b1c0    00000240     delcom_gsm_L1_modules_6400+_eabi.lib : gmsk_eq16_chan_sounder.obj (.text)
                  0083b400    00000240     ipc.ae66 : Ipc.obj (.text:ti_sdo_ipc_MessageQ_Instance_finalize__F)
                  0083b640    00000240     sysbios.ae66 : BIOS.obj (.text:ti_sysbios_family_c64p_Exception_internalHandler__I)
                  0083b880    00000240                  : BIOS.obj (.text:ti_sysbios_knl_Semaphore_post__E)
                  0083bac0    00000220     GenUtil.lib : FIFO.obj (.text)
                  0083bce0    00000220     ipc.ae66 : Ipc.obj (.text:MessageQ_get)
                  0083bf00    00000220     rts6600_elf.lib : _printfi.obj (.text:_pproc_str)
                  0083c120    00000220     delcom_gsm_L1_modules_6400+_eabi.lib : gmsk_eq16_mlse_demod.obj (.text)
                  0083c340    00000220     rts6600_elf.lib : fputc.obj (.text:fputc)
                  0083c560    00000220     sysbios.ae66 : BIOS.obj (.text:ti_sysbios_knl_Task_exit__E)
                  0083c780    00000220                  : BIOS.obj (.text:ti_sysbios_knl_Task_schedule__I)
                  0083c9a0    00000220                  : BIOS.obj (.text:ti_sysbios_knl_Task_startCore__E)
                  0083cbc0    00000220     ti.targets.rts6000.ae66 : Core-mem.oe66 (.text:xdc_runtime_Core_createObject__I)
                  0083cde0    00000200     ipc.ae66 : Ipc.obj (.text:GateMP_enter)
                  0083cfe0    00000200              : Ipc.obj (.text:GateMP_leave)
                  0083d1e0    00000200              : Ipc.obj (.text:ListMP_openByAddr)
                  0083d3e0    00000200     rts6600_elf.lib : _printfi.obj (.text:_pconv_g)
                  0083d5e0    00000200     sysbios.ae66 : c64p_Hwi_disp_always.obj (.text:_ti_sysbios_family_c64p_Hwi_dispatchAlways)
                  0083d7e0    00000200     rts6600_elf.lib : setvbuf.obj (.text:setvbuf)
                  0083d9e0    00000200     ipc.ae66 : Ipc.obj (.text:ti_sdo_ipc_notifyDrivers_NotifyDriverShm_sendEvent__E)
                  0083dbe0    000001e0     ModMgr.obj (.text)
                  0083ddc0    000001e0     Platformlib_sub.lib : Intr.obj (.text)
                  0083dfa0    000001e0     ipc.ae66 : Ipc.obj (.text:ti_sdo_ipc_GateMP_attach__F)
                  0083e180    000001e0              : Ipc.obj (.text:ti_sdo_ipc_GateMP_getFreeResource__I)
                  0083e360    000001e0              : Ipc.obj (.text:ti_sdo_ipc_heaps_HeapBufMP_alloc__E)
                  0083e540    000001e0     sysbios.ae66 : BIOS.obj (.text:ti_sysbios_knl_Task_postInit__I)
                  0083e720    000001e0                  : BIOS.obj (.text:ti_sysbios_timers_timer64_Timer_getFreq__E)
                  0083e900    000001c0     rts6600_elf.lib : _printfi.obj (.text:_mcpy)
                  0083eac0    000001c0     delcom_gsm_L1_modules_6400+_eabi.lib : pmuldiv.obj (.text)
                  0083ec80    000001c0                                          : puncture_general.obj (.text)
                  0083ee40    000001c0     ipc.ae66 : Ipc.obj (.text:ti_sdo_ipc_notifyDrivers_NotifyDriverShm_registerEvent__E)
                  0083f000    000001c0     sysbios.ae66 : BIOS.obj (.text:ti_sysbios_knl_Task_checkStacks__E)
                  0083f1c0    000001c0                  : BIOS.obj (.text:ti_sysbios_timers_timer64_Timer_setPeriodMicroSecs__E)
                  0083f380    000001c0     ti.targets.rts6000.ae66 : Text.oe66 (.text:xdc_runtime_Text_putSite__F)
                  0083f540    000001a0     GenUtil.lib : Hsem.obj (.text)
                  0083f6e0    000001a0     rts6600_elf.lib : trgdrv.obj (.text:HOSTrename)
                  0083f880    000001a0     ipc.ae66 : Ipc.obj (.text:HeapBufMP_openByAddr)
                  0083fa20    000001a0              : Ipc.obj (.text:HeapMemMP_openByAddr)
                  0083fbc0    000001a0              : Ipc.obj (.text:SharedRegion_getCacheLineSize)
                  0083fd60    000001a0              : Ipc.obj (.text:SharedRegion_getHeap)
                  0083ff00    000001a0              : Ipc.obj (.text:SharedRegion_isCacheEnabled)
                  008400a0    000001a0     rts6600_elf.lib : imath40.obj (.text:__c6xabi_divul)
                  00840240    000001a0     delcom_gsm_L1_modules_6400+_eabi.lib : conv_encoder.obj (.text)
                  008403e0    000001a0                                          : gsmfr_dtx_sfd.obj (.text)
                  00840580    000001a0     rts6600_elf.lib : log.obj (.text:log)
                  00840720    000001a0     ipc.ae66 : Ipc.obj (.text:ti_sdo_ipc_GateMP_openRegion0Reserved__F)
                  008408c0    000001a0              : Ipc.obj (.text:ti_sdo_ipc_notifyDrivers_NotifyDriverShm_enableEvent__E)
                  00840a60    000001a0              : Ipc.obj (.text:ti_sdo_ipc_nsremote_NameServerRemoteNotify_attach__E)
                  00840c00    000001a0     sysbios.ae66 : BIOS.obj (.text:ti_sysbios_family_c66_Cache_block__I)
                  00840da0    000001a0                  : BIOS.obj (.text:ti_sysbios_family_c66_tci66xx_CpIntc_dispatch__F)
                  00840f40    000001a0                  : BIOS.obj (.text:ti_sysbios_gates_GateMutex_enter__E)
                  008410e0    000001a0                  : BIOS.obj (.text:ti_sysbios_knl_Swi_Instance_init__F)
                  00841280    000001a0                  : BIOS.obj (.text:ti_sysbios_knl_Task_unblockI__E)
                  00841420    000001a0                  : BIOS.obj (.text:ti_sysbios_timers_timer64_Timer_start__E)
                  008415c0    00000180     ipc.ae66 : Ipc.obj (.text:Notify_intLineRegistered)
                  00841740    00000180     rts6600_elf.lib : copy_decompress_rle.obj (.text:__TI_decompress_rle_core)
                  008418c0    00000180     ti.csl.ae66 : csl_timerGetBaseAddress.oe66 (.text:csl_section:tmr:CSL_tmrGetBaseAddress)
                  00841a40    00000180                 : csl_tmrHwSetup.oe66 (.text:csl_section:tmr:CSL_tmrHwSetup)
                  00841bc0    00000180     delcom_gsm_L1_modules_6400+_eabi.lib : ctrl_prach_ext_rem_fec.obj (.text)
                  00841d40    00000180                                          : gmsk_eq16_snr_calc_subs.obj (.text)
                  00841ec0    00000180     rts6600_elf.lib : frexp.obj (.text:frexp)
                  00842040    00000180     sysbios.ae66 : c64p_Exception_asm.obj (.text)
                  008421c0    00000180     ipc.ae66 : Ipc.obj (.text:ti_sdo_ipc_MessageQ_registerTransport__F)
                  00842340    00000180              : Ipc.obj (.text:ti_sdo_ipc_MessageQ_unregisterTransport__F)
                  008424c0    00000180              : Ipc.obj (.text:ti_sdo_ipc_Notify_Module_startup__F)
                  00842640    00000180              : Ipc.obj (.text:ti_sdo_ipc_gates_GatePeterson_enter__E)
                  008427c0    00000180              : Ipc.obj (.text:ti_sdo_ipc_notifyDrivers_NotifyDriverShm_unregisterEvent__E)
                  00842940    00000180              : Ipc.obj (.text:ti_sdo_utils_NameServer_Module_startup__F)
                  00842ac0    00000180     sysbios.ae66 : BIOS.obj (.text:ti_sysbios_syncs_SyncSem_Instance_init__F)
                  00842c40    00000160     ipc.ae66 : Ipc.obj (.text:Notify_attach)
                  00842da0    00000160     Platformlib_sub.lib : uart_write.obj (.text)
                  00842f00    00000160     delcom_gsm_L1_modules_6400+_eabi.lib : ctrl_decode_bits.obj (.text)
                  00843060    00000160                                          : tch_ahs_speech6_7_rem_fec.obj (.text)
                  008431c0    00000160     ipc.ae66 : Ipc.obj (.text:ti_sdo_ipc_GateMP_createLocal__F)
                  00843320    00000160              : Ipc.obj (.text:ti_sdo_ipc_gates_GateHWSem_Instance_init__F)
                  00843480    00000160              : Ipc.obj (.text:ti_sdo_utils_NameServer_isRegistered__E)
                  008435e0    00000160              : Ipc.obj (.text:ti_sdo_utils_NameServer_registerRemoteDriver__E)
                  00843740    00000160              : Ipc.obj (.text:ti_sdo_utils_NameServer_unregisterRemoteDriver__E)
                  008438a0    00000160     sysbios.ae66 : BIOS.obj (.text:ti_sysbios_BIOS_rtsUnlock__I)
                  00843a00    00000160                  : BIOS.obj (.text:ti_sysbios_knl_Task_yield__E)
                  00843b60    00000140     ipc.ae66 : Ipc.obj (.text:GateMP_close)
                  00843ca0    00000140              : Ipc.obj (.text:MessageQ_registerHeap)
                  00843de0    00000140     boot.ae66 : autoinit.oe66 (.text:_auto_init_elf)
                  00843f20    00000140     rts6600_elf.lib : _printfi.obj (.text:_pproc_fflags)
                  00844060    00000140     delcom_gsm_L1_modules_6400+_eabi.lib : ctrl_prach_ext_add_fec.obj (.text)
                  008441a0    00000140                                          : tch_hs_reorder.obj (.text)
                  008442e0    00000140     rts6600_elf.lib : lowlev.obj (.text:getdevice)
                  00844420    00000140     ipc.ae66 : Ipc.obj (.text:ti_sdo_ipc_Notify_exec__F)
                  00844560    00000140              : Ipc.obj (.text:ti_sdo_ipc_nsremote_NameServerRemoteNotify_Instance_finalize__F)
                  008446a0    00000140     sysbios.ae66 : BIOS.obj (.text:ti_sysbios_family_c64p_Hwi_Module_startup__F)
                  008447e0    00000140                  : BIOS.obj (.text:ti_sysbios_family_c66_Cache_Module_startup__F)
                  00844920    00000140                  : BIOS.obj (.text:ti_sysbios_gates_GateSwi_enter__E)
                  00844a60    00000140                  : BIOS.obj (.text:ti_sysbios_knl_Semaphore_Instance_init__F)
                  00844ba0    00000140                  : BIOS.obj (.text:ti_sysbios_knl_Swi_post__E)
                  00844ce0    00000140                  : BIOS.obj (.text:ti_sysbios_knl_Task_blockI__E)
                  00844e20    00000140     ti.targets.rts6000.ae66 : Text.oe66 (.text:xdc_runtime_Text_putLab__F)
                  00844f60    00000120     rts6600_elf.lib : fclose.obj (.text:_closefile)
                  00845080    00000120                     : _printfi.obj (.text:_ltostr)
                  008451a0    00000120     delcom_gsm_L1_modules_6400+_eabi.lib : ctrl_encode_bits.obj (.text)
                  008452c0    00000120                                          : ctrl_rach_decode_bits.obj (.text)
                  008453e0    00000120                                          : gmsk_eq16_chan_sounder_sub1_c64x.obj (.text)
                  00845500    00000120                                          : tch_ahs_speech7_95_rem_fec.obj (.text)
                  00845620    00000120     rts6600_elf.lib : fseek.obj (.text:fseek)
                  00845740    00000120     ipc.ae66 : Ipc.obj (.text:ti_sdo_ipc_GateMP_start__F)
                  00845860    00000120              : Ipc.obj (.text:ti_sdo_ipc_MessageQ_Module_startup__F)
                  00845980    00000120              : Ipc.obj (.text:ti_sdo_ipc_family_c647x_Interrupt_intRegister__E)
                  00845aa0    00000120     sysbios.ae66 : BIOS.obj (.text:ti_sysbios_xdcruntime_GateThreadSupport_leave__F)
                  00845bc0    00000120     ti.targets.rts6000.ae66 : Text.oe66 (.text:xdc_runtime_Text_putMod__F)
                  00845ce0    00000100     EthBuff.obj (.text)
                  00845de0    00000100     rts6600_elf.lib : trgdrv.obj (.text:HOSTlseek)
                  00845ee0    00000100                     : _io_perm.obj (.text:_wrt_ok)
                  00845fe0    00000100     delcom_gsm_L1_modules_6400+_eabi.lib : diag_intlv.obj (.text)
                  008460e0    00000100                                          : gsm_amr_speech_rearrange_bits.obj (.text)
                  008461e0    00000100                                          : gsmefr_dtx_sfd.obj (.text)
                  008462e0    00000100     ipc.ae66 : Ipc.obj (.text:ti_sdo_ipc_Notify_Instance_finalize__F)
                  008463e0    00000100              : Ipc.obj (.text:ti_sdo_ipc_SharedRegion_attach__F)
                  008464e0    00000100              : Ipc.obj (.text:ti_sdo_ipc_SharedRegion_clearReservedMemory__F)
                  008465e0    00000100              : Ipc.obj (.text:ti_sdo_ipc_family_c647x_Interrupt_Module_startup__F)
                  008466e0    00000100              : Ipc.obj (.text:ti_sdo_ipc_gates_GateHWSem_Module_startup__F)
                  008467e0    00000100              : Ipc.obj (.text:ti_sdo_ipc_gates_GateMPSupportNull_enter__E)
                  008468e0    00000100              : Ipc.obj (.text:ti_sdo_ipc_gates_GateMPSupportNull_leave__E)
                  008469e0    00000100     sysbios.ae66 : BIOS.obj (.text:ti_sysbios_gates_GateMutexPri_leave__E)
                  00846ae0    00000100                  : BIOS.obj (.text:ti_sysbios_timers_timer64_Timer_initDevice__I)
                  00846be0    00000100     ti.targets.rts6000.ae66 : Core-mem.oe66 (.text:xdc_runtime_Core_deleteObject__I)
                  00846ce0    00000100                             : Startup.oe66 (.text:xdc_runtime_Startup_exec__F)
                  00846de0    00000100                             : Text.oe66 (.text:xdc_runtime_Text_visitRope2__I)
                  00846ee0    000000e0     rts6600_elf.lib : trgdrv.obj (.text:HOSTopen)
                  00846fc0    000000e0     ipc.ae66 : Ipc.obj (.text:HeapBufMP_create)
                  008470a0    000000e0     MemMgr.obj (.text)
                  00847180    000000e0     rts6600_elf.lib : divi.obj (.text:__divi)
                  00847260    000000e0                     : _printfi.obj (.text:_div)
                  00847340    000000e0                     : atoi.obj (.text:atoi)
                  00847420    000000e0                     : lowlev.obj (.text:close)
                  00847500    000000e0                     : copy_zero_init.obj (.text:decompress:ZI:__TI_zero_init)
                  008475e0    000000e0     delcom_gsm_L1_modules_6400+_eabi.lib : ctrl_sch_decode_bits.obj (.text)
                  008476c0    000000e0                                          : gsm_freq_hopping.obj (.text)
                  008477a0    000000e0                                          : tch_ahs_speech4_75_rem_fec.obj (.text)
                  00847880    000000e0                                          : tch_ahs_speech5_15_rem_fec.obj (.text)
                  00847960    000000e0                                          : tch_ahs_speech5_9_rem_fec.obj (.text)
                  00847a40    000000e0                                          : tch_ahs_speech7_4_rem_fec.obj (.text)
                  00847b20    000000e0     rts6600_elf.lib : ltoa.obj (.text:ltoa)
                  00847c00    000000e0                     : memset.obj (.text:memset)
                  00847ce0    000000e0                     : printf.obj (.text:printf)
                  00847dc0    000000e0     TRS_SYSBIOS_pe66.oe66 (.text:ti_sdo_ipc_Notify_Object__create__S)
                  00847ea0    000000e0     ipc.ae66 : Ipc.obj (.text:ti_sdo_ipc_family_c647x_Interrupt_intShmStub__I)
                  00847f80    000000e0              : Ipc.obj (.text:ti_sdo_ipc_family_c647x_NotifySetup_attach__E)
                  00848060    000000e0              : Ipc.obj (.text:ti_sdo_ipc_gates_GateHWSem_enter__E)
                  00848140    000000e0              : Ipc.obj (.text:ti_sdo_ipc_heaps_HeapBufMP_getStats__F)
                  00848220    000000e0     sysbios.ae66 : BIOS.obj (.text:ti_sysbios_family_c64p_Hwi_Instance_finalize__F)
                  00848300    000000e0                  : BIOS.obj (.text:ti_sysbios_family_c64p_Hwi_Instance_init__F)
                  008483e0    000000e0                  : BIOS.obj (.text:ti_sysbios_knl_Swi_Instance_finalize__F)
                  008484c0    000000e0                  : BIOS.obj (.text:ti_sysbios_timers_timer64_Timer_startup__E)
                  008485a0    000000e0     ti.targets.rts6000.ae66 : Error.oe66 (.text:xdc_runtime_Error_print__F)
                  00848680    000000e0                             : Memory.oe66 (.text:xdc_runtime_Memory_alloc__F)
                  00848760    000000c0     GSML1.lib : bits_pack_unpack.obj (.text)
                  00848820    000000c0     GsmUtil.lib : Burst.obj (.text)
                  008488e0    000000c0     rts6600_elf.lib : trgdrv.obj (.text:HOSTread)
                  008489a0    000000c0                     : trgdrv.obj (.text:HOSTunlink)
                  00848a60    000000c0                     : trgdrv.obj (.text:HOSTwrite)
                  00848b20    000000c0     ipc.ae66 : Ipc.obj (.text:HeapMemMP_create)
                  00848be0    000000c0     L1Manager.lib : TRXCommon.obj (.text)
                  00848ca0    000000c0     ipc.ae66 : Ipc.obj (.text:ListMP_create)
                  00848d60    000000c0              : Ipc.obj (.text:MessageQ_create2)
                  00848e20    000000c0     rts6600_elf.lib : dtor_list.obj (.text:_Z11__TI_atexitPFYvPvES_S_)
                  00848ee0    000000c0                     : dtor_list.obj (.text:__cxa_finalize)
                  00848fa0    000000c0                     : divu.obj (.text:__divu)
                  00849060    000000c0                     : remi.obj (.text:__remi)
                  00849120    000000c0                     : fflush.obj (.text:_doflush)
                  008491e0    000000c0     ti.csl.ae66 : csl_tmrOpen.oe66 (.text:csl_section:tmr:CSL_tmrOpen)
                  008492a0    000000c0     delcom_gsm_L1_modules_6400+_eabi.lib : ctrl_rach_add_fec.obj (.text)
                  00849360    000000c0                                          : ctrl_rach_encode_bits.obj (.text)
                  00849420    000000c0                                          : ctrl_rach_rem_fec.obj (.text)
                  008494e0    000000c0                                          : gmsk_eq16_covar_calc.obj (.text)
                  008495a0    000000c0     rts6600_elf.lib : exit.obj (.text:exit)
                  00849660    000000c0     TRS_SYSBIOS_pe66.oe66 (.text:ti_sdo_ipc_GateMP_Object__create__S)
                  00849720    000000c0     ipc.ae66 : Ipc.obj (.text:ti_sdo_ipc_GateMP_getRegion0ReservedSize__F)
                  008497e0    000000c0     TRS_SYSBIOS_pe66.oe66 (.text:ti_sdo_ipc_ListMP_Object__create__S)
                  008498a0    000000c0     TRS_SYSBIOS_pe66.oe66 (.text:ti_sdo_ipc_MessageQ_Object__create__S)
                  00849960    000000c0     TRS_SYSBIOS_pe66.oe66 (.text:ti_sdo_ipc_gates_GatePeterson_Object__create__S)
                  00849a20    000000c0     TRS_SYSBIOS_pe66.oe66 (.text:ti_sdo_ipc_heaps_HeapBufMP_Object__create__S)
                  00849ae0    000000c0     TRS_SYSBIOS_pe66.oe66 (.text:ti_sdo_ipc_heaps_HeapMemMP_Object__create__S)
                  00849ba0    000000c0     TRS_SYSBIOS_pe66.oe66 (.text:ti_sdo_ipc_notifyDrivers_NotifyDriverShm_Object__create__S)
                  00849c60    000000c0     TRS_SYSBIOS_pe66.oe66 (.text:ti_sdo_ipc_nsremote_NameServerRemoteNotify_Object__create__S)
                  00849d20    000000c0     ipc.ae66 : Ipc.obj (.text:ti_sdo_ipc_transports_TransportShmCircSetup_attach__E)
                  00849de0    000000c0     TRS_SYSBIOS_pe66.oe66 (.text:ti_sdo_ipc_transports_TransportShmCirc_Object__create__S)
                  00849ea0    000000c0     sysbios.ae66 : BIOS.obj (.text:ti_sysbios_BIOS_errorRaiseHook__I)
                  00849f60    000000c0     TRS_SYSBIOS_pe66.oe66 (.text:ti_sysbios_family_c64p_Hwi_Object__create__S)
                  0084a020    000000c0     sysbios.ae66 : BIOS.obj (.text:ti_sysbios_gates_GateAll_leave__E)
                  0084a0e0    000000c0     TRS_SYSBIOS_pe66.oe66 (.text:ti_sysbios_hal_Hwi_Object__create__S)
                  0084a1a0    000000c0     sysbios.ae66 : BIOS.obj (.text:ti_sysbios_heaps_HeapMem_getStats__E)
                  0084a260    000000c0     TRS_SYSBIOS_pe66.oe66 (.text:ti_sysbios_knl_Swi_Object__create__S)
                  0084a320    000000c0     sysbios.ae66 : BIOS.obj (.text:ti_sysbios_knl_Swi_schedule__I)
                  0084a3e0    000000c0     TRS_SYSBIOS_pe66.oe66 (.text:ti_sysbios_knl_Task_Object__create__S)
                  0084a4a0    000000c0     sysbios.ae66 : BIOS.obj (.text:ti_sysbios_knl_Task_allBlockedFunction__I)
                  0084a560    000000c0     TRS_SYSBIOS_pe66.oe66 (.text:ti_sysbios_syncs_SyncSem_Object__create__S)
                  0084a620    000000c0     sysbios.ae66 : BIOS.obj (.text:ti_sysbios_timers_timer64_Timer_stop__E)
                  0084a6e0    000000c0     ti.targets.rts6000.ae66 : System.oe66 (.text:xdc_runtime_System_formatNum__I)
                  0084a7a0    000000c0     TRS_SYSBIOS_pe66.oe66 (.text:xdc_runtime_knl_GateThread_Object__create__S)
                  0084a860    000000a0     rts6600_elf.lib : trgdrv.obj (.text:HOSTclose)
                  0084a900    000000a0                     : remu.obj (.text:__remu)
                  0084a9a0    000000a0     boot.ae66 : boot.oe66 (.text:_c_int00)
                  0084aa40    000000a0     rts6600_elf.lib : fopen.obj (.text:_cleanup)
                  0084aae0    000000a0                     : _printfi.obj (.text:_ecpy)
                  0084ab80    000000a0                     : _printfi.obj (.text:_fcpy)
                  0084ac20    000000a0                     : _printfi.obj (.text:_pconv_f)
                  0084acc0    000000a0     sysbios.ae66 : c64p_Hwi_asm.obj (.text:_ti_sysbios_family_c64p_Hwi_plug__E)
                  0084ad60    000000a0     delcom_gsm_L1_modules_6400+_eabi.lib : crc_enc.obj (.text)
                  0084ae00    000000a0                                          : ctrl_sch_rem_fec.obj (.text)
                  0084aea0    000000a0                                          : diag_deintlv_tch_half.obj (.text)
                  0084af40    000000a0                                          : gmsk_eq16_mlse_demod_sub1.obj (.text)
                  0084afe0    000000a0                                          : tch_afs_speech10_2_rem_fec.obj (.text)
                  0084b080    000000a0                                          : tch_afs_speech12_2_rem_fec.obj (.text)
                  0084b120    000000a0                                          : tch_afs_speech4_75_rem_fec.obj (.text)
                  0084b1c0    000000a0                                          : tch_afs_speech5_15_rem_fec.obj (.text)
                  0084b260    000000a0                                          : tch_afs_speech5_9_rem_fec.obj (.text)
                  0084b300    000000a0                                          : tch_afs_speech6_7_rem_fec.obj (.text)
                  0084b3a0    000000a0                                          : tch_afs_speech7_4_rem_fec.obj (.text)
                  0084b440    000000a0                                          : tch_afs_speech7_95_rem_fec.obj (.text)
                  0084b4e0    000000a0     rts6600_elf.lib : lowlev.obj (.text:finddevice)
                  0084b580    000000a0                     : lowlev.obj (.text:lseek)
                  0084b620    000000a0                     : memcpy64.obj (.text:memcpy)
                  0084b6c0    000000a0     ipc.ae66 : Ipc.obj (.text:ti_sdo_ipc_family_c647x_Interrupt_intUnregister__E)
                  0084b760    000000a0              : Ipc.obj (.text:ti_sdo_ipc_gates_GatePeterson_leave__E)
                  0084b800    000000a0     sysbios.ae66 : BIOS.obj (.text:ti_sysbios_family_c64p_Exception_Module_startup__F)
                  0084b8a0    000000a0                  : BIOS.obj (.text:ti_sysbios_family_c66_tci66xx_CpIntc_mapSysIntToHostInt__F)
                  0084b940    000000a0                  : BIOS.obj (.text:ti_sysbios_heaps_HeapMem_init__I)
                  0084b9e0    000000a0                  : BIOS.obj (.text:ti_sysbios_knl_Idle_run__E)
                  0084ba80    000000a0                  : BIOS.obj (.text:ti_sysbios_syncs_SyncSem_wait__F)
                  0084bb20    000000a0     rts6600_elf.lib : lowlev.obj (.text:write)
                  0084bbc0    000000a0     ti.targets.rts6000.ae66 : Assert.oe66 (.text:xdc_runtime_Assert_raise__I)
                  0084bc60    000000a0                             : SysMin.oe66 (.text:xdc_runtime_SysMin_abort__F)
                  0084bd00    000000a0                             : SysMin.oe66 (.text:xdc_runtime_SysMin_flush__F)
                  0084bda0    000000a0     TRS_SYSBIOS_pe66.oe66 (.text:xdc_runtime_SysMin_output__I)
                  0084be40    000000a0     ti.targets.rts6000.ae66 : SysMin.oe66 (.text:xdc_runtime_SysMin_putch__F)
                  0084bee0    000000a0                             : Text.oe66 (.text:xdc_runtime_Text_xprintf__I)
                  0084bf80    00000080     ipc.ae66 : Ipc.obj (.text:GateMP_create)
                  0084c000    00000080              : Ipc.obj (.text:HeapBufMP_Params_init)
                  0084c080    00000080     rts6600_elf.lib : llshift.obj (.text:__c6xabi_llshl)
                  0084c100    00000080     sysbios.ae66 : c62_TaskSupport_asm.obj (.text:_ti_sysbios_family_c62_TaskSupport_swap__E)
                  0084c180    00000080     delcom_gsm_L1_modules_6400+_eabi.lib : ctrl_rem_fec.obj (.text)
                  0084c200    00000080                                          : ctrl_sch_add_fec.obj (.text)
                  0084c280    00000080                                          : gmsk_eq16_complex_filter.obj (.text)
                  0084c300    00000080                                          : gmsk_eq16_complex_filter_core_c64x.obj (.text)
                  0084c380    00000080     TRS_SYSBIOS_pe66.oe66 (.text:malloc)
                  0084c400    00000080     rts6600_elf.lib : trgmsg.obj (.text:readmsg)
                  0084c480    00000080     TRS_SYSBIOS_pe66.oe66 (.text:ti_sdo_ipc_gates_GateHWSem_Object__create__S)
                  0084c500    00000080     TRS_SYSBIOS_pe66.oe66 (.text:ti_sdo_ipc_gates_GateMPSupportNull_Object__create__S)
                  0084c580    00000080     ipc.ae66 : Ipc.obj (.text:ti_sdo_ipc_notifyDrivers_NotifyDriverShm_Instance_finalize__F)
                  0084c600    00000080              : Ipc.obj (.text:ti_sdo_ipc_nsremote_NameServerRemoteNotify_detach__E)
                  0084c680    00000080              : Ipc.obj (.text:ti_sdo_ipc_transports_TransportShmCirc_Instance_finalize__F)
                  0084c700    00000080     TRS_SYSBIOS_pe66.oe66 (.text:ti_sdo_utils_List_Object__create__S)
                  0084c780    00000080     TRS_SYSBIOS_pe66.oe66 (.text:ti_sysbios_BIOS_exitFunc__I)
                  0084c800    00000080     sysbios.ae66 : BIOS.obj (.text:ti_sysbios_family_c62_TaskSupport_start__E)
                  0084c880    00000080                  : BIOS.obj (.text:ti_sysbios_family_c64p_Hwi_dispatchC__I)
                  0084c900    00000080                  : BIOS.obj (.text:ti_sysbios_family_c64p_Hwi_getStackInfo__E)
                  0084c980    00000080                  : BIOS.obj (.text:ti_sysbios_family_c66_Cache_invL1pAll__E)
                  0084ca00    00000080                  : BIOS.obj (.text:ti_sysbios_family_c66_tci66xx_CpIntc_getEventId__F)
                  0084ca80    00000080     TRS_SYSBIOS_pe66.oe66 (.text:ti_sysbios_gates_GateAll_Object__create__S)
                  0084cb00    00000080     TRS_SYSBIOS_pe66.oe66 (.text:ti_sysbios_gates_GateHwi_Object__create__S)
                  0084cb80    00000080     TRS_SYSBIOS_pe66.oe66 (.text:ti_sysbios_gates_GateMutexPri_Object__create__S)
                  0084cc00    00000080     TRS_SYSBIOS_pe66.oe66 (.text:ti_sysbios_gates_GateMutex_Object__create__S)
                  0084cc80    00000080     TRS_SYSBIOS_pe66.oe66 (.text:ti_sysbios_gates_GateSwi_Object__create__S)
                  0084cd00    00000080     sysbios.ae66 : BIOS.obj (.text:ti_sysbios_gates_GateSwi_leave__E)
                  0084cd80    00000080                  : BIOS.obj (.text:ti_sysbios_hal_Hwi_checkStack:ti_sysbios_hal_Hwi_checkStack)
                  0084ce00    00000080                  : BIOS.obj (.text:ti_sysbios_hal_Hwi_initStack:ti_sysbios_hal_Hwi_initStack)
                  0084ce80    00000080     TRS_SYSBIOS_pe66.oe66 (.text:ti_sysbios_heaps_HeapMem_Object__create__S)
                  0084cf00    00000080     TRS_SYSBIOS_pe66.oe66 (.text:ti_sysbios_knl_Event_Object__create__S)
                  0084cf80    00000080     TRS_SYSBIOS_pe66.oe66 (.text:ti_sysbios_knl_Queue_Object__create__S)
                  0084d000    00000080     TRS_SYSBIOS_pe66.oe66 (.text:ti_sysbios_knl_Semaphore_Object__create__S)
                  0084d080    00000080     sysbios.ae66 : BIOS.obj (.text:ti_sysbios_knl_Swi_startup__E)
                  0084d100    00000080                  : BIOS.obj (.text:ti_sysbios_knl_Task_restore__E)
                  0084d180    00000080     TRS_SYSBIOS_pe66.oe66 (.text:ti_sysbios_xdcruntime_GateThreadSupport_Object__create__S)
                  0084d200    00000080     rts6600_elf.lib : lowlev.obj (.text:unlink)
                  0084d280    00000080     ti.targets.rts6000.ae66 : Core-label.oe66 (.text:xdc_runtime_Core_assignLabel__I)
                  0084d300    00000080                             : Core-params.oe66 (.text:xdc_runtime_Core_assignParams__I)
                  0084d380    00000080                             : System.oe66 (.text:xdc_runtime_System_atexit__F)
                  0084d400    00000080                             : System.oe66 (.text:xdc_runtime_System_putchar__I)
                  0084d480    00000080                             : System.oe66 (.text:xdc_runtime_System_rtsExit__I)
                  0084d500    00000080                             : Text.oe66 (.text:xdc_runtime_Text_printVisFxn__I)
                  0084d580    00000060     ipc.ae66 : Ipc.obj (.text:GateMP_Params_init)
                  0084d5e0    00000060              : Ipc.obj (.text:HeapMemMP_Params_init)
                  0084d640    00000060     rts6600_elf.lib : frcmpyd_div.obj (.text:__c6xabi_frcmpyd_div)
                  0084d6a0    00000060                     : llshift.obj (.text:__c6xabi_llshru)
                  0084d700    00000060                     : imath64.obj (.text:__c6xabi_remull)
                  0084d760    00000060                     : imath64.obj (.text:_subcull)
                  0084d7c0    00000060     sysbios.ae66 : c64p_Hwi_asm_switch.obj (.text:_ti_sysbios_family_c64p_Hwi_switchAndDispatch__I)
                  0084d820    00000060                  : c64p_Hwi_asm_switch.obj (.text:_ti_sysbios_family_xxx_Hwi_switchAndRunFunc)
                  0084d880    00000060     delcom_gsm_L1_modules_6400+_eabi.lib : crc_dec.obj (.text)
                  0084d8e0    00000060                                          : ctrl_add_fec.obj (.text)
                  0084d940    00000060                                          : diag_deintlv.obj (.text)
                  0084d9a0    00000060                                          : merge_payload_buffers.obj (.text)
                  0084da00    00000060                                          : tch2facch_half_intlv.obj (.text)
                  0084da60    00000060                                          : tch_afs_sid_update_rem_fec.obj (.text)
                  0084dac0    00000060     TRS_SYSBIOS_pe66.oe66 (.text:free)
                  0084db20    00000060     main.obj (.text)
                  0084db80    00000060     rts6600_elf.lib : memccpy.obj (.text:memccpy)
                  0084dbe0    00000060                     : memmov.obj (.text:memmove)
                  0084dc40    00000060                     : sprintf.obj (.text:sprintf)
                  0084dca0    00000060     TRS_SYSBIOS_pe66.oe66 (.text:ti_sdo_ipc_MessageQ_Object__get__S)
                  0084dd00    00000060     ipc.ae66 : Ipc.obj (.text:ti_sdo_ipc_family_c647x_NotifySetup_sharedMemReq__E)
                  0084dd60    00000060              : Ipc.obj (.text:ti_sdo_ipc_gates_GatePeterson_Instance_finalize__F)
                  0084ddc0    00000060              : Ipc.obj (.text:ti_sdo_ipc_notifyDrivers_NotifyDriverShm_setNotifyHandle__E)
                  0084de20    00000060              : Ipc.obj (.text:ti_sdo_ipc_nsremote_NameServerRemoteNotify_cbFxn__I)
                  0084de80    00000060              : Ipc.obj (.text:ti_sdo_ipc_transports_TransportShmCircSetup_sharedMemReq__E)
                  0084dee0    00000060     TRS_SYSBIOS_pe66.oe66 (.text:ti_sdo_utils_List_Object__get__S)
                  0084df40    00000060     TRS_SYSBIOS_pe66.oe66 (.text:ti_sdo_utils_NameServer_Object__get__S)
                  0084dfa0    00000060     sysbios.ae66 : BIOS.obj (.text:ti_sysbios_BIOS_registerRTSLock__I)
                  0084e000    00000060                  : BIOS.obj (.text:ti_sysbios_gates_GateAll_enter__E)
                  0084e060    00000060                  : BIOS.obj (.text:ti_sysbios_gates_GateMutex_Instance_init__F)
                  0084e0c0    00000060                  : BIOS.obj (.text:ti_sysbios_hal_Hwi_Instance_init__F)
                  0084e120    00000060     TRS_SYSBIOS_pe66.oe66 (.text:ti_sysbios_heaps_HeapMem_Object__get__S)
                  0084e180    00000060     TRS_SYSBIOS_pe66.oe66 (.text:ti_sysbios_knl_Queue_Object__get__S)
                  0084e1e0    00000060     sysbios.ae66 : BIOS.obj (.text:ti_sysbios_knl_Swi_Module_startup__F)
                  0084e240    00000060     TRS_SYSBIOS_pe66.oe66 (.text:ti_sysbios_knl_Swi_Object__get__S)
                  0084e2a0    00000060     TRS_SYSBIOS_pe66.oe66 (.text:ti_sysbios_knl_Task_Object__get__S)
                  0084e300    00000060     sysbios.ae66 : BIOS.obj (.text:ti_sysbios_knl_Task_enter__I)
                  0084e360    00000060     rts6600_elf.lib : vsprintf.obj (.text:vsprintf)
                  0084e3c0    00000060                     : trgmsg.obj (.text:writemsg)
                  0084e420    00000060     TRS_SYSBIOS_pe66.oe66 (.text:xdc_runtime_GateNull_Object__create__S)
                  0084e480    00000060     ti.targets.rts6000.ae66 : Memory.oe66 (.text:xdc_runtime_Memory_calloc__F)
                  0084e4e0    00000060                             : Memory.oe66 (.text:xdc_runtime_Memory_valloc__F)
                  0084e540    00000060                             : SysMin.oe66 (.text:xdc_runtime_SysMin_Module_startup__F)
                  0084e5a0    00000060                             : SysMin.oe66 (.text:xdc_runtime_SysMin_exit__F)
                  0084e600    00000060                             : System.oe66 (.text:xdc_runtime_System_avprintf__F)
                  0084e660    00000060                             : System.oe66 (.text:xdc_runtime_System_vprintf__F)
                  0084e6c0    00000060                             : Text.oe66 (.text:xdc_runtime_Text_cordText__F)
                  0084e720    00000040     ipc.ae66 : Ipc.obj (.text:MessageQ_create)
                  0084e760    00000040     Platformlib_sub.lib : IntrDB.obj (.text)
                  0084e7a0    00000040                         : delay.obj (.text)
                  0084e7e0    00000040     rts6600_elf.lib : isinf.obj (.text:__c6xabi_isinf)
                  0084e820    00000040                     : _printfi.obj (.text:__c6xabi_isnan)
                  0084e860    00000040                     : strasg.obj (.text:__strasgi_64plus)
                  0084e8a0    00000040                     : args_main.obj (.text:_args_main)
                  0084e8e0    00000040                     : sprintf.obj (.text:_outs)
                  0084e920    00000040                     : vsprintf.obj (.text:_outs)
                  0084e960    00000040     sysbios.ae66 : c62_TaskSupport_asm.obj (.text:_ti_sysbios_family_c62_TaskSupport_buildTaskStack)
                  0084e9a0    00000040                  : c64p_Hwi_asm_switch.obj (.text:_ti_sysbios_family_xxx_Hwi_switchToIsrStack)
                  0084e9e0    00000040     delcom_gsm_L1_modules_6400+_eabi.lib : ctrl_sch_encode_bits.obj (.text)
                  0084ea20    00000040     rts6600_elf.lib : log10.obj (.text:log10)
                  0084ea60    00000040     statmgr.obj (.text)
                  0084eaa0    00000040     TRS_SYSBIOS_pe66.oe66 (.text:ti_sdo_ipc_GateMP_Object__delete__S)
                  0084eae0    00000040     TRS_SYSBIOS_pe66.oe66 (.text:ti_sdo_ipc_GateMP_Params__init__S)
                  0084eb20    00000040     TRS_SYSBIOS_pe66.oe66 (.text:ti_sdo_ipc_GateMP_RemoteCustom1Proxy_Object__create__S)
                  0084eb60    00000040     TRS_SYSBIOS_pe66.oe66 (.text:ti_sdo_ipc_GateMP_RemoteCustom2Proxy_Object__create__S)
                  0084eba0    00000040     TRS_SYSBIOS_pe66.oe66 (.text:ti_sdo_ipc_GateMP_RemoteSystemProxy_Object__create__S)
                  0084ebe0    00000040     TRS_SYSBIOS_pe66.oe66 (.text:ti_sdo_ipc_ListMP_Object__delete__S)
                  0084ec20    00000040     TRS_SYSBIOS_pe66.oe66 (.text:ti_sdo_ipc_ListMP_Params__init__S)
                  0084ec60    00000040     TRS_SYSBIOS_pe66.oe66 (.text:ti_sdo_ipc_MessageQ_Params__init__S)
                  0084eca0    00000040     ipc.ae66 : Ipc.obj (.text:ti_sdo_ipc_family_c647x_Interrupt_intClear__E)
                  0084ece0    00000040              : Ipc.obj (.text:ti_sdo_ipc_family_c647x_Interrupt_intSend__E)
                  0084ed20    00000040     TRS_SYSBIOS_pe66.oe66 (.text:ti_sdo_ipc_gates_GateHWSem_Handle__label__S)
                  0084ed60    00000040     TRS_SYSBIOS_pe66.oe66 (.text:ti_sdo_ipc_gates_GateHWSem_Object__delete__S)
                  0084eda0    00000040     TRS_SYSBIOS_pe66.oe66 (.text:ti_sdo_ipc_gates_GateHWSem_Params__init__S)
                  0084ede0    00000040     ipc.ae66 : Ipc.obj (.text:ti_sdo_ipc_gates_GateHWSem_leave__E)
                  0084ee20    00000040     TRS_SYSBIOS_pe66.oe66 (.text:ti_sdo_ipc_gates_GateMPSupportNull_Handle__label__S)
                  0084ee60    00000040     TRS_SYSBIOS_pe66.oe66 (.text:ti_sdo_ipc_gates_GateMPSupportNull_Object__delete__S)
                  0084eea0    00000040     TRS_SYSBIOS_pe66.oe66 (.text:ti_sdo_ipc_gates_GateMPSupportNull_Params__init__S)
                  0084eee0    00000040     TRS_SYSBIOS_pe66.oe66 (.text:ti_sdo_ipc_gates_GatePeterson_Handle__label__S)
                  0084ef20    00000040     TRS_SYSBIOS_pe66.oe66 (.text:ti_sdo_ipc_gates_GatePeterson_Object__delete__S)
                  0084ef60    00000040     TRS_SYSBIOS_pe66.oe66 (.text:ti_sdo_ipc_gates_GatePeterson_Params__init__S)
                  0084efa0    00000040     ipc.ae66 : Ipc.obj (.text:ti_sdo_ipc_gates_GatePeterson_sharedMemReq__E)
                  0084efe0    00000040     TRS_SYSBIOS_pe66.oe66 (.text:ti_sdo_ipc_heaps_HeapBufMP_Handle__label__S)
                  0084f020    00000040     TRS_SYSBIOS_pe66.oe66 (.text:ti_sdo_ipc_heaps_HeapBufMP_Object__delete__S)
                  0084f060    00000040     TRS_SYSBIOS_pe66.oe66 (.text:ti_sdo_ipc_heaps_HeapBufMP_Params__init__S)
                  0084f0a0    00000040     TRS_SYSBIOS_pe66.oe66 (.text:ti_sdo_ipc_heaps_HeapMemMP_Handle__label__S)
                  0084f0e0    00000040     TRS_SYSBIOS_pe66.oe66 (.text:ti_sdo_ipc_heaps_HeapMemMP_Object__delete__S)
                  0084f120    00000040     TRS_SYSBIOS_pe66.oe66 (.text:ti_sdo_ipc_heaps_HeapMemMP_Params__init__S)
                  0084f160    00000040     TRS_SYSBIOS_pe66.oe66 (.text:ti_sdo_ipc_notifyDrivers_NotifyDriverShm_Handle__label__S)
                  0084f1a0    00000040     TRS_SYSBIOS_pe66.oe66 (.text:ti_sdo_ipc_notifyDrivers_NotifyDriverShm_InterruptProxy_intRegister__E)
                  0084f1e0    00000040     TRS_SYSBIOS_pe66.oe66 (.text:ti_sdo_ipc_notifyDrivers_NotifyDriverShm_Object__delete__S)
                  0084f220    00000040     TRS_SYSBIOS_pe66.oe66 (.text:ti_sdo_ipc_notifyDrivers_NotifyDriverShm_Params__init__S)
                  0084f260    00000040     TRS_SYSBIOS_pe66.oe66 (.text:ti_sdo_ipc_nsremote_NameServerRemoteNotify_Handle__label__S)
                  0084f2a0    00000040     TRS_SYSBIOS_pe66.oe66 (.text:ti_sdo_ipc_nsremote_NameServerRemoteNotify_Object__delete__S)
                  0084f2e0    00000040     TRS_SYSBIOS_pe66.oe66 (.text:ti_sdo_ipc_nsremote_NameServerRemoteNotify_Object__first__S)
                  0084f320    00000040     TRS_SYSBIOS_pe66.oe66 (.text:ti_sdo_ipc_nsremote_NameServerRemoteNotify_Object__next__S)
                  0084f360    00000040     TRS_SYSBIOS_pe66.oe66 (.text:ti_sdo_ipc_nsremote_NameServerRemoteNotify_Params__init__S)
                  0084f3a0    00000040     TRS_SYSBIOS_pe66.oe66 (.text:ti_sdo_ipc_nsremote_NameServerRemoteNotify_get__E)
                  0084f3e0    00000040     ipc.ae66 : Ipc.obj (.text:ti_sdo_ipc_nsremote_NameServerRemoteNotify_sharedMemReq__E)
                  0084f420    00000040     TRS_SYSBIOS_pe66.oe66 (.text:ti_sdo_ipc_transports_TransportShmCirc_Handle__label__S)
                  0084f460    00000040     TRS_SYSBIOS_pe66.oe66 (.text:ti_sdo_ipc_transports_TransportShmCirc_Object__delete__S)
                  0084f4a0    00000040     TRS_SYSBIOS_pe66.oe66 (.text:ti_sdo_ipc_transports_TransportShmCirc_Params__init__S)
                  0084f4e0    00000040     TRS_SYSBIOS_pe66.oe66 (.text:ti_sdo_utils_List_Object__destruct__S)
                  0084f520    00000040     TRS_SYSBIOS_pe66.oe66 (.text:ti_sdo_utils_NameServer_Module__startupDone__F)
                  0084f560    00000040     TRS_SYSBIOS_pe66.oe66 (.text:ti_sdo_utils_NameServer_Object__first__S)
                  0084f5a0    00000040     TRS_SYSBIOS_pe66.oe66 (.text:ti_sdo_utils_NameServer_Object__next__S)
                  0084f5e0    00000040     sysbios.ae66 : BIOS.obj (.text:ti_sysbios_BIOS_rtsLock__I)
                  0084f620    00000040     TRS_SYSBIOS_pe66.oe66 (.text:ti_sysbios_BIOS_startFunc__I)
                  0084f660    00000040     TRS_SYSBIOS_pe66.oe66 (.text:ti_sysbios_family_c64p_Hwi_Module__startupDone__F)
                  0084f6a0    00000040     TRS_SYSBIOS_pe66.oe66 (.text:ti_sysbios_family_c64p_Hwi_Object__delete__S)
                  0084f6e0    00000040     TRS_SYSBIOS_pe66.oe66 (.text:ti_sysbios_family_c64p_Hwi_Params__init__S)
                  0084f720    00000040     sysbios.ae66 : BIOS.obj (.text:ti_sysbios_family_c64p_Hwi_disableInterrupt__E)
                  0084f760    00000040                  : BIOS.obj (.text:ti_sysbios_family_c64p_Hwi_enableInterrupt__E)
                  0084f7a0    00000040     TRS_SYSBIOS_pe66.oe66 (.text:ti_sysbios_family_c66_tci66xx_CpIntc_dispatchPlug__E)
                  0084f7e0    00000040     sysbios.ae66 : BIOS.obj (.text:ti_sysbios_family_c66_tci66xx_CpIntc_dispatchPlug__F)
                  0084f820    00000040                  : BIOS.obj (.text:ti_sysbios_family_c66_tci66xx_CpIntc_unused__F)
                  0084f860    00000040     TRS_SYSBIOS_pe66.oe66 (.text:ti_sysbios_gates_GateAll_Handle__label__S)
                  0084f8a0    00000040     TRS_SYSBIOS_pe66.oe66 (.text:ti_sysbios_gates_GateAll_Object__delete__S)
                  0084f8e0    00000040     TRS_SYSBIOS_pe66.oe66 (.text:ti_sysbios_gates_GateHwi_Handle__label__S)
                  0084f920    00000040     TRS_SYSBIOS_pe66.oe66 (.text:ti_sysbios_gates_GateHwi_Object__delete__S)
                  0084f960    00000040     TRS_SYSBIOS_pe66.oe66 (.text:ti_sysbios_gates_GateMutexPri_Handle__label__S)
                  0084f9a0    00000040     sysbios.ae66 : BIOS.obj (.text:ti_sysbios_gates_GateMutexPri_Instance_init__F)
                  0084f9e0    00000040     TRS_SYSBIOS_pe66.oe66 (.text:ti_sysbios_gates_GateMutexPri_Object__delete__S)
                  0084fa20    00000040     TRS_SYSBIOS_pe66.oe66 (.text:ti_sysbios_gates_GateMutexPri_Object__destruct__S)
                  0084fa60    00000040     TRS_SYSBIOS_pe66.oe66 (.text:ti_sysbios_gates_GateMutex_Handle__label__S)
                  0084faa0    00000040     TRS_SYSBIOS_pe66.oe66 (.text:ti_sysbios_gates_GateMutex_Object__delete__S)
                  0084fae0    00000040     sysbios.ae66 : BIOS.obj (.text:ti_sysbios_gates_GateMutex_leave__E)
                  0084fb20    00000040     TRS_SYSBIOS_pe66.oe66 (.text:ti_sysbios_gates_GateSwi_Handle__label__S)
                  0084fb60    00000040     TRS_SYSBIOS_pe66.oe66 (.text:ti_sysbios_gates_GateSwi_Object__delete__S)
                  0084fba0    00000040     TRS_SYSBIOS_pe66.oe66 (.text:ti_sysbios_hal_Cache_CacheProxy_inv__E)
                  0084fbe0    00000040     TRS_SYSBIOS_pe66.oe66 (.text:ti_sysbios_hal_Cache_CacheProxy_wbInv__E)
                  0084fc20    00000040     TRS_SYSBIOS_pe66.oe66 (.text:ti_sysbios_hal_Cache_CacheProxy_wb__E)
                  0084fc60    00000040     TRS_SYSBIOS_pe66.oe66 (.text:ti_sysbios_hal_Hwi_HwiProxy_Object__create__S)
                  0084fca0    00000040     sysbios.ae66 : BIOS.obj (.text:ti_sysbios_hal_Hwi_Instance_finalize__F)
                  0084fce0    00000040     TRS_SYSBIOS_pe66.oe66 (.text:ti_sysbios_hal_Hwi_Params__init__S)
                  0084fd20    00000040     TRS_SYSBIOS_pe66.oe66 (.text:ti_sysbios_hal_Timer_Module__startupDone__F)
                  0084fd60    00000040     TRS_SYSBIOS_pe66.oe66 (.text:ti_sysbios_heaps_HeapMem_Handle__label__S)
                  0084fda0    00000040     TRS_SYSBIOS_pe66.oe66 (.text:ti_sysbios_heaps_HeapMem_Object__delete__S)
                  0084fde0    00000040     sysbios.ae66 : BIOS.obj (.text:ti_sysbios_knl_Event_Instance_init__F)
                  0084fe20    00000040     TRS_SYSBIOS_pe66.oe66 (.text:ti_sysbios_knl_Queue_Object__destruct__S)
                  0084fe60    00000040     TRS_SYSBIOS_pe66.oe66 (.text:ti_sysbios_knl_Semaphore_Object__delete__S)
                  0084fea0    00000040     TRS_SYSBIOS_pe66.oe66 (.text:ti_sysbios_knl_Semaphore_Object__destruct__S)
                  0084fee0    00000040     TRS_SYSBIOS_pe66.oe66 (.text:ti_sysbios_knl_Semaphore_Params__init__S)
                  0084ff20    00000040     TRS_SYSBIOS_pe66.oe66 (.text:ti_sysbios_knl_Swi_Object__destruct__S)
                  0084ff60    00000040     TRS_SYSBIOS_pe66.oe66 (.text:ti_sysbios_knl_Swi_Params__init__S)
                  0084ffa0    00000040     TRS_SYSBIOS_pe66.oe66 (.text:ti_sysbios_knl_Task_Params__init__S)
                  0084ffe0    00000040     TRS_SYSBIOS_pe66.oe66 (.text:ti_sysbios_syncs_SyncSem_Handle__label__S)
                  00850020    00000040     sysbios.ae66 : BIOS.obj (.text:ti_sysbios_syncs_SyncSem_Instance_finalize__F)
                  00850060    00000040     TRS_SYSBIOS_pe66.oe66 (.text:ti_sysbios_syncs_SyncSem_Object__delete__S)
                  008500a0    00000040     TRS_SYSBIOS_pe66.oe66 (.text:ti_sysbios_timers_timer64_Timer_Module__startupDone__F)
                  008500e0    00000040     sysbios.ae66 : BIOS.obj (.text:ti_sysbios_xdcruntime_GateThreadSupport_Instance_init__F)
                  00850120    00000040     TRS_SYSBIOS_pe66.oe66 (.text:ti_sysbios_xdcruntime_GateThreadSupport_Object__delete__S)
                  00850160    00000040     ti.targets.rts6000.ae66 : Error.oe66 (.text:xdc_runtime_Error_check__F)
                  008501a0    00000040                             : Error.oe66 (.text:xdc_runtime_Error_init__F)
                  008501e0    00000040     TRS_SYSBIOS_pe66.oe66 (.text:xdc_runtime_Error_raiseX__E)
                  00850220    00000040     TRS_SYSBIOS_pe66.oe66 (.text:xdc_runtime_GateNull_Handle__label__S)
                  00850260    00000040     TRS_SYSBIOS_pe66.oe66 (.text:xdc_runtime_GateNull_Object__delete__S)
                  008502a0    00000040     ti.targets.rts6000.ae66 : Gate.oe66 (.text:xdc_runtime_Gate_leaveSystem__F)
                  008502e0    00000040     TRS_SYSBIOS_pe66.oe66 (.text:xdc_runtime_IHeap_alloc)
                  00850320    00000040     TRS_SYSBIOS_pe66.oe66 (.text:xdc_runtime_IHeap_free)
                  00850360    00000040     ti.targets.rts6000.ae66 : Memory.oe66 (.text:xdc_runtime_Memory_free__F)
                  008503a0    00000040     TRS_SYSBIOS_pe66.oe66 (.text:xdc_runtime_Memory_valloc__E)
                  008503e0    00000040     ti.targets.rts6000.ae66 : Registry.oe66 (.text:xdc_runtime_Registry_findById__F)
                  00850420    00000040     TRS_SYSBIOS_pe66.oe66 (.text:xdc_runtime_Startup_exec__I)
                  00850460    00000040     ti.targets.rts6000.ae66 : System.oe66 (.text:xdc_runtime_System_abort__F)
                  008504a0    00000040     TRS_SYSBIOS_pe66.oe66 (.text:xdc_runtime_System_aprintf__E)
                  008504e0    00000040     TRS_SYSBIOS_pe66.oe66 (.text:xdc_runtime_System_printf__E)
                  00850520    00000040     ti.targets.rts6000.ae66 : Text.oe66 (.text:xdc_runtime_Text_ropeText__F)
                  00850560    00000040     TRS_SYSBIOS_pe66.oe66 (.text:xdc_runtime_Text_visitRope__I)
                  008505a0    00000040     TRS_SYSBIOS_pe66.oe66 (.text:xdc_runtime_knl_GateThread_Handle__label__S)
                  008505e0    00000040     ti.targets.rts6000.ae66 : GateThread.oe66 (.text:xdc_runtime_knl_GateThread_Instance_finalize__F)
                  00850620    00000040                             : GateThread.oe66 (.text:xdc_runtime_knl_GateThread_Instance_init__F)
                  00850660    00000040     TRS_SYSBIOS_pe66.oe66 (.text:xdc_runtime_knl_GateThread_Object__delete__S)
                  008506a0    00000040     TRS_SYSBIOS_pe66.oe66 (.text:xdc_runtime_knl_GateThread_Proxy_Object__create__S)
                  008506e0    00000020     ipc.ae66 : Ipc.obj (.text:MultiProc_self)
                  00850700    00000020     rts6600_elf.lib : errno.obj (.text:__c6xabi_errno_addr)
                  00850720    00000020                     : negll.obj (.text:__c6xabi_negll)
                  00850740    00000020                     : dtor_list.obj (.text:__cxa_atexit)
                  00850760    00000020                     : dtor_list.obj (.text:__cxa_ia64_exit)
                  00850780    00000020                     : push.obj (.text:__pop_rts)
                  008507a0    00000020                     : push.obj (.text:__push_rts)
                  008507c0    00000020     ti.targets.rts6000.ae66 : xdc_noinit.oe66 (.text:__xdc__init)
                  008507e0    00000020     rts6600_elf.lib : _lock.obj (.text:_nop)
                  00850800    00000020                     : printf.obj (.text:_outc)
                  00850820    00000020                     : sprintf.obj (.text:_outc)
                  00850840    00000020                     : vsprintf.obj (.text:_outc)
                  00850860    00000020                     : printf.obj (.text:_outs)
                  00850880    00000020                     : _lock.obj (.text:_register_lock)
                  008508a0    00000020                     : _lock.obj (.text:_register_unlock)
                  008508c0    00000020     sysbios.ae66 : c62_TaskSupport_asm.obj (.text:_ti_sysbios_family_c62_TaskSupport_glue)
                  008508e0    00000020                  : c64p_Hwi_asm_switch.obj (.text:_ti_sysbios_family_xxx_Hwi_switchToTaskStack)
                  00850900    00000020     rts6600_elf.lib : exit.obj (.text:abort)
                  00850920    00000020                     : dtor_list.obj (.text:atexit)
                  00850940    00000020     ti.csl.ae66 : csl_tmrInit.oe66 (.text:csl_section:tmr:CSL_tmrInit)
                  00850960    00000020                 : csl_tsc.oe66 (.text:cslsys_section:tsc)
                  00850980    00000020     rts6600_elf.lib : copy_decompress_none.obj (.text:decompress:none:__TI_decompress_none)
                  008509a0    00000020                     : copy_decompress_rle.obj (.text:decompress:rle24:__TI_decompress_rle24)
                  008509c0    00000020     delcom_gsm_L1_modules_6400+_eabi.lib : rect_deintlv.obj (.text)
                  008509e0    00000020                                          : rect_intlv.obj (.text)
                  00850a00    00000020     TRS_SYSBIOS_pe66.oe66 (.text:ti_sdo_ipc_GateMP_RemoteCustom1Proxy_Object__delete__S)
                  00850a20    00000020     TRS_SYSBIOS_pe66.oe66 (.text:ti_sdo_ipc_GateMP_RemoteCustom1Proxy_Params__init__S)
                  00850a40    00000020     TRS_SYSBIOS_pe66.oe66 (.text:ti_sdo_ipc_GateMP_RemoteCustom1Proxy_Proxy__abstract__S)
                  00850a60    00000020     TRS_SYSBIOS_pe66.oe66 (.text:ti_sdo_ipc_GateMP_RemoteCustom1Proxy_Proxy__delegate__S)
                  00850a80    00000020     TRS_SYSBIOS_pe66.oe66 (.text:ti_sdo_ipc_GateMP_RemoteCustom1Proxy_getReservedMask__E)
                  00850aa0    00000020     TRS_SYSBIOS_pe66.oe66 (.text:ti_sdo_ipc_GateMP_RemoteCustom1Proxy_sharedMemReq__E)
                  00850ac0    00000020     TRS_SYSBIOS_pe66.oe66 (.text:ti_sdo_ipc_GateMP_RemoteCustom2Proxy_Object__delete__S)
                  00850ae0    00000020     TRS_SYSBIOS_pe66.oe66 (.text:ti_sdo_ipc_GateMP_RemoteCustom2Proxy_Params__init__S)
                  00850b00    00000020     TRS_SYSBIOS_pe66.oe66 (.text:ti_sdo_ipc_GateMP_RemoteCustom2Proxy_Proxy__abstract__S)
                  00850b20    00000020     TRS_SYSBIOS_pe66.oe66 (.text:ti_sdo_ipc_GateMP_RemoteCustom2Proxy_Proxy__delegate__S)
                  00850b40    00000020     TRS_SYSBIOS_pe66.oe66 (.text:ti_sdo_ipc_GateMP_RemoteCustom2Proxy_getReservedMask__E)
                  00850b60    00000020     TRS_SYSBIOS_pe66.oe66 (.text:ti_sdo_ipc_GateMP_RemoteCustom2Proxy_sharedMemReq__E)
                  00850b80    00000020     TRS_SYSBIOS_pe66.oe66 (.text:ti_sdo_ipc_GateMP_RemoteSystemProxy_Object__delete__S)
                  00850ba0    00000020     TRS_SYSBIOS_pe66.oe66 (.text:ti_sdo_ipc_GateMP_RemoteSystemProxy_Params__init__S)
                  00850bc0    00000020     TRS_SYSBIOS_pe66.oe66 (.text:ti_sdo_ipc_GateMP_RemoteSystemProxy_Proxy__abstract__S)
                  00850be0    00000020     TRS_SYSBIOS_pe66.oe66 (.text:ti_sdo_ipc_GateMP_RemoteSystemProxy_Proxy__delegate__S)
                  00850c00    00000020     TRS_SYSBIOS_pe66.oe66 (.text:ti_sdo_ipc_GateMP_RemoteSystemProxy_getReservedMask__E)
                  00850c20    00000020     TRS_SYSBIOS_pe66.oe66 (.text:ti_sdo_ipc_GateMP_RemoteSystemProxy_sharedMemReq__E)
                  00850c40    00000020     TRS_SYSBIOS_pe66.oe66 (.text:ti_sdo_ipc_GateMP_attach__E)
                  00850c60    00000020     TRS_SYSBIOS_pe66.oe66 (.text:ti_sdo_ipc_GateMP_getRegion0ReservedSize__E)
                  00850c80    00000020     TRS_SYSBIOS_pe66.oe66 (.text:ti_sdo_ipc_GateMP_getSharedAddr__E)
                  00850ca0    00000020     ipc.ae66 : Ipc.obj (.text:ti_sdo_ipc_GateMP_getSharedAddr__F)
                  00850cc0    00000020     TRS_SYSBIOS_pe66.oe66 (.text:ti_sdo_ipc_GateMP_start__E)
                  00850ce0    00000020     TRS_SYSBIOS_pe66.oe66 (.text:ti_sdo_ipc_MessageQ_Module_startup__E)
                  00850d00    00000020     TRS_SYSBIOS_pe66.oe66 (.text:ti_sdo_ipc_MessageQ_SetupTransportProxy_attach__E)
                  00850d20    00000020     TRS_SYSBIOS_pe66.oe66 (.text:ti_sdo_ipc_MessageQ_SetupTransportProxy_isRegistered__E)
                  00850d40    00000020     TRS_SYSBIOS_pe66.oe66 (.text:ti_sdo_ipc_MessageQ_SetupTransportProxy_sharedMemReq__E)
                  00850d60    00000020     TRS_SYSBIOS_pe66.oe66 (.text:ti_sdo_ipc_MessageQ_registerTransport__E)
                  00850d80    00000020     TRS_SYSBIOS_pe66.oe66 (.text:ti_sdo_ipc_MessageQ_unregisterTransport__E)
                  00850da0    00000020     TRS_SYSBIOS_pe66.oe66 (.text:ti_sdo_ipc_Notify_Module_GateProxy_enter__E)
                  00850dc0    00000020     TRS_SYSBIOS_pe66.oe66 (.text:ti_sdo_ipc_Notify_Module_GateProxy_leave__E)
                  00850de0    00000020     TRS_SYSBIOS_pe66.oe66 (.text:ti_sdo_ipc_Notify_Module_startup__E)
                  00850e00    00000020     TRS_SYSBIOS_pe66.oe66 (.text:ti_sdo_ipc_Notify_SetupProxy_attach__E)
                  00850e20    00000020     TRS_SYSBIOS_pe66.oe66 (.text:ti_sdo_ipc_Notify_SetupProxy_numIntLines__E)
                  00850e40    00000020     TRS_SYSBIOS_pe66.oe66 (.text:ti_sdo_ipc_Notify_SetupProxy_sharedMemReq__E)
                  00850e60    00000020     TRS_SYSBIOS_pe66.oe66 (.text:ti_sdo_ipc_Notify_exec__E)
                  00850e80    00000020     TRS_SYSBIOS_pe66.oe66 (.text:ti_sdo_ipc_SharedRegion_attach__E)
                  00850ea0    00000020     TRS_SYSBIOS_pe66.oe66 (.text:ti_sdo_ipc_SharedRegion_clearReservedMemory__E)
                  00850ec0    00000020     TRS_SYSBIOS_pe66.oe66 (.text:ti_sdo_ipc_SharedRegion_reserveMemory__E)
                  00850ee0    00000020     TRS_SYSBIOS_pe66.oe66 (.text:ti_sdo_ipc_SharedRegion_start__E)
                  00850f00    00000020     TRS_SYSBIOS_pe66.oe66 (.text:ti_sdo_ipc_family_c647x_Interrupt_Module_startup__E)
                  00850f20    00000020     ipc.ae66 : Ipc.obj (.text:ti_sdo_ipc_family_c647x_Interrupt_intDisable__E)
                  00850f40    00000020              : Ipc.obj (.text:ti_sdo_ipc_family_c647x_Interrupt_intEnable__E)
                  00850f60    00000020              : Ipc.obj (.text:ti_sdo_ipc_family_c647x_NotifySetup_numIntLines__E)
                  00850f80    00000020     TRS_SYSBIOS_pe66.oe66 (.text:ti_sdo_ipc_gates_GateHWSem_Module_startup__E)
                  00850fa0    00000020     ipc.ae66 : Ipc.obj (.text:ti_sdo_ipc_gates_GateHWSem_getReservedMask__E)
                  00850fc0    00000020     TRS_SYSBIOS_pe66.oe66 (.text:ti_sdo_ipc_gates_GateHWSem_query__E)
                  00850fe0    00000020     ipc.ae66 : Ipc.obj (.text:ti_sdo_ipc_gates_GateHWSem_query__F)
                  00851000    00000020              : Ipc.obj (.text:ti_sdo_ipc_gates_GateHWSem_sharedMemReq__E)
                  00851020    00000020              : Ipc.obj (.text:ti_sdo_ipc_gates_GateMPSupportNull_Instance_init__F)
                  00851040    00000020              : Ipc.obj (.text:ti_sdo_ipc_gates_GateMPSupportNull_getReservedMask__E)
                  00851060    00000020     TRS_SYSBIOS_pe66.oe66 (.text:ti_sdo_ipc_gates_GateMPSupportNull_query__E)
                  00851080    00000020     ipc.ae66 : Ipc.obj (.text:ti_sdo_ipc_gates_GateMPSupportNull_query__F)
                  008510a0    00000020              : Ipc.obj (.text:ti_sdo_ipc_gates_GateMPSupportNull_sharedMemReq__E)
                  008510c0    00000020              : Ipc.obj (.text:ti_sdo_ipc_gates_GatePeterson_getReservedMask__E)
                  008510e0    00000020     TRS_SYSBIOS_pe66.oe66 (.text:ti_sdo_ipc_gates_GatePeterson_query__E)
                  00851100    00000020     ipc.ae66 : Ipc.obj (.text:ti_sdo_ipc_gates_GatePeterson_query__F)
                  00851120    00000020     TRS_SYSBIOS_pe66.oe66 (.text:ti_sdo_ipc_heaps_HeapBufMP_getStats__E)
                  00851140    00000020     TRS_SYSBIOS_pe66.oe66 (.text:ti_sdo_ipc_heaps_HeapBufMP_isBlocking__E)
                  00851160    00000020     ipc.ae66 : Ipc.obj (.text:ti_sdo_ipc_heaps_HeapBufMP_isBlocking__F)
                  00851180    00000020     TRS_SYSBIOS_pe66.oe66 (.text:ti_sdo_ipc_heaps_HeapMemMP_isBlocking__E)
                  008511a0    00000020     ipc.ae66 : Ipc.obj (.text:ti_sdo_ipc_heaps_HeapMemMP_isBlocking__F)
                  008511c0    00000020     TRS_SYSBIOS_pe66.oe66 (.text:ti_sdo_ipc_notifyDrivers_NotifyDriverShm_InterruptProxy_intClear__E)
                  008511e0    00000020     TRS_SYSBIOS_pe66.oe66 (.text:ti_sdo_ipc_notifyDrivers_NotifyDriverShm_InterruptProxy_intDisable__E)
                  00851200    00000020     TRS_SYSBIOS_pe66.oe66 (.text:ti_sdo_ipc_notifyDrivers_NotifyDriverShm_InterruptProxy_intEnable__E)
                  00851220    00000020     TRS_SYSBIOS_pe66.oe66 (.text:ti_sdo_ipc_notifyDrivers_NotifyDriverShm_InterruptProxy_intSend__E)
                  00851240    00000020     TRS_SYSBIOS_pe66.oe66 (.text:ti_sdo_ipc_notifyDrivers_NotifyDriverShm_InterruptProxy_intUnregister__E)
                  00851260    00000020     ipc.ae66 : Ipc.obj (.text:ti_sdo_ipc_notifyDrivers_NotifyDriverShm_disable__E)
                  00851280    00000020              : Ipc.obj (.text:ti_sdo_ipc_notifyDrivers_NotifyDriverShm_enable__E)
                  008512a0    00000020     TRS_SYSBIOS_pe66.oe66 (.text:ti_sdo_ipc_notifyDrivers_NotifyDriverShm_sharedMemReq__E)
                  008512c0    00000020     ipc.ae66 : Ipc.obj (.text:ti_sdo_ipc_nsremote_NameServerRemoteNotify_swiFxnResponse__I)
                  008512e0    00000020              : Ipc.obj (.text:ti_sdo_ipc_transports_TransportShmCircSetup_isRegistered__E)
                  00851300    00000020              : Ipc.obj (.text:ti_sdo_ipc_transports_TransportShmCirc_control__E)
                  00851320    00000020              : Ipc.obj (.text:ti_sdo_ipc_transports_TransportShmCirc_getStatus__E)
                  00851340    00000020              : Ipc.obj (.text:ti_sdo_ipc_transports_TransportShmCirc_notifyFxn__I)
                  00851360    00000020     TRS_SYSBIOS_pe66.oe66 (.text:ti_sdo_ipc_transports_TransportShmCirc_setErrFxn__E)
                  00851380    00000020     ipc.ae66 : Ipc.obj (.text:ti_sdo_ipc_transports_TransportShmCirc_setErrFxn__F)
                  008513a0    00000020     TRS_SYSBIOS_pe66.oe66 (.text:ti_sdo_ipc_transports_TransportShmCirc_sharedMemReq__E)
                  008513c0    00000020     ipc.ae66 : Ipc.obj (.text:ti_sdo_utils_List_Instance_init__F)
                  008513e0    00000020     TRS_SYSBIOS_pe66.oe66 (.text:ti_sdo_utils_MultiProc_getClusterId__E)
                  00851400    00000020     ipc.ae66 : Ipc.obj (.text:ti_sdo_utils_MultiProc_getClusterId__F)
                  00851420    00000020     TRS_SYSBIOS_pe66.oe66 (.text:ti_sdo_utils_NameServer_Module__startupDone__S)
                  00851440    00000020     TRS_SYSBIOS_pe66.oe66 (.text:ti_sdo_utils_NameServer_Module_startup__E)
[...]
0085d350   ti_sysbios_family_c64p_Hwi_E_alreadyDefined__C
0085d354   ti_sysbios_family_c64p_Hwi_E_handleNotFound__C
0085d358   ti_sysbios_family_c64p_Hwi_LD_end__C
0085d35c   ti_sysbios_family_c64p_Hwi_LM_begin__C
0085d360   ti_sysbios_family_c64p_Hwi_Module__diagsEnabled__C
0085d364   ti_sysbios_family_c64p_Hwi_Module__diagsIncluded__C
0085d368   ti_sysbios_family_c64p_Hwi_Module__diagsMask__C
0085d36c   ti_sysbios_family_c64p_Hwi_Module__loggerFxn1__C
0085d370   ti_sysbios_family_c64p_Hwi_Module__loggerFxn8__C
0085d374   ti_sysbios_family_c64p_Hwi_Module__loggerObj__C
0085d378   ti_sysbios_family_c66_Cache_atomicBlockSize__C
0085d37c   ti_sysbios_family_c66_tci66xx_CpIntc_E_unpluggedSysInt__C
0085d380   ti_sysbios_family_c66_tci66xx_CpIntc_eventId__C
0085d384   ti_sysbios_family_c66_tci66xx_CpIntc_hostIntToEventId__C
0085d388   ti_sysbios_family_c66_tci66xx_CpIntc_numEvents__C
0085d38c   ti_sysbios_family_c66_tci66xx_CpIntc_numStatusRegs__C
0085d390   ti_sysbios_family_c66_tci66xx_CpIntc_numSysInts__C
0085d394   ti_sysbios_family_c66_tci66xx_CpIntc_sysIntToHostInt__C
0085d398   ti_sysbios_gates_GateMutexPri_A_badContext__C
0085d39c   ti_sysbios_gates_GateMutexPri_A_enterTaskDisabled__C
0085d3a0   ti_sysbios_gates_GateMutexPri_Instance_State_pendQ__O
0085d3a4   ti_sysbios_gates_GateMutexPri_Module__diagsEnabled__C
0085d3a8   ti_sysbios_gates_GateMutexPri_Module__diagsIncluded__C
0085d3ac   ti_sysbios_gates_GateMutexPri_Module__diagsMask__C
0085d3b0   ti_sysbios_gates_GateMutex_A_badContext__C
0085d3b4   ti_sysbios_gates_GateMutex_Instance_State_sem__O
0085d3b8   ti_sysbios_gates_GateMutex_Module__diagsEnabled__C
0085d3bc   ti_sysbios_gates_GateMutex_Module__diagsIncluded__C
0085d3c0   ti_sysbios_gates_GateMutex_Module__diagsMask__C
0085d3c4   ti_sysbios_gates_GateSwi_A_badContext__C
0085d3c8   ti_sysbios_gates_GateSwi_Module__diagsEnabled__C
0085d3cc   ti_sysbios_gates_GateSwi_Module__diagsIncluded__C
0085d3d0   ti_sysbios_gates_GateSwi_Module__diagsMask__C
0085d3d4   ti_sysbios_hal_Hwi_E_stackOverflow__C
0085d3d8   ti_sysbios_heaps_HeapMem_A_align__C
0085d3dc   ti_sysbios_heaps_HeapMem_A_heapSize__C
0085d3e0   ti_sysbios_heaps_HeapMem_A_invalidFree__C
0085d3e4   ti_sysbios_heaps_HeapMem_A_zeroBlock__C
0085d3e8   ti_sysbios_heaps_HeapMem_E_memory__C
0085d3ec   ti_sysbios_heaps_HeapMem_Module__diagsEnabled__C
0085d3f0   ti_sysbios_heaps_HeapMem_Module__diagsIncluded__C
0085d3f4   ti_sysbios_heaps_HeapMem_Module__diagsMask__C
0085d3f8   ti_sysbios_heaps_HeapMem_Module__gateObj__C
0085d3fc   ti_sysbios_heaps_HeapMem_Object__count__C
0085d400   ti_sysbios_heaps_HeapMem_Object__table__C
0085d404   ti_sysbios_heaps_HeapMem_reqAlign__C
0085d408   ti_sysbios_knl_Clock_tickPeriod__C
0085d40c   ti_sysbios_knl_Event_A_badContext__C
0085d410   ti_sysbios_knl_Event_A_eventInUse__C
0085d414   ti_sysbios_knl_Event_A_nullEventId__C
0085d418   ti_sysbios_knl_Event_A_nullEventMasks__C
0085d41c   ti_sysbios_knl_Event_A_pendTaskDisabled__C
0085d420   ti_sysbios_knl_Event_Instance_State_pendQ__O
0085d424   ti_sysbios_knl_Event_LM_pend__C
0085d428   ti_sysbios_knl_Event_LM_post__C
0085d42c   ti_sysbios_knl_Event_Module__diagsEnabled__C
0085d430   ti_sysbios_knl_Event_Module__diagsIncluded__C
0085d434   ti_sysbios_knl_Event_Module__diagsMask__C
0085d438   ti_sysbios_knl_Event_Module__loggerFxn4__C
0085d43c   ti_sysbios_knl_Event_Module__loggerFxn8__C
0085d440   ti_sysbios_knl_Event_Module__loggerObj__C
0085d444   ti_sysbios_knl_Queue_Object__count__C
0085d448   ti_sysbios_knl_Idle_coreList__A
0085d44c   ti_sysbios_knl_Queue_Object__table__C
0085d450   ti_sysbios_knl_Idle_funcList__A
0085d454   ti_sysbios_knl_Semaphore_A_badContext__C
0085d458   ti_sysbios_knl_Semaphore_A_noEvents__C
0085d45c   ti_sysbios_knl_Semaphore_A_overflow__C
0085d460   ti_sysbios_knl_Semaphore_A_pendTaskDisabled__C
0085d464   ti_sysbios_knl_Semaphore_Instance_State_pendQ__O
0085d468   ti_sysbios_knl_Semaphore_LM_pend__C
0085d46c   ti_sysbios_knl_Semaphore_LM_post__C
0085d470   ti_sysbios_knl_Semaphore_Module__diagsEnabled__C
0085d474   ti_sysbios_knl_Semaphore_Module__diagsIncluded__C
0085d478   ti_sysbios_knl_Semaphore_Module__diagsMask__C
0085d47c   ti_sysbios_knl_Semaphore_Module__loggerFxn2__C
0085d480   ti_sysbios_knl_Semaphore_Module__loggerFxn4__C
0085d484   ti_sysbios_knl_Semaphore_Module__loggerObj__C
0085d488   ti_sysbios_knl_Swi_A_badPriority__C
0085d48c   ti_sysbios_knl_Swi_LD_end__C
0085d490   ti_sysbios_knl_Swi_LM_begin__C
0085d494   ti_sysbios_knl_Swi_LM_post__C
0085d498   ti_sysbios_knl_Swi_Module__diagsEnabled__C
0085d49c   ti_sysbios_knl_Swi_Module__diagsIncluded__C
0085d4a0   ti_sysbios_knl_Swi_Module__diagsMask__C
0085d4a4   ti_sysbios_knl_Swi_Module__loggerFxn1__C
0085d4a8   ti_sysbios_knl_Swi_Module__loggerFxn4__C
0085d4ac   ti_sysbios_knl_Swi_Module__loggerObj__C
0085d4b0   ti_sysbios_knl_Swi_Object__count__C
0085d4b4   ti_sysbios_knl_Swi_Object__table__C
0085d4b8   ti_sysbios_knl_Task_A_badPriority__C
0085d4bc   ti_sysbios_knl_Task_A_badTaskState__C
0085d4c0   ti_sysbios_knl_Task_A_badThreadType__C
0085d4c4   ti_sysbios_knl_Task_A_noPendElem__C
0085d4c8   ti_sysbios_knl_Task_E_spOutOfBounds__C
0085d4cc   ti_sysbios_knl_Task_E_stackOverflow__C
0085d4d0   ti_sysbios_knl_Task_LD_block__C
0085d4d4   ti_sysbios_knl_Task_LD_exit__C
0085d4d8   ti_sysbios_knl_Task_LD_ready__C
0085d4dc   ti_sysbios_knl_Task_LM_setPri__C
0085d4e0   ti_sysbios_knl_Task_LM_switch__C
0085d4e4   ti_sysbios_knl_Task_LM_yield__C
0085d4e8   ti_sysbios_knl_Task_Module_State_inactiveQ__O
0085d4ec   ti_sysbios_knl_Task_Module__diagsEnabled__C
0085d4f0   ti_sysbios_knl_Task_Module__diagsIncluded__C
0085d4f4   ti_sysbios_knl_Task_Module__diagsMask__C
0085d4f8   ti_sysbios_knl_Task_Module__loggerFxn2__C
0085d4fc   ti_sysbios_knl_Task_Module__loggerFxn4__C
0085d500   ti_sysbios_knl_Task_Module__loggerObj__C
0085d504   ti_sysbios_knl_Task_Object__count__C
0085d508   ti_sysbios_knl_Task_Object__heap__C
0085d50c   ti_sysbios_knl_Task_Object__table__C
0085d510   ti_sysbios_knl_Task_allBlockedFunc__C
0085d514   ti_sysbios_knl_Task_defaultStackHeap__C
0085d518   ti_sysbios_knl_Task_defaultStackSize__C
0085d51c   ti_sysbios_knl_Task_numConstructedTasks__C
0085d520   ti_sysbios_syncs_SyncSem_Module__diagsEnabled__C
0085d524   ti_sysbios_syncs_SyncSem_Module__diagsIncluded__C
0085d528   ti_sysbios_syncs_SyncSem_Module__diagsMask__C
0085d52c   ti_sysbios_timers_timer64_Timer_A_notAvailable__C
0085d530   ti_sysbios_timers_timer64_Timer_E_cannotSupport__C
0085d534   ti_sysbios_timers_timer64_Timer_Module__diagsEnabled__C
0085d538   ti_sysbios_timers_timer64_Timer_Module__diagsIncluded__C
0085d53c   ti_sysbios_timers_timer64_Timer_Module__diagsMask__C
0085d540   ti_sysbios_timers_timer64_Timer_anyMask__C
0085d544   ti_sysbios_timers_timer64_Timer_freqDivisor__C
0085d548   ti_sysbios_timers_timer64_Timer_numLocalTimers__C
0085d54c   ti_sysbios_timers_timer64_Timer_numTimerDevices__C
0085d550   ti_sysbios_xdcruntime_GateThreadSupport_Instance_State_gate__O
0085d554   ti_uia_events_UIABenchmark_start__C
0085d558   ti_uia_events_UIABenchmark_stop__C
0085d55c   xdc_runtime_Assert_E_assertFailed__C
0085d560   xdc_runtime_Core_A_initializedParams__C
0085d564   xdc_runtime_Core_Module__diagsEnabled__C
0085d568   xdc_runtime_Core_Module__diagsIncluded__C
0085d56c   xdc_runtime_Core_Module__diagsMask__C
0085d570   xdc_runtime_Error_E_memory__C
0085d574   xdc_runtime_Error_Module__diagsEnabled__C
0085d578   xdc_runtime_Error_Module__diagsIncluded__C
0085d57c   xdc_runtime_Error_Module__diagsMask__C
0085d580   xdc_runtime_Error_Module__loggerFxn8__C
0085d584   xdc_runtime_Error_Module__loggerObj__C
0085d588   xdc_runtime_Error_policy__C
0085d58c   xdc_runtime_Error_raiseHook__C
0085d590   xdc_runtime_IGateProvider_Interface__BASE__C
0085d594   xdc_runtime_IHeap_Interface__BASE__C
0085d598   xdc_runtime_IModule_Interface__BASE__C
0085d59c   xdc_runtime_Log_L_error__C
0085d5a0   xdc_runtime_Main_Module__diagsEnabled__C
0085d5a4   xdc_runtime_Main_Module__diagsIncluded__C
0085d5a8   xdc_runtime_Main_Module__diagsMask__C
0085d5ac   xdc_runtime_Main_Module__loggerFxn1__C
0085d5b0   xdc_runtime_Main_Module__loggerObj__C
0085d5b4   xdc_runtime_Memory_defaultHeapInstance__C
0085d5b8   xdc_runtime_Startup_execImpl__C
0085d5bc   xdc_runtime_Startup_maxPasses__C
0085d5c0   xdc_runtime_Startup_lastFxns__A
0085d5c4   xdc_runtime_Startup_sfxnRts__C
0085d5c8   xdc_runtime_Startup_sfxnTab__C
0085d5cc   xdc_runtime_Startup_startModsFxn__C
0085d5d0   xdc_runtime_SysMin_bufSize__C
0085d5d4   xdc_runtime_SysMin_outputFunc__C
0085d5d8   xdc_runtime_System_Module__gateObj__C
0085d5dc   xdc_runtime_System_extendFxn__C
0085d5e0   xdc_runtime_System_maxAtexitHandlers__C
0085d5e4   xdc_runtime_Text_charTab__C
0085d5e8   xdc_runtime_Text_nameEmpty__C
0085d5ec   xdc_runtime_Text_nameStatic__C
0085d5f0   xdc_runtime_Text_nameUnknown__C
0085d5f4   xdc_runtime_Text_nodeTab__C
0085d5f8   xdc_runtime_Text_visitRopeFxn__C
0085d5fc   xdc_runtime_knl_ISync_Interface__BASE__C
0085d600   state_init_rach
0085d602   ti_sysbios_gates_GateSwi_Module__id__C
0085d604   ti_sysbios_hal_Hwi_Module__id__C
0085d606   ti_sysbios_heaps_HeapMem_Module__id__C
0085d608   state_init_sync
0085d60a   ti_sysbios_knl_Event_Module__id__C
0085d60c   ti_sysbios_knl_Event_Module__loggerDefined__C
0085d60e   ti_sysbios_knl_Semaphore_Module__id__C
0085d610   ti_sysbios_knl_Semaphore_Module__loggerDefined__C
0085d612   ti_sysbios_knl_Swi_Module__id__C
0085d614   ti_sysbios_knl_Swi_Module__loggerDefined__C
0085d616   ti_sysbios_knl_Task_Module__id__C
0085d618   ti_sysbios_knl_Task_Module__loggerDefined__C
0085d61a   ti_sysbios_knl_Task_initStackFlag__C
0085d61c   ti_sysbios_syncs_SyncSem_Module__id__C
0085d61e   ti_sysbios_timers_timer64_Timer_Module__id__C
0085d620   ti_sysbios_timers_timer64_Timer_startupNeeded__C
0085d622   xdc_runtime_Core_Module__id__C
0085d624   xdc_runtime_Error_Module__loggerDefined__C
0085d626   xdc_runtime_Error_maxDepth__C
0085d628   xdc_runtime_Main_Module__id__C
0085d62a   xdc_runtime_Main_Module__loggerDefined__C
0085d62c   xdc_runtime_Memory_Module__id__C
0085d62e   xdc_runtime_SysMin_flushAtExit__C
0085d630   xdc_runtime_Text_charCnt__C
0085d632   xdc_runtime_Text_isLoaded__C
0085d634   xdc_runtime_Text_registryModsLastId__C
0085d636   xdc_runtime_Text_unnamedModsLastId__C
0085d638   _stack
00861538   __TI_STACK_END
00861800   ti_sysbios_family_c64p_Hwi0
00861800   ti_sysbios_family_c64p_Hwi_int0
00861820   ti_sysbios_family_c64p_Hwi_int1
00861840   ti_sysbios_family_c64p_Hwi_int2
00861860   ti_sysbios_family_c64p_Hwi_int3
00861880   ti_sysbios_family_c64p_Hwi_int4
008618a0   ti_sysbios_family_c64p_Hwi_int5
008618c0   ti_sysbios_family_c64p_Hwi_int6
008618e0   ti_sysbios_family_c64p_Hwi_int7
00861900   ti_sysbios_family_c64p_Hwi_int8
00861920   ti_sysbios_family_c64p_Hwi_int9
00861940   ti_sysbios_family_c64p_Hwi_int10
00861960   ti_sysbios_family_c64p_Hwi_int11
00861980   ti_sysbios_family_c64p_Hwi_int12
008619a0   ti_sysbios_family_c64p_Hwi_int13
008619c0   ti_sysbios_family_c64p_Hwi_int14
008619e0   ti_sysbios_family_c64p_Hwi_int15
00f00000   rxscratchM1
00f02000   rxscratchM2
83800000   gDelcomMemSeg
83900000   gDelcomMemL1FECSeg
83904800   theModMgr
83926b00   gTDMA
8392b780   gGainCtrlInputBuffer
8392c258   MemListv2
8392caa8   DDCLineConfig
8392cac8   ODemodData_Receiver
83992a78   ti_sdo_utils_NameServer_Module_State_0_nsRemoteHandle__A
83992a98   ti_sysbios_knl_Task_Instance_State_0_hookEnv__A
83992aa0   xdc_runtime_SysMin_Module_State_0_outbuf__A
83992ea0   _tmpnams
83993250   nextQueueName
83993260   messageQ
83993270   remoteQueueId
839933e0   ti_sysbios_heaps_HeapMem_Instance_State_0_buf__A
839a73e0   ti_sdo_ipc_GateMP_Module_State_0_remoteCustom1Gates__A
839a7be0   ti_sysbios_family_c66_tci66xx_CpIntc_Module_State_0_dispatchTab__A
839a80e0   ti_sdo_ipc_GateMP_Module__root__V
839a80e8   ti_sdo_ipc_GateMP_Module__state__V
839a8138   ti_sdo_ipc_Ipc_Module__state__V
839a8144   ti_sdo_ipc_ListMP_Module__root__V
839a814c   ti_sdo_ipc_ListMP_Module__state__V
839a8150   ti_sdo_ipc_MessageQ_Module__root__V
839a8158   ti_sdo_ipc_MessageQ_Module__state__V
839a8178   ti_sdo_ipc_Notify_Module__root__V
839a8180   ti_sdo_ipc_Notify_Module__state__V
839a8188   ti_sdo_ipc_SharedRegion_Module__state__V
839a818c   ti_sdo_ipc_family_c647x_Interrupt_Module__state__V
839a8198   ti_sdo_ipc_gates_GateHWSem_Module__root__V
839a81a0   ti_sdo_ipc_gates_GateMPSupportNull_Module__root__V
839a81a8   ti_sdo_ipc_gates_GatePeterson_Module__root__V
839a81b0   ti_sdo_ipc_heaps_HeapBufMP_Module__root__V
839a81b8   ti_sdo_ipc_heaps_HeapBufMP_Module__state__V
839a81bc   ti_sdo_ipc_heaps_HeapMemMP_Module__root__V
839a81c4   ti_sdo_ipc_heaps_HeapMemMP_Module__state__V
839a81c8   ti_sdo_ipc_notifyDrivers_NotifyDriverShm_Module__root__V
839a81d0   ti_sdo_ipc_nsremote_NameServerRemoteNotify_Module__root__V
839a81d8   ti_sdo_ipc_transports_TransportShmCirc_Module__root__V
839a81e0   ti_sdo_ipc_transports_TransportShmCircSetup_Module__state__V
839a81e4   ti_sdo_utils_List_Module__root__V
839a81ec   ti_sdo_utils_MultiProc_Module__state__V
839a81f0   ti_sdo_utils_NameServer_Module__root__V
839a81f8   ti_sdo_utils_NameServer_Module__state__V
839a8200   ti_sdo_utils_NameServerRemoteNull_Module__root__V
839a8208   ti_sysbios_BIOS_Module__state__V
839a8228   ti_sysbios_family_c64p_Exception_Module__state__V
839a8258   ti_sysbios_family_c64p_Hwi_Module__root__V
839a8260   ti_sysbios_family_c64p_Hwi_Module__state__V
839a82c8   ti_sysbios_family_c66_tci66xx_CpIntc_Module__state__V
839a82d8   ti_sysbios_gates_GateAll_Module__root__V
839a82e0   ti_sysbios_gates_GateHwi_Module__root__V
839a82e8   ti_sysbios_gates_GateMutex_Module__root__V
839a82f0   ti_sysbios_gates_GateMutexPri_Module__root__V
839a82f8   ti_sysbios_gates_GateSwi_Module__root__V
839a8300   ti_sysbios_hal_Hwi_Module__root__V
839a8308   ti_sysbios_hal_Timer_Module__root__V
839a8310   ti_sysbios_heaps_HeapMem_Module__root__V
839a8318   ti_sysbios_knl_Clock_Module__root__V
839a8320   ti_sysbios_knl_Clock_Module__state__V
839a8348   ti_sysbios_knl_Event_Module__root__V
839a8350   ti_sysbios_knl_Queue_Module__root__V
839a8358   ti_sysbios_knl_Semaphore_Module__root__V
839a8360   ti_sysbios_knl_Swi_Module__root__V
839a8368   ti_sysbios_knl_Swi_Module__state__V
839a8384   ti_sysbios_knl_Task_Module__root__V
839a838c   ti_sysbios_knl_Task_Module__state__V
839a83d0   ti_sysbios_syncs_SyncSem_Module__root__V
839a83d8   ti_sysbios_timers_timer64_Timer_Module__root__V
839a83e0   ti_sysbios_timers_timer64_Timer_Module__state__V
839a83f4   ti_sysbios_xdcruntime_GateThreadSupport_Module__root__V
839a83fc   xdc_runtime_Error_Module__state__V
839a8400   xdc_runtime_GateNull_Module__root__V
839a8408   xdc_runtime_Memory_Module__state__V
839a840c   xdc_runtime_Registry_Module__state__V
839a8414   xdc_runtime_Startup_Module__state__V
839a841c   xdc_runtime_SysMin_Module__state__V
839a8428   xdc_runtime_System_Module__state__V
839a8434   xdc_runtime_Text_Module__state__V
839a843c   xdc_runtime_knl_GateThread_Module__root__V
839a8444   __xdc__init__addr
839a8448   Fill_frame_bcch_burst
839a86c8   _ftable
839a88a8   ti_sysbios_timers_timer64_Timer_Module_State_0_device__A
839a8a28   ti_sdo_utils_NameServer_Object__table__V
839a8c48   dummy_burst_tch
839a8da0   ti_sdo_ipc_Ipc_Module_State_0_procEntry__A
839a8e40   ti_sysbios_family_c66_tci66xx_CpIntc_Module_State_0_hostIntToSysInt__A
839a8ed8   ti_sdo_ipc_SharedRegion_Module_State_0_regions__A
839a8f68   ti_sdo_ipc_GateMP_Module_State_0_remoteSystemGates__A
839a8fe8   ti_sysbios_knl_Swi_Module_State_0_readyQ__A
839a9068   ti_sysbios_knl_Task_Module_State_0_readyQ__A
839a90e8   ti_sysbios_timers_timer64_Timer_Module_State_0_gctrl__A
839a9168   ti_sysbios_timers_timer64_Timer_Module_State_0_handles__A
839a91e8   ti_sysbios_timers_timer64_Timer_Module_State_0_intFreqs__A
839a92e0   TSK_idle
839a92e0   ti_sysbios_knl_Task_Object__table__V
839a9330   ti_sdo_ipc_MessageQ_Module_State_0_transports__A
839a9370   ti_sysbios_gates_GateMutex_Object__table__V
839a93b0   gSACCH_TF
839a93d0   gSACCH_TH_S0
839a93f0   gSACCH_TH_S1
839a9410   ti_sdo_ipc_MessageQ_Module_State_0_heaps__A
839a9430   ti_sdo_ipc_Notify_Module_State_0_notifyHandles__A
839a9450   ti_sdo_ipc_family_c647x_Interrupt_Module_State_0_args__A
839a9470   ti_sdo_ipc_transports_TransportShmCircSetup_Module_State_0_handles__A
839a9490   xdc_runtime_System_Module_State_0_atexitHandlers__A
839a94e0   ti_sysbios_gates_GateMutexPri_Object__table__V
839a94f8   ti_sysbios_heaps_HeapMem_Object__table__V
839a9510   ti_sysbios_family_c66_tci66xx_CpIntc_Module_State_0_initSIER__A
839a9524   pRxCalibration
839a9528   gBTS
839a952c   gBTSSem
839a9530   gSRIO
839a9538   msgQ_type_tbl
839a9548   ti_sysbios_family_c66_tci66xx_CpIntc_Module_State_0_controller__A
839a9558   ti_sysbios_gates_GateAll_Object__table__V
839a9568   _cleanup_ptr
839a956c   _dtors_ptr
839a9570   __TI_enable_exit_profile_output
839a9578   ti_sysbios_gates_GateSwi_Object__table__V
839a9590   _lock
839a9594   _unlock
839a95ac   _ft_end
839a95b4   __errno
839a95b4   errno
839a95b8   ti_sdo_ipc_GateMP_Module_State_0_remoteCustom2Gates__A
839a95bc   gAGC
839a95c0   ti_sdo_ipc_Notify_Module_State_0_notifyHandles_0__A
839a95c8   ti_sdo_ipc_Notify_Module_State_0_notifyHandles_1__A
839a95d0   ti_sdo_ipc_Notify_Module_State_0_notifyHandles_2__A
839a95d8   ti_sdo_ipc_Notify_Module_State_0_notifyHandles_3__A
839a95e0   ti_sdo_ipc_Notify_Module_State_0_notifyHandles_4__A
839a95e8   ti_sdo_ipc_Notify_Module_State_0_notifyHandles_5__A
839a95f0   ti_sdo_ipc_Notify_Module_State_0_notifyHandles_6__A
839a95f8   ti_sdo_ipc_Notify_Module_State_0_notifyHandles_7__A
839a9600   ti_sysbios_gates_GateHwi_Object__table__V
839a9608   ti_sysbios_knl_Task_Module_State_0_idleTask__A
839a9610   xdc_runtime_GateNull_Object__table__V
839a9618   ti_sysbios_knl_Task_Instance_State_0_stack__A
839aa108   __CIOBUF_
839aa228   __TI_STATIC_BASE
839aa230   RxManager_eCore
839aa234   DDC_ID
839aa235   Block_phase_test
839aa236   test_repeatFn
839aa238   heapHandle_0
839aa23c   heapHandle_1
839aa240   heapHandle_2
839aa244   Ipc_sr0MemorySetup
839aa24c   nSACCH_VII_DL
839aa250   nSACCH_VII_UL
839aa254   nSDCCH_VII_DL
839aa258   nSDCCH_VII_UL
839aa25c   nSACCH_V
839aa260   nSDCCH_V
839aa264   nFACCH_I
839aa268   L2data_COUNT
839aa26c   nDemodTSC_NOT_FOUND_UL
839aa270   nDemodFail_VII_UL
839aa274   nDemodSucess_VII_UL
839aa278   nDemodTSC_NOT_FOUND_DL
839aa27c   nDemodFail_VII_DL
839aa280   nDemodSucess_VII_DL
839aa284   nDecodeSucess_VII_DL
839aa288   nDecodeFail_VII_DL
839aa28c   nDecodeSucess_VII_UL
839aa290   nDecodeFail_VII_UL
839aa294   nDemodFail_I_UL
839aa298   nDemodSucess_I_UL
839aa29c   nDemodFail_I_DL
839aa2a0   nDemodSucess_I_DL
839aa2a4   nDecodeSucess_I_DL
839aa2a8   nDecodeFail_I_DL
839aa2ac   nDecodeSucess_I_UL
839aa2b0   nDecodeFail_I_UL
839aa2b4   nTrafficPak_DL
839aa2b8   nTrafficPak_UL
839aa2bc   bSkipL2Frame
839aa2c0   DEMODULATION_OK
839aa2c4   DEMODULATION_FAILED
839aa2c8   tempDECODING_OK
839aa2cc   tempDECODING_FAILED
839aa2d0   TotalDecoding
839aa2d4   nTrafficDecodeSucess
839aa2d8   nTrafficDecodeFail
839aa2dc   nSignallingSuccess
839aa2e0   nSignallingFail
839aa2e4   nBeaconSuccess
839aa2e8   nBeaconFail
839aa2ec   nSigRx
839aa2f0   nBeacRx
839aa2f4   nTrafRx
839aa2f8   nTrafBurst
839aa2fc   nSigBurst
839aa300   nBeacBurst
839aa304   nImmAsgnmnt
839aa308   nImmAsgnmntEx
839aa30c   bDecodeStored
839aa30f   MesgQ_Initialized
839aa310   nSeqNum
839aa318   gBurstReqNo
839aa324   gCriticalMemRefPtr
839ab7f4   __TI_Handler_Table_Base
839ab800   __TI_Handler_Table_Limit
839ab828   __TI_CINIT_Base
839ab868   __TI_CINIT_Limit
ffffffff   __TI_pprof_out_hndl
ffffffff   __TI_prof_data_size
ffffffff   __TI_prof_data_start
ffffffff   __binit__
ffffffff   __c_args__
ffffffff   binit
UNDEFED    __TI_INITARRAY_Base
UNDEFED    __TI_INITARRAY_Limit

[1950 symbols]
